OpenJDK 64-Bit Server VM (25.362-b08) for windows-amd64 JRE (1.8.0_362-b08), built on Jan 13 2023 13:30:12 by "Administrator" with MS VC++ 12.0 (VS2013)
Memory: 4k page, physical 50043736k(31629432k free), swap 57383768k(37955188k free)
CommandLine flags: -XX:InitialHeapSize=67108864 -XX:MaxHeapSize=67108864 -XX:+PrintGC -XX:+PrintGCDetails -XX:+PrintGCTimeStamps -XX:+UseCompressedClassPointers -XX:+UseCompressedOops -XX:-UseLargePagesIndividualAllocation -XX:+UseParallelGC 
0.205: [GC (Allocation Failure) [PSYoungGen: 16379K->2545K(18944K)] 16379K->7267K(62976K), 0.0173066 secs] [Times: user=0.02 sys=0.00, real=0.02 secs] 
0.243: [GC (Allocation Failure) [PSYoungGen: 18929K->2545K(18944K)] 23651K->11909K(62976K), 0.0016770 secs] [Times: user=0.00 sys=0.00, real=0.00 secs] 
0.290: [GC (Allocation Failure) [PSYoungGen: 18901K->2545K(18944K)] 28265K->16555K(62976K), 0.0015520 secs] [Times: user=0.00 sys=0.00, real=0.00 secs] 
0.399: [GC (Allocation Failure) [PSYoungGen: 18904K->2545K(18944K)] 32915K->20005K(62976K), 0.0012446 secs] [Times: user=0.00 sys=0.00, real=0.00 secs] 
0.446: [GC (Allocation Failure) [PSYoungGen: 18929K->2529K(18944K)] 36389K->23383K(62976K), 0.0015431 secs] [Times: user=0.00 sys=0.00, real=0.00 secs] 
0.494: [GC (Allocation Failure) [PSYoungGen: 18913K->2545K(9728K)] 39767K->26568K(53760K), 0.0013552 secs] [Times: user=0.00 sys=0.00, real=0.00 secs] 
0.540: [GC (Allocation Failure) [PSYoungGen: 9698K->4450K(14336K)] 33722K->28729K(58368K), 0.0009491 secs] [Times: user=0.00 sys=0.00, real=0.00 secs] 
0.587: [GC (Allocation Failure) [PSYoungGen: 11602K->3457K(14336K)] 35882K->27761K(58368K), 0.0009926 secs] [Times: user=0.00 sys=0.00, real=0.00 secs] 
0.588: [GC (Allocation Failure) [PSYoungGen: 10617K->800K(14336K)] 34921K->25120K(58368K), 0.0009380 secs] [Times: user=0.00 sys=0.00, real=0.00 secs] 
0.590: [GC (Allocation Failure) [PSYoungGen: 7954K->7139K(14336K)] 32273K->32243K(58368K), 0.0017324 secs] [Times: user=0.00 sys=0.00, real=0.00 secs] 
0.650: [GC (Allocation Failure) [PSYoungGen: 14293K->6851K(14336K)] 39397K->31971K(58368K), 0.0013681 secs] [Times: user=0.00 sys=0.00, real=0.00 secs] 
0.697: [GC (Allocation Failure) [PSYoungGen: 14005K->5794K(14336K)] 39125K->30930K(58368K), 0.0006443 secs] [Times: user=0.00 sys=0.00, real=0.00 secs] 
0.698: [GC (Allocation Failure) [PSYoungGen: 12949K->4738K(14336K)] 38085K->29882K(58368K), 0.0007447 secs] [Times: user=0.00 sys=0.00, real=0.00 secs] 
0.742: [GC (Allocation Failure) [PSYoungGen: 11892K->3681K(14336K)] 37036K->28841K(58368K), 0.0007025 secs] [Times: user=0.00 sys=0.00, real=0.00 secs] 
0.788: [GC (Allocation Failure) [PSYoungGen: 10836K->2625K(14336K)] 35996K->27801K(58368K), 0.0009589 secs] [Times: user=0.00 sys=0.00, real=0.00 secs] 
0.790: [GC (Allocation Failure) [PSYoungGen: 9779K->1568K(14336K)] 34955K->26752K(58368K), 0.0006515 secs] [Times: user=0.00 sys=0.00, real=0.00 secs] 
0.850: [GC (Allocation Failure) [PSYoungGen: 8723K->512K(14336K)] 33907K->25704K(58368K), 0.0005791 secs] [Times: user=0.00 sys=0.00, real=0.00 secs] 
0.851: [GC (Allocation Failure) [PSYoungGen: 7666K->7139K(14336K)] 32858K->32795K(58368K), 0.0009968 secs] [Times: user=0.00 sys=0.00, real=0.00 secs] 
0.897: [GC (Allocation Failure) [PSYoungGen: 14295K->5058K(14336K)] 39952K->30714K(58368K), 0.0007962 secs] [Times: user=0.00 sys=0.00, real=0.00 secs] 
0.899: [GC (Allocation Failure) [PSYoungGen: 12213K->3969K(14336K)] 37869K->29634K(58368K), 0.0007379 secs] [Times: user=0.00 sys=0.00, real=0.00 secs] 
0.944: [GC (Allocation Failure) [PSYoungGen: 11124K->2913K(14336K)] 36788K->28593K(58368K), 0.0008879 secs] [Times: user=0.00 sys=0.00, real=0.00 secs] 
0.991: [GC (Allocation Failure) [PSYoungGen: 10067K->1856K(14336K)] 35748K->27553K(58368K), 0.0006463 secs] [Times: user=0.00 sys=0.00, real=0.00 secs] 
0.992: [GC (Allocation Failure) [PSYoungGen: 9011K->800K(14336K)] 34707K->26512K(58368K), 0.0006305 secs] [Times: user=0.00 sys=0.00, real=0.00 secs] 
0.993: [GC (Allocation Failure) [PSYoungGen: 7954K->7139K(14336K)] 33667K->33604K(58368K), 0.0011817 secs] [Times: user=0.00 sys=0.00, real=0.00 secs] 
1.039: [GC (Allocation Failure) [PSYoungGen: 14293K->6883K(14336K)] 40758K->33348K(58368K), 0.0011615 secs] [Times: user=0.00 sys=0.00, real=0.00 secs] 
1.085: [GC (Allocation Failure) [PSYoungGen: 14037K->5826K(14336K)] 40502K->32299K(58368K), 0.0011739 secs] [Times: user=0.00 sys=0.00, real=0.00 secs] 
1.087: [GC (Allocation Failure) [PSYoungGen: 12981K->4770K(14336K)] 39453K->31251K(58368K), 0.0013216 secs] [Times: user=0.00 sys=0.00, real=0.00 secs] 
1.147: [GC (Allocation Failure) [PSYoungGen: 11914K->2080K(14336K)] 38395K->28577K(58368K), 0.0006701 secs] [Times: user=0.00 sys=0.00, real=0.00 secs] 
1.194: [GC (Allocation Failure) [PSYoungGen: 9235K->960K(14336K)] 35732K->27473K(58368K), 0.0004705 secs] [Times: user=0.00 sys=0.00, real=0.00 secs] 
1.195: [GC (Allocation Failure) [PSYoungGen: 8114K->7139K(14336K)] 34627K->34564K(58368K), 0.0012210 secs] [Times: user=0.00 sys=0.00, real=0.00 secs] 
1.196: [GC (Allocation Failure) [PSYoungGen: 14293K->7043K(14336K)] 41719K->34468K(58368K), 0.0012507 secs] [Times: user=0.00 sys=0.00, real=0.00 secs] 
1.241: [GC (Allocation Failure) [PSYoungGen: 14197K->5986K(14336K)] 41622K->33420K(58368K), 0.0013583 secs] [Times: user=0.00 sys=0.00, real=0.00 secs] 
1.289: [GC (Allocation Failure) [PSYoungGen: 13141K->4930K(14336K)] 40574K->32379K(58368K), 0.0007161 secs] [Times: user=0.00 sys=0.00, real=0.00 secs] 
1.290: [GC (Allocation Failure) [PSYoungGen: 12084K->3873K(14336K)] 39533K->31339K(58368K), 0.0009682 secs] [Times: user=0.00 sys=0.00, real=0.00 secs] 
1.336: [GC (Allocation Failure) [PSYoungGen: 11028K->2817K(14336K)] 38493K->30298K(58368K), 0.0008575 secs] [Times: user=0.00 sys=0.00, real=0.00 secs] 
1.399: [GC (Allocation Failure) [PSYoungGen: 9955K->704K(14336K)] 37436K->28201K(58368K), 0.0004732 secs] [Times: user=0.00 sys=0.00, real=0.00 secs] 
1.400: [GC (Allocation Failure) [PSYoungGen: 7858K->7139K(14336K)] 35355K->35300K(58368K), 0.0012276 secs] [Times: user=0.00 sys=0.00, real=0.00 secs] 
1.402: [GC (Allocation Failure) [PSYoungGen: 14293K->6787K(14336K)] 42455K->34948K(58368K), 0.0008896 secs] [Times: user=0.00 sys=0.00, real=0.00 secs] 
1.447: [GC (Allocation Failure) [PSYoungGen: 13941K->5730K(14336K)] 42103K->33900K(58368K), 0.0008455 secs] [Times: user=0.00 sys=0.00, real=0.00 secs] 
1.494: [GC (Allocation Failure) [PSYoungGen: 12885K->4674K(14336K)] 41054K->32859K(58368K), 0.0008372 secs] [Times: user=0.00 sys=0.00, real=0.00 secs] 
1.495: [GC (Allocation Failure) [PSYoungGen: 11828K->3617K(14336K)] 40014K->31819K(58368K), 0.0005874 secs] [Times: user=0.00 sys=0.00, real=0.00 secs] 
1.542: [GC (Allocation Failure) [PSYoungGen: 10772K->2561K(14336K)] 38973K->30778K(58368K), 0.0007675 secs] [Times: user=0.00 sys=0.00, real=0.00 secs] 
1.590: [GC (Allocation Failure) [PSYoungGen: 9715K->1504K(14336K)] 37933K->29738K(58368K), 0.0008064 secs] [Times: user=0.00 sys=0.00, real=0.00 secs] 
1.591: [GC (Allocation Failure) [PSYoungGen: 8666K->608K(14336K)] 36900K->28857K(58368K), 0.0005288 secs] [Times: user=0.00 sys=0.00, real=0.00 secs] 
1.592: [GC (Allocation Failure) [PSYoungGen: 7773K->6050K(14336K)] 36022K->34308K(58368K), 0.0008028 secs] [Times: user=0.00 sys=0.00, real=0.00 secs] 
1.637: [GC (Allocation Failure) [PSYoungGen: 13199K->4482K(14336K)] 41456K->32755K(58368K), 0.0012019 secs] [Times: user=0.00 sys=0.00, real=0.00 secs] 
1.700: [GC (Allocation Failure) [PSYoungGen: 11636K->3393K(14336K)] 39910K->31683K(58368K), 0.0007419 secs] [Times: user=0.00 sys=0.00, real=0.00 secs] 
1.702: [GC (Allocation Failure) [PSYoungGen: 10547K->2337K(14336K)] 38837K->30642K(58368K), 0.0005108 secs] [Times: user=0.00 sys=0.00, real=0.00 secs] 
1.747: [GC (Allocation Failure) [PSYoungGen: 9491K->1280K(14336K)] 37796K->29602K(58368K), 0.0007362 secs] [Times: user=0.00 sys=0.00, real=0.00 secs] 
1.794: [GC (Allocation Failure) [PSYoungGen: 8434K->224K(14336K)] 36756K->28561K(58368K), 0.0008701 secs] [Times: user=0.00 sys=0.00, real=0.00 secs] 
1.796: [GC (Allocation Failure) [PSYoungGen: 7378K->7139K(14336K)] 35715K->35653K(58368K), 0.0012227 secs] [Times: user=0.00 sys=0.00, real=0.00 secs] 
1.798: [GC (Allocation Failure) [PSYoungGen: 14293K->6307K(14336K)] 42807K->34820K(58368K), 0.0014302 secs] [Times: user=0.00 sys=0.00, real=0.00 secs] 
1.841: [GC (Allocation Failure) [PSYoungGen: 13444K->4226K(14336K)] 41958K->32747K(58368K), 0.0008463 secs] [Times: user=0.00 sys=0.00, real=0.00 secs] 
1.889: [GC (Allocation Failure) [PSYoungGen: 11380K->3137K(14336K)] 39901K->31675K(58368K), 0.0006793 secs] [Times: user=0.00 sys=0.00, real=0.00 secs] 
1.890: [GC (Allocation Failure) [PSYoungGen: 10291K->2080K(14336K)] 38829K->30634K(58368K), 0.0005672 secs] [Times: user=0.00 sys=0.00, real=0.00 secs] 
1.936: [GC (Allocation Failure) [PSYoungGen: 9235K->1024K(14336K)] 37788K->29594K(58368K), 0.0006606 secs] [Times: user=0.00 sys=0.00, real=0.00 secs] 
1.937: [GC (Allocation Failure) [PSYoungGen: 8178K->7139K(14336K)] 36748K->36685K(58368K), 0.0019086 secs] [Times: user=0.00 sys=0.00, real=0.00 secs] 
1.998: [GC (Allocation Failure) [PSYoungGen: 14293K->7107K(14336K)] 43839K->36653K(58368K), 0.0011252 secs] [Times: user=0.00 sys=0.00, real=0.00 secs] 
1.999: [GC (Allocation Failure) [PSYoungGen: 14261K->6050K(14336K)] 43807K->35604K(58368K), 0.0009473 secs] [Times: user=0.00 sys=0.00, real=0.00 secs] 
2.046: [GC (Allocation Failure) [PSYoungGen: 13205K->4994K(14336K)] 42759K->34564K(58368K), 0.0011484 secs] [Times: user=0.00 sys=0.00, real=0.00 secs] 
2.092: [GC (Allocation Failure) [PSYoungGen: 12148K->3937K(14336K)] 41718K->33523K(58368K), 0.0008952 secs] [Times: user=0.00 sys=0.00, real=0.00 secs] 
2.093: [GC (Allocation Failure) [PSYoungGen: 11092K->2881K(14336K)] 40678K->32483K(58368K), 0.0006946 secs] [Times: user=0.00 sys=0.00, real=0.00 secs] 
2.139: [GC (Allocation Failure) [PSYoungGen: 10042K->224K(14336K)] 39644K->29842K(58368K), 0.0013925 secs] [Times: user=0.00 sys=0.00, real=0.00 secs] 
2.141: [GC (Allocation Failure) [PSYoungGen: 7378K->7139K(14336K)] 36996K->36885K(58368K), 0.0014061 secs] [Times: user=0.00 sys=0.00, real=0.00 secs] 
2.187: [GC (Allocation Failure) [PSYoungGen: 14293K->6243K(14336K)] 44039K->35989K(58368K), 0.0010956 secs] [Times: user=0.00 sys=0.00, real=0.00 secs] 
2.188: [GC (Allocation Failure) [PSYoungGen: 13397K->5186K(14336K)] 43143K->34940K(58368K), 0.0007911 secs] [Times: user=0.00 sys=0.00, real=0.00 secs] 
2.249: [GC (Allocation Failure) [PSYoungGen: 12340K->4129K(14336K)] 42095K->33900K(58368K), 0.0006419 secs] [Times: user=0.00 sys=0.00, real=0.00 secs] 
2.296: [GC (Allocation Failure) [PSYoungGen: 11284K->3073K(14336K)] 41054K->32859K(58368K), 0.0006682 secs] [Times: user=0.00 sys=0.00, real=0.00 secs] 
2.298: [GC (Allocation Failure) [PSYoungGen: 10227K->2016K(14336K)] 40014K->31819K(58368K), 0.0007187 secs] [Times: user=0.00 sys=0.00, real=0.00 secs] 
2.342: [GC (Allocation Failure) [PSYoungGen: 9171K->960K(14336K)] 38973K->30770K(58368K), 0.0007674 secs] [Times: user=0.00 sys=0.00, real=0.00 secs] 
2.344: [GC (Allocation Failure) [PSYoungGen: 8114K->7139K(14336K)] 37924K->37861K(58368K), 0.0012989 secs] [Times: user=0.00 sys=0.00, real=0.00 secs] 
2.389: [GC (Allocation Failure) [PSYoungGen: 14275K->5506K(14336K)] 44998K->36229K(58368K), 0.0010622 secs] [Times: user=0.00 sys=0.00, real=0.00 secs] 
2.391: [GC (Allocation Failure) [PSYoungGen: 12661K->4418K(14336K)] 43383K->35164K(58368K), 0.0007668 secs] [Times: user=0.00 sys=0.00, real=0.00 secs] 
2.436: [GC (Allocation Failure) [PSYoungGen: 11572K->3361K(14336K)] 42319K->34124K(58368K), 0.0006598 secs] [Times: user=0.00 sys=0.00, real=0.00 secs] 
2.497: [GC (Allocation Failure) [PSYoungGen: 10516K->2305K(14336K)] 41278K->33083K(58368K), 0.0005453 secs] [Times: user=0.00 sys=0.00, real=0.00 secs] 
2.498: [GC (Allocation Failure) [PSYoungGen: 9459K->1248K(14336K)] 40238K->32043K(58368K), 0.0009946 secs] [Times: user=0.00 sys=0.00, real=0.00 secs] 
2.544: [GC (Allocation Failure) [PSYoungGen: 8403K->160K(14336K)] 39197K->30970K(58368K), 0.0006228 secs] [Times: user=0.00 sys=0.00, real=0.00 secs] 
2.546: [GC (Allocation Failure) [PSYoungGen: 7314K->7139K(14336K)] 38125K->38094K(58368K), 0.0013878 secs] [Times: user=0.00 sys=0.00, real=0.00 secs] 
2.592: [GC (Allocation Failure) [PSYoungGen: 14293K->6275K(14336K)] 45248K->37229K(58368K), 0.0007951 secs] [Times: user=0.00 sys=0.00, real=0.00 secs] 
2.593: [GC (Allocation Failure) [PSYoungGen: 13429K->5218K(14336K)] 44384K->36189K(58368K), 0.0011003 secs] [Times: user=0.00 sys=0.00, real=0.00 secs] 
2.638: [GC (Allocation Failure) [PSYoungGen: 12361K->2625K(14336K)] 43332K->33611K(58368K), 0.0006041 secs] [Times: user=0.00 sys=0.00, real=0.00 secs] 
2.700: [GC (Allocation Failure) [PSYoungGen: 9779K->1536K(14336K)] 40766K->32539K(58368K), 0.0006939 secs] [Times: user=0.00 sys=0.00, real=0.00 secs] 
2.702: [GC (Allocation Failure) [PSYoungGen: 8691K->480K(14336K)] 39693K->31498K(58368K), 0.0006913 secs] [Times: user=0.00 sys=0.00, real=0.00 secs] 
2.703: [GC (Allocation Failure) [PSYoungGen: 7634K->7139K(14336K)] 38653K->38590K(58368K), 0.0011216 secs] [Times: user=0.00 sys=0.00, real=0.00 secs] 
2.748: [GC (Allocation Failure) [PSYoungGen: 14293K->6563K(14336K)] 45744K->38013K(58368K), 0.0013833 secs] [Times: user=0.00 sys=0.00, real=0.00 secs] 
2.794: [GC (Allocation Failure) [PSYoungGen: 13717K->5506K(14336K)] 45168K->36965K(58368K), 0.0011263 secs] [Times: user=0.00 sys=0.00, real=0.00 secs] 
2.796: [GC (Allocation Failure) [PSYoungGen: 12661K->4450K(14336K)] 44119K->35924K(58368K), 0.0006894 secs] [Times: user=0.00 sys=0.00, real=0.00 secs] 
2.841: [GC (Allocation Failure) [PSYoungGen: 11604K->3393K(14336K)] 43079K->34884K(58368K), 0.0008553 secs] [Times: user=0.00 sys=0.00, real=0.00 secs] 
2.888: [GC (Allocation Failure) [PSYoungGen: 10531K->1280K(14336K)] 42022K->32779K(58368K), 0.0006458 secs] [Times: user=0.00 sys=0.00, real=0.00 secs] 
2.889: [GC (Allocation Failure) [PSYoungGen: 8435K->224K(14336K)] 39933K->31730K(58368K), 0.0009165 secs] [Times: user=0.00 sys=0.00, real=0.00 secs] 
2.891: [GC (Allocation Failure) [PSYoungGen: 7378K->7139K(14336K)] 38885K->38822K(58368K), 0.0011753 secs] [Times: user=0.00 sys=0.00, real=0.00 secs] 
2.951: [GC (Allocation Failure) [PSYoungGen: 14294K->6307K(14336K)] 45976K->37989K(58368K), 0.0008807 secs] [Times: user=0.00 sys=0.00, real=0.00 secs] 
2.997: [GC (Allocation Failure) [PSYoungGen: 13461K->5250K(14336K)] 45144K->36941K(58368K), 0.0008301 secs] [Times: user=0.00 sys=0.00, real=0.00 secs] 
2.999: [GC (Allocation Failure) [PSYoungGen: 12405K->4194K(14336K)] 44095K->35900K(58368K), 0.0006945 secs] [Times: user=0.00 sys=0.00, real=0.00 secs] 
3.044: [GC (Allocation Failure) [PSYoungGen: 11348K->3137K(14336K)] 43055K->34860K(58368K), 0.0010372 secs] [Times: user=0.00 sys=0.00, real=0.00 secs] 
3.090: [GC (Allocation Failure) [PSYoungGen: 10292K->2080K(14336K)] 42014K->33811K(58368K), 0.0007302 secs] [Times: user=0.00 sys=0.00, real=0.00 secs] 
3.091: [GC (Allocation Failure) [PSYoungGen: 9248K->416K(14336K)] 40979K->32162K(58368K), 0.0007457 secs] [Times: user=0.00 sys=0.00, real=0.00 secs] 
3.093: [GC (Allocation Failure) [PSYoungGen: 7569K->7011K(14336K)] 39316K->38774K(58368K), 0.0011727 secs] [Times: user=0.00 sys=0.00, real=0.00 secs] 
3.137: [GC (Allocation Failure) [PSYoungGen: 14149K->4930K(14336K)] 45911K->36709K(58368K), 0.0009134 secs] [Times: user=0.00 sys=0.00, real=0.00 secs] 
3.199: [GC (Allocation Failure) [PSYoungGen: 12084K->3841K(14336K)] 43863K->35636K(58368K), 0.0011825 secs] [Times: user=0.00 sys=0.00, real=0.00 secs] 
3.201: [GC (Allocation Failure) [PSYoungGen: 10996K->2785K(14336K)] 42791K->34588K(58368K), 0.0010141 secs] [Times: user=0.00 sys=0.00, real=0.00 secs] 
3.246: [GC (Allocation Failure) [PSYoungGen: 9939K->1728K(14336K)] 41742K->33547K(58368K), 0.0003632 secs] [Times: user=0.00 sys=0.00, real=0.00 secs] 
3.293: [GC (Allocation Failure) [PSYoungGen: 8883K->672K(14336K)] 40702K->32499K(58368K), 0.0005553 secs] [Times: user=0.00 sys=0.00, real=0.00 secs] 
3.294: [GC (Allocation Failure) [PSYoungGen: 7826K->7139K(14336K)] 39653K->39590K(58368K), 0.0011040 secs] [Times: user=0.00 sys=0.00, real=0.00 secs] 
3.296: [GC (Allocation Failure) [PSYoungGen: 14293K->6755K(14336K)] 46745K->39206K(58368K), 0.0012660 secs] [Times: user=0.00 sys=0.00, real=0.00 secs] 
3.341: [GC (Allocation Failure) [PSYoungGen: 13908K->4642K(14336K)] 46360K->37101K(58368K), 0.0011187 secs] [Times: user=0.00 sys=0.00, real=0.00 secs] 
3.388: [GC (Allocation Failure) [PSYoungGen: 11796K->3585K(14336K)] 44255K->36068K(58368K), 0.0011622 secs] [Times: user=0.00 sys=0.00, real=0.00 secs] 
3.390: [GC (Allocation Failure) [PSYoungGen: 10740K->2529K(14336K)] 43223K->35020K(58368K), 0.0010463 secs] [Times: user=0.00 sys=0.00, real=0.00 secs] 
3.450: [GC (Allocation Failure) [PSYoungGen: 9683K->1472K(14336K)] 42174K->33971K(58368K), 0.0005875 secs] [Times: user=0.00 sys=0.00, real=0.00 secs] 
3.497: [GC (Allocation Failure) [PSYoungGen: 8627K->416K(14336K)] 41126K->32931K(58368K), 0.0003545 secs] [Times: user=0.00 sys=0.00, real=0.00 secs] 
3.498: [GC (Allocation Failure) [PSYoungGen: 7570K->7139K(14336K)] 40085K->40022K(58368K), 0.0009143 secs] [Times: user=0.00 sys=0.00, real=0.00 secs] 
3.500: [GC (Allocation Failure) [PSYoungGen: 14293K->6499K(14336K)] 47177K->39382K(58368K), 0.0013032 secs] [Times: user=0.00 sys=0.00, real=0.00 secs] 
3.545: [GC (Allocation Failure) [PSYoungGen: 13653K->5442K(14336K)] 46536K->38333K(58368K), 0.0009921 secs] [Times: user=0.00 sys=0.00, real=0.00 secs] 
3.592: [GC (Allocation Failure) [PSYoungGen: 12597K->4386K(14336K)] 45488K->37285K(58368K), 0.0008709 secs] [Times: user=0.00 sys=0.00, real=0.00 secs] 
3.594: [GC (Allocation Failure) [PSYoungGen: 11540K->3329K(14336K)] 44439K->36236K(58368K), 0.0006245 secs] [Times: user=0.00 sys=0.00, real=0.00 secs] 
3.638: [GC (Allocation Failure) [PSYoungGen: 10472K->672K(14336K)] 43379K->33595K(58368K), 0.0004905 secs] [Times: user=0.00 sys=0.00, real=0.00 secs] 
3.640: [GC (Allocation Failure) [PSYoungGen: 7826K->7139K(14336K)] 40749K->40671K(58368K), 0.0015630 secs] [Times: user=0.00 sys=0.00, real=0.00 secs] 
3.701: [GC (Allocation Failure) [PSYoungGen: 14293K->6723K(14336K)] 47825K->40254K(58368K), 0.0009817 secs] [Times: user=0.00 sys=0.00, real=0.00 secs] 
3.703: [GC (Allocation Failure) [PSYoungGen: 13877K->5666K(14336K)] 47409K->39206K(58368K), 0.0013499 secs] [Times: user=0.00 sys=0.00, real=0.00 secs] 
3.747: [GC (Allocation Failure) [PSYoungGen: 12821K->4610K(14336K)] 46360K->38165K(58368K), 0.0010209 secs] [Times: user=0.00 sys=0.00, real=0.00 secs] 
3.795: [GC (Allocation Failure) [PSYoungGen: 11764K->3553K(14336K)] 45320K->37125K(58368K), 0.0008326 secs] [Times: user=0.00 sys=0.00, real=0.00 secs] 
3.796: [GC (Allocation Failure) [PSYoungGen: 10708K->2497K(14336K)] 44279K->36076K(58368K), 0.0009394 secs] [Times: user=0.00 sys=0.00, real=0.00 secs] 
3.841: [GC (Allocation Failure) [PSYoungGen: 9651K->1440K(14336K)] 43231K->35028K(58368K), 0.0009234 secs] [Times: user=0.00 sys=0.00, real=0.00 secs] 
3.843: [GC (Allocation Failure) [PSYoungGen: 8608K->512K(14336K)] 42196K->34115K(58368K), 0.0005588 secs] [Times: user=0.00 sys=0.00, real=0.00 secs] 
3.888: [GC (Allocation Failure) [PSYoungGen: 7655K->5954K(14336K)] 41259K->39574K(58368K), 0.0019028 secs] [Times: user=0.00 sys=0.00, real=0.00 secs] 
3.891: [GC (Allocation Failure) [PSYoungGen: 13108K->4898K(14336K)] 46728K->38533K(58368K), 0.0009351 secs] [Times: user=0.00 sys=0.00, real=0.00 secs] 
3.950: [GC (Allocation Failure) [PSYoungGen: 12052K->3841K(14336K)] 45687K->37493K(58368K), 0.0008363 secs] [Times: user=0.00 sys=0.00, real=0.00 secs] 
3.996: [GC (Allocation Failure) [PSYoungGen: 10996K->2785K(14336K)] 44647K->36452K(58368K), 0.0005508 secs] [Times: user=0.00 sys=0.00, real=0.00 secs] 
3.997: [GC (Allocation Failure) [PSYoungGen: 9939K->1728K(14336K)] 43607K->35412K(58368K), 0.0004862 secs] [Times: user=0.00 sys=0.00, real=0.00 secs] 
4.044: [GC (Allocation Failure) [PSYoungGen: 8883K->672K(14336K)] 42566K->34363K(58368K), 0.0006323 secs] [Times: user=0.00 sys=0.00, real=0.00 secs] 
4.045: [GC (Allocation Failure) [PSYoungGen: 7826K->7139K(14336K)] 41518K->41455K(58368K), 0.0016931 secs] [Times: user=0.00 sys=0.00, real=0.00 secs] 
4.092: [GC (Allocation Failure) [PSYoungGen: 14293K->6755K(14336K)] 48609K->41071K(58368K), 0.0010287 secs] [Times: user=0.00 sys=0.00, real=0.00 secs] 
4.094: [GC (Allocation Failure) [PSYoungGen: 13909K->5698K(14336K)] 48225K->40022K(58368K), 0.0007604 secs] [Times: user=0.00 sys=0.00, real=0.00 secs] 
4.138: [GC (Allocation Failure) [PSYoungGen: 12861K->2977K(14336K)] 47185K->37309K(58368K), 0.0006138 secs] [Times: user=0.00 sys=0.00, real=0.00 secs] 
4.200: [GC (Allocation Failure) [PSYoungGen: 10131K->1888K(14336K)] 44463K->36260K(58368K), 0.0005147 secs] [Times: user=0.00 sys=0.00, real=0.00 secs] 
4.201: [GC (Allocation Failure) [PSYoungGen: 9043K->832K(14336K)] 43415K->35220K(58368K), 0.0004687 secs] [Times: user=0.00 sys=0.00, real=0.00 secs] 
4.202: [GC (Allocation Failure) [PSYoungGen: 7986K->7139K(14336K)] 42374K->42311K(58368K), 0.0010309 secs] [Times: user=0.00 sys=0.00, real=0.00 secs] 
4.247: [GC (Allocation Failure) [PSYoungGen: 14293K->6915K(14336K)] 49466K->42087K(58368K), 0.0009026 secs] [Times: user=0.00 sys=0.00, real=0.00 secs] 
4.294: [GC (Allocation Failure) [PSYoungGen: 14069K->5858K(14336K)] 49242K->41047K(58368K), 0.0010463 secs] [Times: user=0.00 sys=0.00, real=0.00 secs] 
4.296: [GC (Allocation Failure) [PSYoungGen: 13013K->4802K(14336K)] 48201K->40006K(58368K), 0.0008835 secs] [Times: user=0.00 sys=0.00, real=0.00 secs] 
4.340: [GC (Allocation Failure) [PSYoungGen: 11956K->3745K(14336K)] 47161K->38966K(58368K), 0.0009899 secs] [Times: user=0.00 sys=0.00, real=0.00 secs] 
4.386: [GC (Allocation Failure) [PSYoungGen: 10893K->1600K(14336K)] 46113K->36837K(58368K), 0.0005444 secs] [Times: user=0.00 sys=0.00, real=0.00 secs] 
4.388: [GC (Allocation Failure) [PSYoungGen: 8754K->544K(14336K)] 43991K->35796K(58368K), 0.0002837 secs] [Times: user=0.00 sys=0.00, real=0.00 secs] 
4.389: [GC (Allocation Failure) [PSYoungGen: 7698K->7139K(14336K)] 42950K->42887K(58368K), 0.0008454 secs] [Times: user=0.00 sys=0.00, real=0.00 secs] 
4.449: [GC (Allocation Failure) [PSYoungGen: 14293K->6627K(14336K)] 50042K->42375K(58368K), 0.0011087 secs] [Times: user=0.00 sys=0.00, real=0.00 secs] 
4.496: [GC (Allocation Failure) [PSYoungGen: 13781K->5570K(14336K)] 49530K->41327K(58368K), 0.0008230 secs] [Times: user=0.00 sys=0.00, real=0.00 secs] 
4.498: [GC (Allocation Failure) [PSYoungGen: 12725K->4514K(14336K)] 48481K->40286K(58368K), 0.0009825 secs] [Times: user=0.00 sys=0.00, real=0.00 secs] 
4.544: [GC (Allocation Failure) [PSYoungGen: 11668K->3457K(14336K)] 47441K->39246K(58368K), 0.0012326 secs] [Times: user=0.00 sys=0.00, real=0.00 secs] 
4.591: [GC (Allocation Failure) [PSYoungGen: 10612K->2401K(14336K)] 46400K->38205K(58368K), 0.0014705 secs] [Times: user=0.00 sys=0.00, real=0.00 secs] 
4.593: [GC (Allocation Failure) [PSYoungGen: 9569K->352K(14336K)] 45373K->36172K(58368K), 0.0006778 secs] [Times: user=0.00 sys=0.00, real=0.00 secs] 
4.595: [GC (Allocation Failure) [PSYoungGen: 7506K->6371K(14336K)] 43326K->42207K(58368K), 0.0008234 secs] [Times: user=0.00 sys=0.00, real=0.00 secs] 
4.638: [GC (Allocation Failure) [PSYoungGen: 13524K->5314K(14336K)] 49361K->41159K(58368K), 0.0017569 secs] [Times: user=0.00 sys=0.00, real=0.00 secs] 
4.699: [GC (Allocation Failure) [PSYoungGen: 12468K->4258K(14336K)] 48312K->40118K(58368K), 0.0007372 secs] [Times: user=0.00 sys=0.00, real=0.00 secs] 
4.701: [GC (Allocation Failure) [PSYoungGen: 11412K->3201K(14336K)] 47272K->39078K(58368K), 0.0010906 secs] [Times: user=0.00 sys=0.00, real=0.00 secs] 
4.746: [GC (Allocation Failure) [PSYoungGen: 10355K->2145K(14336K)] 46232K->38037K(58368K), 0.0004116 secs] [Times: user=0.00 sys=0.00, real=0.00 secs] 
4.795: [GC (Allocation Failure) [PSYoungGen: 9299K->1088K(14336K)] 45191K->36996K(58368K), 0.0005485 secs] [Times: user=0.00 sys=0.00, real=0.00 secs] 
4.797: [GC (Allocation Failure) [PSYoungGen: 8242K->7139K(14336K)] 44151K->44088K(58368K), 0.0012393 secs] [Times: user=0.00 sys=0.00, real=0.00 secs] 
4.799: [GC (Allocation Failure) [PSYoungGen: 14293K->7139K(14336K)] 51242K->44120K(58368K), 0.0008572 secs] [Times: user=0.00 sys=0.00, real=0.00 secs] 
4.843: [GC (Allocation Failure) [PSYoungGen: 14293K->6114K(14336K)] 51274K->43111K(58368K), 0.0007367 secs] [Times: user=0.00 sys=0.00, real=0.00 secs] 
4.888: [GC (Allocation Failure) [PSYoungGen: 13275K->4001K(14336K)] 50272K->41006K(58368K), 0.0006163 secs] [Times: user=0.00 sys=0.00, real=0.00 secs] 
4.890: [GC (Allocation Failure) [PSYoungGen: 11156K->2945K(14336K)] 48161K->39966K(58368K), 0.0009270 secs] [Times: user=0.00 sys=0.00, real=0.00 secs] 
4.950: [GC (Allocation Failure) [PSYoungGen: 10099K->1888K(14336K)] 47120K->38917K(58368K), 0.0006090 secs] [Times: user=0.00 sys=0.00, real=0.00 secs] 
4.996: [GC (Allocation Failure) [PSYoungGen: 9043K->832K(14336K)] 46072K->37869K(58368K), 0.0007314 secs] [Times: user=0.00 sys=0.00, real=0.00 secs] 
4.998: [GC (Allocation Failure) [PSYoungGen: 7986K->7139K(14336K)] 45023K->44960K(58368K), 0.0014106 secs] [Times: user=0.00 sys=0.00, real=0.00 secs] 
5.000: [GC (Allocation Failure) [PSYoungGen: 14293K->6915K(14336K)] 52115K->44736K(58368K), 0.0007580 secs] [Times: user=0.00 sys=0.00, real=0.00 secs] 
5.044: [GC (Allocation Failure) [PSYoungGen: 14069K->5858K(14336K)] 51891K->43688K(58368K), 0.0007751 secs] [Times: user=0.00 sys=0.00, real=0.00 secs] 
5.089: [GC (Allocation Failure) [PSYoungGen: 13013K->4802K(14336K)] 50842K->42639K(58368K), 0.0009291 secs] [Times: user=0.00 sys=0.00, real=0.00 secs] 
5.090: [GC (Allocation Failure) [PSYoungGen: 11956K->3745K(14336K)] 49794K->41599K(58368K), 0.0008695 secs] [Times: user=0.00 sys=0.00, real=0.00 secs] 
5.135: [GC (Allocation Failure) [PSYoungGen: 10888K->1056K(14336K)] 48741K->38925K(58368K), 0.0011494 secs] [Times: user=0.00 sys=0.00, real=0.00 secs] 
5.137: [GC (Allocation Failure) [PSYoungGen: 8210K->7139K(14336K)] 46080K->45969K(58368K), 0.0010773 secs] [Times: user=0.00 sys=0.00, real=0.00 secs] 
5.199: [GC (Allocation Failure) [PSYoungGen: 14293K->7075K(14336K)] 53123K->45905K(58368K), 0.0009555 secs] [Times: user=0.00 sys=0.00, real=0.00 secs] 
5.201: [GC (Allocation Failure) [PSYoungGen: 14229K->6018K(14336K)] 53059K->44864K(58368K), 0.0011763 secs] [Times: user=0.00 sys=0.00, real=0.00 secs] 
5.247: [GC (Allocation Failure) [PSYoungGen: 13173K->4962K(14336K)] 52019K->43824K(58368K), 0.0008397 secs] [Times: user=0.00 sys=0.00, real=0.00 secs] 
5.294: [GC (Allocation Failure) [PSYoungGen: 12116K->3905K(14336K)] 50978K->42783K(58368K), 0.0008689 secs] [Times: user=0.00 sys=0.00, real=0.00 secs] 
5.295: [GC (Allocation Failure) [PSYoungGen: 11060K->2849K(14336K)] 49938K->41735K(58368K), 0.0008323 secs] [Times: user=0.00 sys=0.00, real=0.00 secs] 
5.341: [GC (Allocation Failure) [PSYoungGen: 10003K->1792K(14336K)] 48889K->40694K(58368K), 0.0007165 secs] [Times: user=0.00 sys=0.00, real=0.00 secs] 
5.342: [GC (Allocation Failure) [PSYoungGen: 8955K->960K(14336K)] 47856K->39877K(58368K), 0.0005524 secs] [Times: user=0.00 sys=0.00, real=0.00 secs] 
5.388: [GC (Allocation Failure) [PSYoungGen: 8124K->6371K(14336K)] 47042K->45304K(58368K), 0.0008210 secs] [Times: user=0.00 sys=0.00, real=0.00 secs] 
5.389: [GC (Allocation Failure) [PSYoungGen: 13525K->5282K(14336K)] 52459K->44232K(58368K), 0.0014728 secs] [Times: user=0.00 sys=0.00, real=0.00 secs] 
5.449: [GC (Allocation Failure) [PSYoungGen: 12436K->4226K(14336K)] 51386K->43191K(58368K), 0.0008808 secs] [Times: user=0.00 sys=0.00, real=0.00 secs] 
5.495: [GC (Allocation Failure) [PSYoungGen: 11380K->3169K(14336K)] 50346K->42151K(58368K), 0.0004977 secs] [Times: user=0.00 sys=0.00, real=0.00 secs] 
5.496: [GC (Allocation Failure) [PSYoungGen: 10323K->2113K(14336K)] 49305K->41110K(58368K), 0.0005242 secs] [Times: user=0.00 sys=0.00, real=0.00 secs] 
5.542: [GC (Allocation Failure) [PSYoungGen: 9267K->1056K(14336K)] 48265K->40070K(58368K), 0.0004490 secs] [Times: user=0.00 sys=0.00, real=0.00 secs] 
5.543: [GC (Allocation Failure) [PSYoungGen: 8210K->7139K(14336K)] 47224K->47161K(58368K), 0.0011800 secs] [Times: user=0.00 sys=0.00, real=0.00 secs] 
5.589: [GC (Allocation Failure) [PSYoungGen: 14293K->7139K(14336K)] 54316K->47161K(58368K), 0.0012922 secs] [Times: user=0.00 sys=0.00, real=0.00 secs] 
5.591: [GC (Allocation Failure) [PSYoungGen: 14278K->5570K(14336K)] 54300K->45600K(58368K), 0.0008033 secs] [Times: user=0.00 sys=0.00, real=0.00 secs] 
5.636: [GC (Allocation Failure) [PSYoungGen: 12708K->3457K(14336K)] 52738K->43511K(58368K), 0.0008676 secs] [Times: user=0.00 sys=0.00, real=0.00 secs] 
5.699: [GC (Allocation Failure) [PSYoungGen: 10611K->2369K(14336K)] 50666K->42447K(58368K), 0.0007116 secs] [Times: user=0.00 sys=0.00, real=0.00 secs] 
5.700: [GC (Allocation Failure) [PSYoungGen: 9523K->1312K(14336K)] 49601K->41406K(58368K), 0.0006654 secs] [Times: user=0.00 sys=0.00, real=0.00 secs] 
5.745: [GC (Allocation Failure) [PSYoungGen: 8467K->256K(14336K)] 48561K->40366K(58368K), 0.0008498 secs] [Times: user=0.00 sys=0.00, real=0.00 secs] 
5.747: [GC (Allocation Failure) [PSYoungGen: 7410K->7139K(14336K)] 47520K->47449K(58368K), 0.0013118 secs] [Times: user=0.00 sys=0.00, real=0.00 secs] 
5.792: [GC (Allocation Failure) [PSYoungGen: 14293K->6339K(14336K)] 54604K->46649K(58368K), 0.0014236 secs] [Times: user=0.00 sys=0.00, real=0.00 secs] 
5.794: [GC (Allocation Failure) [PSYoungGen: 13493K->5282K(14336K)] 53803K->45608K(58368K), 0.0008393 secs] [Times: user=0.00 sys=0.00, real=0.00 secs] 
5.840: [GC (Allocation Failure) [PSYoungGen: 12420K->3169K(14336K)] 52746K->43503K(58368K), 0.0009355 secs] [Times: user=0.00 sys=0.00, real=0.00 secs] 
5.886: [GC (Allocation Failure) [PSYoungGen: 10323K->2113K(14336K)] 50658K->42471K(58368K), 0.0008203 secs] [Times: user=0.00 sys=0.00, real=0.00 secs] 
5.887: [GC (Allocation Failure) [PSYoungGen: 9267K->1056K(14336K)] 49625K->41430K(58368K), 0.0008238 secs] [Times: user=0.00 sys=0.00, real=0.00 secs] 
5.889: [GC (Allocation Failure) [PSYoungGen: 8210K->7139K(14336K)] 48585K->48522K(58368K), 0.0010260 secs] [Times: user=0.00 sys=0.00, real=0.00 secs] 
5.949: [GC (Allocation Failure) [PSYoungGen: 14293K->7139K(14336K)] 55676K->48522K(58368K), 0.0012239 secs] [Times: user=0.00 sys=0.00, real=0.00 secs] 
5.996: [GC (Allocation Failure) [PSYoungGen: 14293K->6082K(14336K)] 55676K->47481K(58368K), 0.0009990 secs] [Times: user=0.00 sys=0.00, real=0.00 secs] 
5.998: [GC (Allocation Failure) [PSYoungGen: 13237K->5026K(14336K)] 54636K->46433K(58368K), 0.0010379 secs] [Times: user=0.00 sys=0.00, real=0.00 secs] 
6.043: [GC (Allocation Failure) [PSYoungGen: 12180K->3969K(14336K)] 53587K->45392K(58368K), 0.0013462 secs] [Times: user=0.00 sys=0.00, real=0.00 secs] 
6.090: [GC (Allocation Failure) [PSYoungGen: 11124K->2913K(14336K)] 52547K->44352K(58368K), 0.0008087 secs] [Times: user=0.00 sys=0.00, real=0.00 secs] 
6.091: [GC (Allocation Failure) [PSYoungGen: 10067K->1856K(14336K)] 51506K->43311K(58368K), 0.0005817 secs] [Times: user=0.00 sys=0.00, real=0.00 secs] 
6.093: [GC (Allocation Failure) [PSYoungGen: 9020K->288K(14336K)] 50475K->41758K(58368K), 0.0006085 secs] [Times: user=0.00 sys=0.00, real=0.00 secs] 
6.136: [GC (Allocation Failure) [PSYoungGen: 7453K->5794K(14336K)] 48924K->47289K(58368K), 0.0008148 secs] [Times: user=0.00 sys=0.00, real=0.00 secs] 
6.200: [GC (Allocation Failure) [PSYoungGen: 12948K->4706K(14336K)] 54443K->46217K(58368K), 0.0009587 secs] [Times: user=0.00 sys=0.00, real=0.00 secs] 
6.201: [GC (Allocation Failure) [PSYoungGen: 11859K->3649K(14336K)] 53370K->45176K(58368K), 0.0010182 secs] [Times: user=0.00 sys=0.00, real=0.00 secs] 
6.247: [GC (Allocation Failure) [PSYoungGen: 10803K->2593K(14336K)] 52330K->44136K(58368K), 0.0008300 secs] [Times: user=0.00 sys=0.00, real=0.00 secs] 
6.295: [GC (Allocation Failure) [PSYoungGen: 9747K->1536K(14336K)] 51290K->43095K(58368K), 0.0021068 secs] [Times: user=0.00 sys=0.00, real=0.00 secs] 
6.297: [GC (Allocation Failure) [PSYoungGen: 8690K->480K(14336K)] 50249K->42055K(58368K), 0.0004914 secs] [Times: user=0.00 sys=0.00, real=0.00 secs] 
6.298: [GC (Allocation Failure) [PSYoungGen: 7634K->7139K(14336K)] 49209K->49146K(58368K), 0.0010465 secs] [Times: user=0.00 sys=0.00, real=0.00 secs] 
6.342: [GC (Allocation Failure) [PSYoungGen: 14293K->6563K(14336K)] 56300K->48570K(58368K), 0.0010986 secs] [Times: user=0.00 sys=0.00, real=0.00 secs] 
6.388: [GC (Allocation Failure) [PSYoungGen: 13700K->4482K(14336K)] 55707K->46505K(58368K), 0.0009899 secs] [Times: user=0.00 sys=0.00, real=0.00 secs] 
6.389: [GC (Allocation Failure) [PSYoungGen: 11636K->3393K(14336K)] 53659K->45432K(58368K), 0.0007144 secs] [Times: user=0.00 sys=0.00, real=0.00 secs] 
6.449: [GC (Allocation Failure) [PSYoungGen: 10548K->2337K(14336K)] 52587K->44384K(58368K), 0.0005431 secs] [Times: user=0.00 sys=0.00, real=0.00 secs] 
6.496: [GC (Allocation Failure) [PSYoungGen: 9491K->1280K(14336K)] 51538K->43343K(58368K), 0.0004877 secs] [Times: user=0.00 sys=0.00, real=0.00 secs] 
6.497: [GC (Allocation Failure) [PSYoungGen: 8435K->224K(14336K)] 50498K->42303K(58368K), 0.0004171 secs] [Times: user=0.00 sys=0.00, real=0.00 secs] 
6.498: [GC (Allocation Failure) [PSYoungGen: 7378K->7139K(14336K)] 49457K->49394K(58368K), 0.0009322 secs] [Times: user=0.00 sys=0.00, real=0.00 secs] 
6.543: [GC (Allocation Failure) [PSYoungGen: 14293K->6307K(14336K)] 56549K->48562K(58368K), 0.0012165 secs] [Times: user=0.00 sys=0.00, real=0.00 secs] 
6.590: [GC (Allocation Failure) [PSYoungGen: 13461K->5250K(14336K)] 55716K->47521K(58368K), 0.0015375 secs] [Times: user=0.00 sys=0.00, real=0.00 secs] 
6.592: [GC (Allocation Failure) [PSYoungGen: 12393K->2625K(14336K)] 54664K->44912K(58368K), 0.0006126 secs] [Times: user=0.00 sys=0.00, real=0.00 secs] 
6.651: [GC (Allocation Failure) [PSYoungGen: 9779K->1568K(14336K)] 52066K->43871K(58368K), 0.0007057 secs] [Times: user=0.00 sys=0.00, real=0.00 secs] 
6.698: [GC (Allocation Failure) [PSYoungGen: 8723K->512K(14336K)] 51026K->42831K(58368K), 0.0008073 secs] [Times: user=0.00 sys=0.00, real=0.00 secs] 
6.699: [GC (Allocation Failure) [PSYoungGen: 7666K->7139K(14336K)] 49985K->49922K(58368K), 0.0014507 secs] [Times: user=0.00 sys=0.00, real=0.00 secs] 
6.701: [GC (Allocation Failure) [PSYoungGen: 14293K->6595K(14336K)] 57077K->49378K(58368K), 0.0010611 secs] [Times: user=0.00 sys=0.00, real=0.00 secs] 
6.745: [GC (Allocation Failure) [PSYoungGen: 13749K->5538K(14336K)] 56533K->48330K(58368K), 0.0008033 secs] [Times: user=0.00 sys=0.00, real=0.00 secs] 
6.792: [GC (Allocation Failure) [PSYoungGen: 12693K->4482K(14336K)] 55484K->47289K(58368K), 0.0008534 secs] [Times: user=0.00 sys=0.00, real=0.00 secs] 
6.793: [GC (Allocation Failure) [PSYoungGen: 11636K->3425K(14336K)] 54444K->46249K(58368K), 0.0006330 secs] [Times: user=0.00 sys=0.00, real=0.00 secs] 
6.839: [GC (Allocation Failure) [PSYoungGen: 10580K->2369K(14336K)] 53403K->45208K(58368K), 0.0006768 secs] [Times: user=0.00 sys=0.00, real=0.00 secs] 
6.840: [GC (Allocation Failure) [PSYoungGen: 9534K->1056K(14336K)] 52373K->43911K(58368K), 0.0006754 secs] [Times: user=0.00 sys=0.00, real=0.00 secs] 
6.887: [GC (Allocation Failure) [PSYoungGen: 8209K->6915K(14336K)] 51065K->49794K(58368K), 0.0014249 secs] [Times: user=0.00 sys=0.00, real=0.00 secs] 
6.889: [GC (Allocation Failure) [PSYoungGen: 14069K->5858K(14336K)] 56949K->48754K(58368K), 0.0008891 secs] [Times: user=0.00 sys=0.00, real=0.00 secs] 
6.949: [GC (Allocation Failure) [PSYoungGen: 13013K->4802K(14336K)] 55908K->47705K(58368K), 0.0006305 secs] [Times: user=0.00 sys=0.00, real=0.00 secs] 
6.997: [GC (Allocation Failure) [PSYoungGen: 11956K->3745K(14336K)] 54860K->46657K(58368K), 0.0007539 secs] [Times: user=0.00 sys=0.00, real=0.00 secs] 
6.998: [GC (Allocation Failure) [PSYoungGen: 10900K->2689K(14336K)] 53811K->45616K(58368K), 0.0005506 secs] [Times: user=0.00 sys=0.00, real=0.00 secs] 
7.042: [GC (Allocation Failure) [PSYoungGen: 9843K->1632K(14336K)] 52771K->44576K(58368K), 0.0005325 secs] [Times: user=0.00 sys=0.00, real=0.00 secs] 
7.088: [GC (Allocation Failure) [PSYoungGen: 8787K->576K(14336K)] 51730K->43535K(58368K), 0.0007699 secs] [Times: user=0.00 sys=0.00, real=0.00 secs] 
7.089: [GC (Allocation Failure) [PSYoungGen: 7730K->7139K(14336K)] 50690K->50627K(58368K), 0.0011337 secs] [Times: user=0.00 sys=0.00, real=0.00 secs] 
7.091: [GC (Allocation Failure) [PSYoungGen: 14293K->6659K(14336K)] 57781K->50146K(58368K), 0.0015071 secs] [Times: user=0.00 sys=0.00, real=0.00 secs] 
7.150: [GC (Allocation Failure) [PSYoungGen: 13803K->3937K(14336K)] 57290K->47441K(58368K), 0.0006608 secs] [Times: user=0.00 sys=0.00, real=0.00 secs] 
7.198: [GC (Allocation Failure) [PSYoungGen: 11092K->2849K(14336K)] 54596K->46377K(58368K), 0.0006742 secs] [Times: user=0.00 sys=0.00, real=0.00 secs] 
7.199: [GC (Allocation Failure) [PSYoungGen: 10003K->1792K(14336K)] 53531K->45328K(58368K), 0.0007724 secs] [Times: user=0.00 sys=0.00, real=0.00 secs] 
7.245: [GC (Allocation Failure) [PSYoungGen: 8947K->736K(14336K)] 52482K->44287K(58368K), 0.0008162 secs] [Times: user=0.00 sys=0.00, real=0.00 secs] 
7.246: [GC (Allocation Failure) --[PSYoungGen: 7890K->7890K(14336K)] 51442K->51906K(58368K), 0.0014750 secs] [Times: user=0.00 sys=0.00, real=0.00 secs] 
7.248: [Full GC (Ergonomics) [PSYoungGen: 7890K->0K(14336K)] [ParOldGen: 44015K->8209K(25600K)] 51906K->8209K(39936K), [Metaspace: 2889K->2889K(1056768K)], 0.0057789 secs] [Times: user=0.00 sys=0.00, real=0.01 secs] 
7.292: [GC (Allocation Failure) [PSYoungGen: 7137K->6659K(14336K)] 15346K->14868K(39936K), 0.0008764 secs] [Times: user=0.00 sys=0.00, real=0.00 secs] 
7.293: [GC (Allocation Failure) [PSYoungGen: 13811K->5602K(14336K)] 22020K->13819K(39936K), 0.0012097 secs] [Times: user=0.00 sys=0.00, real=0.00 secs] 
7.338: [GC (Allocation Failure) [PSYoungGen: 12755K->4546K(14336K)] 20972K->12771K(39936K), 0.0011270 secs] [Times: user=0.00 sys=0.00, real=0.00 secs] 
7.401: [GC (Allocation Failure) [PSYoungGen: 11713K->2465K(14336K)] 19938K->10698K(39936K), 0.0005479 secs] [Times: user=0.00 sys=0.00, real=0.00 secs] 
7.402: [GC (Allocation Failure) [PSYoungGen: 9619K->1408K(14336K)] 17852K->9649K(39936K), 0.0006575 secs] [Times: user=0.00 sys=0.00, real=0.00 secs] 
7.448: [GC (Allocation Failure) [PSYoungGen: 8562K->352K(14336K)] 16803K->8601K(39936K), 0.0004999 secs] [Times: user=0.00 sys=0.00, real=0.00 secs] 
7.449: [GC (Allocation Failure) [PSYoungGen: 7506K->7139K(14336K)] 15755K->15692K(39936K), 0.0012713 secs] [Times: user=0.00 sys=0.00, real=0.00 secs] 
7.496: [GC (Allocation Failure) [PSYoungGen: 14293K->6435K(14336K)] 22847K->14988K(39936K), 0.0008081 secs] [Times: user=0.00 sys=0.00, real=0.00 secs] 
7.498: [GC (Allocation Failure) [PSYoungGen: 13589K->5378K(14336K)] 22142K->13939K(39936K), 0.0014647 secs] [Times: user=0.00 sys=0.00, real=0.00 secs] 
7.544: [GC (Allocation Failure) [PSYoungGen: 12533K->4322K(14336K)] 21094K->12891K(39936K), 0.0006312 secs] [Times: user=0.00 sys=0.00, real=0.00 secs] 
7.590: [GC (Allocation Failure) [PSYoungGen: 11476K->3265K(14336K)] 20045K->11842K(39936K), 0.0008871 secs] [Times: user=0.00 sys=0.00, real=0.00 secs] 
7.592: [GC (Allocation Failure) [PSYoungGen: 10408K->640K(14336K)] 18985K->9225K(39936K), 0.0004121 secs] [Times: user=0.00 sys=0.00, real=0.00 secs] 
7.593: [GC (Allocation Failure) [PSYoungGen: 7794K->7139K(14336K)] 16379K->16325K(39936K), 0.0011271 secs] [Times: user=0.00 sys=0.00, real=0.00 secs] 
7.637: [GC (Allocation Failure) [PSYoungGen: 14305K->6243K(14336K)] 23491K->15428K(39936K), 0.0010821 secs] [Times: user=0.00 sys=0.00, real=0.00 secs] 
7.699: [GC (Allocation Failure) [PSYoungGen: 13397K->5154K(14336K)] 22582K->14348K(39936K), 0.0010811 secs] [Times: user=0.00 sys=0.00, real=0.00 secs] 
7.700: [GC (Allocation Failure) [PSYoungGen: 12308K->4097K(14336K)] 21502K->13299K(39936K), 0.0008500 secs] [Times: user=0.00 sys=0.00, real=0.00 secs] 
7.745: [GC (Allocation Failure) [PSYoungGen: 11252K->3041K(14336K)] 20453K->12251K(39936K), 0.0009173 secs] [Times: user=0.00 sys=0.00, real=0.00 secs] 
7.790: [GC (Allocation Failure) [PSYoungGen: 10195K->1984K(14336K)] 19405K->11202K(39936K), 0.0010047 secs] [Times: user=0.00 sys=0.00, real=0.00 secs] 
7.792: [GC (Allocation Failure) [PSYoungGen: 9139K->928K(14336K)] 18356K->10153K(39936K), 0.0006543 secs] [Times: user=0.00 sys=0.00, real=0.00 secs] 
7.793: [GC (Allocation Failure) [PSYoungGen: 8082K->7139K(14336K)] 17308K->17245K(39936K), 0.0011833 secs] [Times: user=0.00 sys=0.00, real=0.00 secs] 
7.838: [GC (Allocation Failure) [PSYoungGen: 14302K->5986K(14336K)] 24408K->16092K(39936K), 0.0009769 secs] [Times: user=0.00 sys=0.00, real=0.00 secs] 
7.900: [GC (Allocation Failure) [PSYoungGen: 13141K->4930K(14336K)] 23247K->15044K(39936K), 0.0009654 secs] [Times: user=0.00 sys=0.00, real=0.00 secs] 
7.902: [GC (Allocation Failure) [PSYoungGen: 12084K->3873K(14336K)] 22198K->13995K(39936K), 0.0010417 secs] [Times: user=0.00 sys=0.00, real=0.00 secs] 
7.947: [GC (Allocation Failure) [PSYoungGen: 11028K->2785K(14336K)] 21150K->12923K(39936K), 0.0004608 secs] [Times: user=0.00 sys=0.00, real=0.00 secs] 
7.995: [GC (Allocation Failure) [PSYoungGen: 9939K->1760K(14336K)] 20077K->11914K(39936K), 0.0006681 secs] [Times: user=0.00 sys=0.00, real=0.00 secs] 
7.996: [GC (Allocation Failure) [PSYoungGen: 8915K->704K(14336K)] 19069K->10874K(39936K), 0.0005098 secs] [Times: user=0.00 sys=0.00, real=0.00 secs] 
7.997: [GC (Allocation Failure) [PSYoungGen: 7858K->7139K(14336K)] 18028K->17965K(39936K), 0.0010839 secs] [Times: user=0.00 sys=0.00, real=0.00 secs] 
8.042: [GC (Allocation Failure) [PSYoungGen: 14293K->6787K(14336K)] 25120K->17613K(39936K), 0.0007773 secs] [Times: user=0.00 sys=0.00, real=0.00 secs] 
8.089: [GC (Allocation Failure) [PSYoungGen: 13941K->5730K(14336K)] 24768K->16565K(39936K), 0.0008258 secs] [Times: user=0.00 sys=0.00, real=0.00 secs] 
8.090: [GC (Allocation Failure) [PSYoungGen: 12885K->4674K(14336K)] 23719K->15516K(39936K), 0.0009119 secs] [Times: user=0.00 sys=0.00, real=0.00 secs] 
8.151: [GC (Allocation Failure) [PSYoungGen: 11821K->1952K(14336K)] 22663K->12811K(39936K), 0.0003708 secs] [Times: user=0.00 sys=0.00, real=0.00 secs] 
8.197: [GC (Allocation Failure) [PSYoungGen: 9107K->864K(14336K)] 19965K->11730K(39936K), 0.0007074 secs] [Times: user=0.00 sys=0.00, real=0.00 secs] 
8.198: [GC (Allocation Failure) [PSYoungGen: 8018K->7139K(14336K)] 18885K->18822K(39936K), 0.0014121 secs] [Times: user=0.00 sys=0.00, real=0.00 secs] 
8.200: [GC (Allocation Failure) [PSYoungGen: 14293K->6947K(14336K)] 25976K->18630K(39936K), 0.0009545 secs] [Times: user=0.00 sys=0.00, real=0.00 secs] 
8.244: [GC (Allocation Failure) [PSYoungGen: 14101K->5890K(14336K)] 25784K->17581K(39936K), 0.0008479 secs] [Times: user=0.00 sys=0.00, real=0.00 secs] 
8.290: [GC (Allocation Failure) [PSYoungGen: 13045K->4834K(14336K)] 24736K->16541K(39936K), 0.0014475 secs] [Times: user=0.00 sys=0.00, real=0.00 secs] 
8.292: [GC (Allocation Failure) [PSYoungGen: 11988K->3777K(14336K)] 23695K->15500K(39936K), 0.0006413 secs] [Times: user=0.00 sys=0.00, real=0.00 secs] 
8.336: [GC (Allocation Failure) [PSYoungGen: 10932K->2721K(14336K)] 22654K->14459K(39936K), 0.0008218 secs] [Times: user=0.00 sys=0.00, real=0.00 secs] 
8.400: [GC (Allocation Failure) [PSYoungGen: 9889K->96K(14336K)] 21627K->11842K(39936K), 0.0008710 secs] [Times: user=0.00 sys=0.00, real=0.00 secs] 
8.402: [GC (Allocation Failure) [PSYoungGen: 7250K->7139K(14336K)] 18997K->18966K(39936K), 0.0014001 secs] [Times: user=0.00 sys=0.00, real=0.00 secs] 
8.404: [GC (Allocation Failure) [PSYoungGen: 14293K->6211K(14336K)] 26120K->18037K(39936K), 0.0011679 secs] [Times: user=0.00 sys=0.00, real=0.00 secs] 
8.446: [GC (Allocation Failure) [PSYoungGen: 13365K->5154K(14336K)] 25191K->16997K(39936K), 0.0006799 secs] [Times: user=0.00 sys=0.00, real=0.00 secs] 
8.492: [GC (Allocation Failure) [PSYoungGen: 12308K->4097K(14336K)] 24151K->15956K(39936K), 0.0007473 secs] [Times: user=0.00 sys=0.00, real=0.00 secs] 
8.494: [GC (Allocation Failure) [PSYoungGen: 11252K->3041K(14336K)] 23111K->14916K(39936K), 0.0009137 secs] [Times: user=0.00 sys=0.00, real=0.00 secs] 
8.539: [GC (Allocation Failure) [PSYoungGen: 10195K->1984K(14336K)] 22070K->13867K(39936K), 0.0007958 secs] [Times: user=0.00 sys=0.00, real=0.00 secs] 
8.586: [GC (Allocation Failure) [PSYoungGen: 9139K->928K(14336K)] 21022K->12819K(39936K), 0.0004731 secs] [Times: user=0.00 sys=0.00, real=0.00 secs] 
8.587: [GC (Allocation Failure) [PSYoungGen: 8082K->7139K(14336K)] 19973K->19910K(39936K), 0.0010676 secs] [Times: user=0.00 sys=0.00, real=0.00 secs] 
8.588: [GC (Allocation Failure) [PSYoungGen: 14293K->7011K(14336K)] 27065K->19782K(39936K), 0.0012004 secs] [Times: user=0.00 sys=0.00, real=0.00 secs] 
8.648: [GC (Allocation Failure) [PSYoungGen: 14154K->4386K(14336K)] 26925K->17165K(39936K), 0.0006722 secs] [Times: user=0.00 sys=0.00, real=0.00 secs] 
8.695: [GC (Allocation Failure) [PSYoungGen: 11540K->3329K(14336K)] 24319K->16116K(39936K), 0.0009367 secs] [Times: user=0.00 sys=0.00, real=0.00 secs] 
8.697: [GC (Allocation Failure) [PSYoungGen: 10484K->2273K(14336K)] 23271K->15076K(39936K), 0.0009506 secs] [Times: user=0.00 sys=0.00, real=0.00 secs] 
8.742: [GC (Allocation Failure) [PSYoungGen: 9427K->1216K(14336K)] 22230K->14027K(39936K), 0.0006803 secs] [Times: user=0.00 sys=0.00, real=0.00 secs] 
8.789: [GC (Allocation Failure) [PSYoungGen: 8371K->160K(14336K)] 21182K->12979K(39936K), 0.0008881 secs] [Times: user=0.00 sys=0.00, real=0.00 secs] 
8.790: [GC (Allocation Failure) [PSYoungGen: 7314K->7139K(14336K)] 20133K->20070K(39936K), 0.0010696 secs] [Times: user=0.00 sys=0.00, real=0.00 secs] 
8.792: [GC (Allocation Failure) [PSYoungGen: 14293K->6243K(14336K)] 27225K->19174K(39936K), 0.0010227 secs] [Times: user=0.00 sys=0.00, real=0.00 secs] 
8.837: [GC (Allocation Failure) [PSYoungGen: 13397K->5186K(14336K)] 26328K->18125K(39936K), 0.0011994 secs] [Times: user=0.00 sys=0.00, real=0.00 secs] 
8.899: [GC (Allocation Failure) [PSYoungGen: 12324K->3073K(14336K)] 25263K->16028K(39936K), 0.0011083 secs] [Times: user=0.00 sys=0.00, real=0.00 secs] 
8.900: [GC (Allocation Failure) [PSYoungGen: 10227K->2016K(14336K)] 23183K->14980K(39936K), 0.0006167 secs] [Times: user=0.00 sys=0.00, real=0.00 secs] 
8.946: [GC (Allocation Failure) [PSYoungGen: 9171K->960K(14336K)] 22134K->13931K(39936K), 0.0009711 secs] [Times: user=0.00 sys=0.00, real=0.00 secs] 
8.947: [GC (Allocation Failure) [PSYoungGen: 8114K->7139K(14336K)] 21086K->21023K(39936K), 0.0012476 secs] [Times: user=0.00 sys=0.00, real=0.00 secs] 
8.993: [GC (Allocation Failure) [PSYoungGen: 14293K->7043K(14336K)] 28177K->20927K(39936K), 0.0009128 secs] [Times: user=0.00 sys=0.00, real=0.00 secs] 
8.994: [GC (Allocation Failure) [PSYoungGen: 14197K->5986K(14336K)] 28081K->19878K(39936K), 0.0008811 secs] [Times: user=0.00 sys=0.00, real=0.00 secs] 
9.040: [GC (Allocation Failure) [PSYoungGen: 13141K->4930K(14336K)] 27033K->18838K(39936K), 0.0009349 secs] [Times: user=0.00 sys=0.00, real=0.00 secs] 
9.088: [GC (Allocation Failure) [PSYoungGen: 12084K->3873K(14336K)] 25992K->17789K(39936K), 0.0012736 secs] [Times: user=0.00 sys=0.00, real=0.00 secs] 
9.090: [GC (Allocation Failure) [PSYoungGen: 11028K->2817K(14336K)] 24943K->16740K(39936K), 0.0012464 secs] [Times: user=0.00 sys=0.00, real=0.00 secs] 
9.092: [GC (Allocation Failure) [PSYoungGen: 9984K->256K(14336K)] 23908K->14187K(39936K), 0.0004581 secs] [Times: user=0.00 sys=0.00, real=0.00 secs] 
9.150: [GC (Allocation Failure) [PSYoungGen: 7414K->6723K(14336K)] 21345K->20670K(39936K), 0.0007378 secs] [Times: user=0.00 sys=0.00, real=0.00 secs] 
9.197: [GC (Allocation Failure) [PSYoungGen: 13877K->5666K(14336K)] 27825K->19622K(39936K), 0.0011819 secs] [Times: user=0.00 sys=0.00, real=0.00 secs] 
9.199: [GC (Allocation Failure) [PSYoungGen: 12821K->4610K(14336K)] 26776K->18573K(39936K), 0.0006796 secs] [Times: user=0.00 sys=0.00, real=0.00 secs] 
9.242: [GC (Allocation Failure) [PSYoungGen: 11764K->3553K(14336K)] 25728K->17525K(39936K), 0.0008349 secs] [Times: user=0.00 sys=0.00, real=0.00 secs] 
9.289: [GC (Allocation Failure) [PSYoungGen: 10708K->2497K(14336K)] 24679K->16476K(39936K), 0.0011630 secs] [Times: user=0.00 sys=0.00, real=0.00 secs] 
9.291: [GC (Allocation Failure) [PSYoungGen: 9651K->1440K(14336K)] 23631K->15436K(39936K), 0.0010193 secs] [Times: user=0.00 sys=0.00, real=0.00 secs] 
9.335: [GC (Allocation Failure) [PSYoungGen: 8595K->384K(14336K)] 22590K->14387K(39936K), 0.0005568 secs] [Times: user=0.00 sys=0.00, real=0.00 secs] 
9.336: [GC (Allocation Failure) [PSYoungGen: 7538K->7139K(14336K)] 21542K->21479K(39936K), 0.0010153 secs] [Times: user=0.00 sys=0.00, real=0.00 secs] 
9.399: [GC (Allocation Failure) [PSYoungGen: 14277K->5442K(14336K)] 28617K->19782K(39936K), 0.0007863 secs] [Times: user=0.00 sys=0.00, real=0.00 secs] 
9.400: [GC (Allocation Failure) [PSYoungGen: 12597K->4354K(14336K)] 26936K->18701K(39936K), 0.0011298 secs] [Times: user=0.00 sys=0.00, real=0.00 secs] 
9.446: [GC (Allocation Failure) [PSYoungGen: 11508K->3297K(14336K)] 25856K->17653K(39936K), 0.0007852 secs] [Times: user=0.00 sys=0.00, real=0.00 secs] 
9.492: [GC (Allocation Failure) [PSYoungGen: 10452K->2241K(14336K)] 24807K->16612K(39936K), 0.0005981 secs] [Times: user=0.00 sys=0.00, real=0.00 secs] 
9.493: [GC (Allocation Failure) [PSYoungGen: 9395K->1184K(14336K)] 23767K->15564K(39936K), 0.0010259 secs] [Times: user=0.00 sys=0.00, real=0.00 secs] 
9.539: [GC (Allocation Failure) [PSYoungGen: 8339K->128K(14336K)] 22718K->14523K(39936K), 0.0008314 secs] [Times: user=0.00 sys=0.00, real=0.00 secs] 
9.541: [GC (Allocation Failure) [PSYoungGen: 7282K->7139K(14336K)] 21678K->21615K(39936K), 0.0013573 secs] [Times: user=0.00 sys=0.00, real=0.00 secs] 
9.586: [GC (Allocation Failure) [PSYoungGen: 14293K->6211K(14336K)] 28769K->20686K(39936K), 0.0010511 secs] [Times: user=0.00 sys=0.00, real=0.00 secs] 
9.588: [GC (Allocation Failure) [PSYoungGen: 13365K->5154K(14336K)] 27841K->19638K(39936K), 0.0010297 secs] [Times: user=0.00 sys=0.00, real=0.00 secs] 
9.648: [GC (Allocation Failure) [PSYoungGen: 12297K->2529K(14336K)] 26781K->17021K(39936K), 0.0007019 secs] [Times: user=0.00 sys=0.00, real=0.00 secs] 
9.695: [GC (Allocation Failure) [PSYoungGen: 9683K->1472K(14336K)] 24175K->15972K(39936K), 0.0007318 secs] [Times: user=0.00 sys=0.00, real=0.00 secs] 
9.697: [GC (Allocation Failure) [PSYoungGen: 8627K->416K(14336K)] 23126K->14923K(39936K), 0.0008540 secs] [Times: user=0.00 sys=0.00, real=0.00 secs] 
9.698: [GC (Allocation Failure) [PSYoungGen: 7570K->7139K(14336K)] 22078K->22015K(39936K), 0.0012033 secs] [Times: user=0.00 sys=0.00, real=0.00 secs] 
9.742: [GC (Allocation Failure) [PSYoungGen: 14293K->6499K(14336K)] 29169K->21375K(39936K), 0.0011009 secs] [Times: user=0.00 sys=0.00, real=0.00 secs] 
9.789: [GC (Allocation Failure) [PSYoungGen: 13653K->5442K(14336K)] 28529K->20326K(39936K), 0.0010091 secs] [Times: user=0.00 sys=0.00, real=0.00 secs] 
9.791: [GC (Allocation Failure) [PSYoungGen: 12597K->4386K(14336K)] 27481K->19278K(39936K), 0.0006631 secs] [Times: user=0.00 sys=0.00, real=0.00 secs] 
9.836: [GC (Allocation Failure) [PSYoungGen: 11540K->3329K(14336K)] 26432K->18229K(39936K), 0.0007546 secs] [Times: user=0.00 sys=0.00, real=0.00 secs] 
9.897: [GC (Allocation Failure) [PSYoungGen: 10472K->736K(14336K)] 25372K->15644K(39936K), 0.0007393 secs] [Times: user=0.00 sys=0.00, real=0.00 secs] 
9.899: [GC (Allocation Failure) [PSYoungGen: 7890K->7139K(14336K)] 22798K->22703K(39936K), 0.0012298 secs] [Times: user=0.00 sys=0.00, real=0.00 secs] 
9.901: [GC (Allocation Failure) [PSYoungGen: 14293K->6787K(14336K)] 29858K->22351K(39936K), 0.0012903 secs] [Times: user=0.00 sys=0.00, real=0.00 secs] 
9.945: [GC (Allocation Failure) [PSYoungGen: 13941K->5730K(14336K)] 29506K->21311K(39936K), 0.0007893 secs] [Times: user=0.00 sys=0.00, real=0.00 secs] 
9.991: [GC (Allocation Failure) [PSYoungGen: 12885K->4674K(14336K)] 28465K->20262K(39936K), 0.0007536 secs] [Times: user=0.00 sys=0.00, real=0.00 secs] 
9.992: [GC (Allocation Failure) [PSYoungGen: 11828K->3617K(14336K)] 27417K->19222K(39936K), 0.0005414 secs] [Times: user=0.00 sys=0.00, real=0.00 secs] 
10.038: [GC (Allocation Failure) [PSYoungGen: 10772K->2561K(14336K)] 26376K->18173K(39936K), 0.0006992 secs] [Times: user=0.00 sys=0.00, real=0.00 secs] 
10.100: [GC (Allocation Failure) [PSYoungGen: 9715K->1504K(14336K)] 25328K->17125K(39936K), 0.0005040 secs] [Times: user=0.00 sys=0.00, real=0.00 secs] 
10.101: [GC (Allocation Failure) [PSYoungGen: 8672K->512K(14336K)] 24293K->16140K(39936K), 0.0003630 secs] [Times: user=0.00 sys=0.00, real=0.00 secs] 
10.102: [GC (Allocation Failure) [PSYoungGen: 7658K->6979K(14336K)] 23287K->22615K(39936K), 0.0008745 secs] [Times: user=0.00 sys=0.00, real=0.00 secs] 
10.148: [GC (Allocation Failure) [PSYoungGen: 14147K->4898K(14336K)] 29783K->20558K(39936K), 0.0009418 secs] [Times: user=0.00 sys=0.00, real=0.00 secs] 
10.194: [GC (Allocation Failure) [PSYoungGen: 12052K->3777K(14336K)] 27712K->19454K(39936K), 0.0007511 secs] [Times: user=0.00 sys=0.00, real=0.00 secs] 
10.196: [GC (Allocation Failure) [PSYoungGen: 10931K->2753K(14336K)] 26608K->18445K(39936K), 0.0005168 secs] [Times: user=0.00 sys=0.00, real=0.00 secs] 
10.241: [GC (Allocation Failure) [PSYoungGen: 9907K->1696K(14336K)] 25599K->17405K(39936K), 0.0007309 secs] [Times: user=0.00 sys=0.00, real=0.00 secs] 
10.288: [GC (Allocation Failure) [PSYoungGen: 8851K->640K(14336K)] 24559K->16356K(39936K), 0.0008917 secs] [Times: user=0.00 sys=0.00, real=0.00 secs] 
10.289: [GC (Allocation Failure) [PSYoungGen: 7794K->7139K(14336K)] 23510K->23448K(39936K), 0.0012424 secs] [Times: user=0.00 sys=0.00, real=0.00 secs] 
10.291: [GC (Allocation Failure) [PSYoungGen: 14293K->6723K(14336K)] 30602K->23031K(39936K), 0.0013322 secs] [Times: user=0.00 sys=0.00, real=0.00 secs] 
10.336: [GC (Allocation Failure) [PSYoungGen: 13860K->4610K(14336K)] 30169K->20926K(39936K), 0.0006736 secs] [Times: user=0.00 sys=0.00, real=0.00 secs] 
10.399: [GC (Allocation Failure) [PSYoungGen: 11764K->3553K(14336K)] 28081K->19878K(39936K), 0.0013737 secs] [Times: user=0.00 sys=0.00, real=0.00 secs] 
10.401: [GC (Allocation Failure) [PSYoungGen: 10708K->2497K(14336K)] 27032K->18837K(39936K), 0.0004822 secs] [Times: user=0.00 sys=0.00, real=0.00 secs] 
10.446: [GC (Allocation Failure) [PSYoungGen: 9651K->1440K(14336K)] 25992K->17789K(39936K), 0.0006612 secs] [Times: user=0.00 sys=0.00, real=0.00 secs] 
10.493: [GC (Allocation Failure) [PSYoungGen: 8595K->384K(14336K)] 24943K->16748K(39936K), 0.0003878 secs] [Times: user=0.00 sys=0.00, real=0.00 secs] 
10.493: [GC (Allocation Failure) [PSYoungGen: 7538K->7139K(14336K)] 23903K->23840K(39936K), 0.0011629 secs] [Times: user=0.00 sys=0.00, real=0.00 secs] 
10.495: [GC (Allocation Failure) [PSYoungGen: 14293K->6467K(14336K)] 30994K->23167K(39936K), 0.0009913 secs] [Times: user=0.00 sys=0.00, real=0.00 secs] 
10.541: [GC (Allocation Failure) [PSYoungGen: 13621K->5410K(14336K)] 30322K->22119K(39936K), 0.0007459 secs] [Times: user=0.00 sys=0.00, real=0.00 secs] 
10.588: [GC (Allocation Failure) [PSYoungGen: 12565K->4354K(14336K)] 29273K->21070K(39936K), 0.0007704 secs] [Times: user=0.00 sys=0.00, real=0.00 secs] 
10.589: [GC (Allocation Failure) [PSYoungGen: 11508K->3297K(14336K)] 28225K->20022K(39936K), 0.0012494 secs] [Times: user=0.00 sys=0.00, real=0.00 secs] 
10.650: [GC (Allocation Failure) [PSYoungGen: 10434K->192K(14336K)] 27159K->16932K(39936K), 0.0008676 secs] [Times: user=0.00 sys=0.00, real=0.00 secs] 
10.652: [GC (Allocation Failure) [PSYoungGen: 7346K->7139K(14336K)] 24087K->23992K(39936K), 0.0009629 secs] [Times: user=0.00 sys=0.00, real=0.00 secs] 
10.697: [GC (Allocation Failure) [PSYoungGen: 14292K->6243K(14336K)] 31145K->23095K(39936K), 0.0008712 secs] [Times: user=0.00 sys=0.00, real=0.00 secs] 
10.699: [GC (Allocation Failure) [PSYoungGen: 13396K->5186K(14336K)] 30249K->22047K(39936K), 0.0011495 secs] [Times: user=0.00 sys=0.00, real=0.00 secs] 
10.745: [GC (Allocation Failure) [PSYoungGen: 12340K->4129K(14336K)] 29201K->21006K(39936K), 0.0010714 secs] [Times: user=0.00 sys=0.00, real=0.00 secs] 
10.791: [GC (Allocation Failure) [PSYoungGen: 11284K->3073K(14336K)] 28160K->19958K(39936K), 0.0008235 secs] [Times: user=0.00 sys=0.00, real=0.00 secs] 
10.793: [GC (Allocation Failure) [PSYoungGen: 10227K->2016K(14336K)] 27112K->18909K(39936K), 0.0010716 secs] [Times: user=0.00 sys=0.00, real=0.00 secs] 
10.838: [GC (Allocation Failure) [PSYoungGen: 9171K->960K(14336K)] 26064K->17869K(39936K), 0.0005789 secs] [Times: user=0.00 sys=0.00, real=0.00 secs] 
10.839: [GC (Allocation Failure) [PSYoungGen: 8114K->7139K(14336K)] 25023K->24960K(39936K), 0.0018763 secs] [Times: user=0.00 sys=0.00, real=0.00 secs] 
10.885: [GC (Allocation Failure) [PSYoungGen: 14302K->6018K(14336K)] 32123K->23840K(39936K), 0.0015620 secs] [Times: user=0.00 sys=0.00, real=0.00 secs] 
10.888: [GC (Allocation Failure) [PSYoungGen: 13173K->4962K(14336K)] 30994K->22791K(39936K), 0.0011979 secs] [Times: user=0.00 sys=0.00, real=0.00 secs] 
10.949: [GC (Allocation Failure) [PSYoungGen: 12116K->3905K(14336K)] 29946K->21751K(39936K), 0.0007550 secs] [Times: user=0.00 sys=0.00, real=0.00 secs] 
10.995: [GC (Allocation Failure) [PSYoungGen: 11060K->2817K(14336K)] 28905K->20678K(39936K), 0.0006412 secs] [Times: user=0.00 sys=0.00, real=0.00 secs] 
10.997: [GC (Allocation Failure) [PSYoungGen: 9971K->1760K(14336K)] 27833K->19638K(39936K), 0.0005030 secs] [Times: user=0.00 sys=0.00, real=0.00 secs] 
11.042: [GC (Allocation Failure) [PSYoungGen: 8915K->736K(14336K)] 26792K->18621K(39936K), 0.0010202 secs] [Times: user=0.00 sys=0.00, real=0.00 secs] 
11.043: [GC (Allocation Failure) [PSYoungGen: 7890K->7139K(14336K)] 25776K->25713K(39936K), 0.0012402 secs] [Times: user=0.00 sys=0.00, real=0.00 secs] 
11.089: [GC (Allocation Failure) [PSYoungGen: 14293K->6819K(14336K)] 32867K->25392K(39936K), 0.0010510 secs] [Times: user=0.00 sys=0.00, real=0.00 secs] 
11.091: [GC (Allocation Failure) [PSYoungGen: 13973K->5762K(14336K)] 32547K->24344K(39936K), 0.0014760 secs] [Times: user=0.00 sys=0.00, real=0.00 secs] 
11.151: [GC (Allocation Failure) [PSYoungGen: 12906K->3041K(14336K)] 31488K->21638K(39936K), 0.0010212 secs] [Times: user=0.00 sys=0.00, real=0.00 secs] 
11.198: [GC (Allocation Failure) [PSYoungGen: 10196K->1952K(14336K)] 28793K->20566K(39936K), 0.0011451 secs] [Times: user=0.00 sys=0.00, real=0.00 secs] 
11.200: [GC (Allocation Failure) [PSYoungGen: 9107K->896K(14336K)] 27720K->19517K(39936K), 0.0005849 secs] [Times: user=0.00 sys=0.00, real=0.00 secs] 
11.201: [GC (Allocation Failure) [PSYoungGen: 8050K->7139K(14336K)] 26672K->26609K(39936K), 0.0010976 secs] [Times: user=0.00 sys=0.00, real=0.00 secs] 
11.247: [GC (Allocation Failure) [PSYoungGen: 14293K->6979K(14336K)] 33763K->26449K(39936K), 0.0010405 secs] [Times: user=0.00 sys=0.00, real=0.00 secs] 
11.293: [GC (Allocation Failure) [PSYoungGen: 14133K->5922K(14336K)] 33603K->25400K(39936K), 0.0009753 secs] [Times: user=0.00 sys=0.00, real=0.00 secs] 
11.294: [GC (Allocation Failure) [PSYoungGen: 13077K->4866K(14336K)] 32555K->24352K(39936K), 0.0008652 secs] [Times: user=0.00 sys=0.00, real=0.00 secs] 
11.340: [GC (Allocation Failure) [PSYoungGen: 12020K->3809K(14336K)] 31506K->23303K(39936K), 0.0006967 secs] [Times: user=0.00 sys=0.00, real=0.00 secs] 
11.386: [GC (Allocation Failure) [PSYoungGen: 10949K->1184K(14336K)] 30443K->20686K(39936K), 0.0012024 secs] [Times: user=0.00 sys=0.00, real=0.00 secs] 
11.388: [GC (Allocation Failure) [PSYoungGen: 8339K->128K(14336K)] 27841K->19637K(39936K), 0.0013045 secs] [Times: user=0.00 sys=0.00, real=0.00 secs] 
11.389: [GC (Allocation Failure) [PSYoungGen: 7282K->7139K(14336K)] 26792K->26729K(39936K), 0.0011485 secs] [Times: user=0.00 sys=0.00, real=0.00 secs] 
11.448: [GC (Allocation Failure) [PSYoungGen: 14293K->6211K(14336K)] 33883K->25800K(39936K), 0.0010400 secs] [Times: user=0.00 sys=0.00, real=0.00 secs] 
11.495: [GC (Allocation Failure) [PSYoungGen: 13365K->5154K(14336K)] 32955K->24760K(39936K), 0.0008208 secs] [Times: user=0.00 sys=0.00, real=0.00 secs] 
11.496: [GC (Allocation Failure) [PSYoungGen: 12308K->4097K(14336K)] 31914K->23711K(39936K), 0.0011237 secs] [Times: user=0.00 sys=0.00, real=0.00 secs] 
11.541: [GC (Allocation Failure) [PSYoungGen: 11252K->3041K(14336K)] 30866K->22663K(39936K), 0.0008648 secs] [Times: user=0.00 sys=0.00, real=0.00 secs] 
11.587: [GC (Allocation Failure) [PSYoungGen: 10195K->1984K(14336K)] 29817K->21614K(39936K), 0.0008888 secs] [Times: user=0.00 sys=0.00, real=0.00 secs] 
11.588: [GC (Allocation Failure) [PSYoungGen: 9139K->928K(14336K)] 28769K->20566K(39936K), 0.0010352 secs] [Times: user=0.00 sys=0.00, real=0.00 secs] 
11.590: [GC (Allocation Failure) [PSYoungGen: 8082K->7139K(14336K)] 27720K->27657K(39936K), 0.0014103 secs] [Times: user=0.00 sys=0.00, real=0.00 secs] 
11.649: [GC (Allocation Failure) [PSYoungGen: 14275K->5474K(14336K)] 34794K->25993K(39936K), 0.0008744 secs] [Times: user=0.00 sys=0.00, real=0.00 secs] 
11.697: [GC (Allocation Failure) [PSYoungGen: 12629K->4386K(14336K)] 33147K->24920K(39936K), 0.0008358 secs] [Times: user=0.00 sys=0.00, real=0.00 secs] 
11.699: [GC (Allocation Failure) [PSYoungGen: 11540K->3329K(14336K)] 32074K->23880K(39936K), 0.0006317 secs] [Times: user=0.00 sys=0.00, real=0.00 secs] 
11.743: [GC (Allocation Failure) [PSYoungGen: 10484K->2273K(14336K)] 31034K->22831K(39936K), 0.0007497 secs] [Times: user=0.00 sys=0.00, real=0.00 secs] 
11.789: [GC (Allocation Failure) [PSYoungGen: 9427K->1216K(14336K)] 29985K->21782K(39936K), 0.0006038 secs] [Times: user=0.00 sys=0.00, real=0.00 secs] 
11.791: [GC (Allocation Failure) [PSYoungGen: 8371K->160K(14336K)] 28937K->20734K(39936K), 0.0005060 secs] [Times: user=0.00 sys=0.00, real=0.00 secs] 
11.792: [GC (Allocation Failure) [PSYoungGen: 7314K->7139K(14336K)] 27888K->27825K(39936K), 0.0010188 secs] [Times: user=0.00 sys=0.00, real=0.00 secs] 
11.837: [GC (Allocation Failure) [PSYoungGen: 14293K->6243K(14336K)] 34980K->26929K(39936K), 0.0012678 secs] [Times: user=0.00 sys=0.00, real=0.00 secs] 
11.900: [GC (Allocation Failure) [PSYoungGen: 13380K->4161K(14336K)] 34067K->24864K(39936K), 0.0010633 secs] [Times: user=0.00 sys=0.00, real=0.00 secs] 
11.902: [GC (Allocation Failure) [PSYoungGen: 11316K->3073K(14336K)] 32018K->23783K(39936K), 0.0011643 secs] [Times: user=0.00 sys=0.00, real=0.00 secs] 
11.948: [GC (Allocation Failure) [PSYoungGen: 10227K->2016K(14336K)] 30938K->22743K(39936K), 0.0010624 secs] [Times: user=0.00 sys=0.00, real=0.00 secs] 
11.994: [GC (Allocation Failure) [PSYoungGen: 9171K->960K(14336K)] 29897K->21694K(39936K), 0.0005233 secs] [Times: user=0.00 sys=0.00, real=0.00 secs] 
11.995: [GC (Allocation Failure) [PSYoungGen: 8114K->7139K(14336K)] 28849K->28786K(39936K), 0.0013251 secs] [Times: user=0.00 sys=0.00, real=0.00 secs] 
11.997: [GC (Allocation Failure) [PSYoungGen: 14293K->7043K(14336K)] 35940K->28690K(39936K), 0.0013991 secs] [Times: user=0.00 sys=0.00, real=0.00 secs] 
12.042: [GC (Allocation Failure) [PSYoungGen: 14197K->5986K(14336K)] 35844K->27649K(39936K), 0.0010173 secs] [Times: user=0.00 sys=0.00, real=0.00 secs] 
12.088: [GC (Allocation Failure) [PSYoungGen: 13141K->4930K(14336K)] 34804K->26601K(39936K), 0.0009007 secs] [Times: user=0.00 sys=0.00, real=0.00 secs] 
12.090: [GC (Allocation Failure) [PSYoungGen: 12074K->2177K(14336K)] 33745K->23855K(39936K), 0.0006019 secs] [Times: user=0.00 sys=0.00, real=0.00 secs] 
12.136: [GC (Allocation Failure) [PSYoungGen: 9325K->576K(14336K)] 31004K->22271K(39936K), 0.0007758 secs] [Times: user=0.00 sys=0.00, real=0.00 secs] 
12.137: [GC (Allocation Failure) [PSYoungGen: 7730K->7139K(14336K)] 29425K->29370K(39936K), 0.0015229 secs] [Times: user=0.00 sys=0.00, real=0.00 secs] 
12.199: [GC (Allocation Failure) [PSYoungGen: 14293K->6659K(14336K)] 36524K->28890K(39936K), 0.0014243 secs] [Times: user=0.00 sys=0.00, real=0.00 secs] 
12.201: [GC (Allocation Failure) [PSYoungGen: 13813K->5602K(14336K)] 36044K->27841K(39936K), 0.0012132 secs] [Times: user=0.00 sys=0.00, real=0.00 secs] 
12.245: [GC (Allocation Failure) [PSYoungGen: 12757K->4546K(14336K)] 34996K->26793K(39936K), 0.0007650 secs] [Times: user=0.00 sys=0.00, real=0.00 secs] 
12.291: [GC (Allocation Failure) [PSYoungGen: 11700K->3489K(14336K)] 33947K->25752K(39936K), 0.0008770 secs] [Times: user=0.00 sys=0.00, real=0.00 secs] 
12.292: [GC (Allocation Failure) [PSYoungGen: 10644K->2433K(14336K)] 32907K->24704K(39936K), 0.0008864 secs] [Times: user=0.00 sys=0.00, real=0.00 secs] 
12.337: [GC (Allocation Failure) [PSYoungGen: 9570K->352K(14336K)] 31841K->22631K(39936K), 0.0004403 secs] [Times: user=0.00 sys=0.00, real=0.00 secs] 
12.338: [GC (Allocation Failure) [PSYoungGen: 7506K->7139K(14336K)] 29785K->29690K(39936K), 0.0013261 secs] [Times: user=0.00 sys=0.00, real=0.00 secs] 
12.399: [GC (Allocation Failure) [PSYoungGen: 14293K->6403K(14336K)] 36845K->28954K(39936K), 0.0011298 secs] [Times: user=0.00 sys=0.00, real=0.00 secs] 
12.400: [GC (Allocation Failure) [PSYoungGen: 13557K->5346K(14336K)] 36108K->27905K(39936K), 0.0012146 secs] [Times: user=0.00 sys=0.00, real=0.00 secs] 
12.445: [GC (Allocation Failure) [PSYoungGen: 12501K->4290K(14336K)] 35060K->26857K(39936K), 0.0008315 secs] [Times: user=0.00 sys=0.00, real=0.00 secs] 
12.492: [GC (Allocation Failure) [PSYoungGen: 11444K->3233K(14336K)] 34011K->25816K(39936K), 0.0009310 secs] [Times: user=0.00 sys=0.00, real=0.00 secs] 
12.494: [GC (Allocation Failure) [PSYoungGen: 10388K->2177K(14336K)] 32971K->24768K(39936K), 0.0004900 secs] [Times: user=0.00 sys=0.00, real=0.00 secs] 
12.538: [GC (Allocation Failure) [PSYoungGen: 9331K->1120K(14336K)] 31922K->23719K(39936K), 0.0010957 secs] [Times: user=0.00 sys=0.00, real=0.00 secs] 
12.586: [GC (Allocation Failure) [PSYoungGen: 8275K->64K(14336K)] 30874K->22671K(39936K), 0.0005723 secs] [Times: user=0.00 sys=0.00, real=0.00 secs] 
12.587: [GC (Allocation Failure) [PSYoungGen: 7218K->7139K(14336K)] 29825K->29762K(39936K), 0.0012153 secs] [Times: user=0.00 sys=0.00, real=0.00 secs] 
12.589: [GC (Allocation Failure) [PSYoungGen: 14293K->6146K(14336K)] 36917K->28770K(39936K), 0.0009529 secs] [Times: user=0.00 sys=0.00, real=0.00 secs] 
12.650: [GC (Allocation Failure) [PSYoungGen: 13287K->3553K(14336K)] 35910K->26184K(39936K), 0.0016140 secs] [Times: user=0.00 sys=0.00, real=0.00 secs] 
12.697: [GC (Allocation Failure) [PSYoungGen: 10708K->2465K(14336K)] 33339K->25112K(39936K), 0.0004760 secs] [Times: user=0.00 sys=0.00, real=0.00 secs] 
12.698: [GC (Allocation Failure) [PSYoungGen: 9619K->1408K(14336K)] 32266K->24063K(39936K), 0.0010172 secs] [Times: user=0.00 sys=0.00, real=0.00 secs] 
12.744: [GC (Allocation Failure) [PSYoungGen: 8563K->352K(14336K)] 31218K->23023K(39936K), 0.0007921 secs] [Times: user=0.00 sys=0.00, real=0.00 secs] 
12.746: [GC (Allocation Failure) [PSYoungGen: 7506K->7139K(14336K)] 30177K->30114K(39936K), 0.0014601 secs] [Times: user=0.00 sys=0.00, real=0.00 secs] 
12.792: [GC (Allocation Failure) [PSYoungGen: 14293K->6435K(14336K)] 37269K->29410K(39936K), 0.0013096 secs] [Times: user=0.00 sys=0.00, real=0.00 secs] 
12.794: [GC (Allocation Failure) [PSYoungGen: 13589K->5378K(14336K)] 36564K->28370K(39936K), 0.0007947 secs] [Times: user=0.00 sys=0.00, real=0.00 secs] 
12.839: [GC (Allocation Failure) [PSYoungGen: 12533K->4322K(14336K)] 35524K->27329K(39936K), 0.0008141 secs] [Times: user=0.00 sys=0.00, real=0.00 secs] 
12.886: [GC (Allocation Failure) [PSYoungGen: 11465K->1696K(14336K)] 34472K->24712K(39936K), 0.0007801 secs] [Times: user=0.00 sys=0.00, real=0.00 secs] 
12.888: [GC (Allocation Failure) [PSYoungGen: 8851K->640K(14336K)] 31866K->23671K(39936K), 0.0008138 secs] [Times: user=0.00 sys=0.00, real=0.00 secs] 
12.889: [GC (Allocation Failure) [PSYoungGen: 7794K->7139K(14336K)] 30826K->30763K(39936K), 0.0016144 secs] [Times: user=0.00 sys=0.00, real=0.00 secs] 
12.950: [GC (Allocation Failure) [PSYoungGen: 14293K->6723K(14336K)] 37917K->30346K(39936K), 0.0011404 secs] [Times: user=0.00 sys=0.00, real=0.00 secs] 
12.997: [GC (Allocation Failure) [PSYoungGen: 13877K->5666K(14336K)] 37501K->29298K(39936K), 0.0008115 secs] [Times: user=0.00 sys=0.00, real=0.00 secs] 
12.999: [GC (Allocation Failure) [PSYoungGen: 12821K->4610K(14336K)] 36452K->28249K(39936K), 0.0009125 secs] [Times: user=0.00 sys=0.00, real=0.00 secs] 
13.045: [GC (Allocation Failure) [PSYoungGen: 11764K->3553K(14336K)] 35404K->27209K(39936K), 0.0013272 secs] [Times: user=0.00 sys=0.00, real=0.00 secs] 
13.091: [GC (Allocation Failure) [PSYoungGen: 10708K->2497K(14336K)] 34363K->26168K(39936K), 0.0007750 secs] [Times: user=0.00 sys=0.00, real=0.00 secs] 
13.092: [GC (Allocation Failure) [PSYoungGen: 9651K->1440K(14336K)] 33323K->25120K(39936K), 0.0004896 secs] [Times: user=0.00 sys=0.00, real=0.00 secs] 
13.093: [GC (Allocation Failure) [PSYoungGen: 8602K->480K(14336K)] 32282K->24167K(39936K), 0.0005683 secs] [Times: user=0.00 sys=0.00, real=0.00 secs] 
13.139: [GC (Allocation Failure) [PSYoungGen: 7644K->5858K(14336K)] 31332K->29554K(39936K), 0.0013166 secs] [Times: user=0.00 sys=0.00, real=0.00 secs] 
13.187: [GC (Allocation Failure) [PSYoungGen: 13013K->4802K(14336K)] 36708K->28506K(39936K), 0.0009817 secs] [Times: user=0.00 sys=0.00, real=0.00 secs] 
13.188: [GC (Allocation Failure) [PSYoungGen: 11956K->3745K(14336K)] 35660K->27457K(39936K), 0.0010380 secs] [Times: user=0.00 sys=0.00, real=0.00 secs] 
13.248: [GC (Allocation Failure) [PSYoungGen: 10900K->2689K(14336K)] 34611K->26408K(39936K), 0.0007118 secs] [Times: user=0.00 sys=0.00, real=0.00 secs] 
13.295: [GC (Allocation Failure) [PSYoungGen: 9843K->1632K(14336K)] 33563K->25360K(39936K), 0.0008086 secs] [Times: user=0.00 sys=0.00, real=0.00 secs] 
13.296: [GC (Allocation Failure) [PSYoungGen: 8787K->576K(14336K)] 32514K->24311K(39936K), 0.0006919 secs] [Times: user=0.00 sys=0.00, real=0.00 secs] 
13.298: [GC (Allocation Failure) [PSYoungGen: 7730K->7139K(14336K)] 31466K->31403K(39936K), 0.0009859 secs] [Times: user=0.00 sys=0.00, real=0.00 secs] 
13.342: [GC (Allocation Failure) [PSYoungGen: 14293K->6659K(14336K)] 38557K->30923K(39936K), 0.0009770 secs] [Times: user=0.00 sys=0.00, real=0.00 secs] 
13.391: [GC (Allocation Failure) [PSYoungGen: 13796K->4578K(14336K)] 38060K->28850K(39936K), 0.0019475 secs] [Times: user=0.00 sys=0.00, real=0.00 secs] 
13.394: [GC (Allocation Failure) [PSYoungGen: 11732K->3489K(14336K)] 36004K->27769K(39936K), 0.0011337 secs] [Times: user=0.00 sys=0.00, real=0.00 secs] 
13.438: [GC (Allocation Failure) [PSYoungGen: 10644K->2433K(14336K)] 34924K->26729K(39936K), 0.0006485 secs] [Times: user=0.00 sys=0.00, real=0.00 secs] 
13.502: [GC (Allocation Failure) [PSYoungGen: 9587K->1376K(14336K)] 33883K->25688K(39936K), 0.0005249 secs] [Times: user=0.00 sys=0.00, real=0.00 secs] 
13.503: [GC (Allocation Failure) [PSYoungGen: 8531K->320K(14336K)] 32843K->24640K(39936K), 0.0006818 secs] [Times: user=0.00 sys=0.00, real=0.00 secs] 
13.504: [GC (Allocation Failure) [PSYoungGen: 7474K->7139K(14336K)] 31794K->31731K(39936K), 0.0014349 secs] [Times: user=0.00 sys=0.00, real=0.00 secs] 
13.548: [GC (Allocation Failure) [PSYoungGen: 14293K->6403K(14336K)] 38886K->30995K(39936K), 0.0012058 secs] [Times: user=0.00 sys=0.00, real=0.00 secs] 
13.595: [GC (Allocation Failure) [PSYoungGen: 13557K->5346K(14336K)] 38149K->29946K(39936K), 0.0010000 secs] [Times: user=0.00 sys=0.00, real=0.00 secs] 
13.596: [GC (Allocation Failure) [PSYoungGen: 12489K->2753K(14336K)] 37089K->27361K(39936K), 0.0008454 secs] [Times: user=0.00 sys=0.00, real=0.00 secs] 
13.642: [GC (Allocation Failure) [PSYoungGen: 9919K->1184K(14336K)] 34527K->25808K(39936K), 0.0005210 secs] [Times: user=0.00 sys=0.00, real=0.00 secs] 
13.688: [GC (Allocation Failure) [PSYoungGen: 8338K->96K(14336K)] 32962K->24736K(39936K), 0.0004500 secs] [Times: user=0.00 sys=0.00, real=0.00 secs] 
13.689: [GC (Allocation Failure) [PSYoungGen: 7250K->7139K(14336K)] 31890K->31827K(39936K), 0.0010278 secs] [Times: user=0.00 sys=0.00, real=0.00 secs] 
13.691: [GC (Allocation Failure) [PSYoungGen: 14293K->6178K(14336K)] 38982K->30867K(39936K), 0.0009013 secs] [Times: user=0.00 sys=0.00, real=0.00 secs] 
13.737: [GC (Allocation Failure) [PSYoungGen: 13333K->5122K(14336K)] 38021K->29818K(39936K), 0.0008356 secs] [Times: user=0.00 sys=0.00, real=0.00 secs] 
13.799: [GC (Allocation Failure) [PSYoungGen: 12276K->4065K(14336K)] 36973K->28778K(39936K), 0.0008065 secs] [Times: user=0.00 sys=0.00, real=0.00 secs] 
13.800: [GC (Allocation Failure) [PSYoungGen: 11220K->3009K(14336K)] 35932K->27729K(39936K), 0.0006690 secs] [Times: user=0.00 sys=0.00, real=0.00 secs] 
13.845: [GC (Allocation Failure) [PSYoungGen: 10147K->896K(14336K)] 34867K->25624K(39936K), 0.0005265 secs] [Times: user=0.00 sys=0.00, real=0.00 secs] 
13.846: [GC (Allocation Failure) [PSYoungGen: 8050K->7139K(14336K)] 32778K->32715K(39936K), 0.0011411 secs] [Times: user=0.00 sys=0.00, real=0.00 secs] 
13.847: [Full GC (Ergonomics) [PSYoungGen: 7139K->0K(14336K)] [ParOldGen: 25576K->8395K(26624K)] 32715K->8395K(40960K), [Metaspace: 2891K->2891K(1056768K)], 0.0035125 secs] [Times: user=0.02 sys=0.00, real=0.00 secs] 
13.892: [GC (Allocation Failure) [PSYoungGen: 7154K->6979K(14336K)] 15549K->15374K(40960K), 0.0010671 secs] [Times: user=0.00 sys=0.00, real=0.00 secs] 
13.894: [GC (Allocation Failure) [PSYoungGen: 14132K->5922K(14336K)] 22528K->14326K(40960K), 0.0008283 secs] [Times: user=0.00 sys=0.00, real=0.00 secs] 
13.938: [GC (Allocation Failure) [PSYoungGen: 13076K->4866K(14336K)] 21480K->13277K(40960K), 0.0008489 secs] [Times: user=0.00 sys=0.00, real=0.00 secs] 
13.985: [GC (Allocation Failure) [PSYoungGen: 12020K->3809K(14336K)] 20431K->12237K(40960K), 0.0008862 secs] [Times: user=0.00 sys=0.00, real=0.00 secs] 
13.987: [GC (Allocation Failure) [PSYoungGen: 10964K->2753K(14336K)] 19391K->11188K(40960K), 0.0006745 secs] [Times: user=0.00 sys=0.00, real=0.00 secs] 
14.048: [GC (Allocation Failure) [PSYoungGen: 9907K->1696K(14336K)] 18343K->10148K(40960K), 0.0004566 secs] [Times: user=0.00 sys=0.00, real=0.00 secs] 
14.096: [GC (Allocation Failure) [PSYoungGen: 8851K->640K(14336K)] 17302K->9099K(40960K), 0.0004407 secs] [Times: user=0.00 sys=0.00, real=0.00 secs] 
14.097: [GC (Allocation Failure) [PSYoungGen: 7794K->7139K(14336K)] 16254K->16191K(40960K), 0.0013269 secs] [Times: user=0.00 sys=0.00, real=0.00 secs] 
14.099: [GC (Allocation Failure) [PSYoungGen: 14293K->6723K(14336K)] 23345K->15775K(40960K), 0.0010357 secs] [Times: user=0.00 sys=0.00, real=0.00 secs] 
14.142: [GC (Allocation Failure) [PSYoungGen: 13867K->4001K(14336K)] 22919K->13061K(40960K), 0.0008937 secs] [Times: user=0.00 sys=0.00, real=0.00 secs] 
14.189: [GC (Allocation Failure) [PSYoungGen: 11156K->2913K(14336K)] 20216K->11981K(40960K), 0.0007379 secs] [Times: user=0.00 sys=0.00, real=0.00 secs] 
14.191: [GC (Allocation Failure) [PSYoungGen: 10067K->1856K(14336K)] 19135K->10940K(40960K), 0.0009596 secs] [Times: user=0.00 sys=0.00, real=0.00 secs] 
14.251: [GC (Allocation Failure) [PSYoungGen: 9011K->800K(14336K)] 18095K->9892K(40960K), 0.0006831 secs] [Times: user=0.00 sys=0.00, real=0.00 secs] 
14.252: [GC (Allocation Failure) [PSYoungGen: 7954K->7139K(14336K)] 17046K->16983K(40960K), 0.0011678 secs] [Times: user=0.00 sys=0.00, real=0.00 secs] 
14.298: [GC (Allocation Failure) [PSYoungGen: 14293K->6883K(14336K)] 24138K->16727K(40960K), 0.0009814 secs] [Times: user=0.00 sys=0.00, real=0.00 secs] 
14.300: [GC (Allocation Failure) [PSYoungGen: 14037K->5826K(14336K)] 23881K->15678K(40960K), 0.0011653 secs] [Times: user=0.00 sys=0.00, real=0.00 secs] 
14.346: [GC (Allocation Failure) [PSYoungGen: 12981K->4770K(14336K)] 22833K->14630K(40960K), 0.0008620 secs] [Times: user=0.00 sys=0.00, real=0.00 secs] 
14.394: [GC (Allocation Failure) [PSYoungGen: 11913K->2177K(14336K)] 21773K->12053K(40960K), 0.0006258 secs] [Times: user=0.00 sys=0.00, real=0.00 secs] 
14.395: [GC (Allocation Failure) [PSYoungGen: 9331K->1088K(14336K)] 19207K->10972K(40960K), 0.0006252 secs] [Times: user=0.00 sys=0.00, real=0.00 secs] 
14.396: [GC (Allocation Failure) [PSYoungGen: 8242K->7139K(14336K)] 18127K->18064K(40960K), 0.0012104 secs] [Times: user=0.01 sys=0.00, real=0.00 secs] 
14.441: [GC (Allocation Failure) [PSYoungGen: 14293K->7139K(14336K)] 25218K->18096K(40960K), 0.0011706 secs] [Times: user=0.00 sys=0.00, real=0.00 secs] 
14.489: [GC (Allocation Failure) [PSYoungGen: 14294K->6114K(14336K)] 25250K->17087K(40960K), 0.0022059 secs] [Times: user=0.00 sys=0.00, real=0.00 secs] 
14.491: [GC (Allocation Failure) [PSYoungGen: 13269K->5058K(14336K)] 24241K->16047K(40960K), 0.0007170 secs] [Times: user=0.00 sys=0.00, real=0.00 secs] 
14.551: [GC (Allocation Failure) [PSYoungGen: 12212K->4001K(14336K)] 23201K->15006K(40960K), 0.0010205 secs] [Times: user=0.00 sys=0.00, real=0.00 secs] 
14.597: [GC (Allocation Failure) [PSYoungGen: 11156K->2945K(14336K)] 22160K->13958K(40960K), 0.0006782 secs] [Times: user=0.00 sys=0.00, real=0.00 secs] 
14.598: [GC (Allocation Failure) [PSYoungGen: 10099K->1888K(14336K)] 21112K->12917K(40960K), 0.0006536 secs] [Times: user=0.00 sys=0.00, real=0.00 secs] 
14.599: [GC (Allocation Failure) [PSYoungGen: 9051K->1088K(14336K)] 20079K->12124K(40960K), 0.0010228 secs] [Times: user=0.00 sys=0.00, real=0.00 secs] 
14.643: [GC (Allocation Failure) [PSYoungGen: 8252K->6435K(14336K)] 19289K->17487K(40960K), 0.0010278 secs] [Times: user=0.00 sys=0.00, real=0.00 secs] 
14.690: [GC (Allocation Failure) [PSYoungGen: 13589K->5378K(14336K)] 24642K->16455K(40960K), 0.0011978 secs] [Times: user=0.00 sys=0.00, real=0.00 secs] 
14.692: [GC (Allocation Failure) [PSYoungGen: 12532K->4322K(14336K)] 23609K->15414K(40960K), 0.0010841 secs] [Times: user=0.00 sys=0.00, real=0.00 secs] 
14.751: [GC (Allocation Failure) [PSYoungGen: 11476K->3265K(14336K)] 22569K->14374K(40960K), 0.0004549 secs] [Times: user=0.00 sys=0.00, real=0.00 secs] 
14.797: [GC (Allocation Failure) [PSYoungGen: 10419K->2209K(14336K)] 21528K->13325K(40960K), 0.0005850 secs] [Times: user=0.00 sys=0.00, real=0.00 secs] 
14.798: [GC (Allocation Failure) [PSYoungGen: 9363K->1152K(14336K)] 20480K->12277K(40960K), 0.0004807 secs] [Times: user=0.00 sys=0.00, real=0.00 secs] 
14.843: [GC (Allocation Failure) [PSYoungGen: 8306K->64K(14336K)] 19431K->11204K(40960K), 0.0003134 secs] [Times: user=0.00 sys=0.00, real=0.00 secs] 
14.844: [GC (Allocation Failure) [PSYoungGen: 7218K->7139K(14336K)] 18359K->18328K(40960K), 0.0010198 secs] [Times: user=0.00 sys=0.00, real=0.00 secs] 
14.889: [GC (Allocation Failure) [PSYoungGen: 14277K->5122K(14336K)] 25465K->16311K(40960K), 0.0007561 secs] [Times: user=0.00 sys=0.00, real=0.00 secs] 
14.890: [GC (Allocation Failure) [PSYoungGen: 12276K->4065K(14336K)] 23465K->15270K(40960K), 0.0009853 secs] [Times: user=0.00 sys=0.00, real=0.00 secs] 
14.936: [GC (Allocation Failure) [PSYoungGen: 11220K->3009K(14336K)] 22425K->14230K(40960K), 0.0007175 secs] [Times: user=0.00 sys=0.00, real=0.00 secs] 
14.999: [GC (Allocation Failure) [PSYoungGen: 10163K->1952K(14336K)] 21384K->13181K(40960K), 0.0006852 secs] [Times: user=0.00 sys=0.00, real=0.00 secs] 
15.000: [GC (Allocation Failure) [PSYoungGen: 9107K->896K(14336K)] 20336K->12133K(40960K), 0.0006302 secs] [Times: user=0.00 sys=0.00, real=0.00 secs] 
15.001: [GC (Allocation Failure) [PSYoungGen: 8050K->7139K(14336K)] 19287K->19224K(40960K), 0.0010465 secs] [Times: user=0.00 sys=0.00, real=0.00 secs] 
15.046: [GC (Allocation Failure) [PSYoungGen: 14293K->6979K(14336K)] 26379K->19064K(40960K), 0.0010812 secs] [Times: user=0.00 sys=0.00, real=0.00 secs] 
15.093: [GC (Allocation Failure) [PSYoungGen: 14133K->5922K(14336K)] 26218K->18023K(40960K), 0.0013557 secs] [Times: user=0.00 sys=0.00, real=0.00 secs] 
15.095: [GC (Allocation Failure) [PSYoungGen: 13072K->3745K(14336K)] 25173K->15862K(40960K), 0.0006539 secs] [Times: user=0.00 sys=0.00, real=0.00 secs] 
15.140: [GC (Allocation Failure) [PSYoungGen: 10883K->1568K(14336K)] 23000K->13693K(40960K), 0.0005607 secs] [Times: user=0.00 sys=0.00, real=0.00 secs] 
15.186: [GC (Allocation Failure) [PSYoungGen: 8722K->512K(14336K)] 20848K->12645K(40960K), 0.0006723 secs] [Times: user=0.00 sys=0.00, real=0.00 secs] 
15.188: [GC (Allocation Failure) [PSYoungGen: 7666K->7139K(14336K)] 19799K->19736K(40960K), 0.0015910 secs] [Times: user=0.00 sys=0.00, real=0.00 secs] 
15.190: [GC (Allocation Failure) [PSYoungGen: 14293K->6595K(14336K)] 26891K->19192K(40960K), 0.0013776 secs] [Times: user=0.00 sys=0.00, real=0.00 secs] 
15.248: [GC (Allocation Failure) [PSYoungGen: 13749K->5538K(14336K)] 26346K->18151K(40960K), 0.0011139 secs] [Times: user=0.00 sys=0.00, real=0.00 secs] 
15.295: [GC (Allocation Failure) [PSYoungGen: 12693K->4482K(14336K)] 25306K->17103K(40960K), 0.0011217 secs] [Times: user=0.00 sys=0.00, real=0.00 secs] 
15.297: [GC (Allocation Failure) [PSYoungGen: 11636K->3425K(14336K)] 24257K->16054K(40960K), 0.0007913 secs] [Times: user=0.00 sys=0.00, real=0.00 secs] 
15.343: [GC (Allocation Failure) [PSYoungGen: 10563K->1312K(14336K)] 23192K->13949K(40960K), 0.0005433 secs] [Times: user=0.00 sys=0.00, real=0.00 secs] 
15.390: [GC (Allocation Failure) [PSYoungGen: 8467K->224K(14336K)] 21104K->12877K(40960K), 0.0004401 secs] [Times: user=0.00 sys=0.00, real=0.00 secs] 
15.391: [GC (Allocation Failure) [PSYoungGen: 7378K->7139K(14336K)] 20031K->20000K(40960K), 0.0009203 secs] [Times: user=0.00 sys=0.00, real=0.00 secs] 
15.393: [GC (Allocation Failure) [PSYoungGen: 14293K->6339K(14336K)] 27155K->19200K(40960K), 0.0008119 secs] [Times: user=0.00 sys=0.00, real=0.00 secs] 
15.437: [GC (Allocation Failure) [PSYoungGen: 13493K->5282K(14336K)] 26354K->18159K(40960K), 0.0006846 secs] [Times: user=0.00 sys=0.00, real=0.00 secs] 
15.498: [GC (Allocation Failure) [PSYoungGen: 12437K->4226K(14336K)] 25314K->17111K(40960K), 0.0006481 secs] [Times: user=0.00 sys=0.00, real=0.00 secs] 
15.499: [GC (Allocation Failure) [PSYoungGen: 11380K->3169K(14336K)] 24265K->16062K(40960K), 0.0008026 secs] [Times: user=0.00 sys=0.00, real=0.00 secs] 
15.545: [GC (Allocation Failure) [PSYoungGen: 10324K->2113K(14336K)] 23217K->15014K(40960K), 0.0007502 secs] [Times: user=0.00 sys=0.00, real=0.00 secs] 
15.592: [GC (Allocation Failure) [PSYoungGen: 9267K->1056K(14336K)] 22168K->13973K(40960K), 0.0005400 secs] [Times: user=0.00 sys=0.00, real=0.00 secs] 
15.593: [GC (Allocation Failure) [PSYoungGen: 8210K->7139K(14336K)] 21128K->21065K(40960K), 0.0013730 secs] [Times: user=0.00 sys=0.00, real=0.00 secs] 
15.595: [GC (Allocation Failure) [PSYoungGen: 14293K->7139K(14336K)] 28219K->21065K(40960K), 0.0009504 secs] [Times: user=0.00 sys=0.00, real=0.00 secs] 
15.639: [GC (Allocation Failure) [PSYoungGen: 14287K->4546K(14336K)] 28213K->18488K(40960K), 0.0007104 secs] [Times: user=0.00 sys=0.00, real=0.00 secs] 
15.687: [GC (Allocation Failure) [PSYoungGen: 11700K->3425K(14336K)] 25642K->17399K(40960K), 0.0007257 secs] [Times: user=0.00 sys=0.00, real=0.00 secs] 
15.688: [GC (Allocation Failure) [PSYoungGen: 10579K->2401K(14336K)] 24553K->16382K(40960K), 0.0004909 secs] [Times: user=0.00 sys=0.00, real=0.00 secs] 
15.748: [GC (Allocation Failure) [PSYoungGen: 9555K->1344K(14336K)] 23537K->15334K(40960K), 0.0005584 secs] [Times: user=0.00 sys=0.00, real=0.00 secs] 
15.795: [GC (Allocation Failure) [PSYoungGen: 8499K->288K(14336K)] 22488K->14285K(40960K), 0.0013729 secs] [Times: user=0.00 sys=0.00, real=0.00 secs] 
15.797: [GC (Allocation Failure) [PSYoungGen: 7442K->7139K(14336K)] 21440K->21377K(40960K), 0.0010097 secs] [Times: user=0.00 sys=0.00, real=0.00 secs] 
15.798: [GC (Allocation Failure) [PSYoungGen: 14293K->6371K(14336K)] 28531K->20609K(40960K), 0.0009066 secs] [Times: user=0.00 sys=0.00, real=0.00 secs] 
15.847: [GC (Allocation Failure) [PSYoungGen: 13525K->5282K(14336K)] 27763K->19528K(40960K), 0.0077704 secs] [Times: user=0.00 sys=0.00, real=0.01 secs] 
15.889: [GC (Allocation Failure) [PSYoungGen: 12425K->2753K(14336K)] 26671K->17015K(40960K), 0.0005366 secs] [Times: user=0.00 sys=0.00, real=0.00 secs] 
15.891: [GC (Allocation Failure) [PSYoungGen: 9907K->1632K(14336K)] 24169K->15910K(40960K), 0.0004961 secs] [Times: user=0.00 sys=0.00, real=0.00 secs] 
15.936: [GC (Allocation Failure) [PSYoungGen: 8787K->576K(14336K)] 23065K->14870K(40960K), 0.0005865 secs] [Times: user=0.00 sys=0.00, real=0.00 secs] 
15.937: [GC (Allocation Failure) [PSYoungGen: 7730K->7139K(14336K)] 22024K->21961K(40960K), 0.0010234 secs] [Times: user=0.00 sys=0.00, real=0.00 secs] 
15.998: [GC (Allocation Failure) [PSYoungGen: 14293K->6659K(14336K)] 29116K->21481K(40960K), 0.0010468 secs] [Times: user=0.00 sys=0.00, real=0.00 secs] 
16.000: [GC (Allocation Failure) [PSYoungGen: 13813K->5602K(14336K)] 28635K->20440K(40960K), 0.0009012 secs] [Times: user=0.00 sys=0.00, real=0.00 secs] 
16.045: [GC (Allocation Failure) [PSYoungGen: 12757K->4546K(14336K)] 27595K->19400K(40960K), 0.0008252 secs] [Times: user=0.00 sys=0.00, real=0.00 secs] 
16.092: [GC (Allocation Failure) [PSYoungGen: 11700K->3489K(14336K)] 26554K->18351K(40960K), 0.0017398 secs] [Times: user=0.02 sys=0.00, real=0.00 secs] 
16.095: [GC (Allocation Failure) [PSYoungGen: 10644K->2433K(14336K)] 25506K->17303K(40960K), 0.0008401 secs] [Times: user=0.00 sys=0.00, real=0.00 secs] 
16.096: [GC (Allocation Failure) [PSYoungGen: 9599K->256K(14336K)] 24469K->15142K(40960K), 0.0003823 secs] [Times: user=0.00 sys=0.00, real=0.00 secs] 
16.138: [GC (Allocation Failure) [PSYoungGen: 7405K->6851K(14336K)] 22291K->21761K(40960K), 0.0009889 secs] [Times: user=0.00 sys=0.00, real=0.00 secs] 
16.202: [GC (Allocation Failure) [PSYoungGen: 14005K->5794K(14336K)] 28915K->20713K(40960K), 0.0011421 secs] [Times: user=0.00 sys=0.00, real=0.00 secs] 
16.203: [GC (Allocation Failure) [PSYoungGen: 12949K->4706K(14336K)] 27867K->19640K(40960K), 0.0008728 secs] [Times: user=0.00 sys=0.00, real=0.00 secs] 
16.248: [GC (Allocation Failure) [PSYoungGen: 11860K->3681K(14336K)] 26794K->18631K(40960K), 0.0009802 secs] [Times: user=0.00 sys=0.00, real=0.00 secs] 
16.295: [GC (Allocation Failure) [PSYoungGen: 10836K->2625K(14336K)] 25786K->17583K(40960K), 0.0007070 secs] [Times: user=0.00 sys=0.00, real=0.00 secs] 
16.296: [GC (Allocation Failure) [PSYoungGen: 9779K->1568K(14336K)] 24737K->16534K(40960K), 0.0003856 secs] [Times: user=0.00 sys=0.00, real=0.00 secs] 
16.342: [GC (Allocation Failure) [PSYoungGen: 8723K->512K(14336K)] 23689K->15486K(40960K), 0.0006044 secs] [Times: user=0.00 sys=0.00, real=0.00 secs] 
16.343: [GC (Allocation Failure) [PSYoungGen: 7666K->7139K(14336K)] 22640K->22577K(40960K), 0.0012433 secs] [Times: user=0.00 sys=0.00, real=0.00 secs] 
16.389: [GC (Allocation Failure) [PSYoungGen: 14277K->5538K(14336K)] 29715K->20977K(40960K), 0.0011386 secs] [Times: user=0.00 sys=0.00, real=0.00 secs] 
16.390: [GC (Allocation Failure) [PSYoungGen: 12693K->4482K(14336K)] 28131K->19936K(40960K), 0.0010664 secs] [Times: user=0.00 sys=0.00, real=0.00 secs] 
16.451: [GC (Allocation Failure) [PSYoungGen: 11636K->3425K(14336K)] 27091K->18888K(40960K), 0.0004624 secs] [Times: user=0.00 sys=0.00, real=0.00 secs] 
16.497: [GC (Allocation Failure) [PSYoungGen: 10580K->2369K(14336K)] 26042K->17847K(40960K), 0.0005500 secs] [Times: user=0.00 sys=0.00, real=0.00 secs] 
16.498: [GC (Allocation Failure) [PSYoungGen: 9523K->1312K(14336K)] 25002K->16799K(40960K), 0.0009050 secs] [Times: user=0.00 sys=0.00, real=0.00 secs] 
16.543: [GC (Allocation Failure) [PSYoungGen: 8467K->256K(14336K)] 23953K->15750K(40960K), 0.0005211 secs] [Times: user=0.00 sys=0.00, real=0.00 secs] 
16.544: [GC (Allocation Failure) [PSYoungGen: 7410K->7139K(14336K)] 22905K->22842K(40960K), 0.0014451 secs] [Times: user=0.00 sys=0.00, real=0.00 secs] 
16.590: [GC (Allocation Failure) [PSYoungGen: 14293K->6339K(14336K)] 29996K->22041K(40960K), 0.0011985 secs] [Times: user=0.00 sys=0.00, real=0.00 secs] 
16.592: [GC (Allocation Failure) [PSYoungGen: 13491K->3297K(14336K)] 29193K->19016K(40960K), 0.0004824 secs] [Times: user=0.00 sys=0.00, real=0.00 secs] 
16.636: [GC (Allocation Failure) [PSYoungGen: 10451K->2145K(14336K)] 26170K->17871K(40960K), 0.0008156 secs] [Times: user=0.00 sys=0.00, real=0.00 secs] 
16.698: [GC (Allocation Failure) [PSYoungGen: 9299K->1088K(14336K)] 25025K->16823K(40960K), 0.0006171 secs] [Times: user=0.00 sys=0.00, real=0.00 secs] 
16.699: [GC (Allocation Failure) [PSYoungGen: 8242K->7139K(14336K)] 23977K->23914K(40960K), 0.0010785 secs] [Times: user=0.00 sys=0.00, real=0.00 secs] 
16.700: [GC (Allocation Failure) [PSYoungGen: 14293K->7139K(14336K)] 31068K->23946K(40960K), 0.0010552 secs] [Times: user=0.00 sys=0.00, real=0.00 secs] 
16.743: [GC (Allocation Failure) [PSYoungGen: 14294K->6114K(14336K)] 31101K->22929K(40960K), 0.0007908 secs] [Times: user=0.00 sys=0.00, real=0.00 secs] 
16.792: [GC (Allocation Failure) [PSYoungGen: 13269K->5058K(14336K)] 30084K->21889K(40960K), 0.0009908 secs] [Times: user=0.00 sys=0.00, real=0.00 secs] 
16.793: [GC (Allocation Failure) [PSYoungGen: 12212K->4001K(14336K)] 29043K->20840K(40960K), 0.0008028 secs] [Times: user=0.00 sys=0.00, real=0.00 secs] 
16.838: [GC (Allocation Failure) [PSYoungGen: 11156K->2945K(14336K)] 27995K->19792K(40960K), 0.0005961 secs] [Times: user=0.00 sys=0.00, real=0.00 secs] 
16.900: [GC (Allocation Failure) [PSYoungGen: 10083K->864K(14336K)] 26930K->17719K(40960K), 0.0005018 secs] [Times: user=0.00 sys=0.00, real=0.00 secs] 
16.901: [GC (Allocation Failure) [PSYoungGen: 8018K->7139K(14336K)] 24873K->24778K(40960K), 0.0013668 secs] [Times: user=0.00 sys=0.00, real=0.00 secs] 
16.903: [GC (Allocation Failure) [PSYoungGen: 14293K->6915K(14336K)] 31933K->24554K(40960K), 0.0008664 secs] [Times: user=0.00 sys=0.00, real=0.00 secs] 
16.947: [GC (Allocation Failure) [PSYoungGen: 14069K->5858K(14336K)] 31709K->23514K(40960K), 0.0009466 secs] [Times: user=0.00 sys=0.00, real=0.00 secs] 
16.993: [GC (Allocation Failure) [PSYoungGen: 13013K->4770K(14336K)] 30668K->22441K(40960K), 0.0006486 secs] [Times: user=0.00 sys=0.00, real=0.00 secs] 
16.995: [GC (Allocation Failure) [PSYoungGen: 11924K->3745K(14336K)] 29596K->21433K(40960K), 0.0006428 secs] [Times: user=0.00 sys=0.00, real=0.00 secs] 
17.040: [GC (Allocation Failure) [PSYoungGen: 10900K->2689K(14336K)] 28587K->20392K(40960K), 0.0006204 secs] [Times: user=0.00 sys=0.00, real=0.00 secs] 
17.086: [GC (Allocation Failure) [PSYoungGen: 9843K->1632K(14336K)] 27547K->19352K(40960K), 0.0005989 secs] [Times: user=0.00 sys=0.00, real=0.00 secs] 
17.087: [GC (Allocation Failure) [PSYoungGen: 8787K->576K(14336K)] 26506K->18303K(40960K), 0.0004538 secs] [Times: user=0.00 sys=0.00, real=0.00 secs] 
17.088: [GC (Allocation Failure) [PSYoungGen: 7730K->7139K(14336K)] 25458K->25395K(40960K), 0.0014225 secs] [Times: user=0.00 sys=0.00, real=0.00 secs] 
17.149: [GC (Allocation Failure) [PSYoungGen: 14286K->4962K(14336K)] 32542K->23218K(40960K), 0.0008393 secs] [Times: user=0.00 sys=0.00, real=0.00 secs] 
17.195: [GC (Allocation Failure) [PSYoungGen: 12116K->3905K(14336K)] 30372K->22177K(40960K), 0.0008123 secs] [Times: user=0.00 sys=0.00, real=0.00 secs] 
17.197: [GC (Allocation Failure) [PSYoungGen: 11060K->2849K(14336K)] 29331K->21137K(40960K), 0.0008221 secs] [Times: user=0.00 sys=0.00, real=0.00 secs] 
17.242: [GC (Allocation Failure) [PSYoungGen: 10003K->1792K(14336K)] 28291K->20088K(40960K), 0.0008464 secs] [Times: user=0.00 sys=0.00, real=0.00 secs] 
17.289: [GC (Allocation Failure) [PSYoungGen: 8947K->736K(14336K)] 27242K->19039K(40960K), 0.0004016 secs] [Times: user=0.00 sys=0.00, real=0.00 secs] 
17.289: [GC (Allocation Failure) [PSYoungGen: 7890K->7139K(14336K)] 26194K->26131K(40960K), 0.0012077 secs] [Times: user=0.00 sys=0.00, real=0.00 secs] 
17.291: [GC (Allocation Failure) [PSYoungGen: 14293K->6819K(14336K)] 33285K->25811K(40960K), 0.0012912 secs] [Times: user=0.00 sys=0.00, real=0.00 secs] 
17.351: [GC (Allocation Failure) [PSYoungGen: 13973K->5762K(14336K)] 32965K->24770K(40960K), 0.0007664 secs] [Times: user=0.00 sys=0.00, real=0.00 secs] 
17.397: [GC (Allocation Failure) [PSYoungGen: 12905K->3137K(14336K)] 31913K->22153K(40960K), 0.0007469 secs] [Times: user=0.00 sys=0.00, real=0.00 secs] 
17.399: [GC (Allocation Failure) [PSYoungGen: 10291K->2080K(14336K)] 29307K->21112K(40960K), 0.0006286 secs] [Times: user=0.00 sys=0.00, real=0.00 secs] 
17.443: [GC (Allocation Failure) [PSYoungGen: 9235K->1024K(14336K)] 28267K->20064K(40960K), 0.0008253 secs] [Times: user=0.00 sys=0.00, real=0.00 secs] 
17.444: [GC (Allocation Failure) [PSYoungGen: 8178K->7139K(14336K)] 27218K->27155K(40960K), 0.0012940 secs] [Times: user=0.00 sys=0.00, real=0.00 secs] 
17.491: [GC (Allocation Failure) [PSYoungGen: 14293K->7107K(14336K)] 34310K->27123K(40960K), 0.0013176 secs] [Times: user=0.03 sys=0.00, real=0.00 secs] 
17.493: [GC (Allocation Failure) [PSYoungGen: 14261K->6050K(14336K)] 34278K->26075K(40960K), 0.0011720 secs] [Times: user=0.00 sys=0.00, real=0.00 secs] 
17.537: [GC (Allocation Failure) [PSYoungGen: 13205K->4994K(14336K)] 33229K->25034K(40960K), 0.0014560 secs] [Times: user=0.05 sys=0.00, real=0.00 secs] 
17.598: [GC (Allocation Failure) [PSYoungGen: 12148K->3937K(14336K)] 32189K->23994K(40960K), 0.0012728 secs] [Times: user=0.00 sys=0.00, real=0.00 secs] 
17.600: [GC (Allocation Failure) [PSYoungGen: 11093K->2369K(14336K)] 31150K->22433K(40960K), 0.0007390 secs] [Times: user=0.00 sys=0.00, real=0.00 secs] 
17.645: [GC (Allocation Failure) [PSYoungGen: 9537K->320K(14336K)] 29601K->20400K(40960K), 0.0009280 secs] [Times: user=0.00 sys=0.00, real=0.00 secs] 
17.646: [GC (Allocation Failure) [PSYoungGen: 7474K->7139K(14336K)] 27555K->27460K(40960K), 0.0011396 secs] [Times: user=0.02 sys=0.00, real=0.00 secs] 
17.693: [GC (Allocation Failure) [PSYoungGen: 14293K->6371K(14336K)] 34613K->26691K(40960K), 0.0011511 secs] [Times: user=0.08 sys=0.00, real=0.00 secs] 
17.695: [GC (Allocation Failure) [PSYoungGen: 13525K->5314K(14336K)] 33845K->25651K(40960K), 0.0008931 secs] [Times: user=0.00 sys=0.00, real=0.00 secs] 
17.740: [GC (Allocation Failure) [PSYoungGen: 12468K->4258K(14336K)] 32805K->24610K(40960K), 0.0010996 secs] [Times: user=0.00 sys=0.00, real=0.00 secs] 
17.787: [GC (Allocation Failure) [PSYoungGen: 11412K->3201K(14336K)] 31764K->23570K(40960K), 0.0005671 secs] [Times: user=0.00 sys=0.00, real=0.00 secs] 
17.788: [GC (Allocation Failure) [PSYoungGen: 10355K->2145K(14336K)] 30724K->22521K(40960K), 0.0009171 secs] [Times: user=0.00 sys=0.00, real=0.00 secs] 
17.850: [GC (Allocation Failure) [PSYoungGen: 9299K->64K(14336K)] 29676K->20456K(40960K), 0.0006827 secs] [Times: user=0.00 sys=0.00, real=0.00 secs] 
17.851: [GC (Allocation Failure) [PSYoungGen: 7218K->7139K(14336K)] 27611K->27548K(40960K), 0.0011733 secs] [Times: user=0.00 sys=0.00, real=0.00 secs] 
17.898: [GC (Allocation Failure) [PSYoungGen: 14293K->6146K(14336K)] 34702K->26555K(40960K), 0.0010628 secs] [Times: user=0.00 sys=0.00, real=0.00 secs] 
17.899: [GC (Allocation Failure) [PSYoungGen: 13301K->5090K(14336K)] 33709K->25507K(40960K), 0.0008927 secs] [Times: user=0.00 sys=0.00, real=0.00 secs] 
17.943: [GC (Allocation Failure) [PSYoungGen: 12244K->4033K(14336K)] 32661K->24466K(40960K), 0.0005679 secs] [Times: user=0.00 sys=0.00, real=0.00 secs] 
17.991: [GC (Allocation Failure) [PSYoungGen: 11188K->2977K(14336K)] 31620K->23417K(40960K), 0.0008165 secs] [Times: user=0.00 sys=0.00, real=0.00 secs] 
17.992: [GC (Allocation Failure) [PSYoungGen: 10131K->1920K(14336K)] 30572K->22369K(40960K), 0.0008213 secs] [Times: user=0.00 sys=0.00, real=0.00 secs] 
18.037: [GC (Allocation Failure) [PSYoungGen: 9075K->864K(14336K)] 29523K->21328K(40960K), 0.0005134 secs] [Times: user=0.00 sys=0.00, real=0.00 secs] 
18.038: [GC (Allocation Failure) [PSYoungGen: 8018K->7139K(14336K)] 28483K->28420K(40960K), 0.0010524 secs] [Times: user=0.00 sys=0.00, real=0.00 secs] 
18.101: [GC (Allocation Failure) [PSYoungGen: 14293K->6947K(14336K)] 35574K->28228K(40960K), 0.0009085 secs] [Times: user=0.00 sys=0.00, real=0.00 secs] 
18.103: [GC (Allocation Failure) [PSYoungGen: 14101K->5890K(14336K)] 35382K->27179K(40960K), 0.0010057 secs] [Times: user=0.00 sys=0.00, real=0.00 secs] 
18.147: [GC (Allocation Failure) [PSYoungGen: 13043K->2657K(14336K)] 34332K->23962K(40960K), 0.0006303 secs] [Times: user=0.00 sys=0.00, real=0.00 secs] 
18.194: [GC (Allocation Failure) [PSYoungGen: 9811K->1568K(14336K)] 31116K->22889K(40960K), 0.0007929 secs] [Times: user=0.00 sys=0.00, real=0.00 secs] 
18.196: [GC (Allocation Failure) [PSYoungGen: 8723K->512K(14336K)] 30044K->21841K(40960K), 0.0009881 secs] [Times: user=0.00 sys=0.00, real=0.00 secs] 
18.197: [GC (Allocation Failure) [PSYoungGen: 7666K->7139K(14336K)] 28995K->28932K(40960K), 0.0012736 secs] [Times: user=0.00 sys=0.00, real=0.00 secs] 
18.242: [GC (Allocation Failure) [PSYoungGen: 14293K->6595K(14336K)] 36087K->28388K(40960K), 0.0010237 secs] [Times: user=0.00 sys=0.00, real=0.00 secs] 
18.288: [GC (Allocation Failure) [PSYoungGen: 13749K->5538K(14336K)] 35542K->27339K(40960K), 0.0012287 secs] [Times: user=0.00 sys=0.00, real=0.00 secs] 
18.290: [GC (Allocation Failure) [PSYoungGen: 12693K->4482K(14336K)] 34494K->26291K(40960K), 0.0012196 secs] [Times: user=0.00 sys=0.00, real=0.00 secs] 
18.336: [GC (Allocation Failure) [PSYoungGen: 11636K->3425K(14336K)] 33445K->25242K(40960K), 0.0008598 secs] [Times: user=0.00 sys=0.00, real=0.00 secs] 
18.397: [GC (Allocation Failure) [PSYoungGen: 10563K->1344K(14336K)] 32380K->23177K(40960K), 0.0005654 secs] [Times: user=0.00 sys=0.00, real=0.00 secs] 
18.398: [GC (Allocation Failure) [PSYoungGen: 8499K->256K(14336K)] 30332K->22105K(40960K), 0.0007650 secs] [Times: user=0.00 sys=0.00, real=0.00 secs] 
18.400: [GC (Allocation Failure) [PSYoungGen: 7410K->7139K(14336K)] 29259K->29196K(40960K), 0.0013148 secs] [Times: user=0.00 sys=0.00, real=0.00 secs] 
18.445: [GC (Allocation Failure) [PSYoungGen: 14293K->6339K(14336K)] 36351K->28396K(40960K), 0.0012322 secs] [Times: user=0.00 sys=0.00, real=0.00 secs] 
18.493: [GC (Allocation Failure) [PSYoungGen: 13493K->5282K(14336K)] 35550K->27355K(40960K), 0.0009440 secs] [Times: user=0.00 sys=0.00, real=0.00 secs] 
18.494: [GC (Allocation Failure) [PSYoungGen: 12437K->4226K(14336K)] 34510K->26315K(40960K), 0.0011989 secs] [Times: user=0.00 sys=0.00, real=0.00 secs] 
18.539: [GC (Allocation Failure) [PSYoungGen: 11380K->3169K(14336K)] 33469K->25266K(40960K), 0.0011369 secs] [Times: user=0.00 sys=0.00, real=0.00 secs] 
18.601: [GC (Allocation Failure) [PSYoungGen: 10324K->2113K(14336K)] 32421K->24226K(40960K), 0.0009742 secs] [Times: user=0.00 sys=0.00, real=0.00 secs] 
18.602: [GC (Allocation Failure) [PSYoungGen: 9275K->1344K(14336K)] 31389K->23465K(40960K), 0.0004240 secs] [Times: user=0.00 sys=0.00, real=0.00 secs] 
18.603: [GC (Allocation Failure) [PSYoungGen: 8500K->6691K(14336K)] 30621K->28820K(40960K), 0.0009318 secs] [Times: user=0.00 sys=0.00, real=0.00 secs] 
18.648: [GC (Allocation Failure) [PSYoungGen: 13845K->5602K(14336K)] 35974K->27747K(40960K), 0.0009273 secs] [Times: user=0.00 sys=0.00, real=0.00 secs] 
18.694: [GC (Allocation Failure) [PSYoungGen: 12757K->4546K(14336K)] 34902K->26699K(40960K), 0.0006694 secs] [Times: user=0.00 sys=0.00, real=0.00 secs] 
18.695: [GC (Allocation Failure) [PSYoungGen: 11700K->3489K(14336K)] 33853K->25650K(40960K), 0.0006723 secs] [Times: user=0.00 sys=0.00, real=0.00 secs] 
18.741: [GC (Allocation Failure) [PSYoungGen: 10644K->2433K(14336K)] 32805K->24610K(40960K), 0.0005962 secs] [Times: user=0.00 sys=0.00, real=0.00 secs] 
18.789: [GC (Allocation Failure) [PSYoungGen: 9587K->1376K(14336K)] 31764K->23561K(40960K), 0.0007106 secs] [Times: user=0.00 sys=0.00, real=0.00 secs] 
18.790: [GC (Allocation Failure) [PSYoungGen: 8531K->320K(14336K)] 30716K->22513K(40960K), 0.0004893 secs] [Times: user=0.00 sys=0.00, real=0.00 secs] 
18.791: [GC (Allocation Failure) [PSYoungGen: 7474K->7139K(14336K)] 29667K->29604K(40960K), 0.0012736 secs] [Times: user=0.00 sys=0.00, real=0.00 secs] 
18.851: [GC (Allocation Failure) [PSYoungGen: 14293K->6403K(14336K)] 36759K->28868K(40960K), 0.0010245 secs] [Times: user=0.00 sys=0.00, real=0.00 secs] 
18.899: [GC (Allocation Failure) [PSYoungGen: 13543K->3905K(14336K)] 36008K->26387K(40960K), 0.0008526 secs] [Times: user=0.00 sys=0.00, real=0.00 secs] 
18.900: [GC (Allocation Failure) [PSYoungGen: 11060K->2721K(14336K)] 33541K->25218K(40960K), 0.0006600 secs] [Times: user=0.00 sys=0.00, real=0.00 secs] 
18.945: [GC (Allocation Failure) [PSYoungGen: 9875K->1664K(14336K)] 32373K->24170K(40960K), 0.0006807 secs] [Times: user=0.00 sys=0.00, real=0.00 secs] 
18.991: [GC (Allocation Failure) [PSYoungGen: 8819K->608K(14336K)] 31324K->23121K(40960K), 0.0009343 secs] [Times: user=0.00 sys=0.00, real=0.00 secs] 
18.993: [GC (Allocation Failure) [PSYoungGen: 7762K->7139K(14336K)] 30276K->30213K(40960K), 0.0012445 secs] [Times: user=0.00 sys=0.00, real=0.00 secs] 
18.994: [GC (Allocation Failure) [PSYoungGen: 14293K->6691K(14336K)] 37367K->29764K(40960K), 0.0010909 secs] [Times: user=0.00 sys=0.00, real=0.00 secs] 
19.039: [GC (Allocation Failure) [PSYoungGen: 13845K->5634K(14336K)] 36919K->28716K(40960K), 0.0007618 secs] [Times: user=0.00 sys=0.00, real=0.00 secs] 
19.086: [GC (Allocation Failure) [PSYoungGen: 12789K->4578K(14336K)] 35870K->27675K(40960K), 0.0007212 secs] [Times: user=0.00 sys=0.00, real=0.00 secs] 
19.088: [GC (Allocation Failure) [PSYoungGen: 11732K->3521K(14336K)] 34830K->26627K(40960K), 0.0011855 secs] [Times: user=0.00 sys=0.00, real=0.00 secs] 
19.149: [GC (Allocation Failure) [PSYoungGen: 10665K->800K(14336K)] 33771K->23914K(40960K), 0.0005025 secs] [Times: user=0.00 sys=0.00, real=0.00 secs] 
19.150: [GC (Allocation Failure) [PSYoungGen: 7954K->7139K(14336K)] 31068K->30981K(40960K), 0.0014123 secs] [Times: user=0.00 sys=0.00, real=0.00 secs] 
19.198: [GC (Allocation Failure) [PSYoungGen: 14293K->6851K(14336K)] 38135K->30693K(40960K), 0.0012339 secs] [Times: user=0.00 sys=0.00, real=0.00 secs] 
19.200: [GC (Allocation Failure) [PSYoungGen: 14005K->5794K(14336K)] 37847K->29644K(40960K), 0.0009729 secs] [Times: user=0.00 sys=0.00, real=0.00 secs] 
19.246: [GC (Allocation Failure) [PSYoungGen: 12949K->4738K(14336K)] 36799K->28596K(40960K), 0.0007227 secs] [Times: user=0.00 sys=0.00, real=0.00 secs] 
19.292: [GC (Allocation Failure) [PSYoungGen: 11892K->3681K(14336K)] 35750K->27555K(40960K), 0.0010472 secs] [Times: user=0.00 sys=0.00, real=0.00 secs] 
19.294: [GC (Allocation Failure) [PSYoungGen: 10836K->2625K(14336K)] 34710K->26507K(40960K), 0.0008166 secs] [Times: user=0.00 sys=0.00, real=0.00 secs] 
19.338: [GC (Allocation Failure) [PSYoungGen: 9779K->1568K(14336K)] 33661K->25466K(40960K), 0.0007177 secs] [Times: user=0.00 sys=0.00, real=0.00 secs] 
19.339: [GC (Allocation Failure) [PSYoungGen: 8730K->672K(14336K)] 32628K->24586K(40960K), 0.0007599 secs] [Times: user=0.00 sys=0.00, real=0.00 secs] 
19.399: [GC (Allocation Failure) [PSYoungGen: 7826K->6627K(14336K)] 31740K->30549K(40960K), 0.0012223 secs] [Times: user=0.00 sys=0.00, real=0.00 secs] 
19.401: [GC (Allocation Failure) [PSYoungGen: 13781K->5570K(14336K)] 37703K->29500K(40960K), 0.0011398 secs] [Times: user=0.00 sys=0.00, real=0.00 secs] 
19.446: [GC (Allocation Failure) [PSYoungGen: 12725K->4514K(14336K)] 36655K->28452K(40960K), 0.0007358 secs] [Times: user=0.00 sys=0.00, real=0.00 secs] 
19.493: [GC (Allocation Failure) [PSYoungGen: 11668K->3457K(14336K)] 35606K->27411K(40960K), 0.0005840 secs] [Times: user=0.00 sys=0.00, real=0.00 secs] 
19.494: [GC (Allocation Failure) [PSYoungGen: 10612K->2401K(14336K)] 34566K->26363K(40960K), 0.0007494 secs] [Times: user=0.00 sys=0.00, real=0.00 secs] 
19.539: [GC (Allocation Failure) [PSYoungGen: 9555K->1344K(14336K)] 33517K->25314K(40960K), 0.0008585 secs] [Times: user=0.00 sys=0.00, real=0.00 secs] 
19.601: [GC (Allocation Failure) [PSYoungGen: 8499K->288K(14336K)] 32469K->24266K(40960K), 0.0005480 secs] [Times: user=0.00 sys=0.00, real=0.00 secs] 
19.602: [GC (Allocation Failure) [PSYoungGen: 7442K->7139K(14336K)] 31420K->31357K(40960K), 0.0014515 secs] [Times: user=0.00 sys=0.00, real=0.00 secs] 
19.604: [GC (Allocation Failure) [PSYoungGen: 14286K->4834K(14336K)] 38504K->29052K(40960K), 0.0008268 secs] [Times: user=0.00 sys=0.00, real=0.00 secs] 
19.647: [GC (Allocation Failure) [PSYoungGen: 11996K->3265K(14336K)] 36214K->27499K(40960K), 0.0007213 secs] [Times: user=0.00 sys=0.00, real=0.00 secs] 
19.694: [GC (Allocation Failure) [PSYoungGen: 10420K->2177K(14336K)] 34654K->26419K(40960K), 0.0007420 secs] [Times: user=0.00 sys=0.00, real=0.00 secs] 
19.696: [GC (Allocation Failure) [PSYoungGen: 9331K->1120K(14336K)] 33573K->25370K(40960K), 0.0004592 secs] [Times: user=0.00 sys=0.00, real=0.00 secs] 
19.741: [GC (Allocation Failure) [PSYoungGen: 8274K->64K(14336K)] 32525K->24330K(40960K), 0.0005115 secs] [Times: user=0.00 sys=0.00, real=0.00 secs] 
19.742: [GC (Allocation Failure) [PSYoungGen: 7218K->7139K(14336K)] 31484K->31421K(40960K), 0.0009858 secs] [Times: user=0.00 sys=0.00, real=0.00 secs] 
19.788: [GC (Allocation Failure) [PSYoungGen: 14293K->6146K(14336K)] 38576K->30429K(40960K), 0.0010740 secs] [Times: user=0.00 sys=0.00, real=0.00 secs] 
19.790: [GC (Allocation Failure) [PSYoungGen: 13301K->5090K(14336K)] 37583K->29380K(40960K), 0.0010516 secs] [Times: user=0.00 sys=0.00, real=0.00 secs] 
19.851: [GC (Allocation Failure) [PSYoungGen: 12228K->3009K(14336K)] 36518K->27307K(40960K), 0.0005017 secs] [Times: user=0.00 sys=0.00, real=0.00 secs] 
19.897: [GC (Allocation Failure) [PSYoungGen: 10163K->1920K(14336K)] 34461K->26235K(40960K), 0.0006603 secs] [Times: user=0.00 sys=0.00, real=0.00 secs] 
19.898: [GC (Allocation Failure) [PSYoungGen: 9075K->864K(14336K)] 33389K->25194K(40960K), 0.0003574 secs] [Times: user=0.00 sys=0.00, real=0.00 secs] 
19.899: [GC (Allocation Failure) [PSYoungGen: 8018K->7139K(14336K)] 32348K->32285K(40960K), 0.0011456 secs] [Times: user=0.00 sys=0.00, real=0.00 secs] 
19.944: [GC (Allocation Failure) [PSYoungGen: 14293K->6947K(14336K)] 39440K->32093K(40960K), 0.0013306 secs] [Times: user=0.00 sys=0.00, real=0.00 secs] 
19.991: [GC (Allocation Failure) [PSYoungGen: 14101K->5890K(14336K)] 39248K->31053K(40960K), 0.0007225 secs] [Times: user=0.00 sys=0.00, real=0.00 secs] 
19.993: [GC (Allocation Failure) [PSYoungGen: 13045K->4834K(14336K)] 38207K->30004K(40960K), 0.0006298 secs] [Times: user=0.00 sys=0.00, real=0.00 secs] 
20.038: [GC (Allocation Failure) [PSYoungGen: 11988K->3777K(14336K)] 37159K->28964K(40960K), 0.0007071 secs] [Times: user=0.00 sys=0.00, real=0.00 secs] 
20.100: [GC (Allocation Failure) [PSYoungGen: 10932K->2721K(14336K)] 36118K->27923K(40960K), 0.0005183 secs] [Times: user=0.00 sys=0.00, real=0.00 secs] 
20.101: [GC (Allocation Failure) [PSYoungGen: 9875K->1664K(14336K)] 35078K->26875K(40960K), 0.0003692 secs] [Times: user=0.00 sys=0.00, real=0.00 secs] 
20.101: [GC (Allocation Failure) [PSYoungGen: 8832K->128K(14336K)] 34043K->25354K(40960K), 0.0004354 secs] [Times: user=0.00 sys=0.00, real=0.00 secs] 
20.148: [GC (Allocation Failure) [PSYoungGen: 7277K->6114K(14336K)] 32503K->31357K(40960K), 0.0008010 secs] [Times: user=0.00 sys=0.00, real=0.00 secs] 
20.194: [GC (Allocation Failure) [PSYoungGen: 13268K->5026K(14336K)] 38510K->30284K(40960K), 0.0007209 secs] [Times: user=0.00 sys=0.00, real=0.00 secs] 
20.195: [GC (Allocation Failure) [PSYoungGen: 12180K->3969K(14336K)] 37438K->29236K(40960K), 0.0005882 secs] [Times: user=0.00 sys=0.00, real=0.00 secs] 
20.240: [GC (Allocation Failure) [PSYoungGen: 11123K->2881K(14336K)] 36390K->28163K(40960K), 0.0005656 secs] [Times: user=0.00 sys=0.00, real=0.00 secs] 
20.286: [GC (Allocation Failure) [PSYoungGen: 10035K->1856K(14336K)] 35318K->27155K(40960K), 0.0005360 secs] [Times: user=0.00 sys=0.00, real=0.00 secs] 
20.287: [GC (Allocation Failure) [PSYoungGen: 9011K->800K(14336K)] 34309K->26114K(40960K), 0.0004206 secs] [Times: user=0.00 sys=0.00, real=0.00 secs] 
20.288: [GC (Allocation Failure) [PSYoungGen: 7954K->7139K(14336K)] 33269K->33198K(40960K), 0.0009669 secs] [Times: user=0.00 sys=0.00, real=0.00 secs] 
20.348: [GC (Allocation Failure) [PSYoungGen: 14293K->6883K(14336K)] 40352K->32942K(40960K), 0.0008631 secs] [Times: user=0.00 sys=0.00, real=0.00 secs] 
20.394: [GC (Allocation Failure) [PSYoungGen: 14026K->4322K(14336K)] 40084K->30396K(40960K), 0.0010443 secs] [Times: user=0.00 sys=0.00, real=0.00 secs] 
20.395: [GC (Allocation Failure) [PSYoungGen: 11476K->3201K(14336K)] 37551K->29292K(40960K), 0.0007558 secs] [Times: user=0.00 sys=0.00, real=0.00 secs] 
20.440: [GC (Allocation Failure) [PSYoungGen: 10355K->2145K(14336K)] 36446K->28251K(40960K), 0.0007281 secs] [Times: user=0.00 sys=0.00, real=0.00 secs] 
20.487: [GC (Allocation Failure) [PSYoungGen: 9299K->1088K(14336K)] 35406K->27211K(40960K), 0.0008131 secs] [Times: user=0.00 sys=0.00, real=0.00 secs] 
20.488: [GC (Allocation Failure) [PSYoungGen: 8242K->7139K(14336K)] 34365K->34302K(41984K), 0.0014126 secs] [Times: user=0.00 sys=0.00, real=0.00 secs] 
20.490: [Full GC (Ergonomics) [PSYoungGen: 7139K->0K(14336K)] [ParOldGen: 27163K->8606K(27648K)] 34302K->8606K(41984K), [Metaspace: 2892K->2892K(1056768K)], 0.0032593 secs] [Times: user=0.00 sys=0.00, real=0.00 secs] 
20.494: [GC (Allocation Failure) [PSYoungGen: 7154K->7139K(14336K)] 15761K->15778K(41984K), 0.0010472 secs] [Times: user=0.00 sys=0.00, real=0.00 secs] 
20.550: [GC (Allocation Failure) [PSYoungGen: 14293K->6114K(14336K)] 22932K->14761K(41984K), 0.0008366 secs] [Times: user=0.00 sys=0.00, real=0.00 secs] 
20.597: [GC (Allocation Failure) [PSYoungGen: 13268K->5058K(14336K)] 21915K->13713K(41984K), 0.0008405 secs] [Times: user=0.00 sys=0.00, real=0.00 secs] 
20.598: [GC (Allocation Failure) [PSYoungGen: 12212K->4001K(14336K)] 20867K->12664K(41984K), 0.0006694 secs] [Times: user=0.00 sys=0.00, real=0.00 secs] 
20.644: [GC (Allocation Failure) [PSYoungGen: 11142K->1376K(14336K)] 19805K->10047K(41984K), 0.0010199 secs] [Times: user=0.00 sys=0.00, real=0.00 secs] 
20.690: [GC (Allocation Failure) [PSYoungGen: 8530K->320K(14336K)] 17201K->8999K(41984K), 0.0004159 secs] [Times: user=0.00 sys=0.00, real=0.00 secs] 
20.691: [GC (Allocation Failure) [PSYoungGen: 7474K->7139K(14336K)] 16153K->16090K(41984K), 0.0010869 secs] [Times: user=0.00 sys=0.00, real=0.00 secs] 
20.693: [GC (Allocation Failure) [PSYoungGen: 14293K->6403K(14336K)] 23244K->15354K(41984K), 0.0008793 secs] [Times: user=0.00 sys=0.00, real=0.00 secs] 
20.738: [GC (Allocation Failure) [PSYoungGen: 13557K->5346K(14336K)] 22508K->14313K(41984K), 0.0008439 secs] [Times: user=0.00 sys=0.00, real=0.00 secs] 
20.800: [GC (Allocation Failure) [PSYoungGen: 12501K->4290K(14336K)] 21468K->13265K(41984K), 0.0006248 secs] [Times: user=0.00 sys=0.00, real=0.00 secs] 
20.802: [GC (Allocation Failure) [PSYoungGen: 11444K->3233K(14336K)] 20419K->12216K(41984K), 0.0006993 secs] [Times: user=0.00 sys=0.00, real=0.00 secs] 
20.847: [GC (Allocation Failure) [PSYoungGen: 10388K->2177K(14336K)] 19371K->11168K(41984K), 0.0008014 secs] [Times: user=0.00 sys=0.00, real=0.00 secs] 
20.894: [GC (Allocation Failure) [PSYoungGen: 9331K->96K(14336K)] 18322K->9103K(41984K), 0.0004983 secs] [Times: user=0.00 sys=0.00, real=0.00 secs] 
20.895: [GC (Allocation Failure) [PSYoungGen: 7250K->7139K(14336K)] 16257K->16194K(41984K), 0.0008375 secs] [Times: user=0.00 sys=0.00, real=0.00 secs] 
20.896: [GC (Allocation Failure) [PSYoungGen: 14293K->6178K(14336K)] 23349K->15234K(41984K), 0.0007883 secs] [Times: user=0.02 sys=0.00, real=0.00 secs] 
20.941: [GC (Allocation Failure) [PSYoungGen: 13333K->5122K(14336K)] 22388K->14185K(41984K), 0.0008653 secs] [Times: user=0.00 sys=0.00, real=0.00 secs] 
20.988: [GC (Allocation Failure) [PSYoungGen: 12276K->4065K(14336K)] 21340K->13145K(41984K), 0.0009486 secs] [Times: user=0.00 sys=0.00, real=0.00 secs] 
20.990: [GC (Allocation Failure) [PSYoungGen: 11220K->3009K(14336K)] 20299K->12096K(41984K), 0.0008576 secs] [Times: user=0.05 sys=0.00, real=0.00 secs] 
21.051: [GC (Allocation Failure) [PSYoungGen: 10163K->1952K(14336K)] 19251K->11048K(41984K), 0.0005749 secs] [Times: user=0.00 sys=0.00, real=0.00 secs] 
21.098: [GC (Allocation Failure) [PSYoungGen: 9107K->896K(14336K)] 18202K->9999K(41984K), 0.0005292 secs] [Times: user=0.00 sys=0.00, real=0.00 secs] 
21.099: [GC (Allocation Failure) [PSYoungGen: 8050K->7139K(14336K)] 17154K->17091K(41984K), 0.0010642 secs] [Times: user=0.00 sys=0.00, real=0.00 secs] 
21.100: [GC (Allocation Failure) [PSYoungGen: 14293K->6979K(14336K)] 24245K->16930K(41984K), 0.0009233 secs] [Times: user=0.00 sys=0.00, real=0.00 secs] 
21.145: [GC (Allocation Failure) [PSYoungGen: 14132K->3745K(14336K)] 24084K->13713K(41984K), 0.0007826 secs] [Times: user=0.00 sys=0.00, real=0.00 secs] 
21.192: [GC (Allocation Failure) [PSYoungGen: 10900K->2657K(14336K)] 20867K->12648K(41984K), 0.0008863 secs] [Times: user=0.00 sys=0.00, real=0.00 secs] 
21.193: [GC (Allocation Failure) [PSYoungGen: 9811K->1600K(14336K)] 19803K->11600K(41984K), 0.0005237 secs] [Times: user=0.00 sys=0.00, real=0.00 secs] 
21.239: [GC (Allocation Failure) [PSYoungGen: 8755K->544K(14336K)] 18754K->10551K(41984K), 0.0005490 secs] [Times: user=0.00 sys=0.00, real=0.00 secs] 
21.240: [GC (Allocation Failure) [PSYoungGen: 7698K->7139K(14336K)] 17706K->17643K(41984K), 0.0010096 secs] [Times: user=0.00 sys=0.00, real=0.00 secs] 
21.287: [GC (Allocation Failure) [PSYoungGen: 14293K->6627K(14336K)] 24797K->17130K(41984K), 0.0012070 secs] [Times: user=0.00 sys=0.00, real=0.00 secs] 
21.289: [GC (Allocation Failure) [PSYoungGen: 13781K->5570K(14336K)] 24285K->16082K(41984K), 0.0010297 secs] [Times: user=0.00 sys=0.00, real=0.00 secs] 
21.348: [GC (Allocation Failure) [PSYoungGen: 12725K->4514K(14336K)] 23236K->15033K(41984K), 0.0005496 secs] [Times: user=0.00 sys=0.00, real=0.00 secs] 
21.395: [GC (Allocation Failure) [PSYoungGen: 11651K->2401K(14336K)] 22171K->12928K(41984K), 0.0005941 secs] [Times: user=0.00 sys=0.00, real=0.00 secs] 
21.396: [GC (Allocation Failure) [PSYoungGen: 9555K->1344K(14336K)] 20083K->11880K(41984K), 0.0004376 secs] [Times: user=0.00 sys=0.00, real=0.00 secs] 
21.441: [GC (Allocation Failure) [PSYoungGen: 8499K->288K(14336K)] 19034K->10839K(41984K), 0.0006195 secs] [Times: user=0.00 sys=0.00, real=0.00 secs] 
21.442: [GC (Allocation Failure) [PSYoungGen: 7442K->7139K(14336K)] 17994K->17923K(41984K), 0.0013325 secs] [Times: user=0.00 sys=0.00, real=0.00 secs] 
21.488: [GC (Allocation Failure) [PSYoungGen: 14293K->6371K(14336K)] 25077K->17154K(41984K), 0.0009731 secs] [Times: user=0.00 sys=0.00, real=0.00 secs] 
21.489: [GC (Allocation Failure) [PSYoungGen: 13525K->5314K(14336K)] 24309K->16106K(41984K), 0.0009443 secs] [Times: user=0.03 sys=0.00, real=0.00 secs] 
21.550: [GC (Allocation Failure) [PSYoungGen: 12469K->4258K(14336K)] 23260K->15065K(41984K), 0.0006797 secs] [Times: user=0.00 sys=0.00, real=0.00 secs] 
21.598: [GC (Allocation Failure) [PSYoungGen: 11412K->3201K(14336K)] 22220K->14017K(41984K), 0.0006528 secs] [Times: user=0.00 sys=0.00, real=0.00 secs] 
21.599: [GC (Allocation Failure) [PSYoungGen: 10356K->2145K(14336K)] 21171K->12968K(41984K), 0.0005559 secs] [Times: user=0.00 sys=0.00, real=0.00 secs] 
21.600: [GC (Allocation Failure) [PSYoungGen: 9313K->32K(14336K)] 20136K->10863K(41984K), 0.0004601 secs] [Times: user=0.00 sys=0.00, real=0.00 secs] 
21.643: [GC (Allocation Failure) [PSYoungGen: 7184K->6691K(14336K)] 18016K->17531K(41984K), 0.0008231 secs] [Times: user=0.00 sys=0.00, real=0.00 secs] 
21.690: [GC (Allocation Failure) [PSYoungGen: 13844K->5634K(14336K)] 24684K->16482K(41984K), 0.0012485 secs] [Times: user=0.00 sys=0.00, real=0.00 secs] 
21.692: [GC (Allocation Failure) [PSYoungGen: 12788K->4578K(14336K)] 23636K->15434K(41984K), 0.0009100 secs] [Times: user=0.00 sys=0.00, real=0.00 secs] 
21.738: [GC (Allocation Failure) [PSYoungGen: 11732K->3521K(14336K)] 22588K->14385K(41984K), 0.0007923 secs] [Times: user=0.00 sys=0.00, real=0.00 secs] 
21.801: [GC (Allocation Failure) [PSYoungGen: 10675K->2465K(14336K)] 21539K->13337K(41984K), 0.0007491 secs] [Times: user=0.00 sys=0.00, real=0.00 secs] 
21.802: [GC (Allocation Failure) [PSYoungGen: 9619K->1408K(14336K)] 20491K->12288K(41984K), 0.0005355 secs] [Times: user=0.00 sys=0.00, real=0.00 secs] 
21.847: [GC (Allocation Failure) [PSYoungGen: 8563K->352K(14336K)] 19442K->11240K(41984K), 0.0004040 secs] [Times: user=0.00 sys=0.00, real=0.00 secs] 
21.848: [GC (Allocation Failure) [PSYoungGen: 7506K->7139K(14336K)] 18394K->18331K(41984K), 0.0008737 secs] [Times: user=0.00 sys=0.00, real=0.00 secs] 
21.894: [GC (Allocation Failure) [PSYoungGen: 14295K->4866K(14336K)] 25487K->16058K(41984K), 0.0009096 secs] [Times: user=0.00 sys=0.00, real=0.00 secs] 
21.896: [GC (Allocation Failure) [PSYoungGen: 12020K->3809K(14336K)] 23212K->15009K(41984K), 0.0005779 secs] [Times: user=0.02 sys=0.00, real=0.00 secs] 
21.941: [GC (Allocation Failure) [PSYoungGen: 10964K->2753K(14336K)] 22164K->13969K(41984K), 0.0007226 secs] [Times: user=0.00 sys=0.00, real=0.00 secs] 
21.988: [GC (Allocation Failure) [PSYoungGen: 9907K->1664K(14336K)] 21123K->12896K(41984K), 0.0003312 secs] [Times: user=0.00 sys=0.00, real=0.00 secs] 
21.989: [GC (Allocation Failure) [PSYoungGen: 8819K->640K(14336K)] 20051K->11888K(41984K), 0.0006159 secs] [Times: user=0.00 sys=0.00, real=0.00 secs] 
21.990: [GC (Allocation Failure) [PSYoungGen: 7794K->7139K(14336K)] 19042K->18979K(41984K), 0.0008963 secs] [Times: user=0.00 sys=0.00, real=0.00 secs] 
22.051: [GC (Allocation Failure) [PSYoungGen: 14293K->6723K(14336K)] 26134K->18563K(41984K), 0.0009242 secs] [Times: user=0.00 sys=0.00, real=0.00 secs] 
22.097: [GC (Allocation Failure) [PSYoungGen: 13877K->5666K(14336K)] 25717K->17515K(41984K), 0.0010664 secs] [Times: user=0.00 sys=0.00, real=0.00 secs] 
22.099: [GC (Allocation Failure) [PSYoungGen: 12806K->3969K(14336K)] 24654K->15834K(41984K), 0.0007128 secs] [Times: user=0.00 sys=0.00, real=0.00 secs] 
22.144: [GC (Allocation Failure) [PSYoungGen: 11107K->1824K(14336K)] 22972K->13697K(41984K), 0.0008694 secs] [Times: user=0.00 sys=0.00, real=0.00 secs] 
22.190: [GC (Allocation Failure) [PSYoungGen: 8979K->768K(14336K)] 20851K->12648K(41984K), 0.0008090 secs] [Times: user=0.00 sys=0.00, real=0.00 secs] 
22.191: [GC (Allocation Failure) [PSYoungGen: 7922K->7139K(14336K)] 19802K->19740K(41984K), 0.0011294 secs] [Times: user=0.00 sys=0.00, real=0.00 secs] 
22.193: [GC (Allocation Failure) [PSYoungGen: 14293K->6851K(14336K)] 26894K->19451K(41984K), 0.0010005 secs] [Times: user=0.00 sys=0.00, real=0.00 secs] 
22.237: [GC (Allocation Failure) [PSYoungGen: 14005K->5794K(14336K)] 26606K->18403K(41984K), 0.0008977 secs] [Times: user=0.00 sys=0.00, real=0.00 secs] 
22.299: [GC (Allocation Failure) [PSYoungGen: 12949K->4738K(14336K)] 25557K->17354K(41984K), 0.0007970 secs] [Times: user=0.00 sys=0.00, real=0.00 secs] 
22.300: [GC (Allocation Failure) [PSYoungGen: 11892K->3649K(14336K)] 24509K->16282K(41984K), 0.0005683 secs] [Times: user=0.00 sys=0.00, real=0.00 secs] 
22.346: [GC (Allocation Failure) [PSYoungGen: 10787K->1568K(14336K)] 23420K->14209K(41984K), 0.0007027 secs] [Times: user=0.00 sys=0.00, real=0.00 secs] 
22.392: [GC (Allocation Failure) [PSYoungGen: 8723K->512K(14336K)] 21363K->13160K(41984K), 0.0007901 secs] [Times: user=0.00 sys=0.00, real=0.00 secs] 
22.393: [GC (Allocation Failure) [PSYoungGen: 7666K->7139K(14336K)] 20315K->20252K(41984K), 0.0016508 secs] [Times: user=0.00 sys=0.00, real=0.00 secs] 
22.396: [GC (Allocation Failure) [PSYoungGen: 14293K->6595K(14336K)] 27406K->19708K(41984K), 0.0015045 secs] [Times: user=0.00 sys=0.00, real=0.00 secs] 
22.438: [GC (Allocation Failure) [PSYoungGen: 13749K->5538K(14336K)] 26862K->18659K(41984K), 0.0010776 secs] [Times: user=0.00 sys=0.00, real=0.00 secs] 
22.500: [GC (Allocation Failure) [PSYoungGen: 12693K->4482K(14336K)] 25813K->17611K(41984K), 0.0008482 secs] [Times: user=0.00 sys=0.00, real=0.00 secs] 
22.501: [GC (Allocation Failure) [PSYoungGen: 11636K->3425K(14336K)] 24765K->16562K(41984K), 0.0006122 secs] [Times: user=0.00 sys=0.00, real=0.00 secs] 
22.547: [GC (Allocation Failure) [PSYoungGen: 10580K->2369K(14336K)] 23716K->15513K(41984K), 0.0008694 secs] [Times: user=0.00 sys=0.00, real=0.00 secs] 
22.592: [GC (Allocation Failure) [PSYoungGen: 9523K->1312K(14336K)] 22668K->14465K(41984K), 0.0003601 secs] [Times: user=0.00 sys=0.00, real=0.00 secs] 
22.593: [GC (Allocation Failure) [PSYoungGen: 8467K->256K(14336K)] 21619K->13424K(41984K), 0.0005946 secs] [Times: user=0.00 sys=0.00, real=0.00 secs] 
22.594: [GC (Allocation Failure) [PSYoungGen: 7410K->7139K(14336K)] 20579K->20516K(41984K), 0.0009878 secs] [Times: user=0.00 sys=0.00, real=0.00 secs] 
22.639: [GC (Allocation Failure) [PSYoungGen: 14291K->4290K(14336K)] 27668K->17666K(41984K), 0.0007214 secs] [Times: user=0.00 sys=0.00, real=0.00 secs] 
22.700: [GC (Allocation Failure) [PSYoungGen: 11444K->3201K(14336K)] 24821K->16586K(41984K), 0.0008713 secs] [Times: user=0.00 sys=0.00, real=0.00 secs] 
22.702: [GC (Allocation Failure) [PSYoungGen: 10355K->2145K(14336K)] 23740K->15537K(41984K), 0.0023718 secs] [Times: user=0.00 sys=0.00, real=0.00 secs] 
22.746: [GC (Allocation Failure) [PSYoungGen: 9299K->1088K(14336K)] 22692K->14489K(41984K), 0.0005310 secs] [Times: user=0.00 sys=0.00, real=0.00 secs] 
22.747: [GC (Allocation Failure) [PSYoungGen: 8242K->7139K(14336K)] 21643K->21580K(41984K), 0.0010490 secs] [Times: user=0.00 sys=0.00, real=0.00 secs] 
22.791: [GC (Allocation Failure) [PSYoungGen: 14293K->7139K(14336K)] 28735K->21612K(41984K), 0.0010320 secs] [Times: user=0.00 sys=0.00, real=0.00 secs] 
22.793: [GC (Allocation Failure) [PSYoungGen: 14294K->6114K(14336K)] 28767K->20596K(41984K), 0.0009440 secs] [Times: user=0.00 sys=0.00, real=0.00 secs] 
22.837: [GC (Allocation Failure) [PSYoungGen: 13269K->5058K(14336K)] 27750K->19547K(41984K), 0.0010885 secs] [Times: user=0.00 sys=0.00, real=0.00 secs] 
22.897: [GC (Allocation Failure) [PSYoungGen: 12195K->2977K(14336K)] 26685K->17482K(41984K), 0.0006115 secs] [Times: user=0.00 sys=0.00, real=0.00 secs] 
22.898: [GC (Allocation Failure) [PSYoungGen: 10131K->1888K(14336K)] 24637K->16410K(41984K), 0.0004423 secs] [Times: user=0.00 sys=0.00, real=0.00 secs] 
22.943: [GC (Allocation Failure) [PSYoungGen: 9043K->832K(14336K)] 23564K->15361K(41984K), 0.0007726 secs] [Times: user=0.00 sys=0.00, real=0.00 secs] 
22.945: [GC (Allocation Failure) [PSYoungGen: 7986K->7139K(14336K)] 22516K->22453K(41984K), 0.0011508 secs] [Times: user=0.00 sys=0.00, real=0.00 secs] 
22.991: [GC (Allocation Failure) [PSYoungGen: 14293K->6915K(14336K)] 29607K->22229K(41984K), 0.0012156 secs] [Times: user=0.00 sys=0.00, real=0.00 secs] 
22.993: [GC (Allocation Failure) [PSYoungGen: 14069K->5858K(14336K)] 29383K->21188K(41984K), 0.0012095 secs] [Times: user=0.00 sys=0.00, real=0.00 secs] 
23.037: [GC (Allocation Failure) [PSYoungGen: 13013K->4802K(14336K)] 28343K->20148K(41984K), 0.0006295 secs] [Times: user=0.00 sys=0.00, real=0.00 secs] 
23.098: [GC (Allocation Failure) [PSYoungGen: 11956K->3745K(14336K)] 27302K->19107K(41984K), 0.0005624 secs] [Times: user=0.00 sys=0.00, real=0.00 secs] 
23.099: [GC (Allocation Failure) [PSYoungGen: 10900K->2689K(14336K)] 26262K->18059K(41984K), 0.0005662 secs] [Times: user=0.00 sys=0.00, real=0.00 secs] 
23.100: [GC (Allocation Failure) [PSYoungGen: 9857K->128K(14336K)] 25227K->15505K(41984K), 0.0005373 secs] [Times: user=0.00 sys=0.00, real=0.00 secs] 
23.144: [GC (Allocation Failure) [PSYoungGen: 7284K->7107K(14336K)] 22662K->22493K(41984K), 0.0009810 secs] [Times: user=0.00 sys=0.00, real=0.00 secs] 
23.192: [GC (Allocation Failure) [PSYoungGen: 14261K->6050K(14336K)] 29646K->21444K(41984K), 0.0009310 secs] [Times: user=0.00 sys=0.00, real=0.00 secs] 
23.193: [GC (Allocation Failure) [PSYoungGen: 13204K->4994K(14336K)] 28598K->20396K(41984K), 0.0015816 secs] [Times: user=0.00 sys=0.00, real=0.00 secs] 
23.240: [GC (Allocation Failure) [PSYoungGen: 12148K->3937K(14336K)] 27550K->19347K(41984K), 0.0010327 secs] [Times: user=0.00 sys=0.00, real=0.00 secs] 
23.287: [GC (Allocation Failure) [PSYoungGen: 11092K->2881K(14336K)] 26501K->18307K(41984K), 0.0005284 secs] [Times: user=0.00 sys=0.00, real=0.00 secs] 
23.287: [GC (Allocation Failure) [PSYoungGen: 10035K->1824K(14336K)] 25461K->17258K(41984K), 0.0004211 secs] [Times: user=0.00 sys=0.00, real=0.00 secs] 
23.349: [GC (Allocation Failure) [PSYoungGen: 8979K->768K(14336K)] 24413K->16210K(41984K), 0.0003130 secs] [Times: user=0.00 sys=0.00, real=0.00 secs] 
23.349: [GC (Allocation Failure) [PSYoungGen: 7922K->7139K(14336K)] 23364K->23301K(41984K), 0.0010571 secs] [Times: user=0.02 sys=0.00, real=0.00 secs] 
23.395: [GC (Allocation Failure) [PSYoungGen: 14282K->5282K(14336K)] 30444K->21444K(41984K), 0.0010747 secs] [Times: user=0.03 sys=0.00, real=0.00 secs] 
23.397: [GC (Allocation Failure) [PSYoungGen: 12436K->4226K(14336K)] 28599K->20404K(41984K), 0.0006718 secs] [Times: user=0.00 sys=0.00, real=0.00 secs] 
23.441: [GC (Allocation Failure) [PSYoungGen: 11380K->3169K(14336K)] 27558K->19355K(41984K), 0.0006464 secs] [Times: user=0.00 sys=0.00, real=0.00 secs] 
23.488: [GC (Allocation Failure) [PSYoungGen: 10323K->2113K(14336K)] 26510K->18307K(41984K), 0.0004677 secs] [Times: user=0.00 sys=0.00, real=0.00 secs] 
23.489: [GC (Allocation Failure) [PSYoungGen: 9267K->1056K(14336K)] 25461K->17258K(41984K), 0.0007433 secs] [Times: user=0.00 sys=0.00, real=0.00 secs] 
23.490: [GC (Allocation Failure) [PSYoungGen: 8210K->7139K(14336K)] 24413K->24350K(41984K), 0.0014190 secs] [Times: user=0.00 sys=0.00, real=0.00 secs] 
23.550: [GC (Allocation Failure) [PSYoungGen: 14293K->7139K(14336K)] 31504K->24350K(41984K), 0.0010880 secs] [Times: user=0.00 sys=0.00, real=0.00 secs] 
23.597: [GC (Allocation Failure) [PSYoungGen: 14293K->6082K(14336K)] 31504K->23301K(41984K), 0.0008617 secs] [Times: user=0.00 sys=0.00, real=0.00 secs] 
23.598: [GC (Allocation Failure) [PSYoungGen: 13237K->5026K(14336K)] 30456K->22253K(41984K), 0.0008420 secs] [Times: user=0.00 sys=0.00, real=0.00 secs] 
23.645: [GC (Allocation Failure) [PSYoungGen: 12169K->2433K(14336K)] 29396K->19667K(41984K), 0.0007012 secs] [Times: user=0.00 sys=0.00, real=0.00 secs] 
23.692: [GC (Allocation Failure) [PSYoungGen: 9587K->1344K(14336K)] 26822K->18603K(41984K), 0.0004623 secs] [Times: user=0.00 sys=0.00, real=0.00 secs] 
23.693: [GC (Allocation Failure) [PSYoungGen: 8499K->288K(14336K)] 25757K->17554K(41984K), 0.0004811 secs] [Times: user=0.00 sys=0.02, real=0.00 secs] 
23.694: [GC (Allocation Failure) [PSYoungGen: 7442K->7139K(14336K)] 24709K->24646K(41984K), 0.0020914 secs] [Times: user=0.00 sys=0.00, real=0.00 secs] 
23.738: [GC (Allocation Failure) [PSYoungGen: 14293K->6371K(14336K)] 31800K->23877K(41984K), 0.0007788 secs] [Times: user=0.00 sys=0.00, real=0.00 secs] 
23.800: [GC (Allocation Failure) [PSYoungGen: 13525K->5314K(14336K)] 31032K->22829K(41984K), 0.0012317 secs] [Times: user=0.00 sys=0.00, real=0.00 secs] 
23.801: [GC (Allocation Failure) [PSYoungGen: 12469K->4258K(14336K)] 29983K->21788K(41984K), 0.0007128 secs] [Times: user=0.00 sys=0.00, real=0.00 secs] 
23.845: [GC (Allocation Failure) [PSYoungGen: 11412K->3201K(14336K)] 28943K->20748K(41984K), 0.0007704 secs] [Times: user=0.00 sys=0.00, real=0.00 secs] 
23.891: [GC (Allocation Failure) [PSYoungGen: 10339K->1120K(14336K)] 27886K->18683K(41984K), 0.0007583 secs] [Times: user=0.00 sys=0.00, real=0.00 secs] 
23.893: [GC (Allocation Failure) [PSYoungGen: 8274K->7139K(14336K)] 25837K->25750K(41984K), 0.0015295 secs] [Times: user=0.00 sys=0.00, real=0.00 secs] 
23.895: [GC (Allocation Failure) [PSYoungGen: 14293K->7139K(14336K)] 32905K->25782K(41984K), 0.0009238 secs] [Times: user=0.00 sys=0.00, real=0.00 secs] 
23.938: [GC (Allocation Failure) [PSYoungGen: 14294K->6114K(14336K)] 32937K->24774K(41984K), 0.0009465 secs] [Times: user=0.00 sys=0.00, real=0.00 secs] 
24.001: [GC (Allocation Failure) [PSYoungGen: 13269K->5058K(14336K)] 31928K->23725K(41984K), 0.0009296 secs] [Times: user=0.00 sys=0.00, real=0.00 secs] 
24.003: [GC (Allocation Failure) [PSYoungGen: 12212K->4001K(14336K)] 30880K->22677K(41984K), 0.0008175 secs] [Times: user=0.00 sys=0.00, real=0.00 secs] 
24.047: [GC (Allocation Failure) [PSYoungGen: 11156K->2945K(14336K)] 29831K->21628K(41984K), 0.0005146 secs] [Times: user=0.00 sys=0.00, real=0.00 secs] 
24.094: [GC (Allocation Failure) [PSYoungGen: 10099K->1888K(14336K)] 28783K->20588K(41984K), 0.0004637 secs] [Times: user=0.00 sys=0.00, real=0.00 secs] 
24.096: [GC (Allocation Failure) [PSYoungGen: 9051K->1056K(14336K)] 27750K->19763K(41984K), 0.0005039 secs] [Times: user=0.00 sys=0.00, real=0.00 secs] 
24.097: [GC (Allocation Failure) [PSYoungGen: 8219K->6307K(14336K)] 26926K->25022K(41984K), 0.0007646 secs] [Times: user=0.00 sys=0.00, real=0.00 secs] 
24.142: [GC (Allocation Failure) [PSYoungGen: 13469K->4770K(14336K)] 32184K->23501K(41984K), 0.0008483 secs] [Times: user=0.00 sys=0.00, real=0.00 secs] 
24.188: [GC (Allocation Failure) [PSYoungGen: 11924K->3681K(14336K)] 30656K->22429K(41984K), 0.0005839 secs] [Times: user=0.00 sys=0.00, real=0.00 secs] 
24.189: [GC (Allocation Failure) [PSYoungGen: 10836K->2625K(14336K)] 29583K->21380K(41984K), 0.0005777 secs] [Times: user=0.00 sys=0.00, real=0.00 secs] 
24.250: [GC (Allocation Failure) [PSYoungGen: 9779K->1568K(14336K)] 28534K->20332K(41984K), 0.0005438 secs] [Times: user=0.00 sys=0.00, real=0.00 secs] 
24.296: [GC (Allocation Failure) [PSYoungGen: 8723K->512K(14336K)] 27486K->19283K(41984K), 0.0004369 secs] [Times: user=0.00 sys=0.00, real=0.00 secs] 
24.297: [GC (Allocation Failure) [PSYoungGen: 7666K->7139K(14336K)] 26437K->26374K(41984K), 0.0011044 secs] [Times: user=0.00 sys=0.00, real=0.00 secs] 
24.299: [GC (Allocation Failure) [PSYoungGen: 14293K->6595K(14336K)] 33529K->25830K(41984K), 0.0009139 secs] [Times: user=0.00 sys=0.00, real=0.00 secs] 
24.342: [GC (Allocation Failure) [PSYoungGen: 13732K->4514K(14336K)] 32968K->23765K(41984K), 0.0007166 secs] [Times: user=0.00 sys=0.00, real=0.00 secs] 
24.389: [GC (Allocation Failure) [PSYoungGen: 11668K->3425K(14336K)] 30920K->22685K(41984K), 0.0006549 secs] [Times: user=0.00 sys=0.00, real=0.00 secs] 
24.390: [GC (Allocation Failure) [PSYoungGen: 10580K->2369K(14336K)] 29839K->21644K(41984K), 0.0004608 secs] [Times: user=0.00 sys=0.00, real=0.00 secs] 
24.436: [GC (Allocation Failure) [PSYoungGen: 9523K->1312K(14336K)] 28799K->20596K(41984K), 0.0005509 secs] [Times: user=0.00 sys=0.00, real=0.00 secs] 
24.497: [GC (Allocation Failure) [PSYoungGen: 8467K->256K(14336K)] 27750K->19555K(41984K), 0.0003619 secs] [Times: user=0.00 sys=0.00, real=0.00 secs] 
24.498: [GC (Allocation Failure) [PSYoungGen: 7410K->7139K(14336K)] 26710K->26647K(41984K), 0.0009529 secs] [Times: user=0.00 sys=0.00, real=0.00 secs] 
24.499: [GC (Allocation Failure) [PSYoungGen: 14293K->6339K(14336K)] 33801K->25846K(41984K), 0.0010097 secs] [Times: user=0.00 sys=0.00, real=0.00 secs] 
24.544: [GC (Allocation Failure) [PSYoungGen: 13493K->5282K(14336K)] 33001K->24798K(41984K), 0.0007902 secs] [Times: user=0.00 sys=0.00, real=0.00 secs] 
24.591: [GC (Allocation Failure) [PSYoungGen: 12437K->4226K(14336K)] 31952K->23749K(41984K), 0.0007475 secs] [Times: user=0.00 sys=0.00, real=0.00 secs] 
24.592: [GC (Allocation Failure) [PSYoungGen: 11380K->3169K(14336K)] 30904K->22701K(41984K), 0.0011631 secs] [Times: user=0.00 sys=0.00, real=0.00 secs] 
24.637: [GC (Allocation Failure) [PSYoungGen: 10333K->576K(14336K)] 29865K->20115K(41984K), 0.0007559 secs] [Times: user=0.00 sys=0.00, real=0.00 secs] 
24.638: [GC (Allocation Failure) [PSYoungGen: 7730K->7139K(14336K)] 27270K->27223K(41984K), 0.0010366 secs] [Times: user=0.00 sys=0.00, real=0.00 secs] 
24.699: [GC (Allocation Failure) [PSYoungGen: 14293K->6659K(14336K)] 34377K->26743K(41984K), 0.0007738 secs] [Times: user=0.00 sys=0.00, real=0.00 secs] 
24.700: [GC (Allocation Failure) [PSYoungGen: 13813K->5602K(14336K)] 33897K->25702K(41984K), 0.0008425 secs] [Times: user=0.00 sys=0.00, real=0.00 secs] 
24.746: [GC (Allocation Failure) [PSYoungGen: 12757K->4546K(14336K)] 32857K->24654K(41984K), 0.0010227 secs] [Times: user=0.00 sys=0.00, real=0.00 secs] 
24.792: [GC (Allocation Failure) [PSYoungGen: 11700K->3489K(14336K)] 31808K->23605K(41984K), 0.0006875 secs] [Times: user=0.00 sys=0.00, real=0.00 secs] 
24.794: [GC (Allocation Failure) [PSYoungGen: 10644K->2433K(14336K)] 30760K->22565K(41984K), 0.0004441 secs] [Times: user=0.00 sys=0.00, real=0.00 secs] 
24.839: [GC (Allocation Failure) [PSYoungGen: 9587K->1376K(14336K)] 29719K->21516K(41984K), 0.0003843 secs] [Times: user=0.00 sys=0.00, real=0.00 secs] 
24.840: [GC (Allocation Failure) [PSYoungGen: 8538K->384K(14336K)] 28678K->20531K(41984K), 0.0005410 secs] [Times: user=0.00 sys=0.00, real=0.00 secs] 
24.886: [GC (Allocation Failure) [PSYoungGen: 7549K->5954K(14336K)] 27697K->26118K(41984K), 0.0007896 secs] [Times: user=0.00 sys=0.00, real=0.00 secs] 
24.887: [GC (Allocation Failure) [PSYoungGen: 13109K->4866K(14336K)] 33273K->25046K(41984K), 0.0007235 secs] [Times: user=0.00 sys=0.00, real=0.00 secs] 
24.948: [GC (Allocation Failure) [PSYoungGen: 12020K->3809K(14336K)] 32200K->24005K(41984K), 0.0005771 secs] [Times: user=0.00 sys=0.00, real=0.00 secs] 
24.995: [GC (Allocation Failure) [PSYoungGen: 10964K->2753K(14336K)] 31160K->22965K(41984K), 0.0009210 secs] [Times: user=0.00 sys=0.00, real=0.00 secs] 
24.996: [GC (Allocation Failure) [PSYoungGen: 9907K->1696K(14336K)] 30119K->21916K(41984K), 0.0004383 secs] [Times: user=0.00 sys=0.00, real=0.00 secs] 
25.041: [GC (Allocation Failure) [PSYoungGen: 8851K->640K(14336K)] 29071K->20868K(41984K), 0.0006151 secs] [Times: user=0.00 sys=0.00, real=0.00 secs] 
25.042: [GC (Allocation Failure) [PSYoungGen: 7794K->7139K(14336K)] 28022K->27959K(41984K), 0.0013884 secs] [Times: user=0.00 sys=0.00, real=0.00 secs] 
25.088: [GC (Allocation Failure) [PSYoungGen: 14293K->6723K(14336K)] 35114K->27543K(41984K), 0.0012644 secs] [Times: user=0.00 sys=0.00, real=0.00 secs] 
25.090: [GC (Allocation Failure) [PSYoungGen: 13877K->5666K(14336K)] 34697K->26494K(41984K), 0.0010350 secs] [Times: user=0.00 sys=0.00, real=0.00 secs] 
25.150: [GC (Allocation Failure) [PSYoungGen: 12810K->2977K(14336K)] 33638K->23821K(41984K), 0.0006000 secs] [Times: user=0.00 sys=0.00, real=0.00 secs] 
25.196: [GC (Allocation Failure) [PSYoungGen: 10131K->1856K(14336K)] 30976K->22717K(41984K), 0.0004111 secs] [Times: user=0.00 sys=0.00, real=0.00 secs] 
25.197: [GC (Allocation Failure) [PSYoungGen: 9011K->800K(14336K)] 29871K->21668K(41984K), 0.0003999 secs] [Times: user=0.00 sys=0.00, real=0.00 secs] 
25.198: [GC (Allocation Failure) [PSYoungGen: 7954K->7139K(14336K)] 28822K->28759K(41984K), 0.0009571 secs] [Times: user=0.00 sys=0.00, real=0.00 secs] 
25.242: [GC (Allocation Failure) [PSYoungGen: 14293K->6883K(14336K)] 35914K->28503K(41984K), 0.0010461 secs] [Times: user=0.00 sys=0.00, real=0.00 secs] 
25.289: [GC (Allocation Failure) [PSYoungGen: 14037K->5826K(14336K)] 35658K->27455K(41984K), 0.0010187 secs] [Times: user=0.00 sys=0.00, real=0.00 secs] 
25.290: [GC (Allocation Failure) [PSYoungGen: 12981K->4770K(14336K)] 34609K->26406K(41984K), 0.0007111 secs] [Times: user=0.00 sys=0.00, real=0.00 secs] 
25.350: [GC (Allocation Failure) [PSYoungGen: 11924K->3713K(14336K)] 33561K->25366K(41984K), 0.0006922 secs] [Times: user=0.00 sys=0.00, real=0.00 secs] 
25.396: [GC (Allocation Failure) [PSYoungGen: 10851K->1632K(14336K)] 32504K->23301K(41984K), 0.0003519 secs] [Times: user=0.00 sys=0.00, real=0.00 secs] 
25.397: [GC (Allocation Failure) [PSYoungGen: 8787K->544K(14336K)] 30455K->22236K(41984K), 0.0003526 secs] [Times: user=0.00 sys=0.00, real=0.00 secs] 
25.398: [GC (Allocation Failure) [PSYoungGen: 7698K->7139K(14336K)] 29391K->29328K(41984K), 0.0009841 secs] [Times: user=0.00 sys=0.00, real=0.00 secs] 
25.442: [GC (Allocation Failure) [PSYoungGen: 14293K->6627K(14336K)] 36482K->28815K(41984K), 0.0014015 secs] [Times: user=0.00 sys=0.00, real=0.00 secs] 
25.489: [GC (Allocation Failure) [PSYoungGen: 13781K->5570K(14336K)] 35970K->27767K(41984K), 0.0009508 secs] [Times: user=0.00 sys=0.00, real=0.00 secs] 
25.490: [GC (Allocation Failure) [PSYoungGen: 12725K->4514K(14336K)] 34921K->26718K(41984K), 0.0009569 secs] [Times: user=0.00 sys=0.00, real=0.00 secs] 
25.536: [GC (Allocation Failure) [PSYoungGen: 11668K->3457K(14336K)] 33873K->25678K(41984K), 0.0009195 secs] [Times: user=0.00 sys=0.00, real=0.00 secs] 
25.598: [GC (Allocation Failure) [PSYoungGen: 10612K->2401K(14336K)] 32832K->24629K(41984K), 0.0007170 secs] [Times: user=0.00 sys=0.00, real=0.00 secs] 
25.599: [GC (Allocation Failure) [PSYoungGen: 9569K->384K(14336K)] 31797K->22620K(41984K), 0.0005747 secs] [Times: user=0.00 sys=0.00, real=0.00 secs] 
25.600: [GC (Allocation Failure) [PSYoungGen: 7533K->6947K(14336K)] 29769K->29192K(41984K), 0.0009273 secs] [Times: user=0.00 sys=0.00, real=0.00 secs] 
25.646: [GC (Allocation Failure) [PSYoungGen: 14108K->5378K(14336K)] 36353K->27639K(41984K), 0.0007158 secs] [Times: user=0.00 sys=0.00, real=0.00 secs] 
25.693: [GC (Allocation Failure) [PSYoungGen: 12532K->4322K(14336K)] 34793K->26606K(41984K), 0.0007034 secs] [Times: user=0.00 sys=0.00, real=0.00 secs] 
25.694: [GC (Allocation Failure) [PSYoungGen: 11475K->3265K(14336K)] 33760K->25558K(41984K), 0.0006736 secs] [Times: user=0.00 sys=0.00, real=0.00 secs] 
25.739: [GC (Allocation Failure) [PSYoungGen: 10419K->2209K(14336K)] 32712K->24517K(41984K), 0.0006800 secs] [Times: user=0.00 sys=0.00, real=0.00 secs] 
25.786: [GC (Allocation Failure) [PSYoungGen: 9363K->1152K(14336K)] 31672K->23477K(41984K), 0.0004539 secs] [Times: user=0.00 sys=0.00, real=0.00 secs] 
25.787: [GC (Allocation Failure) [PSYoungGen: 8306K->96K(14336K)] 30631K->22436K(41984K), 0.0003785 secs] [Times: user=0.00 sys=0.00, real=0.00 secs] 
25.788: [GC (Allocation Failure) [PSYoungGen: 7250K->7139K(14336K)] 29591K->29528K(41984K), 0.0011721 secs] [Times: user=0.00 sys=0.00, real=0.00 secs] 
25.849: [GC (Allocation Failure) [PSYoungGen: 14277K->5122K(14336K)] 36665K->27511K(41984K), 0.0009421 secs] [Times: user=0.00 sys=0.00, real=0.00 secs] 
25.896: [GC (Allocation Failure) [PSYoungGen: 12276K->4065K(14336K)] 34665K->26470K(41984K), 0.0005914 secs] [Times: user=0.00 sys=0.00, real=0.00 secs] 
25.897: [GC (Allocation Failure) [PSYoungGen: 11220K->3009K(14336K)] 33625K->25430K(41984K), 0.0005554 secs] [Times: user=0.00 sys=0.00, real=0.00 secs] 
25.943: [GC (Allocation Failure) [PSYoungGen: 10163K->1952K(14336K)] 32584K->24389K(41984K), 0.0004267 secs] [Times: user=0.00 sys=0.00, real=0.00 secs] 
25.990: [GC (Allocation Failure) [PSYoungGen: 9107K->896K(14336K)] 31544K->23341K(41984K), 0.0004619 secs] [Times: user=0.00 sys=0.00, real=0.00 secs] 
25.991: [GC (Allocation Failure) [PSYoungGen: 8050K->7139K(14336K)] 30495K->30432K(41984K), 0.0010778 secs] [Times: user=0.00 sys=0.00, real=0.00 secs] 
25.993: [GC (Allocation Failure) [PSYoungGen: 14293K->6979K(14336K)] 37587K->30272K(41984K), 0.0010764 secs] [Times: user=0.00 sys=0.00, real=0.00 secs] 
26.037: [GC (Allocation Failure) [PSYoungGen: 14133K->5922K(14336K)] 37427K->29232K(41984K), 0.0008029 secs] [Times: user=0.00 sys=0.00, real=0.00 secs] 
26.099: [GC (Allocation Failure) [PSYoungGen: 13077K->4866K(14336K)] 36386K->28191K(41984K), 0.0006839 secs] [Times: user=0.00 sys=0.00, real=0.00 secs] 
26.100: [GC (Allocation Failure) [PSYoungGen: 12020K->3809K(14336K)] 35345K->27150K(41984K), 0.0006579 secs] [Times: user=0.00 sys=0.00, real=0.00 secs] 
26.146: [GC (Allocation Failure) [PSYoungGen: 10954K->1120K(14336K)] 34295K->24469K(41984K), 0.0008282 secs] [Times: user=0.00 sys=0.00, real=0.00 secs] 
26.147: [GC (Allocation Failure) [PSYoungGen: 8274K->7139K(14336K)] 31624K->31505K(41984K), 0.0011235 secs] [Times: user=0.00 sys=0.00, real=0.00 secs] 
26.194: [GC (Allocation Failure) [PSYoungGen: 14293K->7139K(14336K)] 38659K->31505K(41984K), 0.0010394 secs] [Times: user=0.00 sys=0.00, real=0.00 secs] 
26.196: [GC (Allocation Failure) [PSYoungGen: 14293K->6082K(14336K)] 38659K->30456K(41984K), 0.0008162 secs] [Times: user=0.00 sys=0.00, real=0.00 secs] 
26.241: [GC (Allocation Failure) [PSYoungGen: 13237K->5026K(14336K)] 37611K->29416K(41984K), 0.0008402 secs] [Times: user=0.00 sys=0.00, real=0.00 secs] 
26.287: [GC (Allocation Failure) [PSYoungGen: 12180K->3969K(14336K)] 36570K->28375K(41984K), 0.0006324 secs] [Times: user=0.03 sys=0.00, real=0.00 secs] 
26.288: [GC (Allocation Failure) [PSYoungGen: 11124K->2913K(14336K)] 35530K->27335K(41984K), 0.0005931 secs] [Times: user=0.00 sys=0.00, real=0.00 secs] 
26.349: [GC (Allocation Failure) [PSYoungGen: 10067K->1856K(14336K)] 34489K->26286K(41984K), 0.0007321 secs] [Times: user=0.00 sys=0.00, real=0.00 secs] 
26.350: [GC (Allocation Failure) [PSYoungGen: 9019K->1056K(14336K)] 33448K->25501K(41984K), 0.0005306 secs] [Times: user=0.00 sys=0.00, real=0.00 secs] 
26.395: [GC (Allocation Failure) [PSYoungGen: 8220K->6403K(14336K)] 32666K->30864K(41984K), 0.0010025 secs] [Times: user=0.00 sys=0.00, real=0.00 secs] 
26.397: [GC (Allocation Failure) [PSYoungGen: 13557K->5346K(14336K)] 38019K->29816K(41984K), 0.0009633 secs] [Times: user=0.00 sys=0.00, real=0.00 secs] 
26.442: [GC (Allocation Failure) [PSYoungGen: 12500K->4290K(14336K)] 36970K->28775K(41984K), 0.0005700 secs] [Times: user=0.00 sys=0.00, real=0.00 secs] 
26.488: [GC (Allocation Failure) [PSYoungGen: 11444K->3233K(14336K)] 35930K->27735K(41984K), 0.0008191 secs] [Times: user=0.00 sys=0.00, real=0.00 secs] 
26.489: [GC (Allocation Failure) [PSYoungGen: 10387K->2177K(14336K)] 34889K->26694K(41984K), 0.0005787 secs] [Times: user=0.00 sys=0.00, real=0.00 secs] 
26.549: [GC (Allocation Failure) [PSYoungGen: 9331K->1120K(14336K)] 33849K->25646K(41984K), 0.0005667 secs] [Times: user=0.00 sys=0.00, real=0.00 secs] 
26.595: [GC (Allocation Failure) [PSYoungGen: 8274K->64K(14336K)] 32800K->24605K(41984K), 0.0005103 secs] [Times: user=0.00 sys=0.00, real=0.00 secs] 
26.596: [GC (Allocation Failure) [PSYoungGen: 7218K->7139K(14336K)] 31760K->31697K(41984K), 0.0009114 secs] [Times: user=0.00 sys=0.00, real=0.00 secs] 
26.598: [GC (Allocation Failure) [PSYoungGen: 14293K->6146K(14336K)] 38851K->30704K(41984K), 0.0008450 secs] [Times: user=0.00 sys=0.00, real=0.00 secs] 
26.642: [GC (Allocation Failure) [PSYoungGen: 13290K->3553K(14336K)] 37847K->28119K(41984K), 0.0007456 secs] [Times: user=0.00 sys=0.00, real=0.00 secs] 
26.689: [GC (Allocation Failure) [PSYoungGen: 10708K->2465K(14336K)] 35273K->27046K(41984K), 0.0006648 secs] [Times: user=0.00 sys=0.00, real=0.00 secs] 
26.690: [GC (Allocation Failure) [PSYoungGen: 9619K->1408K(14336K)] 34201K->25998K(41984K), 0.0004618 secs] [Times: user=0.00 sys=0.00, real=0.00 secs] 
26.751: [GC (Allocation Failure) [PSYoungGen: 8563K->352K(14336K)] 33152K->24957K(41984K), 0.0009245 secs] [Times: user=0.00 sys=0.00, real=0.00 secs] 
26.752: [GC (Allocation Failure) [PSYoungGen: 7506K->7139K(14336K)] 32112K->32049K(41984K), 0.0014207 secs] [Times: user=0.00 sys=0.00, real=0.00 secs] 
26.798: [GC (Allocation Failure) [PSYoungGen: 14293K->6435K(14336K)] 39203K->31344K(41984K), 0.0009274 secs] [Times: user=0.00 sys=0.00, real=0.00 secs] 
26.799: [GC (Allocation Failure) [PSYoungGen: 13589K->5378K(14336K)] 38499K->30296K(41984K), 0.0007792 secs] [Times: user=0.00 sys=0.00, real=0.00 secs] 
26.845: [GC (Allocation Failure) [PSYoungGen: 12533K->4322K(14336K)] 37450K->29247K(41984K), 0.0006931 secs] [Times: user=0.00 sys=0.00, real=0.00 secs] 
26.892: [GC (Allocation Failure) [PSYoungGen: 11459K->2209K(14336K)] 36385K->27142K(41984K), 0.0007397 secs] [Times: user=0.00 sys=0.00, real=0.00 secs] 
26.893: [GC (Allocation Failure) [PSYoungGen: 9363K->1152K(14336K)] 34297K->26110K(41984K), 0.0006399 secs] [Times: user=0.00 sys=0.00, real=0.00 secs] 
26.940: [GC (Allocation Failure) [PSYoungGen: 8306K->96K(14336K)] 33264K->25061K(41984K), 0.0007531 secs] [Times: user=0.00 sys=0.00, real=0.00 secs] 
26.941: [GC (Allocation Failure) [PSYoungGen: 7250K->7139K(14336K)] 32216K->32153K(41984K), 0.0012253 secs] [Times: user=0.00 sys=0.00, real=0.00 secs] 
26.987: [GC (Allocation Failure) [PSYoungGen: 14293K->6178K(14336K)] 39307K->31192K(41984K), 0.0010497 secs] [Times: user=0.00 sys=0.00, real=0.00 secs] 
26.988: [GC (Allocation Failure) [PSYoungGen: 13333K->5122K(14336K)] 38347K->30152K(41984K), 0.0007993 secs] [Times: user=0.00 sys=0.00, real=0.00 secs] 
27.048: [GC (Allocation Failure) [PSYoungGen: 12276K->4065K(14336K)] 37306K->29111K(41984K), 0.0006754 secs] [Times: user=0.00 sys=0.00, real=0.00 secs] 
27.094: [GC (Allocation Failure) [PSYoungGen: 11220K->3009K(14336K)] 36266K->28063K(41984K), 0.0007570 secs] [Times: user=0.00 sys=0.00, real=0.00 secs] 
27.096: [GC (Allocation Failure) [PSYoungGen: 10158K->800K(14336K)] 35212K->25862K(41984K), 0.0004379 secs] [Times: user=0.00 sys=0.00, real=0.00 secs] 
27.097: [GC (Allocation Failure) [PSYoungGen: 7954K->7139K(14336K)] 33016K->32929K(41984K), 0.0011293 secs] [Times: user=0.00 sys=0.00, real=0.00 secs] 
27.142: [GC (Allocation Failure) [PSYoungGen: 14286K->5794K(14336K)] 40076K->31584K(41984K), 0.0015281 secs] [Times: user=0.00 sys=0.00, real=0.00 secs] 
27.189: [GC (Allocation Failure) [PSYoungGen: 12949K->4738K(14336K)] 38739K->30544K(41984K), 0.0007015 secs] [Times: user=0.00 sys=0.00, real=0.00 secs] 
27.190: [GC (Allocation Failure) [PSYoungGen: 11892K->3681K(14336K)] 37698K->29495K(41984K), 0.0005646 secs] [Times: user=0.00 sys=0.00, real=0.00 secs] 
27.250: [GC (Allocation Failure) [PSYoungGen: 10836K->2625K(14336K)] 36650K->28447K(41984K), 0.0004946 secs] [Times: user=0.00 sys=0.00, real=0.00 secs] 
27.298: [GC (Allocation Failure) [PSYoungGen: 9779K->1568K(14336K)] 35601K->27398K(41984K), 0.0005342 secs] [Times: user=0.00 sys=0.00, real=0.00 secs] 
27.299: [GC (Allocation Failure) [PSYoungGen: 8723K->512K(14336K)] 34553K->26358K(41984K), 0.0003507 secs] [Times: user=0.00 sys=0.00, real=0.00 secs] 
27.300: [GC (Allocation Failure) [PSYoungGen: 7666K->7139K(14336K)] 33512K->33449K(41984K), 0.0009799 secs] [Times: user=0.00 sys=0.00, real=0.00 secs] 
27.344: [GC (Allocation Failure) [PSYoungGen: 14286K->5538K(14336K)] 40596K->31849K(41984K), 0.0008512 secs] [Times: user=0.00 sys=0.00, real=0.00 secs] 
27.391: [GC (Allocation Failure) [PSYoungGen: 12693K->4482K(14336K)] 39003K->30808K(41984K), 0.0009125 secs] [Times: user=0.00 sys=0.00, real=0.00 secs] 
27.392: [GC (Allocation Failure) [PSYoungGen: 11636K->3425K(14336K)] 37962K->29759K(41984K), 0.0011524 secs] [Times: user=0.00 sys=0.00, real=0.00 secs] 
27.436: [GC (Allocation Failure) [PSYoungGen: 10579K->2369K(14336K)] 36914K->28711K(41984K), 0.0007783 secs] [Times: user=0.00 sys=0.00, real=0.00 secs] 
27.497: [GC (Allocation Failure) [PSYoungGen: 9523K->1312K(14336K)] 35865K->27670K(41984K), 0.0005780 secs] [Times: user=0.00 sys=0.00, real=0.00 secs] 
27.498: [GC (Allocation Failure) [PSYoungGen: 8467K->256K(14336K)] 34825K->26622K(41984K), 0.0004615 secs] [Times: user=0.00 sys=0.00, real=0.00 secs] 
27.499: [GC (Allocation Failure) [PSYoungGen: 7410K->7139K(14336K)] 33776K->33705K(41984K), 0.0008757 secs] [Times: user=0.00 sys=0.00, real=0.00 secs] 
27.544: [GC (Allocation Failure) [PSYoungGen: 14293K->6339K(14336K)] 40860K->32905K(41984K), 0.0012845 secs] [Times: user=0.00 sys=0.00, real=0.00 secs] 
27.591: [GC (Allocation Failure) [PSYoungGen: 13493K->5250K(14336K)] 40059K->31832K(41984K), 0.0008964 secs] [Times: user=0.00 sys=0.00, real=0.00 secs] 
27.592: [GC (Allocation Failure) [PSYoungGen: 12405K->4226K(14336K)] 38987K->30824K(41984K), 0.0007087 secs] [Times: user=0.00 sys=0.00, real=0.00 secs] 
27.636: [GC (Allocation Failure) [PSYoungGen: 11374K->1632K(14336K)] 37972K->28239K(41984K), 0.0004611 secs] [Times: user=0.00 sys=0.00, real=0.00 secs] 
27.698: [GC (Allocation Failure) [PSYoungGen: 8787K->544K(14336K)] 35393K->27166K(41984K), 0.0005652 secs] [Times: user=0.00 sys=0.00, real=0.00 secs] 
27.699: [GC (Allocation Failure) [PSYoungGen: 7698K->7139K(14336K)] 34320K->34258K(41984K), 0.0010598 secs] [Times: user=0.00 sys=0.00, real=0.00 secs] 
27.700: [GC (Allocation Failure) [PSYoungGen: 14293K->6627K(14336K)] 41412K->33745K(41984K), 0.0009164 secs] [Times: user=0.00 sys=0.00, real=0.00 secs] 
27.744: [GC (Allocation Failure) [PSYoungGen: 13781K->5570K(14336K)] 40900K->32705K(41984K), 0.0009933 secs] [Times: user=0.00 sys=0.00, real=0.00 secs] 
27.791: [GC (Allocation Failure) [PSYoungGen: 12725K->4514K(14336K)] 39859K->31656K(41984K), 0.0018587 secs] [Times: user=0.00 sys=0.00, real=0.00 secs] 
27.793: [GC (Allocation Failure) [PSYoungGen: 11668K->3457K(14336K)] 38811K->30616K(41984K), 0.0007928 secs] [Times: user=0.00 sys=0.00, real=0.00 secs] 
27.837: [GC (Allocation Failure) [PSYoungGen: 10612K->2401K(14336K)] 37770K->29567K(41984K), 0.0004987 secs] [Times: user=0.00 sys=0.00, real=0.00 secs] 
27.838: [GC (Allocation Failure) [PSYoungGen: 9569K->352K(14336K)] 36735K->27534K(41984K), 0.0007280 secs] [Times: user=0.00 sys=0.00, real=0.00 secs] 
27.900: [GC (Allocation Failure) [PSYoungGen: 7500K->6947K(14336K)] 34683K->34146K(41984K), 0.0008323 secs] [Times: user=0.00 sys=0.00, real=0.00 secs] 
27.901: [GC (Allocation Failure) [PSYoungGen: 14100K->5890K(14336K)] 41299K->33105K(41984K), 0.0008723 secs] [Times: user=0.00 sys=0.00, real=0.00 secs] 
27.946: [GC (Allocation Failure) [PSYoungGen: 13044K->4834K(14336K)] 40259K->32065K(41984K), 0.0007657 secs] [Times: user=0.00 sys=0.00, real=0.00 secs] 
27.993: [GC (Allocation Failure) [PSYoungGen: 11988K->3777K(14336K)] 39219K->31024K(41984K), 0.0011908 secs] [Times: user=0.00 sys=0.00, real=0.00 secs] 
27.995: [GC (Allocation Failure) [PSYoungGen: 10932K->2721K(14336K)] 38178K->29975K(41984K), 0.0008104 secs] [Times: user=0.00 sys=0.00, real=0.00 secs] 
28.040: [GC (Allocation Failure) [PSYoungGen: 9875K->1664K(14336K)] 37130K->28935K(41984K), 0.0007261 secs] [Times: user=0.00 sys=0.00, real=0.00 secs] 
28.086: [GC (Allocation Failure) [PSYoungGen: 8819K->608K(14336K)] 36089K->27886K(41984K), 0.0006641 secs] [Times: user=0.00 sys=0.00, real=0.00 secs] 
28.088: [GC (Allocation Failure) [PSYoungGen: 7762K->7139K(14336K)] 35041K->34978K(43520K), 0.0010125 secs] [Times: user=0.00 sys=0.00, real=0.00 secs] 
28.089: [GC (Allocation Failure) [PSYoungGen: 14293K->6691K(14336K)] 42132K->34530K(43520K), 0.0010556 secs] [Times: user=0.00 sys=0.00, real=0.00 secs] 
28.150: [GC (Allocation Failure) [PSYoungGen: 13834K->3937K(14336K)] 41673K->31784K(43520K), 0.0006665 secs] [Times: user=0.00 sys=0.00, real=0.00 secs] 
28.196: [GC (Allocation Failure) [PSYoungGen: 11092K->2881K(14336K)] 38939K->30768K(43520K), 0.0004897 secs] [Times: user=0.00 sys=0.00, real=0.00 secs] 
28.197: [GC (Allocation Failure) [PSYoungGen: 10035K->1824K(14336K)] 37922K->29727K(43520K), 0.0004149 secs] [Times: user=0.00 sys=0.00, real=0.00 secs] 
28.242: [GC (Allocation Failure) [PSYoungGen: 8979K->768K(14336K)] 36882K->28679K(43520K), 0.0005294 secs] [Times: user=0.00 sys=0.00, real=0.00 secs] 
28.243: [GC (Allocation Failure) [PSYoungGen: 7922K->7139K(14336K)] 35833K->35770K(43520K), 0.0019225 secs] [Times: user=0.00 sys=0.00, real=0.00 secs] 
28.290: [GC (Allocation Failure) [PSYoungGen: 14293K->6851K(14336K)] 42925K->35482K(43520K), 0.0008517 secs] [Times: user=0.00 sys=0.00, real=0.00 secs] 
28.291: [GC (Allocation Failure) [PSYoungGen: 14005K->5794K(14336K)] 42637K->34442K(43520K), 0.0012489 secs] [Times: user=0.00 sys=0.00, real=0.00 secs] 
28.351: [GC (Allocation Failure) [PSYoungGen: 12949K->4738K(14336K)] 41596K->33393K(43520K), 0.0006538 secs] [Times: user=0.00 sys=0.00, real=0.00 secs] 
28.398: [GC (Allocation Failure) [PSYoungGen: 11876K->2657K(14336K)] 40531K->31328K(43520K), 0.0007173 secs] [Times: user=0.00 sys=0.00, real=0.00 secs] 
28.399: [GC (Allocation Failure) [PSYoungGen: 9811K->1568K(14336K)] 38482K->30256K(43520K), 0.0005347 secs] [Times: user=0.00 sys=0.00, real=0.00 secs] 
28.445: [GC (Allocation Failure) [PSYoungGen: 8723K->512K(14336K)] 37410K->29215K(43520K), 0.0005059 secs] [Times: user=0.00 sys=0.00, real=0.00 secs] 
28.446: [GC (Allocation Failure) [PSYoungGen: 7666K->7139K(14336K)] 36369K->36306K(43520K), 0.0008780 secs] [Times: user=0.00 sys=0.00, real=0.00 secs] 
28.447: [Full GC (Ergonomics) [PSYoungGen: 7139K->0K(14336K)] [ParOldGen: 29167K->8050K(27136K)] 36306K->8050K(41472K), [Metaspace: 2892K->2892K(1056768K)], 0.0035161 secs] [Times: user=0.00 sys=0.00, real=0.00 secs] 
28.492: [GC (Allocation Failure) [PSYoungGen: 7154K->6595K(14336K)] 15205K->14645K(41472K), 0.0009651 secs] [Times: user=0.00 sys=0.00, real=0.00 secs] 
28.494: [GC (Allocation Failure) [PSYoungGen: 13748K->5538K(14336K)] 21799K->13597K(41472K), 0.0009944 secs] [Times: user=0.00 sys=0.00, real=0.00 secs] 
28.538: [GC (Allocation Failure) [PSYoungGen: 12692K->4482K(14336K)] 20751K->12548K(41472K), 0.0007848 secs] [Times: user=0.00 sys=0.00, real=0.00 secs] 
28.586: [GC (Allocation Failure) [PSYoungGen: 11636K->3425K(14336K)] 19702K->11500K(41472K), 0.0006966 secs] [Times: user=0.00 sys=0.00, real=0.00 secs] 
28.587: [GC (Allocation Failure) [PSYoungGen: 10569K->288K(14336K)] 18644K->8370K(41472K), 0.0005068 secs] [Times: user=0.00 sys=0.00, real=0.00 secs] 
28.588: [GC (Allocation Failure) [PSYoungGen: 7442K->7139K(14336K)] 15525K->15462K(41472K), 0.0009510 secs] [Times: user=0.00 sys=0.00, real=0.00 secs] 
28.648: [GC (Allocation Failure) [PSYoungGen: 14293K->6371K(14336K)] 22616K->14693K(41472K), 0.0010408 secs] [Times: user=0.00 sys=0.00, real=0.00 secs] 
28.694: [GC (Allocation Failure) [PSYoungGen: 13525K->5314K(14336K)] 21848K->13645K(41472K), 0.0010559 secs] [Times: user=0.00 sys=0.00, real=0.00 secs] 
28.696: [GC (Allocation Failure) [PSYoungGen: 12468K->4258K(14336K)] 20799K->12596K(41472K), 0.0006424 secs] [Times: user=0.00 sys=0.00, real=0.00 secs] 
28.741: [GC (Allocation Failure) [PSYoungGen: 11412K->3201K(14336K)] 19751K->11556K(41472K), 0.0008126 secs] [Times: user=0.00 sys=0.00, real=0.00 secs] 
28.787: [GC (Allocation Failure) [PSYoungGen: 10355K->2145K(14336K)] 18710K->10507K(41472K), 0.0008536 secs] [Times: user=0.02 sys=0.00, real=0.00 secs] 
28.788: [GC (Allocation Failure) [PSYoungGen: 9299K->1088K(14336K)] 17662K->9459K(41472K), 0.0003596 secs] [Times: user=0.00 sys=0.00, real=0.00 secs] 
28.789: [GC (Allocation Failure) [PSYoungGen: 8242K->7139K(14336K)] 16613K->16550K(41472K), 0.0010830 secs] [Times: user=0.00 sys=0.00, real=0.00 secs] 
28.850: [GC (Allocation Failure) [PSYoungGen: 14293K->7139K(14336K)] 23705K->16582K(41472K), 0.0007912 secs] [Times: user=0.03 sys=0.00, real=0.00 secs] 
28.897: [GC (Allocation Failure) [PSYoungGen: 14277K->5058K(14336K)] 23720K->14509K(41472K), 0.0008557 secs] [Times: user=0.00 sys=0.00, real=0.00 secs] 
28.898: [GC (Allocation Failure) [PSYoungGen: 12212K->4001K(14336K)] 21663K->13469K(41472K), 0.0006428 secs] [Times: user=0.00 sys=0.00, real=0.00 secs] 
28.944: [GC (Allocation Failure) [PSYoungGen: 11156K->2945K(14336K)] 20623K->12428K(41472K), 0.0010131 secs] [Times: user=0.00 sys=0.00, real=0.00 secs] 
28.991: [GC (Allocation Failure) [PSYoungGen: 10099K->1888K(14336K)] 19583K->11388K(41472K), 0.0005307 secs] [Times: user=0.00 sys=0.00, real=0.00 secs] 
28.992: [GC (Allocation Failure) [PSYoungGen: 9043K->832K(14336K)] 18542K->10347K(41472K), 0.0004030 secs] [Times: user=0.00 sys=0.00, real=0.00 secs] 
28.993: [GC (Allocation Failure) [PSYoungGen: 7986K->7139K(14336K)] 17502K->17439K(41472K), 0.0012200 secs] [Times: user=0.00 sys=0.00, real=0.00 secs] 
29.038: [GC (Allocation Failure) [PSYoungGen: 14293K->6915K(14336K)] 24593K->17215K(41472K), 0.0014797 secs] [Times: user=0.00 sys=0.00, real=0.00 secs] 
29.101: [GC (Allocation Failure) [PSYoungGen: 14069K->5858K(14336K)] 24369K->16166K(41472K), 0.0010582 secs] [Times: user=0.00 sys=0.00, real=0.00 secs] 
29.102: [GC (Allocation Failure) [PSYoungGen: 13013K->4802K(14336K)] 23320K->15117K(41472K), 0.0008442 secs] [Times: user=0.00 sys=0.00, real=0.00 secs] 
29.148: [GC (Allocation Failure) [PSYoungGen: 11958K->2080K(14336K)] 22274K->12404K(41472K), 0.0004473 secs] [Times: user=0.00 sys=0.00, real=0.00 secs] 
29.194: [GC (Allocation Failure) [PSYoungGen: 9235K->992K(14336K)] 19559K->11332K(41472K), 0.0003506 secs] [Times: user=0.00 sys=0.00, real=0.00 secs] 
29.195: [GC (Allocation Failure) [PSYoungGen: 8146K->7139K(14336K)] 18486K->18423K(41472K), 0.0012567 secs] [Times: user=0.00 sys=0.00, real=0.00 secs] 
29.197: [GC (Allocation Failure) [PSYoungGen: 14293K->7075K(14336K)] 25577K->18359K(41472K), 0.0010025 secs] [Times: user=0.00 sys=0.00, real=0.00 secs] 
29.242: [GC (Allocation Failure) [PSYoungGen: 14229K->6018K(14336K)] 25513K->17319K(41472K), 0.0011055 secs] [Times: user=0.00 sys=0.00, real=0.00 secs] 
29.289: [GC (Allocation Failure) [PSYoungGen: 13173K->4962K(14336K)] 24473K->16270K(41472K), 0.0008599 secs] [Times: user=0.00 sys=0.00, real=0.00 secs] 
29.290: [GC (Allocation Failure) [PSYoungGen: 12116K->3905K(14336K)] 23424K->15230K(41472K), 0.0010670 secs] [Times: user=0.00 sys=0.00, real=0.00 secs] 
29.350: [GC (Allocation Failure) [PSYoungGen: 11060K->2849K(14336K)] 22384K->14189K(41472K), 0.0009488 secs] [Times: user=0.00 sys=0.00, real=0.00 secs] 
29.397: [GC (Allocation Failure) [PSYoungGen: 9992K->224K(14336K)] 21332K->11572K(41472K), 0.0004992 secs] [Times: user=0.00 sys=0.00, real=0.00 secs] 
29.398: [GC (Allocation Failure) [PSYoungGen: 7378K->7139K(14336K)] 18726K->18663K(41472K), 0.0013103 secs] [Times: user=0.00 sys=0.00, real=0.00 secs] 
29.400: [GC (Allocation Failure) [PSYoungGen: 14293K->6307K(14336K)] 25818K->17831K(41472K), 0.0009100 secs] [Times: user=0.00 sys=0.00, real=0.00 secs] 
29.445: [GC (Allocation Failure) [PSYoungGen: 13461K->5250K(14336K)] 24985K->16782K(41472K), 0.0011409 secs] [Times: user=0.00 sys=0.00, real=0.00 secs] 
29.492: [GC (Allocation Failure) [PSYoungGen: 12404K->4194K(14336K)] 23937K->15734K(41472K), 0.0012437 secs] [Times: user=0.00 sys=0.00, real=0.00 secs] 
29.494: [GC (Allocation Failure) [PSYoungGen: 11348K->3137K(14336K)] 22888K->14693K(41472K), 0.0008555 secs] [Times: user=0.00 sys=0.00, real=0.00 secs] 
29.538: [GC (Allocation Failure) [PSYoungGen: 10291K->2080K(14336K)] 21848K->13653K(41472K), 0.0007962 secs] [Times: user=0.00 sys=0.00, real=0.00 secs] 
29.600: [GC (Allocation Failure) [PSYoungGen: 9235K->1024K(14336K)] 20807K->12604K(41472K), 0.0006319 secs] [Times: user=0.00 sys=0.00, real=0.00 secs] 
29.601: [GC (Allocation Failure) [PSYoungGen: 8178K->7139K(14336K)] 19759K->19696K(41472K), 0.0009801 secs] [Times: user=0.00 sys=0.00, real=0.00 secs] 
29.603: [GC (Allocation Failure) [PSYoungGen: 14278K->6595K(14336K)] 26834K->19151K(41472K), 0.0008841 secs] [Times: user=0.00 sys=0.00, real=0.00 secs] 
29.648: [GC (Allocation Failure) [PSYoungGen: 13732K->4450K(14336K)] 26289K->17014K(41472K), 0.0011821 secs] [Times: user=0.00 sys=0.00, real=0.00 secs] 
29.695: [GC (Allocation Failure) [PSYoungGen: 11604K->3393K(14336K)] 24169K->15974K(41472K), 0.0006853 secs] [Times: user=0.00 sys=0.00, real=0.00 secs] 
29.696: [GC (Allocation Failure) [PSYoungGen: 10548K->2337K(14336K)] 23128K->14933K(41472K), 0.0006716 secs] [Times: user=0.00 sys=0.00, real=0.00 secs] 
29.742: [GC (Allocation Failure) [PSYoungGen: 9491K->1280K(14336K)] 22088K->13885K(41472K), 0.0005102 secs] [Times: user=0.00 sys=0.00, real=0.00 secs] 
29.789: [GC (Allocation Failure) [PSYoungGen: 8435K->224K(14336K)] 21039K->12836K(41472K), 0.0002912 secs] [Times: user=0.00 sys=0.00, real=0.00 secs] 
29.790: [GC (Allocation Failure) [PSYoungGen: 7378K->7139K(14336K)] 19991K->19928K(41472K), 0.0010456 secs] [Times: user=0.00 sys=0.00, real=0.00 secs] 
29.792: [GC (Allocation Failure) [PSYoungGen: 14293K->6307K(14336K)] 27082K->19095K(41472K), 0.0009313 secs] [Times: user=0.00 sys=0.00, real=0.00 secs] 
29.837: [GC (Allocation Failure) [PSYoungGen: 13444K->4226K(14336K)] 26233K->17030K(41472K), 0.0007485 secs] [Times: user=0.00 sys=0.00, real=0.00 secs] 
29.900: [GC (Allocation Failure) [PSYoungGen: 11380K->3137K(14336K)] 24185K->15950K(41472K), 0.0005858 secs] [Times: user=0.00 sys=0.00, real=0.00 secs] 
29.901: [GC (Allocation Failure) [PSYoungGen: 10291K->2080K(14336K)] 23104K->14901K(41472K), 0.0004218 secs] [Times: user=0.00 sys=0.00, real=0.00 secs] 
29.946: [GC (Allocation Failure) [PSYoungGen: 9235K->1024K(14336K)] 22056K->13853K(41472K), 0.0007481 secs] [Times: user=0.00 sys=0.00, real=0.00 secs] 
29.947: [GC (Allocation Failure) [PSYoungGen: 8178K->7139K(14336K)] 21007K->20944K(41472K), 0.0012086 secs] [Times: user=0.00 sys=0.00, real=0.00 secs] 
29.992: [GC (Allocation Failure) [PSYoungGen: 14293K->7107K(14336K)] 28099K->20912K(41472K), 0.0016444 secs] [Times: user=0.00 sys=0.00, real=0.00 secs] 
29.994: [GC (Allocation Failure) [PSYoungGen: 14261K->6050K(14336K)] 28067K->19872K(41472K), 0.0008193 secs] [Times: user=0.00 sys=0.00, real=0.00 secs] 
30.038: [GC (Allocation Failure) [PSYoungGen: 13205K->4994K(14336K)] 27026K->18831K(41472K), 0.0007081 secs] [Times: user=0.00 sys=0.00, real=0.00 secs] 
30.100: [GC (Allocation Failure) [PSYoungGen: 12148K->3937K(14336K)] 25986K->17783K(41472K), 0.0007942 secs] [Times: user=0.00 sys=0.00, real=0.00 secs] 
30.101: [GC (Allocation Failure) [PSYoungGen: 11092K->2881K(14336K)] 24937K->16734K(41472K), 0.0005345 secs] [Times: user=0.00 sys=0.00, real=0.00 secs] 
30.102: [GC (Allocation Failure) [PSYoungGen: 10049K->160K(14336K)] 23902K->14021K(41472K), 0.0004884 secs] [Times: user=0.00 sys=0.00, real=0.00 secs] 
30.147: [GC (Allocation Failure) [PSYoungGen: 7297K->6755K(14336K)] 21158K->20648K(41472K), 0.0011022 secs] [Times: user=0.00 sys=0.00, real=0.00 secs] 
30.194: [GC (Allocation Failure) [PSYoungGen: 13909K->5698K(14336K)] 27802K->19607K(41472K), 0.0011568 secs] [Times: user=0.00 sys=0.00, real=0.00 secs] 
30.195: [GC (Allocation Failure) [PSYoungGen: 12852K->4642K(14336K)] 26762K->18559K(41472K), 0.0006943 secs] [Times: user=0.00 sys=0.00, real=0.00 secs] 
30.240: [GC (Allocation Failure) [PSYoungGen: 11796K->3585K(14336K)] 25713K->17518K(41472K), 0.0007645 secs] [Times: user=0.00 sys=0.00, real=0.00 secs] 
30.287: [GC (Allocation Failure) [PSYoungGen: 10740K->2529K(14336K)] 24673K->16470K(41472K), 0.0005599 secs] [Times: user=0.00 sys=0.00, real=0.00 secs] 
30.288: [GC (Allocation Failure) [PSYoungGen: 9683K->1472K(14336K)] 23624K->15429K(41472K), 0.0005170 secs] [Times: user=0.00 sys=0.00, real=0.00 secs] 
30.349: [GC (Allocation Failure) [PSYoungGen: 8627K->416K(14336K)] 22584K->14381K(41472K), 0.0006554 secs] [Times: user=0.00 sys=0.00, real=0.00 secs] 
30.351: [GC (Allocation Failure) [PSYoungGen: 7570K->7139K(14336K)] 21535K->21472K(41472K), 0.0008528 secs] [Times: user=0.00 sys=0.00, real=0.00 secs] 
30.395: [GC (Allocation Failure) [PSYoungGen: 14277K->5474K(14336K)] 28610K->19808K(41472K), 0.0008135 secs] [Times: user=0.00 sys=0.00, real=0.00 secs] 
30.396: [GC (Allocation Failure) [PSYoungGen: 12629K->4386K(14336K)] 26962K->18735K(41472K), 0.0007524 secs] [Times: user=0.03 sys=0.00, real=0.00 secs] 
30.441: [GC (Allocation Failure) [PSYoungGen: 11540K->3329K(14336K)] 25889K->17686K(41472K), 0.0009102 secs] [Times: user=0.00 sys=0.00, real=0.00 secs] 
30.489: [GC (Allocation Failure) [PSYoungGen: 10484K->2273K(14336K)] 24841K->16638K(41472K), 0.0006502 secs] [Times: user=0.00 sys=0.00, real=0.00 secs] 
30.490: [GC (Allocation Failure) [PSYoungGen: 9427K->1216K(14336K)] 23792K->15597K(41472K), 0.0005344 secs] [Times: user=0.00 sys=0.00, real=0.00 secs] 
30.551: [GC (Allocation Failure) [PSYoungGen: 8371K->160K(14336K)] 22752K->14557K(41472K), 0.0005510 secs] [Times: user=0.00 sys=0.00, real=0.00 secs] 
30.552: [GC (Allocation Failure) [PSYoungGen: 7314K->7139K(14336K)] 21711K->21648K(41472K), 0.0009067 secs] [Times: user=0.00 sys=0.00, real=0.00 secs] 
30.599: [GC (Allocation Failure) [PSYoungGen: 14293K->6243K(14336K)] 28803K->20752K(41472K), 0.0008205 secs] [Times: user=0.03 sys=0.00, real=0.00 secs] 
30.600: [GC (Allocation Failure) [PSYoungGen: 13386K->3617K(14336K)] 27895K->18135K(41472K), 0.0007082 secs] [Times: user=0.00 sys=0.00, real=0.00 secs] 
30.645: [GC (Allocation Failure) [PSYoungGen: 10772K->2561K(14336K)] 25289K->17086K(41472K), 0.0007251 secs] [Times: user=0.00 sys=0.00, real=0.00 secs] 
30.692: [GC (Allocation Failure) [PSYoungGen: 9715K->1504K(14336K)] 24241K->16046K(41472K), 0.0006479 secs] [Times: user=0.00 sys=0.00, real=0.00 secs] 
30.693: [GC (Allocation Failure) [PSYoungGen: 8659K->448K(14336K)] 23200K->14997K(41472K), 0.0004790 secs] [Times: user=0.00 sys=0.00, real=0.00 secs] 
30.694: [GC (Allocation Failure) [PSYoungGen: 7602K->7139K(14336K)] 22152K->22089K(41472K), 0.0011928 secs] [Times: user=0.00 sys=0.00, real=0.00 secs] 
30.739: [GC (Allocation Failure) [PSYoungGen: 14293K->6531K(14336K)] 29243K->21480K(41472K), 0.0008955 secs] [Times: user=0.02 sys=0.00, real=0.00 secs] 
30.786: [GC (Allocation Failure) [PSYoungGen: 13685K->5474K(14336K)] 28635K->20440K(41472K), 0.0007922 secs] [Times: user=0.02 sys=0.00, real=0.00 secs] 
30.788: [GC (Allocation Failure) [PSYoungGen: 12629K->4418K(14336K)] 27594K->19391K(41472K), 0.0007788 secs] [Times: user=0.00 sys=0.00, real=0.00 secs] 
30.849: [GC (Allocation Failure) [PSYoungGen: 11572K->3361K(14336K)] 26546K->18343K(41472K), 0.0007225 secs] [Times: user=0.00 sys=0.00, real=0.00 secs] 
30.895: [GC (Allocation Failure) [PSYoungGen: 10509K->736K(14336K)] 25491K->15725K(41472K), 0.0006790 secs] [Times: user=0.00 sys=0.00, real=0.00 secs] 
30.896: [GC (Allocation Failure) [PSYoungGen: 7890K->7139K(14336K)] 22880K->22825K(41472K), 0.0010020 secs] [Times: user=0.00 sys=0.00, real=0.00 secs] 
30.897: [GC (Allocation Failure) [PSYoungGen: 14293K->6819K(14336K)] 29979K->22505K(41472K), 0.0008774 secs] [Times: user=0.00 sys=0.00, real=0.00 secs] 
30.942: [GC (Allocation Failure) [PSYoungGen: 13973K->5762K(14336K)] 29659K->21464K(41472K), 0.0012200 secs] [Times: user=0.00 sys=0.00, real=0.00 secs] 
30.989: [GC (Allocation Failure) [PSYoungGen: 12917K->4706K(14336K)] 28619K->20416K(41472K), 0.0007478 secs] [Times: user=0.00 sys=0.00, real=0.00 secs] 
30.990: [GC (Allocation Failure) [PSYoungGen: 11860K->3649K(14336K)] 27570K->19375K(41472K), 0.0006856 secs] [Times: user=0.00 sys=0.00, real=0.00 secs] 
31.051: [GC (Allocation Failure) [PSYoungGen: 10804K->2593K(14336K)] 26530K->18327K(41472K), 0.0008288 secs] [Times: user=0.00 sys=0.00, real=0.00 secs] 
31.097: [GC (Allocation Failure) [PSYoungGen: 9747K->1536K(14336K)] 25481K->17278K(41472K), 0.0004322 secs] [Times: user=0.00 sys=0.00, real=0.00 secs] 
31.099: [GC (Allocation Failure) [PSYoungGen: 8691K->480K(14336K)] 24433K->16238K(41472K), 0.0004893 secs] [Times: user=0.00 sys=0.00, real=0.00 secs] 
31.099: [GC (Allocation Failure) [PSYoungGen: 7634K->7139K(14336K)] 23392K->23329K(41472K), 0.0011818 secs] [Times: user=0.00 sys=0.00, real=0.00 secs] 
31.144: [GC (Allocation Failure) [PSYoungGen: 14286K->4930K(14336K)] 30476K->21120K(41472K), 0.0007614 secs] [Times: user=0.00 sys=0.00, real=0.00 secs] 
31.191: [GC (Allocation Failure) [PSYoungGen: 12084K->3809K(14336K)] 28274K->20015K(41472K), 0.0008005 secs] [Times: user=0.00 sys=0.00, real=0.00 secs] 
31.192: [GC (Allocation Failure) [PSYoungGen: 10964K->2753K(14336K)] 27170K->18975K(41472K), 0.0006593 secs] [Times: user=0.00 sys=0.00, real=0.00 secs] 
31.237: [GC (Allocation Failure) [PSYoungGen: 9907K->1696K(14336K)] 26129K->17926K(41472K), 0.0006404 secs] [Times: user=0.00 sys=0.00, real=0.00 secs] 
31.299: [GC (Allocation Failure) [PSYoungGen: 8851K->640K(14336K)] 25081K->16886K(41472K), 0.0007003 secs] [Times: user=0.00 sys=0.00, real=0.00 secs] 
31.300: [GC (Allocation Failure) [PSYoungGen: 7794K->7139K(14336K)] 24040K->23977K(41472K), 0.0010129 secs] [Times: user=0.00 sys=0.00, real=0.00 secs] 
31.302: [GC (Allocation Failure) [PSYoungGen: 14293K->6723K(14336K)] 31132K->23561K(41472K), 0.0008968 secs] [Times: user=0.00 sys=0.00, real=0.00 secs] 
31.345: [GC (Allocation Failure) [PSYoungGen: 13877K->5666K(14336K)] 30716K->22513K(41472K), 0.0008890 secs] [Times: user=0.00 sys=0.00, real=0.00 secs] 
31.392: [GC (Allocation Failure) [PSYoungGen: 12804K->3617K(14336K)] 29650K->20480K(41472K), 0.0007264 secs] [Times: user=0.00 sys=0.00, real=0.00 secs] 
31.393: [GC (Allocation Failure) [PSYoungGen: 10772K->2497K(14336K)] 27634K->19375K(41472K), 0.0007309 secs] [Times: user=0.00 sys=0.00, real=0.00 secs] 
31.439: [GC (Allocation Failure) [PSYoungGen: 9651K->1440K(14336K)] 26530K->18327K(41472K), 0.0004971 secs] [Times: user=0.00 sys=0.00, real=0.00 secs] 
31.487: [GC (Allocation Failure) [PSYoungGen: 8595K->384K(14336K)] 25481K->17286K(41472K), 0.0004877 secs] [Times: user=0.00 sys=0.00, real=0.00 secs] 
31.488: [GC (Allocation Failure) [PSYoungGen: 7538K->7139K(14336K)] 24441K->24378K(41472K), 0.0010821 secs] [Times: user=0.00 sys=0.00, real=0.00 secs] 
31.489: [GC (Allocation Failure) [PSYoungGen: 14293K->6467K(14336K)] 31532K->23705K(41472K), 0.0008551 secs] [Times: user=0.00 sys=0.00, real=0.00 secs] 
31.549: [GC (Allocation Failure) [PSYoungGen: 13621K->5410K(14336K)] 30860K->22657K(41472K), 0.0008104 secs] [Times: user=0.00 sys=0.00, real=0.00 secs] 
31.598: [GC (Allocation Failure) [PSYoungGen: 12565K->4354K(14336K)] 29811K->21616K(41472K), 0.0008658 secs] [Times: user=0.00 sys=0.00, real=0.00 secs] 
31.599: [GC (Allocation Failure) [PSYoungGen: 11497K->1760K(14336K)] 28759K->19039K(41472K), 0.0004844 secs] [Times: user=0.00 sys=0.00, real=0.00 secs] 
31.645: [GC (Allocation Failure) [PSYoungGen: 8928K->160K(14336K)] 26207K->17446K(41472K), 0.0004757 secs] [Times: user=0.00 sys=0.00, real=0.00 secs] 
31.646: [GC (Allocation Failure) [PSYoungGen: 7314K->7139K(14336K)] 24601K->24546K(41472K), 0.0012664 secs] [Times: user=0.02 sys=0.00, real=0.00 secs] 
31.691: [GC (Allocation Failure) [PSYoungGen: 14293K->6243K(14336K)] 31700K->23649K(41472K), 0.0009356 secs] [Times: user=0.00 sys=0.00, real=0.00 secs] 
31.693: [GC (Allocation Failure) [PSYoungGen: 13397K->5186K(14336K)] 30803K->22609K(41472K), 0.0008488 secs] [Times: user=0.02 sys=0.00, real=0.00 secs] 
31.737: [GC (Allocation Failure) [PSYoungGen: 12340K->4129K(14336K)] 29763K->21560K(41472K), 0.0008407 secs] [Times: user=0.00 sys=0.00, real=0.00 secs] 
31.799: [GC (Allocation Failure) [PSYoungGen: 11284K->3073K(14336K)] 28715K->20520K(41472K), 0.0006252 secs] [Times: user=0.00 sys=0.00, real=0.00 secs] 
31.800: [GC (Allocation Failure) [PSYoungGen: 10227K->2016K(14336K)] 27674K->19479K(41472K), 0.0007172 secs] [Times: user=0.00 sys=0.00, real=0.00 secs] 
31.846: [GC (Allocation Failure) [PSYoungGen: 9179K->1248K(14336K)] 26642K->18726K(41472K), 0.0005384 secs] [Times: user=0.00 sys=0.00, real=0.00 secs] 
31.847: [GC (Allocation Failure) [PSYoungGen: 8401K->7075K(14336K)] 25880K->24562K(41472K), 0.0010340 secs] [Times: user=0.00 sys=0.00, real=0.00 secs] 
31.893: [GC (Allocation Failure) [PSYoungGen: 14229K->6018K(14336K)] 31716K->23513K(41472K), 0.0008606 secs] [Times: user=0.00 sys=0.00, real=0.00 secs] 
31.894: [GC (Allocation Failure) [PSYoungGen: 13173K->4962K(14336K)] 30667K->22473K(41472K), 0.0008904 secs] [Times: user=0.00 sys=0.00, real=0.00 secs] 
31.940: [GC (Allocation Failure) [PSYoungGen: 12116K->3905K(14336K)] 29627K->21424K(41472K), 0.0006702 secs] [Times: user=0.00 sys=0.00, real=0.00 secs] 
31.986: [GC (Allocation Failure) [PSYoungGen: 11060K->2849K(14336K)] 28578K->20384K(41472K), 0.0005572 secs] [Times: user=0.00 sys=0.00, real=0.00 secs] 
31.987: [GC (Allocation Failure) [PSYoungGen: 10003K->1792K(14336K)] 27538K->19335K(41472K), 0.0005453 secs] [Times: user=0.00 sys=0.00, real=0.00 secs] 
32.048: [GC (Allocation Failure) [PSYoungGen: 8947K->736K(14336K)] 26489K->18286K(41472K), 0.0004909 secs] [Times: user=0.00 sys=0.00, real=0.00 secs] 
32.049: [GC (Allocation Failure) [PSYoungGen: 7890K->7139K(14336K)] 25441K->25378K(41472K), 0.0009976 secs] [Times: user=0.00 sys=0.00, real=0.00 secs] 
32.095: [GC (Allocation Failure) [PSYoungGen: 14293K->6819K(14336K)] 32532K->25058K(41472K), 0.0010341 secs] [Times: user=0.00 sys=0.00, real=0.00 secs] 
32.096: [GC (Allocation Failure) [PSYoungGen: 13973K->5762K(14336K)] 32212K->24009K(41472K), 0.0008478 secs] [Times: user=0.00 sys=0.00, real=0.00 secs] 
32.142: [GC (Allocation Failure) [PSYoungGen: 12909K->3041K(14336K)] 31156K->21304K(41472K), 0.0007241 secs] [Times: user=0.00 sys=0.00, real=0.00 secs] 
32.187: [GC (Allocation Failure) [PSYoungGen: 10195K->1952K(14336K)] 28458K->20231K(41472K), 0.0006145 secs] [Times: user=0.00 sys=0.00, real=0.00 secs] 
32.188: [GC (Allocation Failure) [PSYoungGen: 9107K->896K(14336K)] 27386K->19183K(41472K), 0.0004821 secs] [Times: user=0.00 sys=0.00, real=0.00 secs] 
32.189: [GC (Allocation Failure) [PSYoungGen: 8050K->7139K(14336K)] 26337K->26274K(41472K), 0.0015283 secs] [Times: user=0.00 sys=0.00, real=0.00 secs] 
32.250: [GC (Allocation Failure) [PSYoungGen: 14293K->6979K(14336K)] 33429K->26114K(41472K), 0.0009975 secs] [Times: user=0.00 sys=0.00, real=0.00 secs] 
32.297: [GC (Allocation Failure) [PSYoungGen: 14133K->5922K(14336K)] 33269K->25074K(41472K), 0.0010356 secs] [Times: user=0.00 sys=0.00, real=0.00 secs] 
32.299: [GC (Allocation Failure) [PSYoungGen: 13077K->4866K(14336K)] 32228K->24025K(41472K), 0.0007746 secs] [Times: user=0.00 sys=0.00, real=0.00 secs] 
32.344: [GC (Allocation Failure) [PSYoungGen: 12020K->3809K(14336K)] 31180K->22985K(41472K), 0.0011475 secs] [Times: user=0.00 sys=0.00, real=0.00 secs] 
32.390: [GC (Allocation Failure) [PSYoungGen: 10952K->1216K(14336K)] 30128K->20399K(41472K), 0.0009086 secs] [Times: user=0.00 sys=0.00, real=0.00 secs] 
32.392: [GC (Allocation Failure) [PSYoungGen: 8370K->128K(14336K)] 27554K->19327K(41472K), 0.0003728 secs] [Times: user=0.00 sys=0.00, real=0.00 secs] 
32.393: [GC (Allocation Failure) [PSYoungGen: 7282K->7139K(14336K)] 26481K->26418K(41472K), 0.0008790 secs] [Times: user=0.00 sys=0.00, real=0.00 secs] 
32.437: [GC (Allocation Failure) [PSYoungGen: 14293K->6211K(14336K)] 33573K->25490K(41472K), 0.0008774 secs] [Times: user=0.00 sys=0.00, real=0.00 secs] 
32.501: [GC (Allocation Failure) [PSYoungGen: 13365K->5122K(14336K)] 32644K->24409K(41472K), 0.0499362 secs] [Times: user=0.00 sys=0.00, real=0.05 secs] 
32.552: [GC (Allocation Failure) [PSYoungGen: 12276K->4097K(14336K)] 31564K->23393K(41472K), 0.0026456 secs] [Times: user=0.00 sys=0.00, real=0.00 secs] 
32.556: [GC (Allocation Failure) [PSYoungGen: 11252K->3009K(14336K)] 30547K->22312K(41472K), 0.0082978 secs] [Times: user=0.01 sys=0.00, real=0.01 secs] 
32.596: [GC (Allocation Failure) [PSYoungGen: 10163K->1952K(14336K)] 29467K->21264K(41472K), 0.0160627 secs] [Times: user=0.02 sys=0.00, real=0.02 secs] 
32.615: [GC (Allocation Failure) [PSYoungGen: 9107K->928K(14336K)] 28418K->20247K(41472K), 0.0060917 secs] [Times: user=0.00 sys=0.00, real=0.01 secs] 
32.622: [GC (Allocation Failure) [PSYoungGen: 8082K->7139K(14336K)] 27402K->27339K(41472K), 0.0015153 secs] [Times: user=0.00 sys=0.00, real=0.00 secs] 
32.642: [GC (Allocation Failure) [PSYoungGen: 14282K->5474K(14336K)] 34482K->25674K(41472K), 0.0008334 secs] [Times: user=0.00 sys=0.00, real=0.00 secs] 
32.689: [GC (Allocation Failure) [PSYoungGen: 12629K->4386K(14336K)] 32828K->24609K(41472K), 0.0009932 secs] [Times: user=0.00 sys=0.00, real=0.00 secs] 
32.691: [GC (Allocation Failure) [PSYoungGen: 11540K->3329K(14336K)] 31764K->23569K(41472K), 0.0006646 secs] [Times: user=0.00 sys=0.00, real=0.00 secs] 
32.737: [GC (Allocation Failure) [PSYoungGen: 10484K->2273K(14336K)] 30723K->22520K(41472K), 0.0005642 secs] [Times: user=0.00 sys=0.00, real=0.00 secs] 
32.799: [GC (Allocation Failure) [PSYoungGen: 9427K->1216K(14336K)] 29675K->21472K(41472K), 0.0007287 secs] [Times: user=0.00 sys=0.00, real=0.00 secs] 
32.800: [GC (Allocation Failure) [PSYoungGen: 8371K->160K(14336K)] 28626K->20423K(41472K), 0.0003236 secs] [Times: user=0.00 sys=0.00, real=0.00 secs] 
32.801: [GC (Allocation Failure) [PSYoungGen: 7314K->7139K(14336K)] 27578K->27515K(41472K), 0.0009710 secs] [Times: user=0.00 sys=0.00, real=0.00 secs] 
32.845: [GC (Allocation Failure) [PSYoungGen: 14293K->6243K(14336K)] 34669K->26618K(41472K), 0.0008671 secs] [Times: user=0.00 sys=0.00, real=0.00 secs] 
32.892: [GC (Allocation Failure) [PSYoungGen: 13380K->4129K(14336K)] 33756K->24513K(41472K), 0.0009188 secs] [Times: user=0.00 sys=0.00, real=0.00 secs] 
32.893: [GC (Allocation Failure) [PSYoungGen: 11284K->3073K(14336K)] 31668K->23473K(41472K), 0.0005725 secs] [Times: user=0.00 sys=0.00, real=0.00 secs] 
32.939: [GC (Allocation Failure) [PSYoungGen: 10227K->2016K(14336K)] 30627K->22432K(41472K), 0.0006887 secs] [Times: user=0.00 sys=0.00, real=0.00 secs] 
33.000: [GC (Allocation Failure) [PSYoungGen: 9171K->960K(14336K)] 29587K->21384K(41472K), 0.0007024 secs] [Times: user=0.00 sys=0.00, real=0.00 secs] 
33.002: [GC (Allocation Failure) [PSYoungGen: 8114K->7139K(14336K)] 28538K->28475K(41472K), 0.0009538 secs] [Times: user=0.00 sys=0.00, real=0.00 secs] 
33.003: [GC (Allocation Failure) [PSYoungGen: 14293K->7043K(14336K)] 35630K->28379K(41472K), 0.0009231 secs] [Times: user=0.00 sys=0.00, real=0.00 secs] 
33.046: [GC (Allocation Failure) [PSYoungGen: 14197K->5986K(14336K)] 35534K->27339K(41472K), 0.0007848 secs] [Times: user=0.00 sys=0.00, real=0.00 secs] 
33.092: [GC (Allocation Failure) [PSYoungGen: 13141K->4930K(14336K)] 34493K->26290K(41472K), 0.0010973 secs] [Times: user=0.00 sys=0.00, real=0.00 secs] 
33.094: [GC (Allocation Failure) [PSYoungGen: 12084K->3873K(14336K)] 33445K->25242K(41472K), 0.0006712 secs] [Times: user=0.00 sys=0.00, real=0.00 secs] 
33.139: [GC (Allocation Failure) [PSYoungGen: 11027K->672K(14336K)] 32395K->22056K(41472K), 0.0004207 secs] [Times: user=0.00 sys=0.00, real=0.00 secs] 
33.140: [GC (Allocation Failure) [PSYoungGen: 7826K->7139K(14336K)] 29211K->29100K(41472K), 0.0009076 secs] [Times: user=0.00 sys=0.00, real=0.00 secs] 
33.187: [GC (Allocation Failure) [PSYoungGen: 14293K->6691K(14336K)] 36254K->28651K(41472K), 0.0010326 secs] [Times: user=0.00 sys=0.00, real=0.00 secs] 
33.189: [GC (Allocation Failure) [PSYoungGen: 13845K->5634K(14336K)] 35806K->27611K(41472K), 0.0008991 secs] [Times: user=0.00 sys=0.00, real=0.00 secs] 
33.248: [GC (Allocation Failure) [PSYoungGen: 12789K->4578K(14336K)] 34765K->26562K(41472K), 0.0007488 secs] [Times: user=0.00 sys=0.00, real=0.00 secs] 
33.294: [GC (Allocation Failure) [PSYoungGen: 11732K->3521K(14336K)] 33717K->25514K(41472K), 0.0008467 secs] [Times: user=0.00 sys=0.00, real=0.00 secs] 
33.295: [GC (Allocation Failure) [PSYoungGen: 10676K->2465K(14336K)] 32668K->24465K(41472K), 0.0006599 secs] [Times: user=0.00 sys=0.00, real=0.00 secs] 
33.340: [GC (Allocation Failure) [PSYoungGen: 9619K->1408K(14336K)] 31620K->23425K(41472K), 0.0005445 secs] [Times: user=0.00 sys=0.00, real=0.00 secs] 
33.342: [GC (Allocation Failure) [PSYoungGen: 8570K->480K(14336K)] 30586K->22504K(41472K), 0.0007660 secs] [Times: user=0.00 sys=0.00, real=0.00 secs] 
33.387: [GC (Allocation Failure) [PSYoungGen: 7634K->6467K(14336K)] 29659K->28499K(41472K), 0.0008883 secs] [Times: user=0.00 sys=0.00, real=0.00 secs] 
33.389: [GC (Allocation Failure) [PSYoungGen: 13621K->5410K(14336K)] 35654K->27451K(41472K), 0.0008129 secs] [Times: user=0.00 sys=0.00, real=0.00 secs] 
33.450: [GC (Allocation Failure) [PSYoungGen: 12565K->4354K(14336K)] 34605K->26410K(41472K), 0.0007781 secs] [Times: user=0.00 sys=0.00, real=0.00 secs] 
33.497: [GC (Allocation Failure) [PSYoungGen: 11508K->3297K(14336K)] 33565K->25362K(41472K), 0.0007963 secs] [Times: user=0.00 sys=0.00, real=0.00 secs] 
33.498: [GC (Allocation Failure) [PSYoungGen: 10452K->2241K(14336K)] 32516K->24313K(41472K), 0.0006485 secs] [Times: user=0.00 sys=0.00, real=0.00 secs] 
33.544: [GC (Allocation Failure) [PSYoungGen: 9395K->1184K(14336K)] 31468K->23265K(41472K), 0.0006460 secs] [Times: user=0.00 sys=0.00, real=0.00 secs] 
33.592: [GC (Allocation Failure) [PSYoungGen: 8339K->128K(14336K)] 30419K->22224K(41472K), 0.0006297 secs] [Times: user=0.00 sys=0.00, real=0.00 secs] 
33.593: [GC (Allocation Failure) [PSYoungGen: 7282K->7139K(14336K)] 29379K->29316K(41472K), 0.0010041 secs] [Times: user=0.00 sys=0.00, real=0.00 secs] 
33.595: [GC (Allocation Failure) [PSYoungGen: 14293K->6211K(14336K)] 36470K->28387K(41472K), 0.0010120 secs] [Times: user=0.00 sys=0.00, real=0.00 secs] 
33.639: [GC (Allocation Failure) [PSYoungGen: 13354K->3649K(14336K)] 35530K->25842K(41472K), 0.0007097 secs] [Times: user=0.00 sys=0.00, real=0.00 secs] 
33.701: [GC (Allocation Failure) [PSYoungGen: 10804K->2529K(14336K)] 32996K->24737K(41472K), 0.0007658 secs] [Times: user=0.00 sys=0.00, real=0.00 secs] 
33.703: [GC (Allocation Failure) [PSYoungGen: 9683K->1472K(14336K)] 31892K->23689K(41472K), 0.0004651 secs] [Times: user=0.00 sys=0.00, real=0.00 secs] 
33.748: [GC (Allocation Failure) [PSYoungGen: 8627K->416K(14336K)] 30843K->22648K(41472K), 0.0005248 secs] [Times: user=0.00 sys=0.00, real=0.00 secs] 
33.749: [GC (Allocation Failure) [PSYoungGen: 7570K->7139K(14336K)] 29803K->29740K(41472K), 0.0011648 secs] [Times: user=0.00 sys=0.00, real=0.00 secs] 
33.795: [GC (Allocation Failure) [PSYoungGen: 14293K->6499K(14336K)] 36894K->29099K(41472K), 0.0007505 secs] [Times: user=0.00 sys=0.00, real=0.00 secs] 
33.797: [GC (Allocation Failure) [PSYoungGen: 13653K->5442K(14336K)] 36254K->28051K(41472K), 0.0009762 secs] [Times: user=0.00 sys=0.00, real=0.00 secs] 
33.842: [GC (Allocation Failure) [PSYoungGen: 12597K->4386K(14336K)] 35205K->27010K(41472K), 0.0009110 secs] [Times: user=0.00 sys=0.00, real=0.00 secs] 
33.889: [GC (Allocation Failure) [PSYoungGen: 11529K->1792K(14336K)] 34153K->24425K(41472K), 0.0006308 secs] [Times: user=0.00 sys=0.00, real=0.00 secs] 
33.890: [GC (Allocation Failure) [PSYoungGen: 8947K->704K(14336K)] 31579K->23353K(41472K), 0.0003860 secs] [Times: user=0.00 sys=0.00, real=0.00 secs] 
33.891: [GC (Allocation Failure) [PSYoungGen: 7858K->7139K(14336K)] 30507K->30444K(41472K), 0.0012445 secs] [Times: user=0.00 sys=0.00, real=0.00 secs] 
33.951: [GC (Allocation Failure) [PSYoungGen: 14293K->6787K(14336K)] 37599K->30092K(41472K), 0.0008960 secs] [Times: user=0.00 sys=0.00, real=0.00 secs] 
33.998: [GC (Allocation Failure) [PSYoungGen: 13941K->5730K(14336K)] 37246K->29043K(41472K), 0.0009695 secs] [Times: user=0.00 sys=0.00, real=0.00 secs] 
33.999: [GC (Allocation Failure) [PSYoungGen: 12885K->4674K(14336K)] 36198K->28003K(41472K), 0.0007134 secs] [Times: user=0.00 sys=0.00, real=0.00 secs] 
34.044: [GC (Allocation Failure) [PSYoungGen: 11828K->3617K(14336K)] 35157K->26954K(41472K), 0.0005828 secs] [Times: user=0.00 sys=0.00, real=0.00 secs] 
34.092: [GC (Allocation Failure) [PSYoungGen: 10772K->2561K(14336K)] 34109K->25914K(41472K), 0.0006749 secs] [Times: user=0.00 sys=0.00, real=0.00 secs] 
34.094: [GC (Allocation Failure) [PSYoungGen: 9701K->864K(14336K)] 33054K->24233K(41472K), 0.0005510 secs] [Times: user=0.00 sys=0.00, real=0.00 secs] 
34.095: [GC (Allocation Failure) [PSYoungGen: 8018K->7139K(14336K)] 31388K->31292K(41472K), 0.0011144 secs] [Times: user=0.00 sys=0.00, real=0.00 secs] 
34.139: [GC (Allocation Failure) [PSYoungGen: 14276K->5890K(14336K)] 38430K->30044K(41472K), 0.0012763 secs] [Times: user=0.00 sys=0.00, real=0.00 secs] 
34.186: [GC (Allocation Failure) [PSYoungGen: 13045K->4802K(14336K)] 37198K->28963K(41472K), 0.0007184 secs] [Times: user=0.00 sys=0.00, real=0.00 secs] 
34.187: [GC (Allocation Failure) [PSYoungGen: 11956K->3745K(14336K)] 36118K->27915K(41472K), 0.0008462 secs] [Times: user=0.00 sys=0.00, real=0.00 secs] 
34.248: [GC (Allocation Failure) [PSYoungGen: 10900K->2689K(14336K)] 35069K->26874K(41472K), 0.0007851 secs] [Times: user=0.00 sys=0.00, real=0.00 secs] 
34.294: [GC (Allocation Failure) [PSYoungGen: 9843K->1632K(14336K)] 34029K->25826K(41472K), 0.0007366 secs] [Times: user=0.00 sys=0.00, real=0.00 secs] 
34.296: [GC (Allocation Failure) [PSYoungGen: 8787K->576K(14336K)] 32980K->24785K(41472K), 0.0004041 secs] [Times: user=0.00 sys=0.00, real=0.00 secs] 
34.297: [GC (Allocation Failure) [PSYoungGen: 7730K->7139K(14336K)] 31940K->31877K(41472K), 0.0009992 secs] [Times: user=0.00 sys=0.00, real=0.00 secs] 
34.341: [GC (Allocation Failure) [PSYoungGen: 14302K->5634K(14336K)] 39040K->30372K(41472K), 0.0009205 secs] [Times: user=0.00 sys=0.00, real=0.00 secs] 
34.388: [GC (Allocation Failure) [PSYoungGen: 12789K->4578K(14336K)] 37527K->29323K(41472K), 0.0008598 secs] [Times: user=0.00 sys=0.00, real=0.00 secs] 
34.390: [GC (Allocation Failure) [PSYoungGen: 11732K->3521K(14336K)] 36478K->28283K(41472K), 0.0005730 secs] [Times: user=0.00 sys=0.00, real=0.00 secs] 
34.451: [GC (Allocation Failure) [PSYoungGen: 10676K->2465K(14336K)] 35437K->27234K(41472K), 0.0007482 secs] [Times: user=0.00 sys=0.00, real=0.00 secs] 
34.497: [GC (Allocation Failure) [PSYoungGen: 9619K->1408K(14336K)] 34389K->26194K(41472K), 0.0005059 secs] [Times: user=0.00 sys=0.00, real=0.00 secs] 
34.498: [GC (Allocation Failure) [PSYoungGen: 8563K->352K(14336K)] 33348K->25153K(41472K), 0.0004035 secs] [Times: user=0.00 sys=0.00, real=0.00 secs] 
34.499: [GC (Allocation Failure) [PSYoungGen: 7506K->7139K(14336K)] 32308K->32245K(41472K), 0.0009424 secs] [Times: user=0.00 sys=0.00, real=0.00 secs] 
34.544: [GC (Allocation Failure) [PSYoungGen: 14293K->6435K(14336K)] 39399K->31540K(41472K), 0.0009284 secs] [Times: user=0.00 sys=0.00, real=0.00 secs] 
34.592: [GC (Allocation Failure) [PSYoungGen: 13589K->5378K(14336K)] 38695K->30500K(41472K), 0.0013366 secs] [Times: user=0.00 sys=0.00, real=0.00 secs] 
34.594: [GC (Allocation Failure) [PSYoungGen: 12533K->4322K(14336K)] 37654K->29451K(41472K), 0.0009633 secs] [Times: user=0.00 sys=0.00, real=0.00 secs] 
34.637: [GC (Allocation Failure) [PSYoungGen: 11474K->1184K(14336K)] 36604K->26322K(41472K), 0.0006862 secs] [Times: user=0.00 sys=0.00, real=0.00 secs] 
34.700: [GC (Allocation Failure) [PSYoungGen: 8338K->128K(14336K)] 33476K->25273K(41472K), 0.0007857 secs] [Times: user=0.00 sys=0.00, real=0.00 secs] 
34.701: [GC (Allocation Failure) [PSYoungGen: 7282K->7139K(14336K)] 32428K->32365K(41472K), 0.0009243 secs] [Times: user=0.00 sys=0.00, real=0.00 secs] 
34.703: [GC (Allocation Failure) [PSYoungGen: 14293K->6211K(14336K)] 39519K->31436K(41472K), 0.0017261 secs] [Times: user=0.00 sys=0.00, real=0.00 secs] 
34.747: [GC (Allocation Failure) [PSYoungGen: 13365K->5154K(14336K)] 38591K->30396K(41472K), 0.0011858 secs] [Times: user=0.00 sys=0.00, real=0.00 secs] 
34.793: [GC (Allocation Failure) [PSYoungGen: 12308K->4097K(14336K)] 37550K->29347K(41472K), 0.0006928 secs] [Times: user=0.00 sys=0.00, real=0.00 secs] 
34.794: [GC (Allocation Failure) [PSYoungGen: 11252K->3041K(14336K)] 36502K->28307K(41472K), 0.0008844 secs] [Times: user=0.00 sys=0.00, real=0.00 secs] 
34.840: [GC (Allocation Failure) [PSYoungGen: 10195K->1984K(14336K)] 35461K->27266K(41472K), 0.0005729 secs] [Times: user=0.00 sys=0.00, real=0.00 secs] 
34.841: [GC (Allocation Failure) [PSYoungGen: 9147K->1184K(14336K)] 34429K->26473K(41472K), 0.0005670 secs] [Times: user=0.00 sys=0.00, real=0.00 secs] 
34.888: [GC (Allocation Failure) [PSYoungGen: 8337K->7043K(14336K)] 33627K->32341K(41472K), 0.0016371 secs] [Times: user=0.00 sys=0.00, real=0.00 secs] 
34.890: [GC (Allocation Failure) [PSYoungGen: 14197K->5986K(14336K)] 39495K->31300K(41472K), 0.0011747 secs] [Times: user=0.00 sys=0.00, real=0.00 secs] 
34.950: [GC (Allocation Failure) [PSYoungGen: 13141K->4930K(14336K)] 38455K->30260K(41472K), 0.0009050 secs] [Times: user=0.00 sys=0.00, real=0.00 secs] 
34.997: [GC (Allocation Failure) [PSYoungGen: 12084K->3873K(14336K)] 37414K->29219K(41472K), 0.0008451 secs] [Times: user=0.00 sys=0.00, real=0.00 secs] 
34.998: [GC (Allocation Failure) [PSYoungGen: 11028K->2817K(14336K)] 36374K->28179K(41472K), 0.0005978 secs] [Times: user=0.00 sys=0.00, real=0.00 secs] 
35.044: [GC (Allocation Failure) [PSYoungGen: 9971K->1760K(14336K)] 35333K->27138K(41472K), 0.0004982 secs] [Times: user=0.00 sys=0.00, real=0.00 secs] 
35.090: [GC (Allocation Failure) [PSYoungGen: 8915K->672K(14336K)] 34293K->26066K(41472K), 0.0007008 secs] [Times: user=0.00 sys=0.00, real=0.00 secs] 
35.092: [GC (Allocation Failure) [PSYoungGen: 7826K->7139K(14336K)] 33220K->33189K(41472K), 0.0008766 secs] [Times: user=0.00 sys=0.00, real=0.00 secs] 
35.093: [GC (Allocation Failure) [PSYoungGen: 14293K->6787K(14336K)] 40344K->32837K(41472K), 0.0013015 secs] [Times: user=0.00 sys=0.00, real=0.00 secs] 
35.137: [GC (Allocation Failure) [PSYoungGen: 13931K->4097K(14336K)] 39981K->30164K(41472K), 0.0007782 secs] [Times: user=0.00 sys=0.00, real=0.00 secs] 
35.200: [GC (Allocation Failure) [PSYoungGen: 11252K->2977K(14336K)] 37318K->29059K(41472K), 0.0010736 secs] [Times: user=0.00 sys=0.00, real=0.00 secs] 
35.202: [GC (Allocation Failure) [PSYoungGen: 10131K->1888K(14336K)] 36213K->27979K(41472K), 0.0007222 secs] [Times: user=0.00 sys=0.00, real=0.00 secs] 
35.247: [GC (Allocation Failure) [PSYoungGen: 9043K->864K(14336K)] 35133K->26970K(41472K), 0.0004292 secs] [Times: user=0.00 sys=0.00, real=0.00 secs] 
35.248: [GC (Allocation Failure) [PSYoungGen: 8018K->7139K(14336K)] 34125K->34062K(41472K), 0.0010363 secs] [Times: user=0.00 sys=0.00, real=0.00 secs] 
35.249: [Full GC (Ergonomics) [PSYoungGen: 7139K->0K(14336K)] [ParOldGen: 26922K->8506K(28160K)] 34062K->8506K(42496K), [Metaspace: 2892K->2892K(1056768K)], 0.0021842 secs] [Times: user=0.00 sys=0.00, real=0.00 secs] 
35.294: [GC (Allocation Failure) [PSYoungGen: 7154K->6947K(14336K)] 15660K->15453K(42496K), 0.0011888 secs] [Times: user=0.00 sys=0.00, real=0.00 secs] 
35.296: [GC (Allocation Failure) [PSYoungGen: 14100K->5890K(14336K)] 22606K->14413K(42496K), 0.0007754 secs] [Times: user=0.00 sys=0.00, real=0.00 secs] 
35.340: [GC (Allocation Failure) [PSYoungGen: 13044K->4834K(14336K)] 21566K->13372K(42496K), 0.0014857 secs] [Times: user=0.00 sys=0.00, real=0.00 secs] 
35.386: [GC (Allocation Failure) [PSYoungGen: 11998K->2273K(14336K)] 20536K->10819K(42496K), 0.0007380 secs] [Times: user=0.00 sys=0.00, real=0.00 secs] 
35.388: [GC (Allocation Failure) [PSYoungGen: 9427K->1184K(14336K)] 17973K->9746K(42496K), 0.0005263 secs] [Times: user=0.00 sys=0.00, real=0.00 secs] 
35.448: [GC (Allocation Failure) [PSYoungGen: 8338K->96K(14336K)] 16900K->8666K(42496K), 0.0003672 secs] [Times: user=0.00 sys=0.00, real=0.00 secs] 
35.449: [GC (Allocation Failure) [PSYoungGen: 7250K->7139K(14336K)] 15820K->15789K(42496K), 0.0010988 secs] [Times: user=0.00 sys=0.00, real=0.00 secs] 
35.496: [GC (Allocation Failure) [PSYoungGen: 14293K->6211K(14336K)] 22944K->14861K(42496K), 0.0009455 secs] [Times: user=0.00 sys=0.00, real=0.00 secs] 
35.498: [GC (Allocation Failure) [PSYoungGen: 13365K->5154K(14336K)] 22015K->13812K(42496K), 0.0008403 secs] [Times: user=0.00 sys=0.00, real=0.00 secs] 
35.543: [GC (Allocation Failure) [PSYoungGen: 12308K->4097K(14336K)] 20967K->12772K(42496K), 0.0005695 secs] [Times: user=0.00 sys=0.00, real=0.00 secs] 
35.590: [GC (Allocation Failure) [PSYoungGen: 11252K->3041K(14336K)] 19926K->11723K(42496K), 0.0008015 secs] [Times: user=0.00 sys=0.00, real=0.00 secs] 
35.591: [GC (Allocation Failure) [PSYoungGen: 10195K->1984K(14336K)] 18878K->10683K(42496K), 0.0016089 secs] [Times: user=0.00 sys=0.00, real=0.00 secs] 
35.594: [GC (Allocation Failure) [PSYoungGen: 9147K->1184K(14336K)] 17845K->9890K(42496K), 0.0005486 secs] [Times: user=0.00 sys=0.00, real=0.00 secs] 
35.638: [GC (Allocation Failure) [PSYoungGen: 8324K->6499K(14336K)] 17030K->15213K(42496K), 0.0017000 secs] [Times: user=0.00 sys=0.00, real=0.00 secs] 
35.701: [GC (Allocation Failure) [PSYoungGen: 13653K->5442K(14336K)] 22367K->14164K(42496K), 0.0006327 secs] [Times: user=0.00 sys=0.00, real=0.00 secs] 
35.702: [GC (Allocation Failure) [PSYoungGen: 12596K->4386K(14336K)] 21319K->13124K(42496K), 0.0005383 secs] [Times: user=0.00 sys=0.00, real=0.00 secs] 
35.748: [GC (Allocation Failure) [PSYoungGen: 11540K->3329K(14336K)] 20278K->12075K(42496K), 0.0005205 secs] [Times: user=0.00 sys=0.00, real=0.00 secs] 
35.795: [GC (Allocation Failure) [PSYoungGen: 10483K->2273K(14336K)] 19230K->11027K(42496K), 0.0009029 secs] [Times: user=0.00 sys=0.00, real=0.00 secs] 
35.796: [GC (Allocation Failure) [PSYoungGen: 9427K->1216K(14336K)] 18181K->9978K(42496K), 0.0005109 secs] [Times: user=0.00 sys=0.00, real=0.00 secs] 
35.842: [GC (Allocation Failure) [PSYoungGen: 8371K->128K(14336K)] 17133K->8898K(42496K), 0.0006492 secs] [Times: user=0.00 sys=0.00, real=0.00 secs] 
35.843: [GC (Allocation Failure) [PSYoungGen: 7282K->7139K(14336K)] 16052K->16021K(42496K), 0.0013092 secs] [Times: user=0.00 sys=0.00, real=0.00 secs] 
35.889: [GC (Allocation Failure) [PSYoungGen: 14277K->5186K(14336K)] 23159K->14068K(42496K), 0.0011198 secs] [Times: user=0.00 sys=0.00, real=0.00 secs] 
35.891: [GC (Allocation Failure) [PSYoungGen: 12340K->4129K(14336K)] 21223K->13020K(42496K), 0.0012661 secs] [Times: user=0.00 sys=0.00, real=0.00 secs] 
35.936: [GC (Allocation Failure) [PSYoungGen: 11284K->3073K(14336K)] 20174K->11971K(42496K), 0.0005694 secs] [Times: user=0.00 sys=0.00, real=0.00 secs] 
35.999: [GC (Allocation Failure) [PSYoungGen: 10227K->2016K(14336K)] 19126K->10931K(42496K), 0.0004957 secs] [Times: user=0.00 sys=0.00, real=0.00 secs] 
36.000: [GC (Allocation Failure) [PSYoungGen: 9171K->960K(14336K)] 18085K->9882K(42496K), 0.0004145 secs] [Times: user=0.00 sys=0.00, real=0.00 secs] 
36.001: [GC (Allocation Failure) [PSYoungGen: 8114K->7139K(14336K)] 17037K->16974K(42496K), 0.0009275 secs] [Times: user=0.00 sys=0.00, real=0.00 secs] 
36.047: [GC (Allocation Failure) [PSYoungGen: 14293K->7043K(14336K)] 24128K->16878K(42496K), 0.0008942 secs] [Times: user=0.00 sys=0.00, real=0.00 secs] 
36.093: [GC (Allocation Failure) [PSYoungGen: 14197K->5986K(14336K)] 24032K->15829K(42496K), 0.0011885 secs] [Times: user=0.00 sys=0.00, real=0.00 secs] 
36.095: [GC (Allocation Failure) [PSYoungGen: 13130K->3297K(14336K)] 22973K->13156K(42496K), 0.0005794 secs] [Times: user=0.00 sys=0.00, real=0.00 secs] 
36.139: [GC (Allocation Failure) [PSYoungGen: 10445K->1664K(14336K)] 20304K->11547K(42496K), 0.0004407 secs] [Times: user=0.00 sys=0.00, real=0.00 secs] 
36.187: [GC (Allocation Failure) [PSYoungGen: 8819K->576K(14336K)] 18701K->10474K(42496K), 0.0003749 secs] [Times: user=0.00 sys=0.00, real=0.00 secs] 
36.188: [GC (Allocation Failure) [PSYoungGen: 7730K->7139K(14336K)] 17629K->17558K(42496K), 0.0010661 secs] [Times: user=0.00 sys=0.00, real=0.00 secs] 
36.189: [GC (Allocation Failure) [PSYoungGen: 14293K->6659K(14336K)] 24712K->17078K(42496K), 0.0008520 secs] [Times: user=0.00 sys=0.00, real=0.00 secs] 
36.249: [GC (Allocation Failure) [PSYoungGen: 13813K->5602K(14336K)] 24232K->16037K(42496K), 0.0007586 secs] [Times: user=0.00 sys=0.00, real=0.00 secs] 
36.295: [GC (Allocation Failure) [PSYoungGen: 12757K->4546K(14336K)] 23192K->14997K(42496K), 0.0005676 secs] [Times: user=0.00 sys=0.00, real=0.00 secs] 
36.297: [GC (Allocation Failure) [PSYoungGen: 11700K->3489K(14336K)] 22151K->13948K(42496K), 0.0006092 secs] [Times: user=0.00 sys=0.00, real=0.00 secs] 
36.341: [GC (Allocation Failure) [PSYoungGen: 10627K->1408K(14336K)] 21086K->11875K(42496K), 0.0004883 secs] [Times: user=0.00 sys=0.00, real=0.00 secs] 
36.387: [GC (Allocation Failure) [PSYoungGen: 8563K->320K(14336K)] 19030K->10795K(42496K), 0.0008386 secs] [Times: user=0.00 sys=0.00, real=0.00 secs] 
36.388: [GC (Allocation Failure) [PSYoungGen: 7474K->7139K(14336K)] 17949K->17886K(42496K), 0.0011358 secs] [Times: user=0.00 sys=0.00, real=0.00 secs] 
36.390: [GC (Allocation Failure) [PSYoungGen: 14293K->6403K(14336K)] 25041K->17150K(42496K), 0.0009758 secs] [Times: user=0.00 sys=0.00, real=0.00 secs] 
36.449: [GC (Allocation Failure) [PSYoungGen: 13557K->5346K(14336K)] 24304K->16109K(42496K), 0.0007265 secs] [Times: user=0.00 sys=0.00, real=0.00 secs] 
36.496: [GC (Allocation Failure) [PSYoungGen: 12501K->4290K(14336K)] 23264K->15069K(42496K), 0.0005363 secs] [Times: user=0.00 sys=0.00, real=0.00 secs] 
36.497: [GC (Allocation Failure) [PSYoungGen: 11444K->3233K(14336K)] 22223K->14028K(42496K), 0.0004243 secs] [Times: user=0.00 sys=0.00, real=0.00 secs] 
36.541: [GC (Allocation Failure) [PSYoungGen: 10388K->2177K(14336K)] 21183K->12980K(42496K), 0.0006666 secs] [Times: user=0.00 sys=0.00, real=0.00 secs] 
36.588: [GC (Allocation Failure) [PSYoungGen: 9331K->1120K(14336K)] 20134K->11939K(42496K), 0.0004714 secs] [Times: user=0.00 sys=0.00, real=0.00 secs] 
36.589: [GC (Allocation Failure) [PSYoungGen: 8275K->64K(14336K)] 19094K->10899K(42496K), 0.0005028 secs] [Times: user=0.00 sys=0.00, real=0.00 secs] 
36.590: [GC (Allocation Failure) [PSYoungGen: 7218K->7139K(14336K)] 18053K->17990K(42496K), 0.0009041 secs] [Times: user=0.00 sys=0.00, real=0.00 secs] 
36.651: [GC (Allocation Failure) [PSYoungGen: 14287K->4578K(14336K)] 25138K->15429K(42496K), 0.0009258 secs] [Times: user=0.00 sys=0.00, real=0.00 secs] 
36.697: [GC (Allocation Failure) [PSYoungGen: 11732K->3489K(14336K)] 22583K->14364K(42496K), 0.0007969 secs] [Times: user=0.00 sys=0.00, real=0.00 secs] 
36.699: [GC (Allocation Failure) [PSYoungGen: 10644K->2465K(14336K)] 21519K->13348K(42496K), 0.0004969 secs] [Times: user=0.00 sys=0.00, real=0.00 secs] 
36.744: [GC (Allocation Failure) [PSYoungGen: 9619K->1408K(14336K)] 20502K->12299K(42496K), 0.0008187 secs] [Times: user=0.00 sys=0.00, real=0.00 secs] 
36.790: [GC (Allocation Failure) [PSYoungGen: 8563K->352K(14336K)] 19454K->11251K(42496K), 0.0007984 secs] [Times: user=0.00 sys=0.00, real=0.00 secs] 
36.791: [GC (Allocation Failure) [PSYoungGen: 7506K->7139K(14336K)] 18405K->18342K(42496K), 0.0018379 secs] [Times: user=0.00 sys=0.00, real=0.00 secs] 
36.793: [GC (Allocation Failure) [PSYoungGen: 14293K->6435K(14336K)] 25497K->17638K(42496K), 0.0014941 secs] [Times: user=0.00 sys=0.00, real=0.00 secs] 
36.836: [GC (Allocation Failure) [PSYoungGen: 13589K->5378K(14336K)] 24792K->16589K(42496K), 0.0006923 secs] [Times: user=0.00 sys=0.00, real=0.00 secs] 
36.898: [GC (Allocation Failure) [PSYoungGen: 12521K->2753K(14336K)] 23732K->13972K(42496K), 0.0008196 secs] [Times: user=0.00 sys=0.00, real=0.00 secs] 
36.900: [GC (Allocation Failure) [PSYoungGen: 9907K->1696K(14336K)] 21126K->12924K(42496K), 0.0005418 secs] [Times: user=0.00 sys=0.00, real=0.00 secs] 
36.946: [GC (Allocation Failure) [PSYoungGen: 8851K->640K(14336K)] 20078K->11875K(42496K), 0.0006071 secs] [Times: user=0.00 sys=0.00, real=0.00 secs] 
36.947: [GC (Allocation Failure) [PSYoungGen: 7794K->7139K(14336K)] 19029K->18967K(42496K), 0.0012963 secs] [Times: user=0.00 sys=0.00, real=0.00 secs] 
36.994: [GC (Allocation Failure) [PSYoungGen: 14293K->6723K(14336K)] 26121K->18550K(42496K), 0.0008954 secs] [Times: user=0.00 sys=0.00, real=0.00 secs] 
36.995: [GC (Allocation Failure) [PSYoungGen: 13877K->5666K(14336K)] 25705K->17502K(42496K), 0.0006525 secs] [Times: user=0.00 sys=0.00, real=0.00 secs] 
37.041: [GC (Allocation Failure) [PSYoungGen: 12821K->4610K(14336K)] 24656K->16453K(42496K), 0.0011615 secs] [Times: user=0.00 sys=0.00, real=0.00 secs] 
37.086: [GC (Allocation Failure) [PSYoungGen: 11764K->3553K(14336K)] 23608K->15405K(42496K), 0.0004973 secs] [Times: user=0.00 sys=0.00, real=0.00 secs] 
37.087: [GC (Allocation Failure) [PSYoungGen: 10708K->2497K(14336K)] 22559K->14356K(42496K), 0.0005844 secs] [Times: user=0.00 sys=0.00, real=0.00 secs] 
37.088: [GC (Allocation Failure) [PSYoungGen: 9662K->480K(14336K)] 21521K->12347K(42496K), 0.0004237 secs] [Times: user=0.00 sys=0.00, real=0.00 secs] 
37.149: [GC (Allocation Failure) [PSYoungGen: 7630K->6915K(14336K)] 19498K->18798K(42496K), 0.0009043 secs] [Times: user=0.00 sys=0.00, real=0.00 secs] 
37.196: [GC (Allocation Failure) [PSYoungGen: 14070K->5858K(14336K)] 25953K->17758K(42496K), 0.0007965 secs] [Times: user=0.00 sys=0.00, real=0.00 secs] 
37.197: [GC (Allocation Failure) [PSYoungGen: 13013K->4802K(14336K)] 24912K->16709K(42496K), 0.0010253 secs] [Times: user=0.00 sys=0.00, real=0.00 secs] 
37.244: [GC (Allocation Failure) [PSYoungGen: 11956K->3745K(14336K)] 23864K->15661K(42496K), 0.0007292 secs] [Times: user=0.00 sys=0.00, real=0.00 secs] 
37.291: [GC (Allocation Failure) [PSYoungGen: 10900K->2689K(14336K)] 22815K->14620K(42496K), 0.0008127 secs] [Times: user=0.00 sys=0.00, real=0.00 secs] 
37.292: [GC (Allocation Failure) [PSYoungGen: 9843K->1600K(14336K)] 21775K->13540K(42496K), 0.0006414 secs] [Times: user=0.00 sys=0.00, real=0.00 secs] 
37.339: [GC (Allocation Failure) [PSYoungGen: 8755K->576K(14336K)] 20694K->12523K(42496K), 0.0005761 secs] [Times: user=0.00 sys=0.00, real=0.00 secs] 
37.340: [GC (Allocation Failure) [PSYoungGen: 7730K->7139K(14336K)] 19678K->19615K(42496K), 0.0012642 secs] [Times: user=0.00 sys=0.00, real=0.00 secs] 
37.401: [GC (Allocation Failure) [PSYoungGen: 14278K->5602K(14336K)] 26754K->18078K(42496K), 0.0009825 secs] [Times: user=0.00 sys=0.00, real=0.00 secs] 
37.402: [GC (Allocation Failure) [PSYoungGen: 12757K->4546K(14336K)] 25233K->17029K(42496K), 0.0008229 secs] [Times: user=0.00 sys=0.00, real=0.00 secs] 
37.448: [GC (Allocation Failure) [PSYoungGen: 11700K->3489K(14336K)] 24184K->15981K(42496K), 0.0007354 secs] [Times: user=0.00 sys=0.00, real=0.00 secs] 
37.495: [GC (Allocation Failure) [PSYoungGen: 10644K->2433K(14336K)] 23135K->14932K(42496K), 0.0008215 secs] [Times: user=0.00 sys=0.00, real=0.00 secs] 
37.496: [GC (Allocation Failure) [PSYoungGen: 9587K->1376K(14336K)] 22087K->13892K(42496K), 0.0006858 secs] [Times: user=0.00 sys=0.00, real=0.00 secs] 
37.541: [GC (Allocation Failure) [PSYoungGen: 8531K->320K(14336K)] 21046K->12851K(42496K), 0.0005543 secs] [Times: user=0.00 sys=0.00, real=0.00 secs] 
37.542: [GC (Allocation Failure) [PSYoungGen: 7474K->7139K(14336K)] 20006K->19943K(42496K), 0.0018847 secs] [Times: user=0.00 sys=0.00, real=0.00 secs] 
37.588: [GC (Allocation Failure) [PSYoungGen: 14293K->6403K(14336K)] 27097K->19206K(42496K), 0.0011087 secs] [Times: user=0.00 sys=0.00, real=0.00 secs] 
37.590: [GC (Allocation Failure) [PSYoungGen: 13546K->3809K(14336K)] 26349K->16629K(42496K), 0.0007292 secs] [Times: user=0.00 sys=0.00, real=0.00 secs] 
37.651: [GC (Allocation Failure) [PSYoungGen: 10976K->2241K(14336K)] 23795K->15068K(42496K), 0.0004930 secs] [Times: user=0.00 sys=0.00, real=0.00 secs] 
37.697: [GC (Allocation Failure) [PSYoungGen: 9395K->1152K(14336K)] 22223K->13988K(42496K), 0.0008800 secs] [Times: user=0.00 sys=0.00, real=0.00 secs] 
37.698: [GC (Allocation Failure) [PSYoungGen: 8306K->64K(14336K)] 21142K->12907K(42496K), 0.0003712 secs] [Times: user=0.00 sys=0.00, real=0.00 secs] 
37.699: [GC (Allocation Failure) [PSYoungGen: 7218K->7139K(14336K)] 20062K->20031K(42496K), 0.0010759 secs] [Times: user=0.00 sys=0.00, real=0.00 secs] 
37.744: [GC (Allocation Failure) [PSYoungGen: 14293K->6178K(14336K)] 27185K->19070K(42496K), 0.0008822 secs] [Times: user=0.00 sys=0.00, real=0.00 secs] 
37.790: [GC (Allocation Failure) [PSYoungGen: 13333K->5122K(14336K)] 26225K->18022K(42496K), 0.0015213 secs] [Times: user=0.00 sys=0.00, real=0.00 secs] 
37.792: [GC (Allocation Failure) [PSYoungGen: 12276K->4065K(14336K)] 25176K->16981K(42496K), 0.0010108 secs] [Times: user=0.00 sys=0.00, real=0.00 secs] 
37.837: [GC (Allocation Failure) [PSYoungGen: 11203K->1984K(14336K)] 24119K->14908K(42496K), 0.0004494 secs] [Times: user=0.00 sys=0.00, real=0.00 secs] 
37.901: [GC (Allocation Failure) [PSYoungGen: 9139K->896K(14336K)] 22063K->13828K(42496K), 0.0011162 secs] [Times: user=0.00 sys=0.00, real=0.00 secs] 
37.902: [GC (Allocation Failure) [PSYoungGen: 8050K->7139K(14336K)] 20982K->20919K(42496K), 0.0010540 secs] [Times: user=0.00 sys=0.00, real=0.00 secs] 
37.904: [GC (Allocation Failure) [PSYoungGen: 14293K->6979K(14336K)] 28074K->20759K(42496K), 0.0012754 secs] [Times: user=0.00 sys=0.00, real=0.00 secs] 
37.948: [GC (Allocation Failure) [PSYoungGen: 14133K->5922K(14336K)] 27914K->19711K(42496K), 0.0013780 secs] [Times: user=0.00 sys=0.00, real=0.00 secs] 
37.995: [GC (Allocation Failure) [PSYoungGen: 13077K->4866K(14336K)] 26865K->18662K(42496K), 0.0007300 secs] [Times: user=0.00 sys=0.00, real=0.00 secs] 
37.996: [GC (Allocation Failure) [PSYoungGen: 12020K->3809K(14336K)] 25817K->17614K(42496K), 0.0011763 secs] [Times: user=0.00 sys=0.00, real=0.00 secs] 
38.041: [GC (Allocation Failure) [PSYoungGen: 10964K->2753K(14336K)] 24768K->16573K(42496K), 0.0008795 secs] [Times: user=0.00 sys=0.00, real=0.00 secs] 
38.089: [GC (Allocation Failure) [PSYoungGen: 9907K->1696K(14336K)] 23728K->15525K(42496K), 0.0006418 secs] [Times: user=0.00 sys=0.00, real=0.00 secs] 
38.090: [GC (Allocation Failure) [PSYoungGen: 8851K->640K(14336K)] 22679K->14484K(42496K), 0.0005567 secs] [Times: user=0.00 sys=0.00, real=0.00 secs] 
38.091: [GC (Allocation Failure) [PSYoungGen: 7794K->7139K(14336K)] 21639K->21576K(42496K), 0.0010352 secs] [Times: user=0.00 sys=0.00, real=0.00 secs] 
38.136: [GC (Allocation Failure) [PSYoungGen: 14284K->5026K(14336K)] 28720K->19463K(42496K), 0.0009185 secs] [Times: user=0.00 sys=0.00, real=0.00 secs] 
38.198: [GC (Allocation Failure) [PSYoungGen: 12180K->3969K(14336K)] 26617K->18422K(42496K), 0.0008259 secs] [Times: user=0.00 sys=0.00, real=0.00 secs] 
38.200: [GC (Allocation Failure) [PSYoungGen: 11124K->2913K(14336K)] 25576K->17373K(42496K), 0.0007012 secs] [Times: user=0.00 sys=0.00, real=0.00 secs] 
38.246: [GC (Allocation Failure) [PSYoungGen: 10067K->1856K(14336K)] 24528K->16325K(42496K), 0.0007925 secs] [Times: user=0.00 sys=0.00, real=0.00 secs] 
38.292: [GC (Allocation Failure) [PSYoungGen: 9011K->800K(14336K)] 23479K->15284K(42496K), 0.0003564 secs] [Times: user=0.00 sys=0.00, real=0.00 secs] 
38.294: [GC (Allocation Failure) [PSYoungGen: 7954K->7139K(14336K)] 22439K->22376K(42496K), 0.0012571 secs] [Times: user=0.00 sys=0.00, real=0.00 secs] 
38.295: [GC (Allocation Failure) [PSYoungGen: 14293K->6883K(14336K)] 29530K->22120K(42496K), 0.0012858 secs] [Times: user=0.00 sys=0.00, real=0.00 secs] 
38.339: [GC (Allocation Failure) [PSYoungGen: 14037K->5826K(14336K)] 29274K->21071K(42496K), 0.0008247 secs] [Times: user=0.00 sys=0.00, real=0.00 secs] 
38.386: [GC (Allocation Failure) [PSYoungGen: 12969K->3201K(14336K)] 28214K->18454K(42496K), 0.0013429 secs] [Times: user=0.00 sys=0.00, real=0.00 secs] 
38.388: [GC (Allocation Failure) [PSYoungGen: 10355K->2145K(14336K)] 25608K->17405K(42496K), 0.0008617 secs] [Times: user=0.00 sys=0.00, real=0.00 secs] 
38.449: [GC (Allocation Failure) [PSYoungGen: 9299K->1088K(14336K)] 24560K->16365K(42496K), 0.0007342 secs] [Times: user=0.00 sys=0.00, real=0.00 secs] 
38.451: [GC (Allocation Failure) [PSYoungGen: 8242K->7139K(14336K)] 23519K->23456K(42496K), 0.0012010 secs] [Times: user=0.00 sys=0.00, real=0.00 secs] 
38.497: [GC (Allocation Failure) [PSYoungGen: 14293K->7139K(14336K)] 30611K->23488K(42496K), 0.0010946 secs] [Times: user=0.00 sys=0.00, real=0.00 secs] 
38.499: [GC (Allocation Failure) [PSYoungGen: 14294K->6114K(14336K)] 30643K->22472K(42496K), 0.0008405 secs] [Times: user=0.00 sys=0.00, real=0.00 secs] 
38.544: [GC (Allocation Failure) [PSYoungGen: 13269K->5058K(14336K)] 29626K->21423K(42496K), 0.0009618 secs] [Times: user=0.00 sys=0.00, real=0.00 secs] 
38.591: [GC (Allocation Failure) [PSYoungGen: 12212K->4001K(14336K)] 28578K->20383K(42496K), 0.0010860 secs] [Times: user=0.00 sys=0.00, real=0.00 secs] 
38.592: [GC (Allocation Failure) [PSYoungGen: 11156K->2945K(14336K)] 27537K->19342K(42496K), 0.0005327 secs] [Times: user=0.00 sys=0.00, real=0.00 secs] 
38.639: [GC (Allocation Failure) [PSYoungGen: 10088K->320K(14336K)] 26485K->16725K(42496K), 0.0004822 secs] [Times: user=0.00 sys=0.00, real=0.00 secs] 
38.640: [GC (Allocation Failure) [PSYoungGen: 7474K->7139K(14336K)] 23879K->23825K(42496K), 0.0011336 secs] [Times: user=0.00 sys=0.00, real=0.00 secs] 
38.701: [GC (Allocation Failure) [PSYoungGen: 14293K->6403K(14336K)] 30979K->23088K(42496K), 0.0007279 secs] [Times: user=0.00 sys=0.00, real=0.00 secs] 
38.702: [GC (Allocation Failure) [PSYoungGen: 13557K->5346K(14336K)] 30243K->22048K(42496K), 0.0009733 secs] [Times: user=0.00 sys=0.00, real=0.00 secs] 
38.747: [GC (Allocation Failure) [PSYoungGen: 12501K->4290K(14336K)] 29202K->21007K(42496K), 0.0005119 secs] [Times: user=0.00 sys=0.00, real=0.00 secs] 
38.793: [GC (Allocation Failure) [PSYoungGen: 11444K->3233K(14336K)] 28162K->19967K(42496K), 0.0007763 secs] [Times: user=0.00 sys=0.00, real=0.00 secs] 
38.795: [GC (Allocation Failure) [PSYoungGen: 10388K->2145K(14336K)] 27121K->18886K(42496K), 0.0005142 secs] [Times: user=0.00 sys=0.00, real=0.00 secs] 
38.840: [GC (Allocation Failure) [PSYoungGen: 9299K->1120K(14336K)] 26041K->17870K(42496K), 0.0005696 secs] [Times: user=0.00 sys=0.00, real=0.00 secs] 
38.841: [GC (Allocation Failure) [PSYoungGen: 8288K->96K(14336K)] 25038K->16861K(42496K), 0.0007748 secs] [Times: user=0.00 sys=0.00, real=0.00 secs] 
38.886: [GC (Allocation Failure) [PSYoungGen: 7242K->6178K(14336K)] 24008K->22952K(42496K), 0.0011047 secs] [Times: user=0.00 sys=0.00, real=0.00 secs] 
38.888: [GC (Allocation Failure) [PSYoungGen: 13332K->5122K(14336K)] 30106K->21904K(42496K), 0.0012814 secs] [Times: user=0.00 sys=0.00, real=0.00 secs] 
38.948: [GC (Allocation Failure) [PSYoungGen: 12276K->4065K(14336K)] 29057K->20855K(42496K), 0.0007143 secs] [Times: user=0.00 sys=0.00, real=0.00 secs] 
38.994: [GC (Allocation Failure) [PSYoungGen: 11220K->3009K(14336K)] 28009K->19807K(42496K), 0.0007875 secs] [Times: user=0.00 sys=0.00, real=0.00 secs] 
38.995: [GC (Allocation Failure) [PSYoungGen: 10163K->1952K(14336K)] 26961K->18758K(42496K), 0.0005213 secs] [Times: user=0.00 sys=0.00, real=0.00 secs] 
39.040: [GC (Allocation Failure) [PSYoungGen: 9107K->896K(14336K)] 25912K->17710K(42496K), 0.0003347 secs] [Times: user=0.00 sys=0.00, real=0.00 secs] 
39.041: [GC (Allocation Failure) [PSYoungGen: 8050K->7139K(14336K)] 24864K->24801K(42496K), 0.0010291 secs] [Times: user=0.00 sys=0.00, real=0.00 secs] 
39.088: [GC (Allocation Failure) [PSYoungGen: 14293K->6979K(14336K)] 31955K->24641K(42496K), 0.0012756 secs] [Times: user=0.00 sys=0.00, real=0.00 secs] 
39.090: [GC (Allocation Failure) [PSYoungGen: 14136K->4770K(14336K)] 31798K->22440K(42496K), 0.0013736 secs] [Times: user=0.00 sys=0.00, real=0.00 secs] 
39.151: [GC (Allocation Failure) [PSYoungGen: 11908K->2625K(14336K)] 29578K->20303K(42496K), 0.0009599 secs] [Times: user=0.00 sys=0.00, real=0.00 secs] 
39.198: [GC (Allocation Failure) [PSYoungGen: 9779K->1568K(14336K)] 27457K->19254K(42496K), 0.0004552 secs] [Times: user=0.00 sys=0.00, real=0.00 secs] 
39.199: [GC (Allocation Failure) [PSYoungGen: 8723K->512K(14336K)] 26409K->18206K(42496K), 0.0011202 secs] [Times: user=0.00 sys=0.00, real=0.00 secs] 
39.200: [GC (Allocation Failure) [PSYoungGen: 7666K->7139K(14336K)] 25360K->25297K(42496K), 0.0010334 secs] [Times: user=0.00 sys=0.00, real=0.00 secs] 
39.245: [GC (Allocation Failure) [PSYoungGen: 14293K->6595K(14336K)] 32452K->24753K(42496K), 0.0012640 secs] [Times: user=0.00 sys=0.00, real=0.00 secs] 
39.291: [GC (Allocation Failure) [PSYoungGen: 13749K->5538K(14336K)] 31907K->23712K(42496K), 0.0008632 secs] [Times: user=0.00 sys=0.00, real=0.00 secs] 
39.293: [GC (Allocation Failure) [PSYoungGen: 12693K->4482K(14336K)] 30867K->22664K(42496K), 0.0009117 secs] [Times: user=0.00 sys=0.00, real=0.00 secs] 
39.337: [GC (Allocation Failure) [PSYoungGen: 11619K->2369K(14336K)] 29802K->20559K(42496K), 0.0009006 secs] [Times: user=0.00 sys=0.00, real=0.00 secs] 
39.400: [GC (Allocation Failure) [PSYoungGen: 9523K->1312K(14336K)] 27713K->19518K(42496K), 0.0007760 secs] [Times: user=0.00 sys=0.00, real=0.00 secs] 
39.401: [GC (Allocation Failure) [PSYoungGen: 8467K->256K(14336K)] 26673K->18470K(42496K), 0.0007727 secs] [Times: user=0.00 sys=0.00, real=0.00 secs] 
39.402: [GC (Allocation Failure) [PSYoungGen: 7410K->7139K(14336K)] 25624K->25561K(42496K), 0.0008775 secs] [Times: user=0.00 sys=0.00, real=0.00 secs] 
39.446: [GC (Allocation Failure) [PSYoungGen: 14293K->6339K(14336K)] 32716K->24761K(42496K), 0.0013991 secs] [Times: user=0.00 sys=0.00, real=0.00 secs] 
39.493: [GC (Allocation Failure) [PSYoungGen: 13493K->5282K(14336K)] 31915K->23720K(42496K), 0.0009079 secs] [Times: user=0.00 sys=0.00, real=0.00 secs] 
39.495: [GC (Allocation Failure) [PSYoungGen: 12437K->4226K(14336K)] 30875K->22680K(42496K), 0.0006025 secs] [Times: user=0.00 sys=0.00, real=0.00 secs] 
39.540: [GC (Allocation Failure) [PSYoungGen: 11380K->3169K(14336K)] 29834K->21639K(42496K), 0.0006938 secs] [Times: user=0.00 sys=0.00, real=0.00 secs] 
39.601: [GC (Allocation Failure) [PSYoungGen: 10324K->2113K(14336K)] 28794K->20591K(42496K), 0.0010039 secs] [Times: user=0.00 sys=0.00, real=0.00 secs] 
39.603: [GC (Allocation Failure) [PSYoungGen: 9267K->1056K(14336K)] 27745K->19542K(42496K), 0.0004654 secs] [Times: user=0.00 sys=0.00, real=0.00 secs] 
39.604: [GC (Allocation Failure) [PSYoungGen: 8210K->7139K(14336K)] 26697K->26634K(42496K), 0.0013648 secs] [Times: user=0.00 sys=0.00, real=0.00 secs] 
39.647: [GC (Allocation Failure) [PSYoungGen: 14279K->5602K(14336K)] 33774K->25097K(42496K), 0.0009781 secs] [Times: user=0.00 sys=0.00, real=0.00 secs] 
39.696: [GC (Allocation Failure) [PSYoungGen: 12757K->4514K(14336K)] 32251K->24016K(42496K), 0.0008222 secs] [Times: user=0.00 sys=0.00, real=0.00 secs] 
39.697: [GC (Allocation Failure) [PSYoungGen: 11668K->3457K(14336K)] 31171K->22968K(42496K), 0.0010061 secs] [Times: user=0.00 sys=0.00, real=0.00 secs] 
39.742: [GC (Allocation Failure) [PSYoungGen: 10612K->2401K(14336K)] 30122K->21927K(42496K), 0.0008405 secs] [Times: user=0.00 sys=0.00, real=0.00 secs] 
39.788: [GC (Allocation Failure) [PSYoungGen: 9555K->1344K(14336K)] 29082K->20887K(42496K), 0.0005225 secs] [Times: user=0.00 sys=0.00, real=0.00 secs] 
39.789: [GC (Allocation Failure) [PSYoungGen: 8499K->288K(14336K)] 28041K->19838K(42496K), 0.0006463 secs] [Times: user=0.00 sys=0.00, real=0.00 secs] 
39.790: [GC (Allocation Failure) [PSYoungGen: 7442K->7139K(14336K)] 26993K->26930K(42496K), 0.0011012 secs] [Times: user=0.00 sys=0.00, real=0.00 secs] 
39.851: [GC (Allocation Failure) [PSYoungGen: 14293K->6371K(14336K)] 34084K->26161K(42496K), 0.0011663 secs] [Times: user=0.00 sys=0.00, real=0.00 secs] 
39.898: [GC (Allocation Failure) [PSYoungGen: 13514K->3745K(14336K)] 33305K->23552K(42496K), 0.0008616 secs] [Times: user=0.00 sys=0.00, real=0.00 secs] 
39.899: [GC (Allocation Failure) [PSYoungGen: 10900K->2689K(14336K)] 30707K->22512K(42496K), 0.0008219 secs] [Times: user=0.00 sys=0.00, real=0.00 secs] 
39.945: [GC (Allocation Failure) [PSYoungGen: 9843K->1632K(14336K)] 29666K->21463K(42496K), 0.0008065 secs] [Times: user=0.00 sys=0.00, real=0.00 secs] 
39.992: [GC (Allocation Failure) [PSYoungGen: 8787K->576K(14336K)] 28618K->20415K(42496K), 0.0006545 secs] [Times: user=0.00 sys=0.00, real=0.00 secs] 
39.993: [GC (Allocation Failure) [PSYoungGen: 7730K->7139K(14336K)] 27569K->27506K(42496K), 0.0010642 secs] [Times: user=0.00 sys=0.00, real=0.00 secs] 
39.995: [GC (Allocation Failure) [PSYoungGen: 14293K->6659K(14336K)] 34661K->27026K(42496K), 0.0009179 secs] [Times: user=0.00 sys=0.00, real=0.00 secs] 
40.041: [GC (Allocation Failure) [PSYoungGen: 13813K->5602K(14336K)] 34180K->25985K(42496K), 0.0007233 secs] [Times: user=0.00 sys=0.00, real=0.00 secs] 
40.087: [GC (Allocation Failure) [PSYoungGen: 12757K->4546K(14336K)] 33140K->24937K(42496K), 0.0013365 secs] [Times: user=0.00 sys=0.00, real=0.00 secs] 
40.089: [GC (Allocation Failure) [PSYoungGen: 11700K->3489K(14336K)] 32091K->23896K(42496K), 0.0008411 secs] [Times: user=0.00 sys=0.00, real=0.00 secs] 
40.151: [GC (Allocation Failure) [PSYoungGen: 10632K->736K(14336K)] 31039K->21151K(42496K), 0.0007794 secs] [Times: user=0.00 sys=0.00, real=0.00 secs] 
40.152: [GC (Allocation Failure) [PSYoungGen: 7890K->7139K(14336K)] 28305K->28242K(42496K), 0.0010491 secs] [Times: user=0.00 sys=0.00, real=0.00 secs] 
40.198: [GC (Allocation Failure) [PSYoungGen: 14293K->6819K(14336K)] 35397K->27922K(42496K), 0.0013209 secs] [Times: user=0.00 sys=0.00, real=0.00 secs] 
40.200: [GC (Allocation Failure) [PSYoungGen: 13973K->5762K(14336K)] 35077K->26882K(42496K), 0.0009366 secs] [Times: user=0.00 sys=0.00, real=0.00 secs] 
40.245: [GC (Allocation Failure) [PSYoungGen: 12917K->4706K(14336K)] 34036K->25841K(42496K), 0.0010777 secs] [Times: user=0.00 sys=0.00, real=0.00 secs] 
40.291: [GC (Allocation Failure) [PSYoungGen: 11860K->3649K(14336K)] 32996K->24793K(42496K), 0.0009510 secs] [Times: user=0.00 sys=0.00, real=0.00 secs] 
40.293: [GC (Allocation Failure) [PSYoungGen: 10804K->2561K(14336K)] 31947K->23720K(42496K), 0.0005860 secs] [Times: user=0.00 sys=0.00, real=0.00 secs] 
40.337: [GC (Allocation Failure) [PSYoungGen: 9715K->1536K(14336K)] 30875K->22704K(42496K), 0.0005942 secs] [Times: user=0.00 sys=0.00, real=0.00 secs] 
40.339: [GC (Allocation Failure) [PSYoungGen: 8698K->608K(14336K)] 29866K->21783K(42496K), 0.0003618 secs] [Times: user=0.00 sys=0.00, real=0.00 secs] 
40.400: [GC (Allocation Failure) [PSYoungGen: 7762K->6595K(14336K)] 28937K->27786K(42496K), 0.0007717 secs] [Times: user=0.00 sys=0.00, real=0.00 secs] 
40.401: [GC (Allocation Failure) [PSYoungGen: 13749K->5538K(14336K)] 34941K->26746K(42496K), 0.0011038 secs] [Times: user=0.00 sys=0.00, real=0.00 secs] 
40.447: [GC (Allocation Failure) [PSYoungGen: 12693K->4482K(14336K)] 33900K->25697K(42496K), 0.0007176 secs] [Times: user=0.00 sys=0.00, real=0.00 secs] 
40.495: [GC (Allocation Failure) [PSYoungGen: 11636K->3425K(14336K)] 32852K->24649K(42496K), 0.0011439 secs] [Times: user=0.00 sys=0.00, real=0.00 secs] 
40.497: [GC (Allocation Failure) [PSYoungGen: 10580K->2369K(14336K)] 31803K->23608K(42496K), 0.0004671 secs] [Times: user=0.00 sys=0.00, real=0.00 secs] 
40.541: [GC (Allocation Failure) [PSYoungGen: 9523K->1312K(14336K)] 30763K->22568K(42496K), 0.0004579 secs] [Times: user=0.00 sys=0.00, real=0.00 secs] 
40.588: [GC (Allocation Failure) [PSYoungGen: 8467K->256K(14336K)] 29722K->21519K(42496K), 0.0007244 secs] [Times: user=0.00 sys=0.00, real=0.00 secs] 
40.589: [GC (Allocation Failure) [PSYoungGen: 7410K->7139K(14336K)] 28674K->28611K(42496K), 0.0012060 secs] [Times: user=0.00 sys=0.00, real=0.00 secs] 
40.591: [GC (Allocation Failure) [PSYoungGen: 14296K->4258K(14336K)] 35768K->25729K(42496K), 0.0006618 secs] [Times: user=0.00 sys=0.00, real=0.00 secs] 
40.636: [GC (Allocation Failure) [PSYoungGen: 11412K->3201K(14336K)] 32884K->24681K(42496K), 0.0009684 secs] [Times: user=0.00 sys=0.00, real=0.00 secs] 
40.700: [GC (Allocation Failure) [PSYoungGen: 10355K->2145K(14336K)] 31835K->23632K(42496K), 0.0005960 secs] [Times: user=0.00 sys=0.00, real=0.00 secs] 
40.701: [GC (Allocation Failure) [PSYoungGen: 9299K->1088K(14336K)] 30786K->22584K(42496K), 0.0003008 secs] [Times: user=0.00 sys=0.00, real=0.00 secs] 
40.701: [GC (Allocation Failure) [PSYoungGen: 8242K->7139K(14336K)] 29738K->29675K(42496K), 0.0011941 secs] [Times: user=0.00 sys=0.00, real=0.00 secs] 
40.746: [GC (Allocation Failure) [PSYoungGen: 14293K->7139K(14336K)] 36830K->29707K(42496K), 0.0009859 secs] [Times: user=0.00 sys=0.00, real=0.00 secs] 
40.794: [GC (Allocation Failure) [PSYoungGen: 14294K->6114K(14336K)] 36862K->28699K(42496K), 0.0014419 secs] [Times: user=0.00 sys=0.00, real=0.00 secs] 
40.796: [GC (Allocation Failure) [PSYoungGen: 13269K->5058K(14336K)] 35853K->27650K(42496K), 0.0010424 secs] [Times: user=0.00 sys=0.00, real=0.00 secs] 
40.841: [GC (Allocation Failure) [PSYoungGen: 12212K->4001K(14336K)] 34804K->26602K(42496K), 0.0008891 secs] [Times: user=0.00 sys=0.00, real=0.00 secs] 
40.888: [GC (Allocation Failure) [PSYoungGen: 11139K->1888K(14336K)] 33739K->24496K(42496K), 0.0010396 secs] [Times: user=0.00 sys=0.00, real=0.00 secs] 
40.890: [GC (Allocation Failure) [PSYoungGen: 9043K->832K(14336K)] 31651K->23448K(42496K), 0.0007065 secs] [Times: user=0.00 sys=0.00, real=0.00 secs] 
40.891: [GC (Allocation Failure) [PSYoungGen: 7986K->7139K(14336K)] 30602K->30539K(42496K), 0.0011179 secs] [Times: user=0.00 sys=0.00, real=0.00 secs] 
40.951: [GC (Allocation Failure) [PSYoungGen: 14293K->6915K(14336K)] 37694K->30315K(42496K), 0.0009139 secs] [Times: user=0.00 sys=0.00, real=0.00 secs] 
40.999: [GC (Allocation Failure) [PSYoungGen: 14069K->5858K(14336K)] 37470K->29267K(42496K), 0.0010493 secs] [Times: user=0.00 sys=0.00, real=0.00 secs] 
41.000: [GC (Allocation Failure) [PSYoungGen: 13013K->4802K(14336K)] 36421K->28218K(42496K), 0.0010276 secs] [Times: user=0.00 sys=0.00, real=0.00 secs] 
41.046: [GC (Allocation Failure) [PSYoungGen: 11956K->3745K(14336K)] 35373K->27178K(42496K), 0.0008024 secs] [Times: user=0.00 sys=0.00, real=0.00 secs] 
41.093: [GC (Allocation Failure) [PSYoungGen: 10900K->2689K(14336K)] 34332K->26137K(42496K), 0.0013080 secs] [Times: user=0.00 sys=0.00, real=0.00 secs] 
41.094: [GC (Allocation Failure) [PSYoungGen: 9843K->1632K(14336K)] 33292K->25089K(42496K), 0.0005140 secs] [Times: user=0.00 sys=0.00, real=0.00 secs] 
41.096: [GC (Allocation Failure) [PSYoungGen: 8796K->64K(14336K)] 32253K->23536K(42496K), 0.0007574 secs] [Times: user=0.00 sys=0.00, real=0.00 secs] 
41.140: [GC (Allocation Failure) [PSYoungGen: 7220K->6050K(14336K)] 30692K->29531K(42496K), 0.0013912 secs] [Times: user=0.00 sys=0.00, real=0.00 secs] 
41.201: [GC (Allocation Failure) [PSYoungGen: 13205K->4994K(14336K)] 36686K->28482K(42496K), 0.0011800 secs] [Times: user=0.00 sys=0.00, real=0.00 secs] 
41.203: [GC (Allocation Failure) [PSYoungGen: 12148K->3937K(14336K)] 35637K->27434K(42496K), 0.0009065 secs] [Times: user=0.00 sys=0.00, real=0.00 secs] 
41.248: [GC (Allocation Failure) [PSYoungGen: 11092K->2881K(14336K)] 34588K->26393K(42496K), 0.0008663 secs] [Times: user=0.00 sys=0.00, real=0.00 secs] 
41.294: [GC (Allocation Failure) [PSYoungGen: 10035K->1824K(14336K)] 33548K->25353K(42496K), 0.0007591 secs] [Times: user=0.00 sys=0.00, real=0.00 secs] 
41.296: [GC (Allocation Failure) [PSYoungGen: 8979K->768K(14336K)] 32507K->24304K(42496K), 0.0004840 secs] [Times: user=0.00 sys=0.00, real=0.00 secs] 
41.297: [GC (Allocation Failure) [PSYoungGen: 7922K->7139K(14336K)] 31459K->31396K(42496K), 0.0009794 secs] [Times: user=0.00 sys=0.00, real=0.00 secs] 
41.341: [GC (Allocation Failure) [PSYoungGen: 14293K->6851K(14336K)] 38550K->31108K(42496K), 0.0010820 secs] [Times: user=0.00 sys=0.00, real=0.00 secs] 
41.387: [GC (Allocation Failure) [PSYoungGen: 13994K->4226K(14336K)] 38251K->28490K(42496K), 0.0009272 secs] [Times: user=0.00 sys=0.00, real=0.00 secs] 
41.389: [GC (Allocation Failure) [PSYoungGen: 11380K->3169K(14336K)] 35645K->27450K(42496K), 0.0008262 secs] [Times: user=0.00 sys=0.00, real=0.00 secs] 
41.449: [GC (Allocation Failure) [PSYoungGen: 10323K->2113K(14336K)] 34604K->26401K(42496K), 0.0006977 secs] [Times: user=0.00 sys=0.00, real=0.00 secs] 
41.496: [GC (Allocation Failure) [PSYoungGen: 9267K->1056K(14336K)] 33556K->25361K(42496K), 0.0007083 secs] [Times: user=0.00 sys=0.00, real=0.00 secs] 
41.497: [GC (Allocation Failure) [PSYoungGen: 8210K->7139K(14336K)] 32515K->32452K(42496K), 0.0018355 secs] [Times: user=0.00 sys=0.00, real=0.00 secs] 
41.500: [GC (Allocation Failure) [PSYoungGen: 14293K->7139K(14336K)] 39607K->32452K(42496K), 0.0014784 secs] [Times: user=0.00 sys=0.00, real=0.00 secs] 
41.544: [GC (Allocation Failure) [PSYoungGen: 14293K->6082K(14336K)] 39607K->31412K(42496K), 0.0008093 secs] [Times: user=0.00 sys=0.00, real=0.00 secs] 
41.590: [GC (Allocation Failure) [PSYoungGen: 13237K->5026K(14336K)] 38566K->30363K(42496K), 0.0014433 secs] [Times: user=0.00 sys=0.00, real=0.00 secs] 
41.592: [GC (Allocation Failure) [PSYoungGen: 12194K->3457K(14336K)] 37531K->28810K(42496K), 0.0010477 secs] [Times: user=0.00 sys=0.00, real=0.00 secs] 
41.637: [GC (Allocation Failure) [PSYoungGen: 10595K->1344K(14336K)] 35949K->26721K(42496K), 0.0007951 secs] [Times: user=0.00 sys=0.00, real=0.00 secs] 
41.699: [GC (Allocation Failure) [PSYoungGen: 8498K->288K(14336K)] 33875K->25673K(42496K), 0.0007459 secs] [Times: user=0.00 sys=0.00, real=0.00 secs] 
41.700: [GC (Allocation Failure) [PSYoungGen: 7442K->7139K(14336K)] 32827K->32764K(42496K), 0.0011332 secs] [Times: user=0.00 sys=0.00, real=0.00 secs] 
41.702: [GC (Allocation Failure) [PSYoungGen: 14293K->6371K(14336K)] 39919K->31996K(42496K), 0.0012442 secs] [Times: user=0.00 sys=0.00, real=0.00 secs] 
41.746: [GC (Allocation Failure) [PSYoungGen: 13525K->5314K(14336K)] 39150K->30955K(42496K), 0.0006484 secs] [Times: user=0.00 sys=0.00, real=0.00 secs] 
41.794: [GC (Allocation Failure) [PSYoungGen: 12468K->4258K(14336K)] 38110K->29907K(42496K), 0.0010274 secs] [Times: user=0.00 sys=0.00, real=0.00 secs] 
41.795: [GC (Allocation Failure) [PSYoungGen: 11412K->3201K(14336K)] 37061K->28858K(42496K), 0.0010630 secs] [Times: user=0.00 sys=0.00, real=0.00 secs] 
41.841: [GC (Allocation Failure) [PSYoungGen: 10339K->1120K(14336K)] 35996K->26785K(42496K), 0.0008285 secs] [Times: user=0.00 sys=0.00, real=0.00 secs] 
41.842: [GC (Allocation Failure) [PSYoungGen: 8274K->7139K(14336K)] 33940K->33845K(42496K), 0.0015923 secs] [Times: user=0.00 sys=0.00, real=0.00 secs] 
41.888: [GC (Allocation Failure) [PSYoungGen: 14293K->7139K(14336K)] 40999K->33877K(42496K), 0.0012117 secs] [Times: user=0.00 sys=0.00, real=0.00 secs] 
41.890: [GC (Allocation Failure) [PSYoungGen: 14293K->6114K(14336K)] 41031K->32868K(42496K), 0.0009606 secs] [Times: user=0.00 sys=0.00, real=0.00 secs] 
41.951: [GC (Allocation Failure) [PSYoungGen: 13269K->5058K(14336K)] 40023K->31820K(42496K), 0.0015224 secs] [Times: user=0.00 sys=0.00, real=0.00 secs] 
41.998: [GC (Allocation Failure) [PSYoungGen: 12212K->4001K(14336K)] 38974K->30779K(42496K), 0.0008517 secs] [Times: user=0.00 sys=0.00, real=0.00 secs] 
41.999: [GC (Allocation Failure) [PSYoungGen: 11156K->2945K(14336K)] 37934K->29739K(42496K), 0.0005321 secs] [Times: user=0.00 sys=0.00, real=0.00 secs] 
42.044: [GC (Allocation Failure) [PSYoungGen: 10099K->1888K(14336K)] 36893K->28698K(42496K), 0.0008684 secs] [Times: user=0.00 sys=0.00, real=0.00 secs] 
42.092: [GC (Allocation Failure) [PSYoungGen: 9043K->832K(14336K)] 35853K->27658K(42496K), 0.0004134 secs] [Times: user=0.00 sys=0.00, real=0.00 secs] 
42.093: [GC (Allocation Failure) [PSYoungGen: 7986K->7139K(14336K)] 34812K->34749K(42496K), 0.0010827 secs] [Times: user=0.00 sys=0.00, real=0.00 secs] 
42.094: [Full GC (Ergonomics) [PSYoungGen: 7139K->0K(14336K)] [ParOldGen: 27610K->8505K(29184K)] 34749K->8505K(43520K), [Metaspace: 2892K->2892K(1056768K)], 0.0028181 secs] [Times: user=0.00 sys=0.00, real=0.00 secs] 
42.097: [GC (Allocation Failure) [PSYoungGen: 7154K->6915K(14336K)] 15660K->15420K(43520K), 0.0008763 secs] [Times: user=0.00 sys=0.00, real=0.00 secs] 
42.140: [GC (Allocation Failure) [PSYoungGen: 14063K->3649K(14336K)] 22569K->12163K(43520K), 0.0011093 secs] [Times: user=0.00 sys=0.00, real=0.00 secs] 
42.187: [GC (Allocation Failure) [PSYoungGen: 10803K->2593K(14336K)] 19317K->11122K(43520K), 0.0005146 secs] [Times: user=0.00 sys=0.00, real=0.00 secs] 
42.188: [GC (Allocation Failure) [PSYoungGen: 9747K->1536K(14336K)] 18276K->10074K(43520K), 0.0004198 secs] [Times: user=0.00 sys=0.00, real=0.00 secs] 
42.250: [GC (Allocation Failure) [PSYoungGen: 8690K->480K(14336K)] 17228K->9025K(43520K), 0.0005803 secs] [Times: user=0.00 sys=0.00, real=0.00 secs] 
42.251: [GC (Allocation Failure) [PSYoungGen: 7634K->7139K(14336K)] 16180K->16117K(43520K), 0.0011133 secs] [Times: user=0.00 sys=0.00, real=0.00 secs] 
42.297: [GC (Allocation Failure) [PSYoungGen: 14293K->6563K(14336K)] 23271K->15541K(43520K), 0.0013450 secs] [Times: user=0.00 sys=0.00, real=0.00 secs] 
42.299: [GC (Allocation Failure) [PSYoungGen: 13717K->5506K(14336K)] 22695K->14492K(43520K), 0.0008343 secs] [Times: user=0.00 sys=0.00, real=0.00 secs] 
42.345: [GC (Allocation Failure) [PSYoungGen: 12661K->4450K(14336K)] 21646K->13443K(43520K), 0.0008874 secs] [Times: user=0.00 sys=0.00, real=0.00 secs] 
42.392: [GC (Allocation Failure) [PSYoungGen: 11587K->2369K(14336K)] 20581K->11370K(43520K), 0.0011173 secs] [Times: user=0.00 sys=0.00, real=0.00 secs] 
42.394: [GC (Allocation Failure) [PSYoungGen: 9523K->1280K(14336K)] 18525K->10290K(43520K), 0.0004255 secs] [Times: user=0.00 sys=0.00, real=0.00 secs] 
42.437: [GC (Allocation Failure) [PSYoungGen: 8435K->224K(14336K)] 17444K->9249K(43520K), 0.0004706 secs] [Times: user=0.00 sys=0.00, real=0.00 secs] 
42.438: [GC (Allocation Failure) [PSYoungGen: 7378K->7139K(14336K)] 16404K->16341K(43520K), 0.0011873 secs] [Times: user=0.00 sys=0.00, real=0.00 secs] 
42.486: [GC (Allocation Failure) [PSYoungGen: 14293K->6275K(14336K)] 23495K->15476K(43520K), 0.0007501 secs] [Times: user=0.00 sys=0.00, real=0.00 secs] 
42.487: [GC (Allocation Failure) [PSYoungGen: 13429K->5250K(14336K)] 22631K->14468K(43520K), 0.0011543 secs] [Times: user=0.00 sys=0.00, real=0.00 secs] 
42.549: [GC (Allocation Failure) [PSYoungGen: 12405K->4194K(14336K)] 21622K->13419K(43520K), 0.0008836 secs] [Times: user=0.00 sys=0.00, real=0.00 secs] 
42.596: [GC (Allocation Failure) [PSYoungGen: 11348K->3137K(14336K)] 20574K->12371K(43520K), 0.0006721 secs] [Times: user=0.00 sys=0.00, real=0.00 secs] 
42.597: [GC (Allocation Failure) [PSYoungGen: 10280K->512K(14336K)] 19514K->9754K(43520K), 0.0003705 secs] [Times: user=0.00 sys=0.00, real=0.00 secs] 
42.598: [GC (Allocation Failure) [PSYoungGen: 7666K->7139K(14336K)] 16908K->16853K(43520K), 0.0013915 secs] [Times: user=0.00 sys=0.00, real=0.00 secs] 
42.642: [GC (Allocation Failure) [PSYoungGen: 14293K->6595K(14336K)] 24008K->16309K(43520K), 0.0014387 secs] [Times: user=0.00 sys=0.00, real=0.00 secs] 
42.689: [GC (Allocation Failure) [PSYoungGen: 13749K->5538K(14336K)] 23463K->15260K(43520K), 0.0011600 secs] [Times: user=0.00 sys=0.00, real=0.00 secs] 
42.691: [GC (Allocation Failure) [PSYoungGen: 12693K->4482K(14336K)] 22415K->14212K(43520K), 0.0007908 secs] [Times: user=0.00 sys=0.00, real=0.00 secs] 
42.737: [GC (Allocation Failure) [PSYoungGen: 11636K->3425K(14336K)] 21366K->13171K(43520K), 0.0010287 secs] [Times: user=0.00 sys=0.00, real=0.00 secs] 
42.800: [GC (Allocation Failure) [PSYoungGen: 10580K->2369K(14336K)] 20326K->12123K(43520K), 0.0009741 secs] [Times: user=0.00 sys=0.00, real=0.00 secs] 
42.801: [GC (Allocation Failure) [PSYoungGen: 9523K->1312K(14336K)] 19277K->11074K(43520K), 0.0010332 secs] [Times: user=0.00 sys=0.00, real=0.00 secs] 
42.846: [GC (Allocation Failure) [PSYoungGen: 8467K->256K(14336K)] 18229K->10034K(43520K), 0.0006516 secs] [Times: user=0.00 sys=0.00, real=0.00 secs] 
42.847: [GC (Allocation Failure) [PSYoungGen: 7410K->7139K(14336K)] 17188K->17125K(43520K), 0.0011630 secs] [Times: user=0.00 sys=0.00, real=0.00 secs] 
42.894: [GC (Allocation Failure) [PSYoungGen: 14287K->4802K(14336K)] 24273K->14788K(43520K), 0.0010792 secs] [Times: user=0.00 sys=0.00, real=0.00 secs] 
42.895: [GC (Allocation Failure) [PSYoungGen: 11956K->3713K(14336K)] 21943K->13708K(43520K), 0.0007295 secs] [Times: user=0.00 sys=0.00, real=0.00 secs] 
42.940: [GC (Allocation Failure) [PSYoungGen: 10868K->2657K(14336K)] 20862K->12667K(43520K), 0.0010450 secs] [Times: user=0.00 sys=0.00, real=0.00 secs] 
42.988: [GC (Allocation Failure) [PSYoungGen: 9811K->1600K(14336K)] 19821K->11626K(43520K), 0.0004538 secs] [Times: user=0.00 sys=0.00, real=0.00 secs] 
42.989: [GC (Allocation Failure) [PSYoungGen: 8755K->544K(14336K)] 18781K->10578K(43520K), 0.0005517 secs] [Times: user=0.00 sys=0.00, real=0.00 secs] 
42.990: [GC (Allocation Failure) [PSYoungGen: 7698K->7139K(14336K)] 17732K->17669K(43520K), 0.0013955 secs] [Times: user=0.02 sys=0.00, real=0.00 secs] 
43.050: [GC (Allocation Failure) [PSYoungGen: 14293K->6627K(14336K)] 24824K->17157K(43520K), 0.0010636 secs] [Times: user=0.00 sys=0.00, real=0.00 secs] 
43.098: [GC (Allocation Failure) [PSYoungGen: 13781K->5570K(14336K)] 24312K->16117K(43520K), 0.0006851 secs] [Times: user=0.00 sys=0.00, real=0.00 secs] 
43.099: [GC (Allocation Failure) [PSYoungGen: 12725K->4514K(14336K)] 23271K->15068K(43520K), 0.0009605 secs] [Times: user=0.00 sys=0.00, real=0.00 secs] 
43.144: [GC (Allocation Failure) [PSYoungGen: 11658K->1760K(14336K)] 22212K->12323K(43520K), 0.0006765 secs] [Times: user=0.00 sys=0.00, real=0.00 secs] 
43.190: [GC (Allocation Failure) [PSYoungGen: 8915K->704K(14336K)] 19477K->11274K(43520K), 0.0005203 secs] [Times: user=0.00 sys=0.00, real=0.00 secs] 
43.191: [GC (Allocation Failure) [PSYoungGen: 7858K->7139K(14336K)] 18429K->18366K(43520K), 0.0009964 secs] [Times: user=0.00 sys=0.00, real=0.00 secs] 
43.193: [GC (Allocation Failure) [PSYoungGen: 14293K->6787K(14336K)] 25520K->18014K(43520K), 0.0012138 secs] [Times: user=0.02 sys=0.00, real=0.00 secs] 
43.238: [GC (Allocation Failure) [PSYoungGen: 13941K->5730K(14336K)] 25168K->16973K(43520K), 0.0009182 secs] [Times: user=0.00 sys=0.00, real=0.00 secs] 
43.285: [GC (Allocation Failure) [PSYoungGen: 12885K->4674K(14336K)] 24128K->15933K(43520K), 0.0011243 secs] [Times: user=0.00 sys=0.00, real=0.00 secs] 
43.287: [GC (Allocation Failure) [PSYoungGen: 11828K->3617K(14336K)] 23087K->14884K(43520K), 0.0006736 secs] [Times: user=0.00 sys=0.00, real=0.00 secs] 
43.347: [GC (Allocation Failure) [PSYoungGen: 10772K->2561K(14336K)] 22038K->13844K(43520K), 0.0005099 secs] [Times: user=0.00 sys=0.00, real=0.00 secs] 
43.393: [GC (Allocation Failure) [PSYoungGen: 9698K->448K(14336K)] 20981K->11738K(43520K), 0.0006070 secs] [Times: user=0.00 sys=0.00, real=0.00 secs] 
43.394: [GC (Allocation Failure) [PSYoungGen: 7602K->7139K(14336K)] 18893K->18830K(43520K), 0.0010808 secs] [Times: user=0.00 sys=0.00, real=0.00 secs] 
43.396: [GC (Allocation Failure) [PSYoungGen: 14293K->6531K(14336K)] 25984K->18222K(43520K), 0.0012768 secs] [Times: user=0.03 sys=0.00, real=0.00 secs] 
43.440: [GC (Allocation Failure) [PSYoungGen: 13685K->5474K(14336K)] 25376K->17173K(43520K), 0.0013659 secs] [Times: user=0.00 sys=0.00, real=0.00 secs] 
43.487: [GC (Allocation Failure) [PSYoungGen: 12629K->4418K(14336K)] 24328K->16133K(43520K), 0.0006141 secs] [Times: user=0.00 sys=0.00, real=0.00 secs] 
43.488: [GC (Allocation Failure) [PSYoungGen: 11572K->3361K(14336K)] 23287K->15084K(43520K), 0.0005703 secs] [Times: user=0.00 sys=0.00, real=0.00 secs] 
43.548: [GC (Allocation Failure) [PSYoungGen: 10516K->2305K(14336K)] 22239K->14044K(43520K), 0.0007955 secs] [Times: user=0.00 sys=0.00, real=0.00 secs] 
43.595: [GC (Allocation Failure) [PSYoungGen: 9459K->1248K(14336K)] 21198K->12995K(43520K), 0.0005945 secs] [Times: user=0.00 sys=0.00, real=0.00 secs] 
43.596: [GC (Allocation Failure) [PSYoungGen: 8416K->224K(14336K)] 20163K->11978K(43520K), 0.0003782 secs] [Times: user=0.00 sys=0.00, real=0.00 secs] 
43.598: [GC (Allocation Failure) [PSYoungGen: 7381K->5794K(14336K)] 19136K->17557K(43520K), 0.0011016 secs] [Times: user=0.00 sys=0.00, real=0.00 secs] 
43.642: [GC (Allocation Failure) [PSYoungGen: 12958K->4258K(14336K)] 24721K->16029K(43520K), 0.0013791 secs] [Times: user=0.00 sys=0.00, real=0.00 secs] 
43.687: [GC (Allocation Failure) [PSYoungGen: 11412K->3169K(14336K)] 23183K->14956K(43520K), 0.0007785 secs] [Times: user=0.00 sys=0.00, real=0.00 secs] 
43.689: [GC (Allocation Failure) [PSYoungGen: 10323K->2113K(14336K)] 22110K->13915K(43520K), 0.0005910 secs] [Times: user=0.00 sys=0.00, real=0.00 secs] 
43.750: [GC (Allocation Failure) [PSYoungGen: 9267K->1056K(14336K)] 21070K->12875K(43520K), 0.0007107 secs] [Times: user=0.00 sys=0.00, real=0.00 secs] 
43.751: [GC (Allocation Failure) [PSYoungGen: 8210K->7139K(14336K)] 20029K->19966K(43520K), 0.0011456 secs] [Times: user=0.00 sys=0.00, real=0.00 secs] 
43.797: [GC (Allocation Failure) [PSYoungGen: 14293K->7139K(14336K)] 27121K->19966K(43520K), 0.0009923 secs] [Times: user=0.00 sys=0.00, real=0.00 secs] 
43.799: [GC (Allocation Failure) [PSYoungGen: 14293K->6082K(14336K)] 27121K->18918K(43520K), 0.0010907 secs] [Times: user=0.00 sys=0.00, real=0.00 secs] 
43.845: [GC (Allocation Failure) [PSYoungGen: 13220K->4001K(14336K)] 26056K->16845K(43520K), 0.0014441 secs] [Times: user=0.00 sys=0.00, real=0.00 secs] 
43.890: [GC (Allocation Failure) [PSYoungGen: 11156K->2913K(14336K)] 23999K->15764K(43520K), 0.0010066 secs] [Times: user=0.00 sys=0.00, real=0.00 secs] 
43.892: [GC (Allocation Failure) [PSYoungGen: 10067K->1856K(14336K)] 22919K->14716K(43520K), 0.0006737 secs] [Times: user=0.00 sys=0.00, real=0.00 secs] 
43.937: [GC (Allocation Failure) [PSYoungGen: 9011K->800K(14336K)] 21870K->13667K(43520K), 0.0007759 secs] [Times: user=0.00 sys=0.00, real=0.00 secs] 
43.939: [GC (Allocation Failure) [PSYoungGen: 7954K->7139K(14336K)] 20822K->20759K(43520K), 0.0008937 secs] [Times: user=0.00 sys=0.00, real=0.00 secs] 
44.001: [GC (Allocation Failure) [PSYoungGen: 14293K->6883K(14336K)] 27913K->20503K(43520K), 0.0012308 secs] [Times: user=0.00 sys=0.00, real=0.00 secs] 
44.003: [GC (Allocation Failure) [PSYoungGen: 14037K->5826K(14336K)] 27657K->19454K(43520K), 0.0015726 secs] [Times: user=0.00 sys=0.00, real=0.00 secs] 
44.047: [GC (Allocation Failure) [PSYoungGen: 12981K->4770K(14336K)] 26609K->18414K(43520K), 0.0010083 secs] [Times: user=0.00 sys=0.00, real=0.00 secs] 
44.094: [GC (Allocation Failure) [PSYoungGen: 11924K->3713K(14336K)] 25568K->17365K(43520K), 0.0006714 secs] [Times: user=0.00 sys=0.00, real=0.00 secs] 
44.096: [GC (Allocation Failure) [PSYoungGen: 10868K->2657K(14336K)] 24520K->16317K(43520K), 0.0008724 secs] [Times: user=0.00 sys=0.00, real=0.00 secs] 
44.097: [GC (Allocation Failure) [PSYoungGen: 9821K->1248K(14336K)] 23480K->14915K(43520K), 0.0005774 secs] [Times: user=0.00 sys=0.00, real=0.00 secs] 
44.142: [GC (Allocation Failure) [PSYoungGen: 8386K->7043K(14336K)] 22054K->20719K(43520K), 0.0009627 secs] [Times: user=0.00 sys=0.00, real=0.00 secs] 
44.189: [GC (Allocation Failure) [PSYoungGen: 14198K->5986K(14336K)] 27873K->19678K(43520K), 0.0008775 secs] [Times: user=0.00 sys=0.00, real=0.00 secs] 
44.190: [GC (Allocation Failure) [PSYoungGen: 13141K->4930K(14336K)] 26832K->18638K(43520K), 0.0012710 secs] [Times: user=0.00 sys=0.00, real=0.00 secs] 
44.250: [GC (Allocation Failure) [PSYoungGen: 12084K->3873K(14336K)] 25792K->17589K(43520K), 0.0008914 secs] [Times: user=0.00 sys=0.00, real=0.00 secs] 
44.298: [GC (Allocation Failure) [PSYoungGen: 11028K->2817K(14336K)] 24744K->16541K(43520K), 0.0007893 secs] [Times: user=0.00 sys=0.00, real=0.00 secs] 
44.299: [GC (Allocation Failure) [PSYoungGen: 9971K->1760K(14336K)] 23695K->15492K(43520K), 0.0009059 secs] [Times: user=0.00 sys=0.00, real=0.00 secs] 
44.344: [GC (Allocation Failure) [PSYoungGen: 8915K->704K(14336K)] 22647K->14452K(43520K), 0.0004683 secs] [Times: user=0.00 sys=0.00, real=0.00 secs] 
44.345: [GC (Allocation Failure) [PSYoungGen: 7858K->7139K(14336K)] 21606K->21543K(43520K), 0.0009533 secs] [Times: user=0.00 sys=0.00, real=0.00 secs] 
44.392: [GC (Allocation Failure) [PSYoungGen: 14286K->5218K(14336K)] 28690K->19622K(43520K), 0.0006903 secs] [Times: user=0.00 sys=0.00, real=0.00 secs] 
44.393: [GC (Allocation Failure) [PSYoungGen: 12372K->4162K(14336K)] 26776K->18582K(43520K), 0.0012515 secs] [Times: user=0.00 sys=0.00, real=0.00 secs] 
44.439: [GC (Allocation Failure) [PSYoungGen: 11316K->3105K(14336K)] 25736K->17541K(43520K), 0.0008761 secs] [Times: user=0.00 sys=0.00, real=0.00 secs] 
44.487: [GC (Allocation Failure) [PSYoungGen: 10259K->2016K(14336K)] 24696K->16469K(43520K), 0.0004640 secs] [Times: user=0.00 sys=0.00, real=0.00 secs] 
44.488: [GC (Allocation Failure) [PSYoungGen: 9171K->992K(14336K)] 23623K->15452K(43520K), 0.0008490 secs] [Times: user=0.00 sys=0.00, real=0.00 secs] 
44.489: [GC (Allocation Failure) [PSYoungGen: 8146K->7139K(14336K)] 22607K->22544K(43520K), 0.0010513 secs] [Times: user=0.00 sys=0.00, real=0.00 secs] 
44.550: [GC (Allocation Failure) [PSYoungGen: 14293K->7075K(14336K)] 29698K->22480K(43520K), 0.0008568 secs] [Times: user=0.00 sys=0.00, real=0.00 secs] 
44.599: [GC (Allocation Failure) [PSYoungGen: 14229K->6018K(14336K)] 29634K->21431K(43520K), 0.0009754 secs] [Times: user=0.02 sys=0.00, real=0.00 secs] 
44.601: [GC (Allocation Failure) [PSYoungGen: 13173K->4962K(14336K)] 28585K->20390K(43520K), 0.0008896 secs] [Times: user=0.00 sys=0.00, real=0.00 secs] 
44.646: [GC (Allocation Failure) [PSYoungGen: 12110K->2337K(14336K)] 27539K->17781K(43520K), 0.0010184 secs] [Times: user=0.00 sys=0.00, real=0.00 secs] 
44.691: [GC (Allocation Failure) [PSYoungGen: 9491K->1280K(14336K)] 24936K->16741K(43520K), 0.0005616 secs] [Times: user=0.00 sys=0.00, real=0.00 secs] 
44.692: [GC (Allocation Failure) [PSYoungGen: 8434K->224K(14336K)] 23895K->15692K(43520K), 0.0006772 secs] [Times: user=0.00 sys=0.00, real=0.00 secs] 
44.694: [GC (Allocation Failure) [PSYoungGen: 7378K->7139K(14336K)] 22847K->22784K(43520K), 0.0012751 secs] [Times: user=0.00 sys=0.00, real=0.00 secs] 
44.739: [GC (Allocation Failure) [PSYoungGen: 14293K->6307K(14336K)] 29938K->21951K(43520K), 0.0010780 secs] [Times: user=0.00 sys=0.00, real=0.00 secs] 
44.801: [GC (Allocation Failure) [PSYoungGen: 13461K->5250K(14336K)] 29106K->20903K(43520K), 0.0007091 secs] [Times: user=0.00 sys=0.00, real=0.00 secs] 
44.802: [GC (Allocation Failure) [PSYoungGen: 12404K->4194K(14336K)] 28057K->19854K(43520K), 0.0009681 secs] [Times: user=0.00 sys=0.00, real=0.00 secs] 
44.849: [GC (Allocation Failure) [PSYoungGen: 11348K->3137K(14336K)] 27009K->18806K(43520K), 0.0009874 secs] [Times: user=0.00 sys=0.00, real=0.00 secs] 
44.896: [GC (Allocation Failure) [PSYoungGen: 10275K->1024K(14336K)] 25943K->16709K(43520K), 0.0008250 secs] [Times: user=0.00 sys=0.00, real=0.00 secs] 
44.897: [GC (Allocation Failure) [PSYoungGen: 8178K->7139K(14336K)] 23863K->23800K(43520K), 0.0013326 secs] [Times: user=0.00 sys=0.00, real=0.00 secs] 
44.899: [GC (Allocation Failure) [PSYoungGen: 14293K->7107K(14336K)] 30955K->23768K(43520K), 0.0016310 secs] [Times: user=0.00 sys=0.00, real=0.00 secs] 
44.943: [GC (Allocation Failure) [PSYoungGen: 14261K->6050K(14336K)] 30923K->22728K(43520K), 0.0019652 secs] [Times: user=0.06 sys=0.00, real=0.00 secs] 
44.991: [GC (Allocation Failure) [PSYoungGen: 13205K->4994K(14336K)] 29882K->21679K(43520K), 0.0008739 secs] [Times: user=0.00 sys=0.00, real=0.00 secs] 
44.992: [GC (Allocation Failure) [PSYoungGen: 12148K->3937K(14336K)] 28834K->20639K(43520K), 0.0009518 secs] [Times: user=0.00 sys=0.00, real=0.00 secs] 
45.038: [GC (Allocation Failure) [PSYoungGen: 11092K->2881K(14336K)] 27793K->19590K(43520K), 0.0009476 secs] [Times: user=0.00 sys=0.00, real=0.00 secs] 
45.100: [GC (Allocation Failure) [PSYoungGen: 10035K->1824K(14336K)] 26744K->18541K(43520K), 0.0004119 secs] [Times: user=0.00 sys=0.00, real=0.00 secs] 
45.101: [GC (Allocation Failure) [PSYoungGen: 8979K->768K(14336K)] 25696K->17493K(43520K), 0.0007944 secs] [Times: user=0.00 sys=0.00, real=0.00 secs] 
45.102: [GC (Allocation Failure) [PSYoungGen: 7922K->7139K(14336K)] 24647K->24584K(43520K), 0.0011604 secs] [Times: user=0.00 sys=0.00, real=0.00 secs] 
45.147: [GC (Allocation Failure) [PSYoungGen: 14286K->4674K(14336K)] 31731K->22119K(43520K), 0.0010878 secs] [Times: user=0.00 sys=0.00, real=0.00 secs] 
45.193: [GC (Allocation Failure) [PSYoungGen: 11828K->3585K(14336K)] 29274K->21047K(43520K), 0.0008475 secs] [Times: user=0.00 sys=0.00, real=0.00 secs] 
45.195: [GC (Allocation Failure) [PSYoungGen: 10740K->2529K(14336K)] 28201K->19998K(43520K), 0.0005171 secs] [Times: user=0.00 sys=0.00, real=0.00 secs] 
45.240: [GC (Allocation Failure) [PSYoungGen: 9683K->1472K(14336K)] 27153K->18958K(43520K), 0.0007579 secs] [Times: user=0.00 sys=0.00, real=0.00 secs] 
45.287: [GC (Allocation Failure) [PSYoungGen: 8627K->416K(14336K)] 26112K->17909K(43520K), 0.0008848 secs] [Times: user=0.00 sys=0.00, real=0.00 secs] 
45.289: [GC (Allocation Failure) [PSYoungGen: 7570K->7139K(14336K)] 25064K->25001K(43520K), 0.0017668 secs] [Times: user=0.00 sys=0.00, real=0.00 secs] 
45.291: [GC (Allocation Failure) [PSYoungGen: 14293K->6499K(14336K)] 32155K->24360K(43520K), 0.0014519 secs] [Times: user=0.00 sys=0.00, real=0.00 secs] 
45.350: [GC (Allocation Failure) [PSYoungGen: 13653K->5442K(14336K)] 31515K->23320K(43520K), 0.0012325 secs] [Times: user=0.00 sys=0.00, real=0.00 secs] 
45.396: [GC (Allocation Failure) [PSYoungGen: 12580K->3329K(14336K)] 30458K->21215K(43520K), 0.0011362 secs] [Times: user=0.00 sys=0.00, real=0.00 secs] 
45.398: [GC (Allocation Failure) [PSYoungGen: 10484K->2273K(14336K)] 28369K->20166K(43520K), 0.0005121 secs] [Times: user=0.00 sys=0.00, real=0.00 secs] 
45.442: [GC (Allocation Failure) [PSYoungGen: 9427K->1216K(14336K)] 27321K->19118K(43520K), 0.0008320 secs] [Times: user=0.00 sys=0.00, real=0.00 secs] 
45.490: [GC (Allocation Failure) [PSYoungGen: 8371K->160K(14336K)] 26272K->18069K(43520K), 0.0008408 secs] [Times: user=0.00 sys=0.00, real=0.00 secs] 
45.491: [GC (Allocation Failure) [PSYoungGen: 7314K->7139K(14336K)] 25224K->25161K(43520K), 0.0018846 secs] [Times: user=0.00 sys=0.00, real=0.00 secs] 
45.493: [GC (Allocation Failure) [PSYoungGen: 14293K->6243K(14336K)] 32315K->24264K(43520K), 0.0014572 secs] [Times: user=0.00 sys=0.00, real=0.00 secs] 
45.537: [GC (Allocation Failure) [PSYoungGen: 13397K->5186K(14336K)] 31419K->23216K(43520K), 0.0009779 secs] [Times: user=0.05 sys=0.00, real=0.00 secs] 
45.600: [GC (Allocation Failure) [PSYoungGen: 12340K->4129K(14336K)] 30370K->22175K(43520K), 0.0006252 secs] [Times: user=0.00 sys=0.00, real=0.00 secs] 
45.601: [GC (Allocation Failure) [PSYoungGen: 11284K->3073K(14336K)] 29330K->21127K(43520K), 0.0009435 secs] [Times: user=0.00 sys=0.00, real=0.00 secs] 
45.646: [GC (Allocation Failure) [PSYoungGen: 10216K->480K(14336K)] 28270K->18541K(43520K), 0.0003991 secs] [Times: user=0.00 sys=0.00, real=0.00 secs] 
45.647: [GC (Allocation Failure) [PSYoungGen: 7634K->7139K(14336K)] 25696K->25609K(43520K), 0.0009731 secs] [Times: user=0.00 sys=0.00, real=0.00 secs] 
45.693: [GC (Allocation Failure) [PSYoungGen: 14293K->6531K(14336K)] 32763K->25001K(43520K), 0.0012445 secs] [Times: user=0.08 sys=0.02, real=0.00 secs] 
45.694: [GC (Allocation Failure) [PSYoungGen: 13685K->5474K(14336K)] 32155K->23952K(43520K), 0.0011662 secs] [Times: user=0.00 sys=0.00, real=0.00 secs] 
45.740: [GC (Allocation Failure) [PSYoungGen: 12629K->4418K(14336K)] 31106K->22904K(43520K), 0.0008338 secs] [Times: user=0.00 sys=0.00, real=0.00 secs] 
45.788: [GC (Allocation Failure) [PSYoungGen: 11572K->3361K(14336K)] 30058K->21863K(43520K), 0.0009473 secs] [Times: user=0.00 sys=0.00, real=0.00 secs] 
45.789: [GC (Allocation Failure) [PSYoungGen: 10516K->2305K(14336K)] 29017K->20814K(43520K), 0.0005535 secs] [Times: user=0.00 sys=0.00, real=0.00 secs] 
45.850: [GC (Allocation Failure) [PSYoungGen: 9459K->1248K(14336K)] 27969K->19766K(43520K), 0.0004446 secs] [Times: user=0.00 sys=0.00, real=0.00 secs] 
45.851: [GC (Allocation Failure) [PSYoungGen: 8416K->256K(14336K)] 26934K->18781K(43520K), 0.0005133 secs] [Times: user=0.00 sys=0.00, real=0.00 secs] 
45.897: [GC (Allocation Failure) [PSYoungGen: 7413K->5794K(14336K)] 25939K->24328K(43520K), 0.0011246 secs] [Times: user=0.00 sys=0.00, real=0.00 secs] 
45.899: [GC (Allocation Failure) [PSYoungGen: 12949K->4738K(14336K)] 31483K->23280K(43520K), 0.0009284 secs] [Times: user=0.00 sys=0.00, real=0.00 secs] 
45.944: [GC (Allocation Failure) [PSYoungGen: 11892K->3681K(14336K)] 30434K->22231K(43520K), 0.0016270 secs] [Times: user=0.00 sys=0.00, real=0.00 secs] 
45.991: [GC (Allocation Failure) [PSYoungGen: 10836K->2625K(14336K)] 29385K->21183K(43520K), 0.0008256 secs] [Times: user=0.00 sys=0.00, real=0.00 secs] 
45.993: [GC (Allocation Failure) [PSYoungGen: 9779K->1568K(14336K)] 28337K->20142K(43520K), 0.0005527 secs] [Times: user=0.00 sys=0.00, real=0.00 secs] 
46.038: [GC (Allocation Failure) [PSYoungGen: 8723K->512K(14336K)] 27297K->19102K(43520K), 0.0007047 secs] [Times: user=0.00 sys=0.00, real=0.00 secs] 
46.039: [GC (Allocation Failure) [PSYoungGen: 7666K->7139K(14336K)] 26256K->26193K(43520K), 0.0012240 secs] [Times: user=0.00 sys=0.00, real=0.00 secs] 
46.086: [GC (Allocation Failure) [PSYoungGen: 14293K->6595K(14336K)] 33348K->25649K(43520K), 0.0008024 secs] [Times: user=0.00 sys=0.00, real=0.00 secs] 
46.088: [GC (Allocation Failure) [PSYoungGen: 13734K->4930K(14336K)] 32788K->24000K(43520K), 0.0007038 secs] [Times: user=0.00 sys=0.00, real=0.00 secs] 
46.149: [GC (Allocation Failure) [PSYoungGen: 12068K->2753K(14336K)] 31138K->21831K(43520K), 0.0009722 secs] [Times: user=0.00 sys=0.00, real=0.00 secs] 
46.195: [GC (Allocation Failure) [PSYoungGen: 9907K->1696K(14336K)] 28985K->20790K(43520K), 0.0003670 secs] [Times: user=0.00 sys=0.00, real=0.00 secs] 
46.196: [GC (Allocation Failure) [PSYoungGen: 8851K->640K(14336K)] 27945K->19750K(43520K), 0.0004495 secs] [Times: user=0.00 sys=0.00, real=0.00 secs] 
46.197: [GC (Allocation Failure) [PSYoungGen: 7794K->7139K(14336K)] 26904K->26841K(43520K), 0.0011499 secs] [Times: user=0.00 sys=0.00, real=0.00 secs] 
46.244: [GC (Allocation Failure) [PSYoungGen: 14293K->6723K(14336K)] 33996K->26425K(43520K), 0.0007741 secs] [Times: user=0.00 sys=0.00, real=0.00 secs] 
46.290: [GC (Allocation Failure) [PSYoungGen: 13877K->5666K(14336K)] 33580K->25377K(43520K), 0.0011194 secs] [Times: user=0.00 sys=0.00, real=0.00 secs] 
46.292: [GC (Allocation Failure) [PSYoungGen: 12821K->4610K(14336K)] 32531K->24328K(43520K), 0.0006874 secs] [Times: user=0.00 sys=0.00, real=0.00 secs] 
46.338: [GC (Allocation Failure) [PSYoungGen: 11747K->2529K(14336K)] 31466K->22255K(43520K), 0.0008732 secs] [Times: user=0.00 sys=0.00, real=0.00 secs] 
46.400: [GC (Allocation Failure) [PSYoungGen: 9683K->1440K(14336K)] 29409K->21183K(43520K), 0.0005601 secs] [Times: user=0.00 sys=0.00, real=0.00 secs] 
46.402: [GC (Allocation Failure) [PSYoungGen: 8595K->352K(14336K)] 28337K->20102K(43520K), 0.0007312 secs] [Times: user=0.00 sys=0.00, real=0.00 secs] 
46.403: [GC (Allocation Failure) [PSYoungGen: 7506K->7139K(14336K)] 27256K->27226K(43520K), 0.0009385 secs] [Times: user=0.00 sys=0.00, real=0.00 secs] 
46.448: [GC (Allocation Failure) [PSYoungGen: 14293K->6467K(14336K)] 34380K->26553K(43520K), 0.0019336 secs] [Times: user=0.00 sys=0.00, real=0.00 secs] 
46.495: [GC (Allocation Failure) [PSYoungGen: 13621K->5410K(14336K)] 33708K->25513K(43520K), 0.0007968 secs] [Times: user=0.00 sys=0.00, real=0.00 secs] 
46.496: [GC (Allocation Failure) [PSYoungGen: 12565K->4354K(14336K)] 32667K->24464K(43520K), 0.0009548 secs] [Times: user=0.00 sys=0.00, real=0.00 secs] 
46.542: [GC (Allocation Failure) [PSYoungGen: 11508K->3297K(14336K)] 31619K->23424K(43520K), 0.0012417 secs] [Times: user=0.00 sys=0.00, real=0.00 secs] 
46.589: [GC (Allocation Failure) [PSYoungGen: 10452K->2241K(14336K)] 30578K->22383K(43520K), 0.0011794 secs] [Times: user=0.00 sys=0.00, real=0.00 secs] 
46.591: [GC (Allocation Failure) [PSYoungGen: 9395K->1184K(14336K)] 29538K->21343K(43520K), 0.0009489 secs] [Times: user=0.00 sys=0.00, real=0.00 secs] 
46.592: [GC (Allocation Failure) [PSYoungGen: 8352K->128K(14336K)] 28511K->20294K(43520K), 0.0009083 secs] [Times: user=0.00 sys=0.00, real=0.00 secs] 
46.636: [GC (Allocation Failure) [PSYoungGen: 7283K->5250K(14336K)] 27449K->25433K(43520K), 0.0011022 secs] [Times: user=0.00 sys=0.00, real=0.00 secs] 
46.697: [GC (Allocation Failure) [PSYoungGen: 12403K->4162K(14336K)] 32586K->24360K(43520K), 0.0006084 secs] [Times: user=0.00 sys=0.00, real=0.00 secs] 
46.699: [GC (Allocation Failure) [PSYoungGen: 11315K->3105K(14336K)] 31514K->23320K(43520K), 0.0005889 secs] [Times: user=0.00 sys=0.00, real=0.00 secs] 
46.744: [GC (Allocation Failure) [PSYoungGen: 10259K->2048K(14336K)] 30474K->22271K(43520K), 0.0009165 secs] [Times: user=0.00 sys=0.00, real=0.00 secs] 
46.792: [GC (Allocation Failure) [PSYoungGen: 9203K->992K(14336K)] 29425K->21230K(43520K), 0.0011173 secs] [Times: user=0.00 sys=0.00, real=0.00 secs] 
46.793: [GC (Allocation Failure) [PSYoungGen: 8146K->7139K(14336K)] 28385K->28322K(43520K), 0.0012591 secs] [Times: user=0.00 sys=0.00, real=0.00 secs] 
46.795: [GC (Allocation Failure) [PSYoungGen: 14293K->7075K(14336K)] 35476K->28258K(43520K), 0.0014229 secs] [Times: user=0.00 sys=0.00, real=0.00 secs] 
46.838: [GC (Allocation Failure) [PSYoungGen: 14229K->6018K(14336K)] 35412K->27209K(43520K), 0.0015703 secs] [Times: user=0.00 sys=0.00, real=0.00 secs] 
46.886: [GC (Allocation Failure) [PSYoungGen: 13156K->3937K(14336K)] 34347K->25144K(43520K), 0.0007399 secs] [Times: user=0.00 sys=0.00, real=0.00 secs] 
46.888: [GC (Allocation Failure) [PSYoungGen: 11092K->2849K(14336K)] 32299K->24064K(43520K), 0.0010569 secs] [Times: user=0.00 sys=0.00, real=0.00 secs] 
46.949: [GC (Allocation Failure) [PSYoungGen: 10003K->1792K(14336K)] 31218K->23023K(43520K), 0.0009838 secs] [Times: user=0.00 sys=0.00, real=0.00 secs] 
46.996: [GC (Allocation Failure) [PSYoungGen: 8947K->736K(14336K)] 30178K->21975K(43520K), 0.0005580 secs] [Times: user=0.00 sys=0.00, real=0.00 secs] 
46.997: [GC (Allocation Failure) [PSYoungGen: 7890K->7139K(14336K)] 29129K->29066K(43520K), 0.0011016 secs] [Times: user=0.00 sys=0.00, real=0.00 secs] 
46.999: [GC (Allocation Failure) [PSYoungGen: 14293K->6819K(14336K)] 36221K->28746K(43520K), 0.0016105 secs] [Times: user=0.00 sys=0.00, real=0.00 secs] 
47.043: [GC (Allocation Failure) [PSYoungGen: 13973K->5762K(14336K)] 35901K->27698K(43520K), 0.0013753 secs] [Times: user=0.00 sys=0.00, real=0.00 secs] 
47.090: [GC (Allocation Failure) [PSYoungGen: 12917K->4706K(14336K)] 34852K->26649K(43520K), 0.0011027 secs] [Times: user=0.00 sys=0.00, real=0.00 secs] 
47.092: [GC (Allocation Failure) [PSYoungGen: 11860K->3649K(14336K)] 33804K->25601K(43520K), 0.0009618 secs] [Times: user=0.00 sys=0.00, real=0.00 secs] 
47.137: [GC (Allocation Failure) [PSYoungGen: 10793K->928K(14336K)] 32745K->22887K(43520K), 0.0005543 secs] [Times: user=0.00 sys=0.00, real=0.00 secs] 
47.138: [GC (Allocation Failure) [PSYoungGen: 8083K->7139K(14336K)] 30042K->29955K(43520K), 0.0015916 secs] [Times: user=0.00 sys=0.00, real=0.00 secs] 
47.199: [GC (Allocation Failure) [PSYoungGen: 14293K->6979K(14336K)] 37109K->29795K(43520K), 0.0013568 secs] [Times: user=0.00 sys=0.00, real=0.00 secs] 
47.201: [GC (Allocation Failure) [PSYoungGen: 14133K->5922K(14336K)] 36949K->28746K(43520K), 0.0010301 secs] [Times: user=0.00 sys=0.00, real=0.00 secs] 
47.246: [GC (Allocation Failure) [PSYoungGen: 13077K->4866K(14336K)] 35901K->27706K(43520K), 0.0007736 secs] [Times: user=0.00 sys=0.00, real=0.00 secs] 
47.292: [GC (Allocation Failure) [PSYoungGen: 12020K->3809K(14336K)] 34860K->26657K(43520K), 0.0006083 secs] [Times: user=0.00 sys=0.00, real=0.00 secs] 
47.293: [GC (Allocation Failure) [PSYoungGen: 10964K->2753K(14336K)] 33812K->25609K(43520K), 0.0007404 secs] [Times: user=0.00 sys=0.00, real=0.00 secs] 
47.340: [GC (Allocation Failure) [PSYoungGen: 9907K->1696K(14336K)] 32763K->24568K(43520K), 0.0007260 secs] [Times: user=0.00 sys=0.00, real=0.00 secs] 
47.341: [GC (Allocation Failure) [PSYoungGen: 8860K->160K(14336K)] 31732K->23039K(43520K), 0.0006082 secs] [Times: user=0.00 sys=0.00, real=0.00 secs] 
47.387: [GC (Allocation Failure) [PSYoungGen: 7314K->6243K(14336K)] 30194K->29146K(43520K), 0.0011715 secs] [Times: user=0.00 sys=0.00, real=0.00 secs] 
47.389: [GC (Allocation Failure) [PSYoungGen: 13397K->5186K(14336K)] 36301K->28098K(43520K), 0.0010738 secs] [Times: user=0.00 sys=0.00, real=0.00 secs] 
47.449: [GC (Allocation Failure) [PSYoungGen: 12340K->4129K(14336K)] 35252K->27049K(43520K), 0.0006833 secs] [Times: user=0.00 sys=0.00, real=0.00 secs] 
47.496: [GC (Allocation Failure) [PSYoungGen: 11284K->3073K(14336K)] 34204K->26009K(43520K), 0.0007346 secs] [Times: user=0.00 sys=0.00, real=0.00 secs] 
47.497: [GC (Allocation Failure) [PSYoungGen: 10227K->2016K(14336K)] 33163K->24960K(43520K), 0.0005594 secs] [Times: user=0.00 sys=0.00, real=0.00 secs] 
47.542: [GC (Allocation Failure) [PSYoungGen: 9171K->960K(14336K)] 32115K->23920K(43520K), 0.0005131 secs] [Times: user=0.00 sys=0.00, real=0.00 secs] 
47.543: [GC (Allocation Failure) [PSYoungGen: 8114K->7139K(14336K)] 31074K->31011K(43520K), 0.0013805 secs] [Times: user=0.00 sys=0.00, real=0.00 secs] 
47.589: [GC (Allocation Failure) [PSYoungGen: 14293K->7043K(14336K)] 38166K->30915K(43520K), 0.0017877 secs] [Times: user=0.00 sys=0.00, real=0.00 secs] 
47.592: [GC (Allocation Failure) [PSYoungGen: 14197K->5954K(14336K)] 38070K->29843K(43520K), 0.0008367 secs] [Times: user=0.00 sys=0.00, real=0.00 secs] 
47.637: [GC (Allocation Failure) [PSYoungGen: 13097K->3361K(14336K)] 36986K->27257K(43520K), 0.0007830 secs] [Times: user=0.00 sys=0.00, real=0.00 secs] 
47.699: [GC (Allocation Failure) [PSYoungGen: 10515K->2305K(14336K)] 34412K->26217K(43520K), 0.0008312 secs] [Times: user=0.00 sys=0.00, real=0.00 secs] 
47.700: [GC (Allocation Failure) [PSYoungGen: 9459K->1248K(14336K)] 33371K->25168K(43520K), 0.0006080 secs] [Times: user=0.00 sys=0.00, real=0.00 secs] 
47.746: [GC (Allocation Failure) [PSYoungGen: 8403K->192K(14336K)] 32323K->24120K(43520K), 0.0006677 secs] [Times: user=0.00 sys=0.00, real=0.00 secs] 
47.747: [GC (Allocation Failure) [PSYoungGen: 7346K->7139K(14336K)] 31274K->31211K(43520K), 0.0009274 secs] [Times: user=0.00 sys=0.00, real=0.00 secs] 
47.794: [GC (Allocation Failure) [PSYoungGen: 14293K->6275K(14336K)] 38366K->30347K(43520K), 0.0009981 secs] [Times: user=0.00 sys=0.00, real=0.00 secs] 
47.795: [GC (Allocation Failure) [PSYoungGen: 13429K->5218K(14336K)] 37501K->29306K(43520K), 0.0008490 secs] [Times: user=0.00 sys=0.00, real=0.00 secs] 
47.840: [GC (Allocation Failure) [PSYoungGen: 12373K->4162K(14336K)] 36461K->28266K(43520K), 0.0013808 secs] [Times: user=0.00 sys=0.00, real=0.00 secs] 
47.887: [GC (Allocation Failure) [PSYoungGen: 11299K->2080K(14336K)] 35403K->26193K(43520K), 0.0005588 secs] [Times: user=0.00 sys=0.00, real=0.00 secs] 
47.889: [GC (Allocation Failure) [PSYoungGen: 9235K->992K(14336K)] 33347K->25120K(43520K), 0.0006934 secs] [Times: user=0.00 sys=0.00, real=0.00 secs] 
47.890: [GC (Allocation Failure) [PSYoungGen: 8146K->7139K(14336K)] 32275K->32212K(43520K), 0.0011693 secs] [Times: user=0.00 sys=0.00, real=0.00 secs] 
47.950: [GC (Allocation Failure) [PSYoungGen: 14293K->7075K(14336K)] 39366K->32148K(43520K), 0.0012895 secs] [Times: user=0.00 sys=0.00, real=0.00 secs] 
47.997: [GC (Allocation Failure) [PSYoungGen: 14229K->6018K(14336K)] 39302K->31107K(43520K), 0.0011308 secs] [Times: user=0.00 sys=0.00, real=0.00 secs] 
47.999: [GC (Allocation Failure) [PSYoungGen: 13173K->4962K(14336K)] 38262K->30067K(43520K), 0.0009163 secs] [Times: user=0.00 sys=0.00, real=0.00 secs] 
48.045: [GC (Allocation Failure) [PSYoungGen: 12116K->3905K(14336K)] 37221K->29026K(43520K), 0.0011888 secs] [Times: user=0.00 sys=0.00, real=0.00 secs] 
48.092: [GC (Allocation Failure) [PSYoungGen: 11060K->2849K(14336K)] 36181K->27986K(43520K), 0.0009224 secs] [Times: user=0.00 sys=0.00, real=0.00 secs] 
48.094: [GC (Allocation Failure) [PSYoungGen: 9993K->96K(14336K)] 35130K->25240K(43520K), 0.0009279 secs] [Times: user=0.00 sys=0.00, real=0.00 secs] 
48.095: [GC (Allocation Failure) [PSYoungGen: 7250K->7139K(14336K)] 32395K->32340K(43520K), 0.0012800 secs] [Times: user=0.00 sys=0.00, real=0.00 secs] 
48.139: [GC (Allocation Failure) [PSYoungGen: 14301K->5698K(14336K)] 39502K->30899K(43520K), 0.0018173 secs] [Times: user=0.00 sys=0.00, real=0.00 secs] 
48.186: [GC (Allocation Failure) [PSYoungGen: 12853K->4610K(14336K)] 38053K->29834K(43520K), 0.0006765 secs] [Times: user=0.00 sys=0.00, real=0.00 secs] 
48.187: [GC (Allocation Failure) [PSYoungGen: 11764K->3553K(14336K)] 36989K->28794K(43520K), 0.0009382 secs] [Times: user=0.00 sys=0.00, real=0.00 secs] 
48.249: [GC (Allocation Failure) [PSYoungGen: 10708K->2497K(14336K)] 35948K->27753K(43520K), 0.0009151 secs] [Times: user=0.00 sys=0.00, real=0.00 secs] 
48.295: [GC (Allocation Failure) [PSYoungGen: 9651K->1440K(14336K)] 34908K->26705K(43520K), 0.0004108 secs] [Times: user=0.00 sys=0.00, real=0.00 secs] 
48.296: [GC (Allocation Failure) [PSYoungGen: 8595K->384K(14336K)] 33859K->25664K(43520K), 0.0004568 secs] [Times: user=0.00 sys=0.00, real=0.00 secs] 
48.297: [GC (Allocation Failure) [PSYoungGen: 7538K->7139K(14336K)] 32819K->32756K(43520K), 0.0009234 secs] [Times: user=0.00 sys=0.00, real=0.00 secs] 
48.342: [GC (Allocation Failure) [PSYoungGen: 14286K->5442K(14336K)] 39903K->31059K(43520K), 0.0009002 secs] [Times: user=0.00 sys=0.00, real=0.00 secs] 
48.388: [GC (Allocation Failure) [PSYoungGen: 12597K->4354K(14336K)] 38214K->29994K(43520K), 0.0008197 secs] [Times: user=0.00 sys=0.00, real=0.00 secs] 
48.389: [GC (Allocation Failure) [PSYoungGen: 11508K->3297K(14336K)] 37149K->28946K(43520K), 0.0005621 secs] [Times: user=0.00 sys=0.00, real=0.00 secs] 
48.450: [GC (Allocation Failure) [PSYoungGen: 10451K->2241K(14336K)] 36100K->27897K(43520K), 0.0009867 secs] [Times: user=0.00 sys=0.00, real=0.00 secs] 
48.497: [GC (Allocation Failure) [PSYoungGen: 9395K->1152K(14336K)] 35052K->26825K(43520K), 0.0010488 secs] [Times: user=0.00 sys=0.00, real=0.00 secs] 
48.498: [GC (Allocation Failure) [PSYoungGen: 8306K->128K(14336K)] 33979K->25816K(43520K), 0.0006683 secs] [Times: user=0.00 sys=0.00, real=0.00 secs] 
48.499: [GC (Allocation Failure) [PSYoungGen: 7282K->7139K(14336K)] 32971K->32908K(43520K), 0.0014195 secs] [Times: user=0.00 sys=0.00, real=0.00 secs] 
48.544: [GC (Allocation Failure) [PSYoungGen: 14293K->6179K(14336K)] 40062K->31947K(43520K), 0.0008180 secs] [Times: user=0.00 sys=0.00, real=0.00 secs] 
48.591: [GC (Allocation Failure) [PSYoungGen: 13333K->5154K(14336K)] 39102K->30931K(43520K), 0.0013653 secs] [Times: user=0.00 sys=0.00, real=0.00 secs] 
48.593: [GC (Allocation Failure) [PSYoungGen: 12308K->4097K(14336K)] 38085K->29882K(43520K), 0.0010208 secs] [Times: user=0.00 sys=0.00, real=0.00 secs] 
48.639: [GC (Allocation Failure) [PSYoungGen: 11262K->1536K(14336K)] 37046K->27329K(43520K), 0.0006070 secs] [Times: user=0.00 sys=0.00, real=0.00 secs] 
48.686: [GC (Allocation Failure) [PSYoungGen: 8691K->448K(14336K)] 34484K->26257K(43520K), 0.0007782 secs] [Times: user=0.00 sys=0.00, real=0.00 secs] 
48.688: [GC (Allocation Failure) [PSYoungGen: 7602K->7139K(14336K)] 33411K->33348K(43520K), 0.0011743 secs] [Times: user=0.00 sys=0.00, real=0.00 secs] 
48.689: [GC (Allocation Failure) [PSYoungGen: 14293K->6531K(14336K)] 40503K->32740K(43520K), 0.0013373 secs] [Times: user=0.00 sys=0.00, real=0.00 secs] 
48.749: [GC (Allocation Failure) [PSYoungGen: 13685K->5474K(14336K)] 39894K->31699K(43520K), 0.0007458 secs] [Times: user=0.00 sys=0.00, real=0.00 secs] 
48.796: [GC (Allocation Failure) [PSYoungGen: 12629K->4418K(14336K)] 38854K->30651K(43520K), 0.0011189 secs] [Times: user=0.00 sys=0.00, real=0.00 secs] 
48.797: [GC (Allocation Failure) [PSYoungGen: 11572K->3361K(14336K)] 37805K->29602K(43520K), 0.0007180 secs] [Times: user=0.00 sys=0.00, real=0.00 secs] 
48.842: [GC (Allocation Failure) [PSYoungGen: 10516K->2305K(14336K)] 36757K->28554K(43520K), 0.0006327 secs] [Times: user=0.00 sys=0.00, real=0.00 secs] 
48.843: [GC (Allocation Failure) [PSYoungGen: 9470K->224K(14336K)] 35720K->26481K(43520K), 0.0004253 secs] [Times: user=0.00 sys=0.00, real=0.00 secs] 
48.889: [GC (Allocation Failure) [PSYoungGen: 7373K->6851K(14336K)] 33630K->33132K(43520K), 0.0008500 secs] [Times: user=0.00 sys=0.00, real=0.00 secs] 
48.890: [GC (Allocation Failure) [PSYoungGen: 14005K->5794K(14336K)] 40286K->32091K(43520K), 0.0010445 secs] [Times: user=0.00 sys=0.00, real=0.00 secs] 
48.951: [GC (Allocation Failure) [PSYoungGen: 12949K->4738K(14336K)] 39246K->31043K(43520K), 0.0007583 secs] [Times: user=0.00 sys=0.00, real=0.00 secs] 
48.999: [GC (Allocation Failure) [PSYoungGen: 11892K->3681K(14336K)] 38197K->29994K(43520K), 0.0007298 secs] [Times: user=0.00 sys=0.00, real=0.00 secs] 
49.000: [GC (Allocation Failure) [PSYoungGen: 10836K->2625K(14336K)] 37149K->28954K(43520K), 0.0007604 secs] [Times: user=0.00 sys=0.00, real=0.00 secs] 
49.046: [GC (Allocation Failure) [PSYoungGen: 9779K->1568K(14336K)] 36108K->27905K(43520K), 0.0011058 secs] [Times: user=0.00 sys=0.00, real=0.00 secs] 
49.093: [GC (Allocation Failure) [PSYoungGen: 8723K->512K(14336K)] 35060K->26865K(43520K), 0.0004797 secs] [Times: user=0.00 sys=0.00, real=0.00 secs] 
49.094: [GC (Allocation Failure) [PSYoungGen: 7666K->7139K(14336K)] 34019K->33956K(43520K), 0.0013555 secs] [Times: user=0.00 sys=0.00, real=0.00 secs] 
49.096: [GC (Allocation Failure) [PSYoungGen: 14293K->6595K(14336K)] 41111K->33412K(43520K), 0.0012857 secs] [Times: user=0.00 sys=0.00, real=0.00 secs] 
49.140: [GC (Allocation Failure) [PSYoungGen: 13739K->3905K(14336K)] 40556K->30739K(43520K), 0.0007765 secs] [Times: user=0.00 sys=0.00, real=0.00 secs] 
49.187: [GC (Allocation Failure) [PSYoungGen: 11060K->2785K(14336K)] 37893K->29626K(43520K), 0.0006986 secs] [Times: user=0.00 sys=0.00, real=0.00 secs] 
49.188: [GC (Allocation Failure) [PSYoungGen: 9939K->1728K(14336K)] 36780K->28586K(43520K), 0.0006645 secs] [Times: user=0.00 sys=0.00, real=0.00 secs] 
49.250: [GC (Allocation Failure) [PSYoungGen: 8883K->672K(14336K)] 35740K->27537K(43520K), 0.0009315 secs] [Times: user=0.00 sys=0.00, real=0.00 secs] 
49.251: [GC (Allocation Failure) [PSYoungGen: 7826K->7139K(14336K)] 34692K->34629K(43520K), 0.0011606 secs] [Times: user=0.00 sys=0.00, real=0.00 secs] 
49.297: [GC (Allocation Failure) [PSYoungGen: 14293K->6755K(14336K)] 41783K->34244K(43520K), 0.0009855 secs] [Times: user=0.00 sys=0.00, real=0.00 secs] 
49.299: [GC (Allocation Failure) [PSYoungGen: 13909K->5698K(14336K)] 41399K->33196K(43520K), 0.0009912 secs] [Times: user=0.00 sys=0.00, real=0.00 secs] 
49.344: [GC (Allocation Failure) [PSYoungGen: 12853K->4642K(14336K)] 40350K->32147K(43520K), 0.0008319 secs] [Times: user=0.00 sys=0.00, real=0.00 secs] 
49.391: [GC (Allocation Failure) [PSYoungGen: 11779K->2561K(14336K)] 39285K->30082K(43520K), 0.0009538 secs] [Times: user=0.00 sys=0.00, real=0.00 secs] 
49.392: [GC (Allocation Failure) [PSYoungGen: 9715K->1472K(14336K)] 37237K->29002K(43520K), 0.0007413 secs] [Times: user=0.00 sys=0.00, real=0.00 secs] 
49.438: [GC (Allocation Failure) [PSYoungGen: 8627K->416K(14336K)] 36156K->27953K(43520K), 0.0008921 secs] [Times: user=0.00 sys=0.00, real=0.00 secs] 
49.440: [GC (Allocation Failure) [PSYoungGen: 7570K->7139K(14336K)] 35108K->35045K(43520K), 0.0015675 secs] [Times: user=0.00 sys=0.00, real=0.00 secs] 
49.501: [GC (Allocation Failure) [PSYoungGen: 14293K->6499K(14336K)] 42199K->34404K(43520K), 0.0013227 secs] [Times: user=0.00 sys=0.00, real=0.00 secs] 
49.503: [GC (Allocation Failure) [PSYoungGen: 13653K->5442K(14336K)] 41559K->33364K(43520K), 0.0008269 secs] [Times: user=0.00 sys=0.00, real=0.00 secs] 
49.548: [GC (Allocation Failure) [PSYoungGen: 12597K->4386K(14336K)] 40518K->32323K(43520K), 0.0008371 secs] [Times: user=0.00 sys=0.00, real=0.00 secs] 
49.596: [GC (Allocation Failure) [PSYoungGen: 11540K->3329K(14336K)] 39478K->31275K(43520K), 0.0008693 secs] [Times: user=0.00 sys=0.00, real=0.00 secs] 
49.597: [GC (Allocation Failure) [PSYoungGen: 10472K->736K(14336K)] 38418K->28698K(43520K), 0.0004456 secs] [Times: user=0.00 sys=0.00, real=0.00 secs] 
49.598: [GC (Allocation Failure) [PSYoungGen: 7890K->7139K(14336K)] 35852K->35765K(43520K), 0.0012683 secs] [Times: user=0.00 sys=0.00, real=0.00 secs] 
49.643: [GC (Allocation Failure) [PSYoungGen: 14305K->6339K(14336K)] 42931K->34965K(43520K), 0.0009479 secs] [Times: user=0.00 sys=0.00, real=0.00 secs] 
49.690: [GC (Allocation Failure) [PSYoungGen: 13493K->5218K(14336K)] 42119K->33852K(43520K), 0.0010492 secs] [Times: user=0.00 sys=0.00, real=0.00 secs] 
49.692: [GC (Allocation Failure) [PSYoungGen: 12372K->4162K(14336K)] 41006K->32804K(43520K), 0.0009121 secs] [Times: user=0.00 sys=0.00, real=0.00 secs] 
49.738: [GC (Allocation Failure) [PSYoungGen: 11316K->3105K(14336K)] 39958K->31763K(43520K), 0.0010355 secs] [Times: user=0.00 sys=0.00, real=0.00 secs] 
49.786: [GC (Allocation Failure) [PSYoungGen: 10259K->2048K(14336K)] 38918K->30723K(43520K), 0.0007321 secs] [Times: user=0.00 sys=0.00, real=0.00 secs] 
49.788: [GC (Allocation Failure) [PSYoungGen: 9203K->992K(14336K)] 37877K->29674K(43520K), 0.0007995 secs] [Times: user=0.00 sys=0.00, real=0.00 secs] 
49.789: [GC (Allocation Failure) [PSYoungGen: 8146K->7139K(14336K)] 36829K->36766K(45568K), 0.0013841 secs] [Times: user=0.00 sys=0.00, real=0.00 secs] 
49.849: [GC (Allocation Failure) [PSYoungGen: 14302K->6050K(14336K)] 43928K->35677K(45568K), 0.0009789 secs] [Times: user=0.00 sys=0.00, real=0.00 secs] 
49.895: [GC (Allocation Failure) [PSYoungGen: 13205K->4994K(14336K)] 42831K->34636K(45568K), 0.0007593 secs] [Times: user=0.00 sys=0.00, real=0.00 secs] 
49.896: [GC (Allocation Failure) [PSYoungGen: 12148K->3937K(14336K)] 41791K->33588K(45568K), 0.0010762 secs] [Times: user=0.02 sys=0.00, real=0.00 secs] 
49.940: [GC (Allocation Failure) [PSYoungGen: 11092K->2881K(14336K)] 40742K->32547K(45568K), 0.0006906 secs] [Times: user=0.00 sys=0.00, real=0.00 secs] 
49.987: [GC (Allocation Failure) [PSYoungGen: 10035K->1824K(14336K)] 39702K->31507K(45568K), 0.0006755 secs] [Times: user=0.00 sys=0.00, real=0.00 secs] 
49.988: [GC (Allocation Failure) [PSYoungGen: 8979K->768K(14336K)] 38661K->30458K(45568K), 0.0004228 secs] [Times: user=0.00 sys=0.00, real=0.00 secs] 
49.989: [GC (Allocation Failure) [PSYoungGen: 7922K->7139K(14336K)] 37613K->37550K(45568K), 0.0017741 secs] [Times: user=0.02 sys=0.00, real=0.00 secs] 
50.051: [GC (Allocation Failure) [PSYoungGen: 14293K->6851K(14336K)] 44704K->37262K(45568K), 0.0008126 secs] [Times: user=0.01 sys=0.00, real=0.00 secs] 
50.098: [GC (Allocation Failure) [PSYoungGen: 14005K->5762K(14336K)] 44416K->36189K(45568K), 0.0012040 secs] [Times: user=0.00 sys=0.00, real=0.00 secs] 
50.100: [GC (Allocation Failure) [PSYoungGen: 12917K->4738K(14336K)] 43344K->35173K(45568K), 0.0007427 secs] [Times: user=0.00 sys=0.00, real=0.00 secs] 
50.145: [GC (Allocation Failure) [PSYoungGen: 11882K->2048K(14336K)] 42317K->32499K(45568K), 0.0007070 secs] [Times: user=0.00 sys=0.00, real=0.00 secs] 
50.192: [GC (Allocation Failure) [PSYoungGen: 9203K->928K(14336K)] 39654K->31395K(45568K), 0.0009103 secs] [Times: user=0.00 sys=0.00, real=0.00 secs] 
50.193: [GC (Allocation Failure) [PSYoungGen: 8082K->7139K(14336K)] 38549K->38486K(47616K), 0.0011109 secs] [Times: user=0.00 sys=0.00, real=0.00 secs] 
50.195: [GC (Allocation Failure) [PSYoungGen: 14293K->7011K(14336K)] 45641K->38358K(47616K), 0.0010756 secs] [Times: user=0.00 sys=0.00, real=0.00 secs] 
50.238: [GC (Allocation Failure) [PSYoungGen: 14165K->5954K(14336K)] 45513K->37318K(47616K), 0.0010814 secs] [Times: user=0.00 sys=0.00, real=0.00 secs] 
50.286: [GC (Allocation Failure) [PSYoungGen: 13109K->4898K(14336K)] 44472K->36277K(47616K), 0.0009706 secs] [Times: user=0.05 sys=0.00, real=0.00 secs] 
50.288: [GC (Allocation Failure) [PSYoungGen: 12052K->3809K(14336K)] 43432K->35205K(47616K), 0.0011050 secs] [Times: user=0.00 sys=0.00, real=0.00 secs] 
50.349: [GC (Allocation Failure) [PSYoungGen: 10964K->2785K(14336K)] 42359K->34196K(47616K), 0.0006369 secs] [Times: user=0.00 sys=0.00, real=0.00 secs] 
50.395: [GC (Allocation Failure) [PSYoungGen: 9953K->224K(14336K)] 41364K->31651K(47616K), 0.0003356 secs] [Times: user=0.00 sys=0.00, real=0.00 secs] 
50.396: [GC (Allocation Failure) [PSYoungGen: 7378K->7139K(14336K)] 38805K->38718K(47616K), 0.0010013 secs] [Times: user=0.02 sys=0.00, real=0.00 secs] 
50.398: [GC (Allocation Failure) [PSYoungGen: 14293K->6275K(14336K)] 45873K->37854K(47616K), 0.0009303 secs] [Times: user=0.00 sys=0.00, real=0.00 secs] 
50.442: [GC (Allocation Failure) [PSYoungGen: 13429K->5218K(14336K)] 45008K->36805K(47616K), 0.0010773 secs] [Times: user=0.00 sys=0.00, real=0.00 secs] 
50.489: [GC (Allocation Failure) [PSYoungGen: 12372K->4162K(14336K)] 43960K->35765K(47616K), 0.0007271 secs] [Times: user=0.00 sys=0.00, real=0.00 secs] 
50.490: [GC (Allocation Failure) [PSYoungGen: 11316K->3105K(14336K)] 42919K->34716K(47616K), 0.0008388 secs] [Times: user=0.02 sys=0.00, real=0.00 secs] 
50.536: [GC (Allocation Failure) [PSYoungGen: 10259K->2048K(14336K)] 41871K->33676K(47616K), 0.0007768 secs] [Times: user=0.00 sys=0.00, real=0.00 secs] 
50.599: [GC (Allocation Failure) [PSYoungGen: 9203K->992K(14336K)] 40830K->32635K(47616K), 0.0007991 secs] [Times: user=0.00 sys=0.00, real=0.00 secs] 
50.600: [GC (Allocation Failure) [PSYoungGen: 8146K->7139K(14336K)] 39790K->39727K(47616K), 0.0011977 secs] [Times: user=0.00 sys=0.00, real=0.00 secs] 
50.601: [Full GC (Ergonomics) [PSYoungGen: 7139K->0K(14336K)] [ParOldGen: 32587K->8692K(29696K)] 39727K->8692K(44032K), [Metaspace: 2892K->2892K(1056768K)], 0.0025745 secs] [Times: user=0.00 sys=0.00, real=0.00 secs] 
50.604: [GC (Allocation Failure) [PSYoungGen: 7154K->7075K(14336K)] 15846K->15767K(44032K), 0.0010263 secs] [Times: user=0.00 sys=0.00, real=0.00 secs] 
50.647: [GC (Allocation Failure) [PSYoungGen: 14217K->4482K(14336K)] 22909K->13182K(44032K), 0.0007572 secs] [Times: user=0.00 sys=0.00, real=0.00 secs] 
50.695: [GC (Allocation Failure) [PSYoungGen: 11635K->3393K(14336K)] 20335K->12109K(44032K), 0.0007255 secs] [Times: user=0.00 sys=0.00, real=0.00 secs] 
50.696: [GC (Allocation Failure) [PSYoungGen: 10547K->2337K(14336K)] 19263K->11061K(44032K), 0.0005320 secs] [Times: user=0.00 sys=0.00, real=0.00 secs] 
50.741: [GC (Allocation Failure) [PSYoungGen: 9491K->1280K(14336K)] 18215K->10020K(44032K), 0.0004237 secs] [Times: user=0.00 sys=0.00, real=0.00 secs] 
50.789: [GC (Allocation Failure) [PSYoungGen: 8434K->224K(14336K)] 17174K->8980K(44032K), 0.0006408 secs] [Times: user=0.00 sys=0.00, real=0.00 secs] 
50.790: [GC (Allocation Failure) [PSYoungGen: 7378K->7139K(14336K)] 16134K->16071K(44032K), 0.0008735 secs] [Times: user=0.00 sys=0.00, real=0.00 secs] 
50.791: [GC (Allocation Failure) [PSYoungGen: 14293K->6307K(14336K)] 23225K->15239K(44032K), 0.0008065 secs] [Times: user=0.00 sys=0.00, real=0.00 secs] 
50.851: [GC (Allocation Failure) [PSYoungGen: 13461K->5250K(14336K)] 22393K->14190K(44032K), 0.0013175 secs] [Times: user=0.00 sys=0.00, real=0.00 secs] 
50.897: [GC (Allocation Failure) [PSYoungGen: 12388K->3169K(14336K)] 21328K->12117K(44032K), 0.0006021 secs] [Times: user=0.00 sys=0.00, real=0.00 secs] 
50.898: [GC (Allocation Failure) [PSYoungGen: 10323K->2080K(14336K)] 19271K->11037K(44032K), 0.0006373 secs] [Times: user=0.00 sys=0.00, real=0.00 secs] 
50.943: [GC (Allocation Failure) [PSYoungGen: 9235K->1024K(14336K)] 18191K->9988K(44032K), 0.0007145 secs] [Times: user=0.00 sys=0.00, real=0.00 secs] 
50.944: [GC (Allocation Failure) [PSYoungGen: 8178K->7139K(14336K)] 17142K->17080K(44032K), 0.0011422 secs] [Times: user=0.00 sys=0.00, real=0.00 secs] 
50.992: [GC (Allocation Failure) [PSYoungGen: 14293K->7107K(14336K)] 24234K->17047K(44032K), 0.0010102 secs] [Times: user=0.00 sys=0.00, real=0.00 secs] 
50.993: [GC (Allocation Failure) [PSYoungGen: 14261K->6050K(14336K)] 24202K->16007K(44032K), 0.0009352 secs] [Times: user=0.00 sys=0.00, real=0.00 secs] 
51.038: [GC (Allocation Failure) [PSYoungGen: 13205K->4994K(14336K)] 23161K->14958K(44032K), 0.0011710 secs] [Times: user=0.00 sys=0.00, real=0.00 secs] 
51.101: [GC (Allocation Failure) [PSYoungGen: 12148K->3937K(14336K)] 22113K->13910K(44032K), 0.0007718 secs] [Times: user=0.00 sys=0.00, real=0.00 secs] 
51.102: [GC (Allocation Failure) [PSYoungGen: 11087K->1728K(14336K)] 21059K->11717K(44032K), 0.0007354 secs] [Times: user=0.00 sys=0.00, real=0.00 secs] 
51.103: [GC (Allocation Failure) [PSYoungGen: 8891K->800K(14336K)] 18879K->10804K(44032K), 0.0007032 secs] [Times: user=0.00 sys=0.00, real=0.00 secs] 
51.146: [GC (Allocation Failure) [PSYoungGen: 7953K->6755K(14336K)] 17958K->16775K(44032K), 0.0010731 secs] [Times: user=0.00 sys=0.00, real=0.00 secs] 
51.194: [GC (Allocation Failure) [PSYoungGen: 13909K->5698K(14336K)] 23930K->15727K(44032K), 0.0007724 secs] [Times: user=0.00 sys=0.00, real=0.00 secs] 
51.195: [GC (Allocation Failure) [PSYoungGen: 12853K->4642K(14336K)] 22881K->14678K(44032K), 0.0008165 secs] [Times: user=0.00 sys=0.00, real=0.00 secs] 
51.240: [GC (Allocation Failure) [PSYoungGen: 11796K->3585K(14336K)] 21833K->13630K(44032K), 0.0011322 secs] [Times: user=0.00 sys=0.00, real=0.00 secs] 
51.287: [GC (Allocation Failure) [PSYoungGen: 10740K->2529K(14336K)] 20784K->12581K(44032K), 0.0024211 secs] [Times: user=0.00 sys=0.00, real=0.00 secs] 
51.290: [GC (Allocation Failure) [PSYoungGen: 9683K->1472K(14336K)] 19736K->11533K(44032K), 0.0004847 secs] [Times: user=0.00 sys=0.00, real=0.00 secs] 
51.349: [GC (Allocation Failure) [PSYoungGen: 8634K->512K(14336K)] 18695K->10580K(44032K), 0.0009049 secs] [Times: user=0.00 sys=0.00, real=0.00 secs] 
51.350: [GC (Allocation Failure) [PSYoungGen: 7666K->6531K(14336K)] 17735K->16607K(44032K), 0.0009932 secs] [Times: user=0.00 sys=0.00, real=0.00 secs] 
51.400: [GC (Allocation Failure) [PSYoungGen: 13685K->5474K(14336K)] 23762K->15559K(44032K), 0.0048223 secs] [Times: user=0.02 sys=0.00, real=0.00 secs] 
51.405: [GC (Allocation Failure) [PSYoungGen: 12629K->4418K(14336K)] 22713K->14510K(44032K), 0.0142265 secs] [Times: user=0.00 sys=0.00, real=0.01 secs] 
51.443: [GC (Allocation Failure) [PSYoungGen: 11572K->3361K(14336K)] 21665K->13462K(44032K), 0.0023999 secs] [Times: user=0.00 sys=0.00, real=0.00 secs] 
51.490: [GC (Allocation Failure) [PSYoungGen: 10516K->2305K(14336K)] 20616K->12413K(44032K), 0.0004027 secs] [Times: user=0.00 sys=0.00, real=0.00 secs] 
51.491: [GC (Allocation Failure) [PSYoungGen: 9459K->1248K(14336K)] 19568K->11373K(44032K), 0.0004587 secs] [Times: user=0.00 sys=0.00, real=0.00 secs] 
51.536: [GC (Allocation Failure) [PSYoungGen: 8403K->192K(14336K)] 18527K->10324K(44032K), 0.0004000 secs] [Times: user=0.00 sys=0.00, real=0.00 secs] 
51.537: [GC (Allocation Failure) [PSYoungGen: 7346K->7139K(14336K)] 17479K->17416K(44032K), 0.0008841 secs] [Times: user=0.00 sys=0.00, real=0.00 secs] 
51.598: [GC (Allocation Failure) [PSYoungGen: 14293K->6275K(14336K)] 24570K->16551K(44032K), 0.0015837 secs] [Times: user=0.00 sys=0.00, real=0.00 secs] 
51.600: [GC (Allocation Failure) [PSYoungGen: 13429K->5218K(14336K)] 23706K->15511K(44032K), 0.0006509 secs] [Times: user=0.00 sys=0.00, real=0.00 secs] 
51.644: [GC (Allocation Failure) [PSYoungGen: 12366K->2593K(14336K)] 22659K->12893K(44032K), 0.0005969 secs] [Times: user=0.00 sys=0.00, real=0.00 secs] 
51.691: [GC (Allocation Failure) [PSYoungGen: 9747K->1536K(14336K)] 20048K->11845K(44032K), 0.0007193 secs] [Times: user=0.00 sys=0.00, real=0.00 secs] 
51.692: [GC (Allocation Failure) [PSYoungGen: 8691K->480K(14336K)] 18999K->10804K(44032K), 0.0003196 secs] [Times: user=0.00 sys=0.00, real=0.00 secs] 
51.693: [GC (Allocation Failure) [PSYoungGen: 7634K->7139K(14336K)] 17959K->17896K(44032K), 0.0012363 secs] [Times: user=0.03 sys=0.00, real=0.00 secs] 
51.738: [GC (Allocation Failure) [PSYoungGen: 14293K->6563K(14336K)] 25050K->17319K(44032K), 0.0011919 secs] [Times: user=0.00 sys=0.00, real=0.00 secs] 
51.800: [GC (Allocation Failure) [PSYoungGen: 13717K->5506K(14336K)] 24474K->16271K(44032K), 0.0011715 secs] [Times: user=0.00 sys=0.00, real=0.00 secs] 
51.801: [GC (Allocation Failure) [PSYoungGen: 12661K->4450K(14336K)] 23425K->15230K(44032K), 0.0012081 secs] [Times: user=0.00 sys=0.00, real=0.00 secs] 
51.846: [GC (Allocation Failure) [PSYoungGen: 11604K->3393K(14336K)] 22385K->14190K(44032K), 0.0009114 secs] [Times: user=0.00 sys=0.00, real=0.00 secs] 
51.892: [GC (Allocation Failure) [PSYoungGen: 10536K->768K(14336K)] 21333K->11573K(44032K), 0.0006355 secs] [Times: user=0.00 sys=0.00, real=0.00 secs] 
51.893: [GC (Allocation Failure) [PSYoungGen: 7922K->7139K(14336K)] 18727K->18672K(44032K), 0.0013670 secs] [Times: user=0.00 sys=0.00, real=0.00 secs] 
51.895: [GC (Allocation Failure) [PSYoungGen: 14293K->6851K(14336K)] 25827K->18384K(44032K), 0.0008892 secs] [Times: user=0.00 sys=0.00, real=0.00 secs] 
51.939: [GC (Allocation Failure) [PSYoungGen: 14005K->5794K(14336K)] 25538K->17335K(44032K), 0.0006849 secs] [Times: user=0.00 sys=0.00, real=0.00 secs] 
52.001: [GC (Allocation Failure) [PSYoungGen: 12949K->4738K(14336K)] 24490K->16287K(44032K), 0.0008559 secs] [Times: user=0.00 sys=0.00, real=0.00 secs] 
52.002: [GC (Allocation Failure) [PSYoungGen: 11892K->3681K(14336K)] 23441K->15238K(44032K), 0.0005839 secs] [Times: user=0.00 sys=0.00, real=0.00 secs] 
52.048: [GC (Allocation Failure) [PSYoungGen: 10836K->2625K(14336K)] 22393K->14190K(44032K), 0.0004085 secs] [Times: user=0.00 sys=0.00, real=0.00 secs] 
52.095: [GC (Allocation Failure) [PSYoungGen: 9779K->1568K(14336K)] 21344K->13141K(44032K), 0.0004182 secs] [Times: user=0.00 sys=0.00, real=0.00 secs] 
52.096: [GC (Allocation Failure) [PSYoungGen: 8723K->512K(14336K)] 20296K->12093K(44032K), 0.0004231 secs] [Times: user=0.00 sys=0.00, real=0.00 secs] 
52.097: [GC (Allocation Failure) [PSYoungGen: 7666K->7139K(14336K)] 19247K->19184K(44032K), 0.0008919 secs] [Times: user=0.00 sys=0.00, real=0.00 secs] 
52.142: [GC (Allocation Failure) [PSYoungGen: 14282K->4898K(14336K)] 26327K->16943K(44032K), 0.0012420 secs] [Times: user=0.00 sys=0.00, real=0.00 secs] 
52.189: [GC (Allocation Failure) [PSYoungGen: 12052K->3841K(14336K)] 24098K->15911K(44032K), 0.0006077 secs] [Times: user=0.00 sys=0.00, real=0.00 secs] 
52.190: [GC (Allocation Failure) [PSYoungGen: 10996K->2785K(14336K)] 23065K->14870K(44032K), 0.0005073 secs] [Times: user=0.00 sys=0.00, real=0.00 secs] 
52.251: [GC (Allocation Failure) [PSYoungGen: 9939K->1728K(14336K)] 22025K->13822K(44032K), 0.0005349 secs] [Times: user=0.00 sys=0.00, real=0.00 secs] 
52.298: [GC (Allocation Failure) [PSYoungGen: 8883K->672K(14336K)] 20976K->12773K(44032K), 0.0012048 secs] [Times: user=0.00 sys=0.00, real=0.00 secs] 
52.300: [GC (Allocation Failure) [PSYoungGen: 7826K->7139K(14336K)] 19928K->19865K(44032K), 0.0008698 secs] [Times: user=0.00 sys=0.00, real=0.00 secs] 
52.301: [GC (Allocation Failure) [PSYoungGen: 14293K->6755K(14336K)] 27019K->19480K(44032K), 0.0010264 secs] [Times: user=0.00 sys=0.00, real=0.00 secs] 
52.346: [GC (Allocation Failure) [PSYoungGen: 13909K->5698K(14336K)] 26635K->18432K(44032K), 0.0010689 secs] [Times: user=0.00 sys=0.00, real=0.00 secs] 
52.392: [GC (Allocation Failure) [PSYoungGen: 12836K->3585K(14336K)] 25570K->16327K(44032K), 0.0006762 secs] [Times: user=0.00 sys=0.00, real=0.00 secs] 
52.393: [GC (Allocation Failure) [PSYoungGen: 10740K->2529K(14336K)] 23481K->15278K(44032K), 0.0009927 secs] [Times: user=0.00 sys=0.00, real=0.00 secs] 
52.438: [GC (Allocation Failure) [PSYoungGen: 9683K->1472K(14336K)] 22433K->14238K(44032K), 0.0004849 secs] [Times: user=0.00 sys=0.00, real=0.00 secs] 
52.501: [GC (Allocation Failure) [PSYoungGen: 8627K->416K(14336K)] 21392K->13197K(44032K), 0.0005386 secs] [Times: user=0.00 sys=0.00, real=0.00 secs] 
52.502: [GC (Allocation Failure) [PSYoungGen: 7570K->7139K(14336K)] 20352K->20289K(44032K), 0.0015076 secs] [Times: user=0.00 sys=0.00, real=0.00 secs] 
52.504: [GC (Allocation Failure) [PSYoungGen: 14293K->6499K(14336K)] 27443K->19648K(44032K), 0.0010522 secs] [Times: user=0.00 sys=0.00, real=0.00 secs] 
52.548: [GC (Allocation Failure) [PSYoungGen: 13653K->5442K(14336K)] 26803K->18608K(44032K), 0.0007273 secs] [Times: user=0.00 sys=0.00, real=0.00 secs] 
52.594: [GC (Allocation Failure) [PSYoungGen: 12597K->4386K(14336K)] 25762K->17567K(44032K), 0.0007243 secs] [Times: user=0.00 sys=0.00, real=0.00 secs] 
52.595: [GC (Allocation Failure) [PSYoungGen: 11538K->1280K(14336K)] 24720K->14470K(44032K), 0.0005392 secs] [Times: user=0.00 sys=0.00, real=0.00 secs] 
52.640: [GC (Allocation Failure) [PSYoungGen: 8434K->192K(14336K)] 21624K->13389K(44032K), 0.0010327 secs] [Times: user=0.00 sys=0.00, real=0.00 secs] 
52.642: [GC (Allocation Failure) [PSYoungGen: 7346K->7139K(14336K)] 20544K->20481K(44032K), 0.0013293 secs] [Times: user=0.00 sys=0.00, real=0.00 secs] 
52.687: [GC (Allocation Failure) [PSYoungGen: 14293K->6275K(14336K)] 27635K->19616K(44032K), 0.0010518 secs] [Times: user=0.00 sys=0.00, real=0.00 secs] 
52.689: [GC (Allocation Failure) [PSYoungGen: 13429K->5218K(14336K)] 26771K->18568K(44032K), 0.0009242 secs] [Times: user=0.00 sys=0.00, real=0.00 secs] 
52.749: [GC (Allocation Failure) [PSYoungGen: 12372K->4162K(14336K)] 25722K->17519K(44032K), 0.0008120 secs] [Times: user=0.00 sys=0.00, real=0.00 secs] 
52.795: [GC (Allocation Failure) [PSYoungGen: 11316K->3105K(14336K)] 24674K->16479K(44032K), 0.0006766 secs] [Times: user=0.00 sys=0.00, real=0.00 secs] 
52.797: [GC (Allocation Failure) [PSYoungGen: 10259K->2048K(14336K)] 23633K->15430K(44032K), 0.0004239 secs] [Times: user=0.00 sys=0.00, real=0.00 secs] 
52.842: [GC (Allocation Failure) [PSYoungGen: 9203K->992K(14336K)] 22585K->14390K(44032K), 0.0008344 secs] [Times: user=0.00 sys=0.00, real=0.00 secs] 
52.843: [GC (Allocation Failure) [PSYoungGen: 8146K->7139K(14336K)] 21544K->21481K(44032K), 0.0012975 secs] [Times: user=0.00 sys=0.00, real=0.00 secs] 
52.889: [GC (Allocation Failure) [PSYoungGen: 14302K->6082K(14336K)] 28644K->20425K(44032K), 0.0009564 secs] [Times: user=0.00 sys=0.00, real=0.00 secs] 
52.890: [GC (Allocation Failure) [PSYoungGen: 13237K->4994K(14336K)] 27579K->19344K(44032K), 0.0010619 secs] [Times: user=0.00 sys=0.00, real=0.00 secs] 
52.951: [GC (Allocation Failure) [PSYoungGen: 12148K->3937K(14336K)] 26499K->18304K(44032K), 0.0012123 secs] [Times: user=0.00 sys=0.00, real=0.00 secs] 
52.999: [GC (Allocation Failure) [PSYoungGen: 11092K->2881K(14336K)] 25458K->17263K(44032K), 0.0006846 secs] [Times: user=0.00 sys=0.00, real=0.00 secs] 
53.000: [GC (Allocation Failure) [PSYoungGen: 10035K->1824K(14336K)] 24418K->16215K(44032K), 0.0005665 secs] [Times: user=0.00 sys=0.00, real=0.00 secs] 
53.045: [GC (Allocation Failure) [PSYoungGen: 8979K->768K(14336K)] 23369K->15166K(44032K), 0.0003915 secs] [Times: user=0.00 sys=0.00, real=0.00 secs] 
53.046: [GC (Allocation Failure) [PSYoungGen: 7922K->7139K(14336K)] 22321K->22258K(44032K), 0.0011642 secs] [Times: user=0.00 sys=0.00, real=0.00 secs] 
53.092: [GC (Allocation Failure) [PSYoungGen: 14293K->6819K(14336K)] 29412K->21938K(44032K), 0.0012664 secs] [Times: user=0.00 sys=0.00, real=0.00 secs] 
53.094: [GC (Allocation Failure) [PSYoungGen: 13973K->5794K(14336K)] 29092K->20929K(44032K), 0.0014854 secs] [Times: user=0.00 sys=0.00, real=0.00 secs] 
53.139: [GC (Allocation Failure) [PSYoungGen: 12942K->3073K(14336K)] 28076K->18224K(44032K), 0.0006445 secs] [Times: user=0.00 sys=0.00, real=0.00 secs] 
53.186: [GC (Allocation Failure) [PSYoungGen: 10227K->1984K(14336K)] 25378K->17151K(44032K), 0.0008552 secs] [Times: user=0.00 sys=0.00, real=0.00 secs] 
53.188: [GC (Allocation Failure) [PSYoungGen: 9139K->928K(14336K)] 24306K->16103K(44032K), 0.0005631 secs] [Times: user=0.00 sys=0.00, real=0.00 secs] 
53.189: [GC (Allocation Failure) [PSYoungGen: 8082K->7139K(14336K)] 23257K->23194K(44032K), 0.0009680 secs] [Times: user=0.00 sys=0.00, real=0.00 secs] 
53.249: [GC (Allocation Failure) [PSYoungGen: 14293K->7011K(14336K)] 30349K->23066K(44032K), 0.0008395 secs] [Times: user=0.00 sys=0.00, real=0.00 secs] 
53.295: [GC (Allocation Failure) [PSYoungGen: 14165K->5954K(14336K)] 30220K->22018K(44032K), 0.0008585 secs] [Times: user=0.00 sys=0.00, real=0.00 secs] 
53.297: [GC (Allocation Failure) [PSYoungGen: 13109K->4898K(14336K)] 29172K->20969K(44032K), 0.0007249 secs] [Times: user=0.00 sys=0.00, real=0.00 secs] 
53.342: [GC (Allocation Failure) [PSYoungGen: 12052K->3841K(14336K)] 28123K->19928K(44032K), 0.0006388 secs] [Times: user=0.00 sys=0.00, real=0.00 secs] 
53.389: [GC (Allocation Failure) [PSYoungGen: 10984K->1216K(14336K)] 27072K->17311K(44032K), 0.0011208 secs] [Times: user=0.00 sys=0.00, real=0.00 secs] 
53.391: [GC (Allocation Failure) [PSYoungGen: 8370K->160K(14336K)] 24466K->16279K(44032K), 0.0004023 secs] [Times: user=0.00 sys=0.00, real=0.00 secs] 
53.392: [GC (Allocation Failure) [PSYoungGen: 7314K->7139K(14336K)] 23433K->23370K(44032K), 0.0014235 secs] [Times: user=0.00 sys=0.00, real=0.00 secs] 
53.438: [GC (Allocation Failure) [PSYoungGen: 14293K->6243K(14336K)] 30525K->22474K(44032K), 0.0009043 secs] [Times: user=0.00 sys=0.00, real=0.00 secs] 
53.500: [GC (Allocation Failure) [PSYoungGen: 13397K->5186K(14336K)] 29628K->21425K(44032K), 0.0010102 secs] [Times: user=0.00 sys=0.00, real=0.00 secs] 
53.502: [GC (Allocation Failure) [PSYoungGen: 12340K->4129K(14336K)] 28580K->20377K(44032K), 0.0008472 secs] [Times: user=0.00 sys=0.00, real=0.00 secs] 
53.547: [GC (Allocation Failure) [PSYoungGen: 11284K->3073K(14336K)] 27531K->19328K(44032K), 0.0007627 secs] [Times: user=0.00 sys=0.00, real=0.00 secs] 
53.594: [GC (Allocation Failure) [PSYoungGen: 10227K->2016K(14336K)] 26483K->18288K(44032K), 0.0007722 secs] [Times: user=0.00 sys=0.00, real=0.00 secs] 
53.595: [GC (Allocation Failure) [PSYoungGen: 9172K->448K(14336K)] 25443K->16727K(44032K), 0.0006904 secs] [Times: user=0.00 sys=0.00, real=0.00 secs] 
53.596: [GC (Allocation Failure) [PSYoungGen: 7602K->7139K(14336K)] 23881K->23818K(44032K), 0.0011441 secs] [Times: user=0.00 sys=0.00, real=0.00 secs] 
53.641: [GC (Allocation Failure) [PSYoungGen: 14286K->5474K(14336K)] 30965K->22154K(44032K), 0.0010643 secs] [Times: user=0.00 sys=0.00, real=0.00 secs] 
53.687: [GC (Allocation Failure) [PSYoungGen: 12629K->4418K(14336K)] 29308K->21105K(44032K), 0.0008585 secs] [Times: user=0.00 sys=0.00, real=0.00 secs] 
53.688: [GC (Allocation Failure) [PSYoungGen: 11572K->3361K(14336K)] 28259K->20064K(44032K), 0.0008692 secs] [Times: user=0.00 sys=0.00, real=0.00 secs] 
53.748: [GC (Allocation Failure) [PSYoungGen: 10515K->2305K(14336K)] 27219K->19016K(44032K), 0.0004375 secs] [Times: user=0.00 sys=0.00, real=0.00 secs] 
53.796: [GC (Allocation Failure) [PSYoungGen: 9459K->1248K(14336K)] 26170K->17975K(44032K), 0.0004477 secs] [Times: user=0.00 sys=0.00, real=0.00 secs] 
53.797: [GC (Allocation Failure) [PSYoungGen: 8403K->192K(14336K)] 25130K->16935K(44032K), 0.0002934 secs] [Times: user=0.00 sys=0.00, real=0.00 secs] 
53.797: [GC (Allocation Failure) [PSYoungGen: 7346K->7139K(14336K)] 24089K->24026K(44032K), 0.0010140 secs] [Times: user=0.00 sys=0.00, real=0.00 secs] 
53.843: [GC (Allocation Failure) [PSYoungGen: 14302K->5250K(14336K)] 31189K->22137K(44032K), 0.0006992 secs] [Times: user=0.00 sys=0.00, real=0.00 secs] 
53.891: [GC (Allocation Failure) [PSYoungGen: 12405K->4194K(14336K)] 29292K->21089K(44032K), 0.0008063 secs] [Times: user=0.00 sys=0.00, real=0.00 secs] 
53.892: [GC (Allocation Failure) [PSYoungGen: 11348K->3137K(14336K)] 28243K->20040K(44032K), 0.0008544 secs] [Times: user=0.00 sys=0.00, real=0.00 secs] 
53.938: [GC (Allocation Failure) [PSYoungGen: 10291K->2080K(14336K)] 27195K->18992K(44032K), 0.0006490 secs] [Times: user=0.00 sys=0.00, real=0.00 secs] 
54.000: [GC (Allocation Failure) [PSYoungGen: 9235K->1024K(14336K)] 26146K->17943K(44032K), 0.0004841 secs] [Times: user=0.00 sys=0.00, real=0.00 secs] 
54.001: [GC (Allocation Failure) [PSYoungGen: 8178K->7139K(14336K)] 25098K->25035K(44032K), 0.0016480 secs] [Times: user=0.00 sys=0.00, real=0.00 secs] 
54.003: [GC (Allocation Failure) [PSYoungGen: 14293K->7107K(14336K)] 32189K->25003K(44032K), 0.0013663 secs] [Times: user=0.00 sys=0.00, real=0.00 secs] 
54.046: [GC (Allocation Failure) [PSYoungGen: 14261K->6050K(14336K)] 32157K->23954K(44032K), 0.0007923 secs] [Times: user=0.00 sys=0.00, real=0.00 secs] 
54.093: [GC (Allocation Failure) [PSYoungGen: 13205K->4994K(14336K)] 31109K->22906K(44032K), 0.0006742 secs] [Times: user=0.00 sys=0.00, real=0.00 secs] 
54.094: [GC (Allocation Failure) [PSYoungGen: 12148K->3937K(14336K)] 30060K->21857K(44032K), 0.0010036 secs] [Times: user=0.00 sys=0.00, real=0.00 secs] 
54.140: [GC (Allocation Failure) [PSYoungGen: 11090K->768K(14336K)] 29010K->18704K(44032K), 0.0008572 secs] [Times: user=0.00 sys=0.00, real=0.00 secs] 
54.141: [GC (Allocation Failure) [PSYoungGen: 7922K->7139K(14336K)] 25858K->25715K(44032K), 0.0012398 secs] [Times: user=0.00 sys=0.00, real=0.00 secs] 
54.201: [GC (Allocation Failure) [PSYoungGen: 14293K->6755K(14336K)] 32870K->25331K(44032K), 0.0013216 secs] [Times: user=0.00 sys=0.00, real=0.00 secs] 
54.203: [GC (Allocation Failure) [PSYoungGen: 13909K->5698K(14336K)] 32485K->24282K(44032K), 0.0007926 secs] [Times: user=0.00 sys=0.00, real=0.00 secs] 
54.248: [GC (Allocation Failure) [PSYoungGen: 12853K->4642K(14336K)] 31437K->23234K(44032K), 0.0008928 secs] [Times: user=0.00 sys=0.00, real=0.00 secs] 
54.295: [GC (Allocation Failure) [PSYoungGen: 11796K->3585K(14336K)] 30388K->22185K(44032K), 0.0006874 secs] [Times: user=0.00 sys=0.00, real=0.00 secs] 
54.296: [GC (Allocation Failure) [PSYoungGen: 10740K->2529K(14336K)] 29340K->21137K(44032K), 0.0006651 secs] [Times: user=0.00 sys=0.00, real=0.00 secs] 
54.341: [GC (Allocation Failure) [PSYoungGen: 9683K->1440K(14336K)] 28291K->20064K(44032K), 0.0007868 secs] [Times: user=0.00 sys=0.00, real=0.00 secs] 
54.343: [GC (Allocation Failure) [PSYoungGen: 8602K->512K(14336K)] 27226K->19144K(44032K), 0.0004332 secs] [Times: user=0.00 sys=0.00, real=0.00 secs] 
54.388: [GC (Allocation Failure) [PSYoungGen: 7666K->6531K(14336K)] 26298K->25171K(44032K), 0.0011223 secs] [Times: user=0.00 sys=0.00, real=0.00 secs] 
54.390: [GC (Allocation Failure) [PSYoungGen: 13685K->5474K(14336K)] 32325K->24122K(44032K), 0.0010868 secs] [Times: user=0.00 sys=0.00, real=0.00 secs] 
54.450: [GC (Allocation Failure) [PSYoungGen: 12629K->4418K(14336K)] 31277K->23074K(44032K), 0.0006543 secs] [Times: user=0.00 sys=0.00, real=0.00 secs] 
54.496: [GC (Allocation Failure) [PSYoungGen: 11572K->3361K(14336K)] 30228K->22025K(44032K), 0.0013098 secs] [Times: user=0.00 sys=0.00, real=0.00 secs] 
54.497: [GC (Allocation Failure) [PSYoungGen: 10516K->2305K(14336K)] 29180K->20977K(44032K), 0.0007857 secs] [Times: user=0.00 sys=0.00, real=0.00 secs] 
54.543: [GC (Allocation Failure) [PSYoungGen: 9459K->1248K(14336K)] 28131K->19936K(44032K), 0.0007820 secs] [Times: user=0.00 sys=0.00, real=0.00 secs] 
54.590: [GC (Allocation Failure) [PSYoungGen: 8403K->160K(14336K)] 27091K->18856K(44032K), 0.0007308 secs] [Times: user=0.00 sys=0.00, real=0.00 secs] 
54.591: [GC (Allocation Failure) [PSYoungGen: 7314K->7139K(14336K)] 26010K->25979K(44032K), 0.0012601 secs] [Times: user=0.00 sys=0.00, real=0.00 secs] 
54.593: [GC (Allocation Failure) [PSYoungGen: 14279K->4706K(14336K)] 33119K->23546K(44032K), 0.0008586 secs] [Times: user=0.00 sys=0.00, real=0.00 secs] 
54.637: [GC (Allocation Failure) [PSYoungGen: 11860K->3649K(14336K)] 30701K->22514K(44032K), 0.0012922 secs] [Times: user=0.00 sys=0.00, real=0.00 secs] 
54.700: [GC (Allocation Failure) [PSYoungGen: 10804K->2593K(14336K)] 29668K->21473K(44032K), 0.0009497 secs] [Times: user=0.00 sys=0.00, real=0.00 secs] 
54.701: [GC (Allocation Failure) [PSYoungGen: 9747K->1536K(14336K)] 28627K->20424K(44032K), 0.0008098 secs] [Times: user=0.00 sys=0.00, real=0.00 secs] 
54.746: [GC (Allocation Failure) [PSYoungGen: 8691K->480K(14336K)] 27579K->19376K(44032K), 0.0006734 secs] [Times: user=0.00 sys=0.00, real=0.00 secs] 
54.748: [GC (Allocation Failure) [PSYoungGen: 7634K->7139K(14336K)] 26530K->26467K(44032K), 0.0012217 secs] [Times: user=0.00 sys=0.00, real=0.00 secs] 
54.792: [GC (Allocation Failure) [PSYoungGen: 14293K->6563K(14336K)] 33622K->25891K(44032K), 0.0010658 secs] [Times: user=0.00 sys=0.00, real=0.00 secs] 
54.794: [GC (Allocation Failure) [PSYoungGen: 13717K->5506K(14336K)] 33046K->24843K(44032K), 0.0009424 secs] [Times: user=0.00 sys=0.00, real=0.00 secs] 
54.840: [GC (Allocation Failure) [PSYoungGen: 12661K->4450K(14336K)] 31997K->23802K(44032K), 0.0012203 secs] [Times: user=0.00 sys=0.00, real=0.00 secs] 
54.886: [GC (Allocation Failure) [PSYoungGen: 11598K->1824K(14336K)] 30950K->21185K(44032K), 0.0005769 secs] [Times: user=0.00 sys=0.00, real=0.00 secs] 
54.887: [GC (Allocation Failure) [PSYoungGen: 8979K->768K(14336K)] 28339K->20144K(44032K), 0.0006587 secs] [Times: user=0.00 sys=0.00, real=0.00 secs] 
54.888: [GC (Allocation Failure) [PSYoungGen: 7922K->7139K(14336K)] 27299K->27236K(44032K), 0.0009742 secs] [Times: user=0.00 sys=0.00, real=0.00 secs] 
54.948: [GC (Allocation Failure) [PSYoungGen: 14293K->6851K(14336K)] 34390K->26948K(44032K), 0.0008837 secs] [Times: user=0.00 sys=0.00, real=0.00 secs] 
54.996: [GC (Allocation Failure) [PSYoungGen: 14005K->5794K(14336K)] 34102K->25899K(44032K), 0.0008196 secs] [Times: user=0.00 sys=0.00, real=0.00 secs] 
54.998: [GC (Allocation Failure) [PSYoungGen: 12949K->4738K(14336K)] 33054K->24851K(44032K), 0.0008546 secs] [Times: user=0.00 sys=0.00, real=0.00 secs] 
55.042: [GC (Allocation Failure) [PSYoungGen: 11892K->3681K(14336K)] 32005K->23802K(44032K), 0.0011722 secs] [Times: user=0.00 sys=0.00, real=0.00 secs] 
55.089: [GC (Allocation Failure) [PSYoungGen: 10836K->2625K(14336K)] 30957K->22762K(44032K), 0.0006220 secs] [Times: user=0.00 sys=0.00, real=0.00 secs] 
55.090: [GC (Allocation Failure) [PSYoungGen: 9779K->1568K(14336K)] 29916K->21713K(44032K), 0.0005422 secs] [Times: user=0.00 sys=0.00, real=0.00 secs] 
55.091: [GC (Allocation Failure) [PSYoungGen: 8730K->672K(14336K)] 28875K->20832K(44032K), 0.0004982 secs] [Times: user=0.00 sys=0.00, real=0.00 secs] 
55.151: [GC (Allocation Failure) [PSYoungGen: 7836K->5986K(14336K)] 27996K->26155K(44032K), 0.0008229 secs] [Times: user=0.00 sys=0.00, real=0.00 secs] 
55.197: [GC (Allocation Failure) [PSYoungGen: 13141K->4930K(14336K)] 33310K->25107K(44032K), 0.0006718 secs] [Times: user=0.00 sys=0.00, real=0.00 secs] 
55.199: [GC (Allocation Failure) [PSYoungGen: 12084K->3873K(14336K)] 32261K->24066K(44032K), 0.0011230 secs] [Times: user=0.00 sys=0.00, real=0.00 secs] 
55.244: [GC (Allocation Failure) [PSYoungGen: 11028K->2817K(14336K)] 31221K->23018K(44032K), 0.0012827 secs] [Times: user=0.00 sys=0.00, real=0.00 secs] 
55.291: [GC (Allocation Failure) [PSYoungGen: 9971K->1760K(14336K)] 30172K->21969K(44032K), 0.0009211 secs] [Times: user=0.00 sys=0.00, real=0.00 secs] 
55.292: [GC (Allocation Failure) [PSYoungGen: 8915K->704K(14336K)] 29124K->20921K(44032K), 0.0005021 secs] [Times: user=0.00 sys=0.00, real=0.00 secs] 
55.293: [GC (Allocation Failure) [PSYoungGen: 7858K->7139K(14336K)] 28075K->28012K(44032K), 0.0010654 secs] [Times: user=0.00 sys=0.00, real=0.00 secs] 
55.338: [GC (Allocation Failure) [PSYoungGen: 14293K->6787K(14336K)] 35167K->27660K(44032K), 0.0012830 secs] [Times: user=0.00 sys=0.00, real=0.00 secs] 
55.400: [GC (Allocation Failure) [PSYoungGen: 13925K->4706K(14336K)] 34798K->25595K(44032K), 0.0007204 secs] [Times: user=0.00 sys=0.00, real=0.00 secs] 
55.401: [GC (Allocation Failure) [PSYoungGen: 11860K->3617K(14336K)] 32749K->24514K(44032K), 0.0005862 secs] [Times: user=0.00 sys=0.00, real=0.00 secs] 
55.447: [GC (Allocation Failure) [PSYoungGen: 10772K->2561K(14336K)] 31669K->23466K(44032K), 0.0011328 secs] [Times: user=0.00 sys=0.00, real=0.00 secs] 
55.493: [GC (Allocation Failure) [PSYoungGen: 9715K->1504K(14336K)] 30620K->22417K(44032K), 0.0003463 secs] [Times: user=0.00 sys=0.00, real=0.00 secs] 
55.493: [GC (Allocation Failure) [PSYoungGen: 8659K->448K(14336K)] 29572K->21369K(44032K), 0.0008661 secs] [Times: user=0.00 sys=0.00, real=0.00 secs] 
55.495: [GC (Allocation Failure) [PSYoungGen: 7602K->7139K(14336K)] 28523K->28460K(44032K), 0.0011702 secs] [Times: user=0.00 sys=0.00, real=0.00 secs] 
55.540: [GC (Allocation Failure) [PSYoungGen: 14293K->6531K(14336K)] 35615K->27852K(44032K), 0.0009366 secs] [Times: user=0.00 sys=0.00, real=0.00 secs] 
55.586: [GC (Allocation Failure) [PSYoungGen: 13685K->5474K(14336K)] 35006K->26811K(44032K), 0.0010942 secs] [Times: user=0.00 sys=0.00, real=0.00 secs] 
55.588: [GC (Allocation Failure) [PSYoungGen: 12617K->2913K(14336K)] 33955K->24266K(44032K), 0.0008930 secs] [Times: user=0.00 sys=0.00, real=0.00 secs] 
55.648: [GC (Allocation Failure) [PSYoungGen: 10079K->1280K(14336K)] 31432K->22649K(44032K), 0.0009019 secs] [Times: user=0.00 sys=0.00, real=0.00 secs] 
55.695: [GC (Allocation Failure) [PSYoungGen: 8434K->224K(14336K)] 29804K->21601K(44032K), 0.0005332 secs] [Times: user=0.00 sys=0.00, real=0.00 secs] 
55.696: [GC (Allocation Failure) [PSYoungGen: 7378K->7139K(14336K)] 28755K->28692K(44032K), 0.0012498 secs] [Times: user=0.00 sys=0.00, real=0.00 secs] 
55.698: [GC (Allocation Failure) [PSYoungGen: 14293K->6307K(14336K)] 35847K->27860K(44032K), 0.0011877 secs] [Times: user=0.00 sys=0.00, real=0.00 secs] 
55.742: [GC (Allocation Failure) [PSYoungGen: 13461K->5250K(14336K)] 35014K->26819K(44032K), 0.0011543 secs] [Times: user=0.00 sys=0.00, real=0.00 secs] 
55.788: [GC (Allocation Failure) [PSYoungGen: 12405K->4162K(14336K)] 33974K->25747K(44032K), 0.0007047 secs] [Times: user=0.00 sys=0.00, real=0.00 secs] 
55.790: [GC (Allocation Failure) [PSYoungGen: 11316K->3137K(14336K)] 32901K->24730K(44032K), 0.0005748 secs] [Times: user=0.00 sys=0.00, real=0.00 secs] 
55.850: [GC (Allocation Failure) [PSYoungGen: 10275K->1024K(14336K)] 31868K->22625K(44032K), 0.0006369 secs] [Times: user=0.00 sys=0.00, real=0.00 secs] 
55.851: [GC (Allocation Failure) [PSYoungGen: 8178K->7139K(14336K)] 29780K->29717K(44032K), 0.0011480 secs] [Times: user=0.00 sys=0.00, real=0.00 secs] 
55.899: [GC (Allocation Failure) [PSYoungGen: 14293K->7107K(14336K)] 36871K->29685K(44032K), 0.0009928 secs] [Times: user=0.00 sys=0.00, real=0.00 secs] 
55.900: [GC (Allocation Failure) [PSYoungGen: 14261K->6050K(14336K)] 36839K->28644K(44032K), 0.0008337 secs] [Times: user=0.00 sys=0.00, real=0.00 secs] 
55.945: [GC (Allocation Failure) [PSYoungGen: 13205K->4994K(14336K)] 35799K->27596K(44032K), 0.0009747 secs] [Times: user=0.00 sys=0.00, real=0.00 secs] 
55.992: [GC (Allocation Failure) [PSYoungGen: 12148K->3937K(14336K)] 34750K->26555K(44032K), 0.0007539 secs] [Times: user=0.00 sys=0.00, real=0.00 secs] 
55.993: [GC (Allocation Failure) [PSYoungGen: 11092K->2881K(14336K)] 33710K->25507K(44032K), 0.0005745 secs] [Times: user=0.00 sys=0.00, real=0.00 secs] 
56.038: [GC (Allocation Failure) [PSYoungGen: 10035K->1824K(14336K)] 32661K->24458K(44032K), 0.0007073 secs] [Times: user=0.00 sys=0.00, real=0.00 secs] 
56.087: [GC (Allocation Failure) [PSYoungGen: 8979K->768K(14336K)] 31613K->23410K(44032K), 0.0007288 secs] [Times: user=0.00 sys=0.00, real=0.00 secs] 
56.088: [GC (Allocation Failure) [PSYoungGen: 7922K->7139K(14336K)] 30564K->30501K(44032K), 0.0014281 secs] [Times: user=0.00 sys=0.00, real=0.00 secs] 
56.090: [GC (Allocation Failure) [PSYoungGen: 14293K->6851K(14336K)] 37656K->30213K(44032K), 0.0008099 secs] [Times: user=0.00 sys=0.00, real=0.00 secs] 
56.149: [GC (Allocation Failure) [PSYoungGen: 13998K->4129K(14336K)] 37360K->27500K(44032K), 0.0009235 secs] [Times: user=0.00 sys=0.00, real=0.00 secs] 
56.195: [GC (Allocation Failure) [PSYoungGen: 11284K->3041K(14336K)] 34654K->26427K(44032K), 0.0008469 secs] [Times: user=0.00 sys=0.00, real=0.00 secs] 
56.197: [GC (Allocation Failure) [PSYoungGen: 10195K->1984K(14336K)] 33582K->25379K(44032K), 0.0004798 secs] [Times: user=0.00 sys=0.00, real=0.00 secs] 
56.243: [GC (Allocation Failure) [PSYoungGen: 9139K->928K(14336K)] 32533K->24338K(44032K), 0.0008960 secs] [Times: user=0.00 sys=0.00, real=0.00 secs] 
56.244: [GC (Allocation Failure) [PSYoungGen: 8082K->7139K(14336K)] 31493K->31430K(44032K), 0.0011162 secs] [Times: user=0.00 sys=0.00, real=0.00 secs] 
56.291: [GC (Allocation Failure) [PSYoungGen: 14293K->7011K(14336K)] 38584K->31302K(44032K), 0.0008919 secs] [Times: user=0.00 sys=0.00, real=0.00 secs] 
56.292: [GC (Allocation Failure) [PSYoungGen: 14165K->5954K(14336K)] 38456K->30261K(44032K), 0.0008754 secs] [Times: user=0.00 sys=0.00, real=0.00 secs] 
56.338: [GC (Allocation Failure) [PSYoungGen: 13109K->4898K(14336K)] 37415K->29220K(44032K), 0.0009218 secs] [Times: user=0.00 sys=0.00, real=0.00 secs] 
56.399: [GC (Allocation Failure) [PSYoungGen: 12041K->2337K(14336K)] 36364K->26675K(44032K), 0.0008503 secs] [Times: user=0.00 sys=0.00, real=0.00 secs] 
56.400: [GC (Allocation Failure) [PSYoungGen: 9491K->1216K(14336K)] 33830K->25571K(44032K), 0.0005324 secs] [Times: user=0.00 sys=0.00, real=0.00 secs] 
56.446: [GC (Allocation Failure) [PSYoungGen: 8370K->160K(14336K)] 32725K->24522K(44032K), 0.0005291 secs] [Times: user=0.00 sys=0.00, real=0.00 secs] 
56.447: [GC (Allocation Failure) [PSYoungGen: 7314K->7139K(14336K)] 31677K->31614K(44032K), 0.0009217 secs] [Times: user=0.00 sys=0.00, real=0.00 secs] 
56.494: [GC (Allocation Failure) [PSYoungGen: 14293K->6243K(14336K)] 38768K->30717K(44032K), 0.0008926 secs] [Times: user=0.00 sys=0.00, real=0.00 secs] 
56.495: [GC (Allocation Failure) [PSYoungGen: 13397K->5154K(14336K)] 37872K->29645K(44032K), 0.0008435 secs] [Times: user=0.00 sys=0.00, real=0.00 secs] 
56.541: [GC (Allocation Failure) [PSYoungGen: 12308K->4129K(14336K)] 36799K->28636K(44032K), 0.0008437 secs] [Times: user=0.00 sys=0.00, real=0.00 secs] 
56.588: [GC (Allocation Failure) [PSYoungGen: 11284K->3073K(14336K)] 35791K->27596K(44032K), 0.0008383 secs] [Times: user=0.00 sys=0.00, real=0.00 secs] 
56.589: [GC (Allocation Failure) [PSYoungGen: 10227K->2016K(14336K)] 34750K->26547K(44032K), 0.0005938 secs] [Times: user=0.00 sys=0.00, real=0.00 secs] 
56.590: [GC (Allocation Failure) [PSYoungGen: 9181K->544K(14336K)] 33711K->25090K(44032K), 0.0006050 secs] [Times: user=0.00 sys=0.00, real=0.00 secs] 
56.651: [GC (Allocation Failure) [PSYoungGen: 7698K->6563K(14336K)] 32245K->31117K(44032K), 0.0010882 secs] [Times: user=0.00 sys=0.00, real=0.00 secs] 
56.698: [GC (Allocation Failure) [PSYoungGen: 13717K->5506K(14336K)] 38272K->30069K(44032K), 0.0007512 secs] [Times: user=0.00 sys=0.00, real=0.00 secs] 
56.699: [GC (Allocation Failure) [PSYoungGen: 12661K->4450K(14336K)] 37223K->29020K(44032K), 0.0006380 secs] [Times: user=0.00 sys=0.00, real=0.00 secs] 
56.745: [GC (Allocation Failure) [PSYoungGen: 11604K->3393K(14336K)] 36175K->27980K(44032K), 0.0006217 secs] [Times: user=0.00 sys=0.00, real=0.00 secs] 
56.791: [GC (Allocation Failure) [PSYoungGen: 10548K->2337K(14336K)] 35134K->26939K(44032K), 0.0006983 secs] [Times: user=0.00 sys=0.00, real=0.00 secs] 
56.792: [GC (Allocation Failure) [PSYoungGen: 9491K->1280K(14336K)] 34094K->25899K(44032K), 0.0004665 secs] [Times: user=0.00 sys=0.00, real=0.00 secs] 
56.837: [GC (Allocation Failure) [PSYoungGen: 8435K->224K(14336K)] 33053K->24858K(44032K), 0.0007005 secs] [Times: user=0.00 sys=0.00, real=0.00 secs] 
56.839: [GC (Allocation Failure) [PSYoungGen: 7378K->7139K(14336K)] 32013K->31950K(44032K), 0.0013034 secs] [Times: user=0.00 sys=0.00, real=0.00 secs] 
56.886: [GC (Allocation Failure) [PSYoungGen: 14286K->5282K(14336K)] 39097K->30093K(44032K), 0.0008379 secs] [Times: user=0.00 sys=0.00, real=0.00 secs] 
56.887: [GC (Allocation Failure) [PSYoungGen: 12437K->4194K(14336K)] 37247K->29020K(44032K), 0.0007520 secs] [Times: user=0.00 sys=0.00, real=0.00 secs] 
56.948: [GC (Allocation Failure) [PSYoungGen: 11348K->3137K(14336K)] 36175K->27972K(44032K), 0.0006426 secs] [Times: user=0.00 sys=0.00, real=0.00 secs] 
56.995: [GC (Allocation Failure) [PSYoungGen: 10291K->2080K(14336K)] 35126K->26931K(44032K), 0.0008295 secs] [Times: user=0.00 sys=0.00, real=0.00 secs] 
56.996: [GC (Allocation Failure) [PSYoungGen: 9235K->1024K(14336K)] 34086K->25891K(44032K), 0.0005680 secs] [Times: user=0.00 sys=0.00, real=0.00 secs] 
56.997: [GC (Allocation Failure) [PSYoungGen: 8178K->7139K(14336K)] 33045K->32982K(44032K), 0.0013035 secs] [Times: user=0.00 sys=0.00, real=0.00 secs] 
57.042: [GC (Allocation Failure) [PSYoungGen: 14293K->7107K(14336K)] 40137K->32950K(44032K), 0.0008863 secs] [Times: user=0.00 sys=0.00, real=0.00 secs] 
57.089: [GC (Allocation Failure) [PSYoungGen: 14261K->6050K(14336K)] 40105K->31910K(44032K), 0.0011887 secs] [Times: user=0.00 sys=0.00, real=0.00 secs] 
57.090: [GC (Allocation Failure) [PSYoungGen: 13205K->4994K(14336K)] 39064K->30861K(44032K), 0.0009907 secs] [Times: user=0.00 sys=0.00, real=0.00 secs] 
57.151: [GC (Allocation Failure) [PSYoungGen: 12147K->1760K(14336K)] 38014K->27636K(44032K), 0.0008199 secs] [Times: user=0.00 sys=0.00, real=0.00 secs] 
57.198: [GC (Allocation Failure) [PSYoungGen: 8915K->672K(14336K)] 34790K->26563K(44032K), 0.0005288 secs] [Times: user=0.00 sys=0.00, real=0.00 secs] 
57.199: [GC (Allocation Failure) [PSYoungGen: 7826K->7139K(14336K)] 33717K->33654K(44032K), 0.0012574 secs] [Times: user=0.00 sys=0.00, real=0.00 secs] 
57.200: [GC (Allocation Failure) [PSYoungGen: 14293K->6755K(14336K)] 40809K->33270K(44032K), 0.0008927 secs] [Times: user=0.00 sys=0.00, real=0.00 secs] 
57.243: [GC (Allocation Failure) [PSYoungGen: 13909K->5698K(14336K)] 40425K->32230K(44032K), 0.0009129 secs] [Times: user=0.00 sys=0.00, real=0.00 secs] 
57.290: [GC (Allocation Failure) [PSYoungGen: 12853K->4642K(14336K)] 39384K->31181K(44032K), 0.0008368 secs] [Times: user=0.00 sys=0.00, real=0.00 secs] 
57.291: [GC (Allocation Failure) [PSYoungGen: 11796K->3585K(14336K)] 38336K->30141K(44032K), 0.0006417 secs] [Times: user=0.00 sys=0.00, real=0.00 secs] 
57.337: [GC (Allocation Failure) [PSYoungGen: 10740K->2497K(14336K)] 37295K->29068K(44032K), 0.0006625 secs] [Times: user=0.00 sys=0.00, real=0.00 secs] 
57.400: [GC (Allocation Failure) [PSYoungGen: 9634K->448K(14336K)] 36206K->27027K(44032K), 0.0005578 secs] [Times: user=0.00 sys=0.00, real=0.00 secs] 
57.401: [GC (Allocation Failure) [PSYoungGen: 7602K->7139K(14336K)] 34182K->34095K(44032K), 0.0012205 secs] [Times: user=0.00 sys=0.00, real=0.00 secs] 
57.403: [GC (Allocation Failure) [PSYoungGen: 14293K->6499K(14336K)] 41249K->33454K(44032K), 0.0009492 secs] [Times: user=0.00 sys=0.00, real=0.00 secs] 
57.447: [GC (Allocation Failure) [PSYoungGen: 13653K->5442K(14336K)] 40609K->32414K(44032K), 0.0010600 secs] [Times: user=0.00 sys=0.00, real=0.00 secs] 
57.494: [GC (Allocation Failure) [PSYoungGen: 12597K->4386K(14336K)] 39568K->31365K(44032K), 0.0007780 secs] [Times: user=0.00 sys=0.00, real=0.00 secs] 
57.495: [GC (Allocation Failure) [PSYoungGen: 11540K->3329K(14336K)] 38520K->30325K(44032K), 0.0006738 secs] [Times: user=0.00 sys=0.00, real=0.00 secs] 
57.540: [GC (Allocation Failure) [PSYoungGen: 10484K->2273K(14336K)] 37479K->29284K(44032K), 0.0008618 secs] [Times: user=0.00 sys=0.00, real=0.00 secs] 
57.588: [GC (Allocation Failure) [PSYoungGen: 9427K->1216K(14336K)] 36439K->28236K(44032K), 0.0005456 secs] [Times: user=0.00 sys=0.00, real=0.00 secs] 
57.589: [GC (Allocation Failure) [PSYoungGen: 8371K->160K(14336K)] 35390K->27195K(44032K), 0.0005052 secs] [Times: user=0.00 sys=0.00, real=0.00 secs] 
57.590: [GC (Allocation Failure) [PSYoungGen: 7314K->7139K(14336K)] 34350K->34287K(44032K), 0.0010105 secs] [Times: user=0.00 sys=0.00, real=0.00 secs] 
57.650: [GC (Allocation Failure) [PSYoungGen: 14286K->4674K(14336K)] 41434K->31821K(44032K), 0.0007484 secs] [Times: user=0.00 sys=0.00, real=0.00 secs] 
57.696: [GC (Allocation Failure) [PSYoungGen: 11828K->3617K(14336K)] 38976K->30781K(44032K), 0.0006398 secs] [Times: user=0.00 sys=0.00, real=0.00 secs] 
57.697: [GC (Allocation Failure) [PSYoungGen: 10772K->2561K(14336K)] 37935K->29732K(44032K), 0.0006764 secs] [Times: user=0.00 sys=0.00, real=0.00 secs] 
57.742: [GC (Allocation Failure) [PSYoungGen: 9715K->1504K(14336K)] 36887K->28692K(44032K), 0.0006271 secs] [Times: user=0.00 sys=0.00, real=0.00 secs] 
57.788: [GC (Allocation Failure) [PSYoungGen: 8659K->448K(14336K)] 35846K->27643K(44032K), 0.0009375 secs] [Times: user=0.00 sys=0.00, real=0.00 secs] 
57.789: [GC (Allocation Failure) [PSYoungGen: 7602K->7139K(14336K)] 34798K->34735K(44032K), 0.0009745 secs] [Times: user=0.00 sys=0.00, real=0.00 secs] 
57.791: [GC (Allocation Failure) [PSYoungGen: 14293K->6531K(14336K)] 41889K->34127K(44032K), 0.0009078 secs] [Times: user=0.00 sys=0.00, real=0.00 secs] 
57.851: [GC (Allocation Failure) [PSYoungGen: 13685K->5474K(14336K)] 41281K->33086K(44032K), 0.0008790 secs] [Times: user=0.00 sys=0.00, real=0.00 secs] 
57.898: [GC (Allocation Failure) [PSYoungGen: 12617K->2849K(14336K)] 40229K->30477K(44032K), 0.0008367 secs] [Times: user=0.00 sys=0.00, real=0.00 secs] 
57.899: [GC (Allocation Failure) [PSYoungGen: 10003K->1792K(14336K)] 37631K->29436K(44032K), 0.0007485 secs] [Times: user=0.00 sys=0.00, real=0.00 secs] 
57.945: [GC (Allocation Failure) [PSYoungGen: 8947K->736K(14336K)] 36591K->28388K(44032K), 0.0005118 secs] [Times: user=0.00 sys=0.00, real=0.00 secs] 
57.946: [GC (Allocation Failure) [PSYoungGen: 7890K->7139K(14336K)] 35542K->35479K(44032K), 0.0010719 secs] [Times: user=0.00 sys=0.00, real=0.00 secs] 
57.993: [GC (Allocation Failure) [PSYoungGen: 14293K->6819K(14336K)] 42634K->35159K(44032K), 0.0008754 secs] [Times: user=0.00 sys=0.00, real=0.00 secs] 
57.995: [GC (Allocation Failure) [PSYoungGen: 13973K->5762K(14336K)] 42314K->34111K(44032K), 0.0007884 secs] [Times: user=0.00 sys=0.00, real=0.00 secs] 
58.040: [GC (Allocation Failure) [PSYoungGen: 12917K->4706K(14336K)] 41265K->33062K(44032K), 0.0012124 secs] [Times: user=0.00 sys=0.00, real=0.00 secs] 
58.087: [GC (Allocation Failure) [PSYoungGen: 11860K->3649K(14336K)] 40216K->32021K(44032K), 0.0006946 secs] [Times: user=0.00 sys=0.00, real=0.00 secs] 
58.088: [GC (Allocation Failure) [PSYoungGen: 10789K->1952K(14336K)] 39161K->30341K(44032K), 0.0005478 secs] [Times: user=0.00 sys=0.00, real=0.00 secs] 
58.089: [GC (Allocation Failure) [PSYoungGen: 9115K->1120K(14336K)] 37503K->29524K(44032K), 0.0006151 secs] [Times: user=0.00 sys=0.00, real=0.00 secs] 
58.150: [GC (Allocation Failure) [PSYoungGen: 8273K->6979K(14336K)] 36677K->35391K(44032K), 0.0008810 secs] [Times: user=0.00 sys=0.00, real=0.00 secs] 
58.197: [GC (Allocation Failure) [PSYoungGen: 14133K->5922K(14336K)] 42545K->34343K(44032K), 0.0007223 secs] [Times: user=0.00 sys=0.00, real=0.00 secs] 
58.198: [GC (Allocation Failure) [PSYoungGen: 13077K->4866K(14336K)] 41497K->33294K(44032K), 0.0007593 secs] [Times: user=0.00 sys=0.00, real=0.00 secs] 
58.244: [GC (Allocation Failure) [PSYoungGen: 12020K->3809K(14336K)] 40448K->32246K(44032K), 0.0010960 secs] [Times: user=0.00 sys=0.00, real=0.00 secs] 
58.291: [GC (Allocation Failure) [PSYoungGen: 10964K->2753K(14336K)] 39400K->31205K(44032K), 0.0006951 secs] [Times: user=0.00 sys=0.00, real=0.00 secs] 
58.292: [GC (Allocation Failure) [PSYoungGen: 9907K->1696K(14336K)] 38360K->30157K(44032K), 0.0005826 secs] [Times: user=0.00 sys=0.00, real=0.00 secs] 
58.338: [GC (Allocation Failure) [PSYoungGen: 8858K->832K(14336K)] 37319K->29308K(44032K), 0.0004751 secs] [Times: user=0.00 sys=0.00, real=0.00 secs] 
58.339: [GC (Allocation Failure) [PSYoungGen: 7986K->6755K(14336K)] 36462K->35247K(44032K), 0.0008742 secs] [Times: user=0.00 sys=0.00, real=0.00 secs] 
58.399: [GC (Allocation Failure) [PSYoungGen: 13909K->5698K(14336K)] 42401K->34206K(44032K), 0.0009788 secs] [Times: user=0.00 sys=0.00, real=0.00 secs] 
58.400: [GC (Allocation Failure) [PSYoungGen: 12853K->4642K(14336K)] 41361K->33166K(44032K), 0.0008137 secs] [Times: user=0.00 sys=0.00, real=0.00 secs] 
58.446: [GC (Allocation Failure) [PSYoungGen: 11796K->3585K(14336K)] 40320K->32117K(44032K), 0.0008765 secs] [Times: user=0.00 sys=0.00, real=0.00 secs] 
58.492: [GC (Allocation Failure) [PSYoungGen: 10740K->2529K(14336K)] 39272K->31077K(44032K), 0.0007099 secs] [Times: user=0.00 sys=0.00, real=0.00 secs] 
58.494: [GC (Allocation Failure) [PSYoungGen: 9683K->1472K(14336K)] 38231K->30028K(44032K), 0.0004459 secs] [Times: user=0.00 sys=0.00, real=0.00 secs] 
58.539: [GC (Allocation Failure) [PSYoungGen: 8627K->416K(14336K)] 37183K->28988K(44032K), 0.0005214 secs] [Times: user=0.00 sys=0.00, real=0.00 secs] 
58.540: [GC (Allocation Failure) [PSYoungGen: 7570K->7139K(14336K)] 36142K->36079K(44032K), 0.0009741 secs] [Times: user=0.00 sys=0.00, real=0.00 secs] 
58.601: [GC (Allocation Failure) [PSYoungGen: 14293K->6499K(14336K)] 43234K->35439K(44032K), 0.0008495 secs] [Times: user=0.00 sys=0.00, real=0.00 secs] 
58.602: [GC (Allocation Failure) [PSYoungGen: 13653K->5442K(14336K)] 42594K->34391K(44032K), 0.0008262 secs] [Times: user=0.00 sys=0.00, real=0.00 secs] 
58.648: [GC (Allocation Failure) [PSYoungGen: 12595K->2337K(14336K)] 41543K->31293K(44032K), 0.0007138 secs] [Times: user=0.00 sys=0.00, real=0.00 secs] 
58.694: [GC (Allocation Failure) [PSYoungGen: 9491K->1248K(14336K)] 38447K->30228K(44032K), 0.0006406 secs] [Times: user=0.00 sys=0.00, real=0.00 secs] 
58.695: [GC (Allocation Failure) [PSYoungGen: 8402K->192K(14336K)] 37383K->29188K(44032K), 0.0005487 secs] [Times: user=0.00 sys=0.00, real=0.00 secs] 
58.696: [GC (Allocation Failure) [PSYoungGen: 7346K->7139K(14336K)] 36342K->36279K(44032K), 0.0011539 secs] [Times: user=0.00 sys=0.00, real=0.00 secs] 
58.741: [GC (Allocation Failure) [PSYoungGen: 14293K->6243K(14336K)] 43434K->35383K(44032K), 0.0013913 secs] [Times: user=0.00 sys=0.00, real=0.00 secs] 
58.788: [GC (Allocation Failure) [PSYoungGen: 13397K->5218K(14336K)] 42537K->34366K(44032K), 0.0009949 secs] [Times: user=0.00 sys=0.00, real=0.00 secs] 
58.789: [GC (Allocation Failure) [PSYoungGen: 12372K->4162K(14336K)] 41521K->33318K(44032K), 0.0007349 secs] [Times: user=0.00 sys=0.00, real=0.00 secs] 
58.850: [GC (Allocation Failure) [PSYoungGen: 11316K->3105K(14336K)] 40472K->32277K(44032K), 0.0007919 secs] [Times: user=0.00 sys=0.00, real=0.00 secs] 
58.898: [GC (Allocation Failure) [PSYoungGen: 10243K->1024K(14336K)] 39415K->30204K(44032K), 0.0007723 secs] [Times: user=0.00 sys=0.00, real=0.00 secs] 
58.899: [GC (Allocation Failure) [PSYoungGen: 8178K->7139K(14336K)] 37359K->37264K(45056K), 0.0013617 secs] [Times: user=0.00 sys=0.00, real=0.00 secs] 
58.901: [GC (Allocation Failure) [PSYoungGen: 14293K->7075K(14336K)] 44418K->37200K(45056K), 0.0009684 secs] [Times: user=0.00 sys=0.00, real=0.00 secs] 
58.944: [GC (Allocation Failure) [PSYoungGen: 14229K->6018K(14336K)] 44354K->36151K(45056K), 0.0008974 secs] [Times: user=0.00 sys=0.00, real=0.00 secs] 
58.992: [GC (Allocation Failure) [PSYoungGen: 13173K->4962K(14336K)] 43306K->35103K(45056K), 0.0007691 secs] [Times: user=0.00 sys=0.00, real=0.00 secs] 
58.994: [GC (Allocation Failure) [PSYoungGen: 12116K->3905K(14336K)] 42257K->34062K(45056K), 0.0006452 secs] [Times: user=0.00 sys=0.00, real=0.00 secs] 
59.038: [GC (Allocation Failure) [PSYoungGen: 11060K->2849K(14336K)] 41217K->33014K(45056K), 0.0009528 secs] [Times: user=0.00 sys=0.00, real=0.00 secs] 
59.101: [GC (Allocation Failure) [PSYoungGen: 10003K->1792K(14336K)] 40168K->31973K(45056K), 0.0006568 secs] [Times: user=0.00 sys=0.00, real=0.00 secs] 
59.102: [GC (Allocation Failure) [PSYoungGen: 8947K->736K(14336K)] 39128K->30933K(45056K), 0.0005092 secs] [Times: user=0.00 sys=0.00, real=0.00 secs] 
59.103: [GC (Allocation Failure) [PSYoungGen: 7890K->7139K(14336K)] 38087K->38024K(47104K), 0.0011961 secs] [Times: user=0.00 sys=0.00, real=0.00 secs] 
59.148: [GC (Allocation Failure) [PSYoungGen: 14276K->5154K(14336K)] 45162K->36039K(47104K), 0.0007404 secs] [Times: user=0.00 sys=0.00, real=0.00 secs] 
59.195: [GC (Allocation Failure) [PSYoungGen: 12309K->4065K(14336K)] 43194K->34967K(47104K), 0.0008050 secs] [Times: user=0.00 sys=0.00, real=0.00 secs] 
59.196: [GC (Allocation Failure) [PSYoungGen: 11220K->3009K(14336K)] 42121K->33926K(47104K), 0.0006116 secs] [Times: user=0.00 sys=0.00, real=0.00 secs] 
59.242: [GC (Allocation Failure) [PSYoungGen: 10163K->1952K(14336K)] 41081K->32886K(47104K), 0.0007218 secs] [Times: user=0.00 sys=0.00, real=0.00 secs] 
59.288: [GC (Allocation Failure) [PSYoungGen: 9107K->896K(14336K)] 40040K->31837K(47104K), 0.0006628 secs] [Times: user=0.00 sys=0.00, real=0.00 secs] 
59.289: [GC (Allocation Failure) [PSYoungGen: 8050K->7139K(14336K)] 38992K->38929K(47104K), 0.0014527 secs] [Times: user=0.00 sys=0.00, real=0.00 secs] 
59.291: [GC (Allocation Failure) [PSYoungGen: 14293K->6979K(14336K)] 46083K->38769K(47104K), 0.0011042 secs] [Times: user=0.00 sys=0.00, real=0.00 secs] 
59.351: [GC (Allocation Failure) [PSYoungGen: 14133K->5922K(14336K)] 45923K->37720K(47104K), 0.0008575 secs] [Times: user=0.00 sys=0.00, real=0.00 secs] 
59.397: [GC (Allocation Failure) [PSYoungGen: 13063K->3361K(14336K)] 44860K->35175K(47104K), 0.0007157 secs] [Times: user=0.00 sys=0.00, real=0.00 secs] 
59.398: [GC (Allocation Failure) [PSYoungGen: 10516K->2241K(14336K)] 42329K->34086K(47104K), 0.0005749 secs] [Times: user=0.00 sys=0.00, real=0.00 secs] 
59.443: [GC (Allocation Failure) [PSYoungGen: 9395K->1184K(14336K)] 41241K->33046K(47104K), 0.0004592 secs] [Times: user=0.00 sys=0.00, real=0.00 secs] 
59.489: [GC (Allocation Failure) [PSYoungGen: 8338K->128K(14336K)] 40200K->32005K(47104K), 0.0004984 secs] [Times: user=0.00 sys=0.00, real=0.00 secs] 
59.490: [GC (Allocation Failure) [PSYoungGen: 7282K->7139K(14336K)] 39160K->39097K(47104K), 0.0011402 secs] [Times: user=0.00 sys=0.00, real=0.00 secs] 
59.492: [GC (Allocation Failure) [PSYoungGen: 14293K->6211K(14336K)] 46251K->38168K(47104K), 0.0008947 secs] [Times: user=0.00 sys=0.00, real=0.00 secs] 
59.536: [GC (Allocation Failure) [PSYoungGen: 13365K->5154K(14336K)] 45323K->37120K(47104K), 0.0008740 secs] [Times: user=0.03 sys=0.00, real=0.00 secs] 
59.599: [GC (Allocation Failure) [PSYoungGen: 12308K->4097K(14336K)] 44274K->36079K(47104K), 0.0007273 secs] [Times: user=0.00 sys=0.00, real=0.00 secs] 
59.600: [GC (Allocation Failure) [PSYoungGen: 11252K->3041K(14336K)] 43234K->35031K(47104K), 0.0006924 secs] [Times: user=0.00 sys=0.00, real=0.00 secs] 
59.645: [GC (Allocation Failure) [PSYoungGen: 10184K->416K(14336K)] 42174K->32413K(47104K), 0.0006397 secs] [Times: user=0.00 sys=0.00, real=0.00 secs] 
59.646: [GC (Allocation Failure) [PSYoungGen: 7570K->7139K(14336K)] 39568K->39513K(47104K), 0.0012646 secs] [Times: user=0.05 sys=0.00, real=0.00 secs] 
59.648: [Full GC (Ergonomics) [PSYoungGen: 7139K->0K(14336K)] [ParOldGen: 32373K->8138K(29184K)] 39513K->8138K(43520K), [Metaspace: 2892K->2892K(1056768K)], 0.0020121 secs] [Times: user=0.00 sys=0.00, real=0.00 secs] 
59.692: [GC (Allocation Failure) [PSYoungGen: 7154K->6499K(14336K)] 15292K->14637K(43520K), 0.0010269 secs] [Times: user=0.06 sys=0.00, real=0.00 secs] 
59.694: [GC (Allocation Failure) [PSYoungGen: 13652K->5442K(14336K)] 21790K->13588K(43520K), 0.0009361 secs] [Times: user=0.00 sys=0.00, real=0.00 secs] 
59.739: [GC (Allocation Failure) [PSYoungGen: 12596K->4386K(14336K)] 20742K->12540K(43520K), 0.0007198 secs] [Times: user=0.00 sys=0.00, real=0.00 secs] 
59.802: [GC (Allocation Failure) [PSYoungGen: 11540K->3329K(14336K)] 19694K->11491K(43520K), 0.0006416 secs] [Times: user=0.00 sys=0.00, real=0.00 secs] 
59.803: [GC (Allocation Failure) [PSYoungGen: 10483K->2273K(14336K)] 18646K->10451K(43520K), 0.0005461 secs] [Times: user=0.00 sys=0.00, real=0.00 secs] 
59.849: [GC (Allocation Failure) [PSYoungGen: 9427K->1216K(14336K)] 17605K->9402K(43520K), 0.0004562 secs] [Times: user=0.00 sys=0.00, real=0.00 secs] 
59.849: [GC (Allocation Failure) [PSYoungGen: 8384K->224K(14336K)] 16570K->8418K(43520K), 0.0003735 secs] [Times: user=0.00 sys=0.00, real=0.00 secs] 
59.896: [GC (Allocation Failure) [PSYoungGen: 7370K->6275K(14336K)] 15564K->14477K(43520K), 0.0008592 secs] [Times: user=0.08 sys=0.00, real=0.00 secs] 
59.897: [GC (Allocation Failure) [PSYoungGen: 13429K->5218K(14336K)] 21631K->13428K(43520K), 0.0008374 secs] [Times: user=0.00 sys=0.00, real=0.00 secs] 
59.942: [GC (Allocation Failure) [PSYoungGen: 12372K->4162K(14336K)] 20582K->12380K(43520K), 0.0009656 secs] [Times: user=0.00 sys=0.00, real=0.00 secs] 
59.988: [GC (Allocation Failure) [PSYoungGen: 11316K->3105K(14336K)] 19534K->11331K(43520K), 0.0005776 secs] [Times: user=0.00 sys=0.00, real=0.00 secs] 
59.989: [GC (Allocation Failure) [PSYoungGen: 10259K->2048K(14336K)] 18486K->10291K(43520K), 0.0003784 secs] [Times: user=0.00 sys=0.00, real=0.00 secs] 
60.035: [GC (Allocation Failure) [PSYoungGen: 9203K->992K(14336K)] 17445K->9242K(43520K), 0.0008827 secs] [Times: user=0.00 sys=0.00, real=0.00 secs] 
60.037: [GC (Allocation Failure) [PSYoungGen: 8146K->7139K(14336K)] 16397K->16334K(43520K), 0.0011863 secs] [Times: user=0.01 sys=0.00, real=0.00 secs] 
60.099: [GC (Allocation Failure) [PSYoungGen: 14293K->7075K(14336K)] 23488K->16270K(43520K), 0.0008368 secs] [Times: user=0.05 sys=0.00, real=0.00 secs] 
60.100: [GC (Allocation Failure) [PSYoungGen: 14219K->4322K(14336K)] 23414K->13524K(43520K), 0.0006009 secs] [Times: user=0.00 sys=0.00, real=0.00 secs] 
60.145: [GC (Allocation Failure) [PSYoungGen: 11470K->2721K(14336K)] 20672K->11931K(43520K), 0.0006574 secs] [Times: user=0.00 sys=0.00, real=0.00 secs] 
60.191: [GC (Allocation Failure) [PSYoungGen: 9875K->1664K(14336K)] 19086K->10883K(43520K), 0.0008842 secs] [Times: user=0.00 sys=0.00, real=0.00 secs] 
60.192: [GC (Allocation Failure) [PSYoungGen: 8818K->608K(14336K)] 18037K->9834K(43520K), 0.0005582 secs] [Times: user=0.00 sys=0.00, real=0.00 secs] 
60.193: [GC (Allocation Failure) [PSYoungGen: 7762K->7139K(14336K)] 16989K->16926K(43520K), 0.0010406 secs] [Times: user=0.00 sys=0.00, real=0.00 secs] 
60.238: [GC (Allocation Failure) [PSYoungGen: 14293K->6691K(14336K)] 24080K->16478K(43520K), 0.0013310 secs] [Times: user=0.00 sys=0.00, real=0.00 secs] 
60.301: [GC (Allocation Failure) [PSYoungGen: 13845K->5634K(14336K)] 23632K->15429K(43520K), 0.0009360 secs] [Times: user=0.00 sys=0.00, real=0.00 secs] 
60.302: [GC (Allocation Failure) [PSYoungGen: 12789K->4578K(14336K)] 22584K->14389K(43520K), 0.0009202 secs] [Times: user=0.00 sys=0.00, real=0.00 secs] 
60.348: [GC (Allocation Failure) [PSYoungGen: 11715K->2497K(14336K)] 21526K->12316K(43520K), 0.0006509 secs] [Times: user=0.00 sys=0.00, real=0.00 secs] 
60.394: [GC (Allocation Failure) [PSYoungGen: 9651K->1408K(14336K)] 19470K->11235K(43520K), 0.0002686 secs] [Times: user=0.00 sys=0.00, real=0.00 secs] 
60.395: [GC (Allocation Failure) [PSYoungGen: 8563K->352K(14336K)] 18390K->10187K(43520K), 0.0005025 secs] [Times: user=0.00 sys=0.00, real=0.00 secs] 
60.396: [GC (Allocation Failure) [PSYoungGen: 7506K->7139K(14336K)] 17341K->17278K(43520K), 0.0009233 secs] [Times: user=0.02 sys=0.00, real=0.00 secs] 
60.442: [GC (Allocation Failure) [PSYoungGen: 14293K->6435K(14336K)] 24433K->16574K(43520K), 0.0008534 secs] [Times: user=0.02 sys=0.00, real=0.00 secs] 
60.490: [GC (Allocation Failure) [PSYoungGen: 13589K->5378K(14336K)] 23728K->15525K(43520K), 0.0007885 secs] [Times: user=0.00 sys=0.00, real=0.00 secs] 
60.491: [GC (Allocation Failure) [PSYoungGen: 12533K->4322K(14336K)] 22680K->14477K(43520K), 0.0008009 secs] [Times: user=0.00 sys=0.00, real=0.00 secs] 
60.536: [GC (Allocation Failure) [PSYoungGen: 11476K->3265K(14336K)] 21631K->13436K(43520K), 0.0006106 secs] [Times: user=0.00 sys=0.00, real=0.00 secs] 
60.598: [GC (Allocation Failure) [PSYoungGen: 10420K->2209K(14336K)] 20591K->12396K(43520K), 0.0004501 secs] [Times: user=0.00 sys=0.00, real=0.00 secs] 
60.599: [GC (Allocation Failure) [PSYoungGen: 9363K->1152K(14336K)] 19550K->11347K(43520K), 0.0004634 secs] [Times: user=0.00 sys=0.00, real=0.00 secs] 
60.600: [GC (Allocation Failure) [PSYoungGen: 8320K->128K(14336K)] 18515K->10339K(43520K), 0.0003487 secs] [Times: user=0.00 sys=0.00, real=0.00 secs] 
60.645: [GC (Allocation Failure) [PSYoungGen: 7273K->5698K(14336K)] 17484K->15917K(43520K), 0.0008796 secs] [Times: user=0.00 sys=0.00, real=0.00 secs] 
60.691: [GC (Allocation Failure) [PSYoungGen: 12852K->4642K(14336K)] 23071K->14877K(43520K), 0.0008415 secs] [Times: user=0.00 sys=0.00, real=0.00 secs] 
60.692: [GC (Allocation Failure) [PSYoungGen: 11795K->3585K(14336K)] 22031K->13828K(43520K), 0.0006761 secs] [Times: user=0.00 sys=0.00, real=0.00 secs] 
60.739: [GC (Allocation Failure) [PSYoungGen: 10739K->2529K(14336K)] 20982K->12780K(43520K), 0.0009554 secs] [Times: user=0.00 sys=0.00, real=0.00 secs] 
60.801: [GC (Allocation Failure) [PSYoungGen: 9683K->1472K(14336K)] 19934K->11731K(43520K), 0.0009484 secs] [Times: user=0.00 sys=0.00, real=0.00 secs] 
60.802: [GC (Allocation Failure) [PSYoungGen: 8626K->416K(14336K)] 18886K->10691K(43520K), 0.0004944 secs] [Times: user=0.00 sys=0.00, real=0.00 secs] 
60.803: [GC (Allocation Failure) [PSYoungGen: 7570K->7139K(14336K)] 17845K->17782K(43520K), 0.0010932 secs] [Times: user=0.00 sys=0.00, real=0.00 secs] 
60.848: [GC (Allocation Failure) [PSYoungGen: 14293K->6499K(14336K)] 24937K->17142K(43520K), 0.0006668 secs] [Times: user=0.00 sys=0.00, real=0.00 secs] 
60.896: [GC (Allocation Failure) [PSYoungGen: 13641K->3905K(14336K)] 24285K->14557K(43520K), 0.0006264 secs] [Times: user=0.00 sys=0.00, real=0.00 secs] 
60.897: [GC (Allocation Failure) [PSYoungGen: 11060K->2817K(14336K)] 21711K->13484K(43520K), 0.0006680 secs] [Times: user=0.00 sys=0.00, real=0.00 secs] 
60.941: [GC (Allocation Failure) [PSYoungGen: 9971K->1760K(14336K)] 20638K->12436K(43520K), 0.0006014 secs] [Times: user=0.00 sys=0.00, real=0.00 secs] 
60.988: [GC (Allocation Failure) [PSYoungGen: 8915K->704K(14336K)] 19590K->11387K(43520K), 0.0005232 secs] [Times: user=0.00 sys=0.00, real=0.00 secs] 
60.989: [GC (Allocation Failure) [PSYoungGen: 7858K->7139K(14336K)] 18542K->18479K(43520K), 0.0011776 secs] [Times: user=0.00 sys=0.00, real=0.00 secs] 
60.991: [GC (Allocation Failure) [PSYoungGen: 14293K->6787K(14336K)] 25633K->18126K(43520K), 0.0008787 secs] [Times: user=0.00 sys=0.00, real=0.00 secs] 
61.050: [GC (Allocation Failure) [PSYoungGen: 13941K->5730K(14336K)] 25281K->17078K(43520K), 0.0009245 secs] [Times: user=0.00 sys=0.00, real=0.00 secs] 
61.099: [GC (Allocation Failure) [PSYoungGen: 12885K->4674K(14336K)] 24232K->16037K(43520K), 0.0007938 secs] [Times: user=0.00 sys=0.01, real=0.00 secs] 
61.100: [GC (Allocation Failure) [PSYoungGen: 11828K->3617K(14336K)] 23192K->14989K(43520K), 0.0007114 secs] [Times: user=0.00 sys=0.00, real=0.00 secs] 
61.145: [GC (Allocation Failure) [PSYoungGen: 10761K->864K(14336K)] 22133K->12243K(43520K), 0.0005815 secs] [Times: user=0.00 sys=0.00, real=0.00 secs] 
61.146: [GC (Allocation Failure) [PSYoungGen: 8018K->7139K(14336K)] 19398K->19343K(43520K), 0.0010508 secs] [Times: user=0.02 sys=0.00, real=0.00 secs] 
61.193: [GC (Allocation Failure) [PSYoungGen: 14293K->6947K(14336K)] 26497K->19151K(43520K), 0.0010254 secs] [Times: user=0.00 sys=0.00, real=0.00 secs] 
61.194: [GC (Allocation Failure) [PSYoungGen: 14101K->5890K(14336K)] 26305K->18102K(43520K), 0.0008436 secs] [Times: user=0.00 sys=0.00, real=0.00 secs] 
61.240: [GC (Allocation Failure) [PSYoungGen: 13045K->4834K(14336K)] 25257K->17062K(43520K), 0.0009807 secs] [Times: user=0.00 sys=0.00, real=0.00 secs] 
61.287: [GC (Allocation Failure) [PSYoungGen: 11988K->3777K(14336K)] 24216K->16013K(43520K), 0.0008465 secs] [Times: user=0.00 sys=0.00, real=0.00 secs] 
61.288: [GC (Allocation Failure) [PSYoungGen: 10932K->2721K(14336K)] 23168K->14973K(43520K), 0.0004562 secs] [Times: user=0.00 sys=0.00, real=0.00 secs] 
61.350: [GC (Allocation Failure) [PSYoungGen: 9875K->1664K(14336K)] 22127K->13924K(43520K), 0.0003161 secs] [Times: user=0.00 sys=0.00, real=0.00 secs] 
61.351: [GC (Allocation Failure) [PSYoungGen: 8826K->768K(14336K)] 21086K->13035K(43520K), 0.0003553 secs] [Times: user=0.00 sys=0.00, real=0.00 secs] 
61.397: [GC (Allocation Failure) [PSYoungGen: 7922K->6723K(14336K)] 20190K->18999K(43520K), 0.0009298 secs] [Times: user=0.00 sys=0.00, real=0.00 secs] 
61.399: [GC (Allocation Failure) [PSYoungGen: 13877K->5666K(14336K)] 26153K->17958K(43520K), 0.0008258 secs] [Times: user=0.00 sys=0.00, real=0.00 secs] 
61.444: [GC (Allocation Failure) [PSYoungGen: 12821K->4610K(14336K)] 25113K->16910K(43520K), 0.0006743 secs] [Times: user=0.00 sys=0.00, real=0.00 secs] 
61.491: [GC (Allocation Failure) [PSYoungGen: 11764K->3553K(14336K)] 24064K->15861K(43520K), 0.0007685 secs] [Times: user=0.00 sys=0.00, real=0.00 secs] 
61.493: [GC (Allocation Failure) [PSYoungGen: 10708K->2497K(14336K)] 23016K->14813K(43520K), 0.0005566 secs] [Times: user=0.00 sys=0.00, real=0.00 secs] 
61.538: [GC (Allocation Failure) [PSYoungGen: 9651K->1440K(14336K)] 21967K->13772K(43520K), 0.0005821 secs] [Times: user=0.00 sys=0.00, real=0.00 secs] 
61.599: [GC (Allocation Failure) [PSYoungGen: 8595K->384K(14336K)] 20927K->12732K(43520K), 0.0005741 secs] [Times: user=0.00 sys=0.00, real=0.00 secs] 
61.601: [GC (Allocation Failure) [PSYoungGen: 7538K->7139K(14336K)] 19886K->19823K(43520K), 0.0011276 secs] [Times: user=0.00 sys=0.00, real=0.00 secs] 
61.602: [GC (Allocation Failure) [PSYoungGen: 14295K->4898K(14336K)] 26979K->17582K(43520K), 0.0007300 secs] [Times: user=0.00 sys=0.00, real=0.00 secs] 
61.647: [GC (Allocation Failure) [PSYoungGen: 12046K->3297K(14336K)] 24730K->15989K(43520K), 0.0007329 secs] [Times: user=0.00 sys=0.00, real=0.00 secs] 
61.694: [GC (Allocation Failure) [PSYoungGen: 10451K->2241K(14336K)] 23144K->14941K(43520K), 0.0008063 secs] [Times: user=0.00 sys=0.00, real=0.00 secs] 
61.695: [GC (Allocation Failure) [PSYoungGen: 9395K->1184K(14336K)] 22095K->13900K(43520K), 0.0003923 secs] [Times: user=0.00 sys=0.00, real=0.00 secs] 
61.741: [GC (Allocation Failure) [PSYoungGen: 8338K->128K(14336K)] 21054K->12852K(43520K), 0.0006394 secs] [Times: user=0.00 sys=0.00, real=0.00 secs] 
61.742: [GC (Allocation Failure) [PSYoungGen: 7282K->7139K(14336K)] 20006K->19943K(43520K), 0.0008684 secs] [Times: user=0.00 sys=0.00, real=0.00 secs] 
61.788: [GC (Allocation Failure) [PSYoungGen: 14293K->6211K(14336K)] 27098K->19015K(43520K), 0.0012056 secs] [Times: user=0.00 sys=0.00, real=0.00 secs] 
61.790: [GC (Allocation Failure) [PSYoungGen: 13365K->5154K(14336K)] 26169K->17966K(43520K), 0.0010166 secs] [Times: user=0.00 sys=0.00, real=0.00 secs] 
61.850: [GC (Allocation Failure) [PSYoungGen: 12292K->3041K(14336K)] 25104K->15861K(43520K), 0.0006955 secs] [Times: user=0.00 sys=0.00, real=0.00 secs] 
61.897: [GC (Allocation Failure) [PSYoungGen: 10195K->1984K(14336K)] 23015K->14821K(43520K), 0.0006988 secs] [Times: user=0.00 sys=0.00, real=0.00 secs] 
61.898: [GC (Allocation Failure) [PSYoungGen: 9139K->928K(14336K)] 21975K->13772K(43520K), 0.0005562 secs] [Times: user=0.00 sys=0.00, real=0.00 secs] 
61.899: [GC (Allocation Failure) [PSYoungGen: 8082K->7139K(14336K)] 20927K->20864K(43520K), 0.0012184 secs] [Times: user=0.00 sys=0.00, real=0.00 secs] 
61.944: [GC (Allocation Failure) [PSYoungGen: 14293K->7011K(14336K)] 28018K->20735K(43520K), 0.0009491 secs] [Times: user=0.00 sys=0.00, real=0.00 secs] 
61.991: [GC (Allocation Failure) [PSYoungGen: 14165K->5954K(14336K)] 27890K->19695K(43520K), 0.0011248 secs] [Times: user=0.00 sys=0.00, real=0.00 secs] 
61.993: [GC (Allocation Failure) [PSYoungGen: 13109K->4866K(14336K)] 26849K->18622K(43520K), 0.0008829 secs] [Times: user=0.00 sys=0.00, real=0.00 secs] 
62.038: [GC (Allocation Failure) [PSYoungGen: 12020K->3809K(14336K)] 25777K->17574K(43520K), 0.0009414 secs] [Times: user=0.00 sys=0.00, real=0.00 secs] 
62.100: [GC (Allocation Failure) [PSYoungGen: 10964K->2785K(14336K)] 24728K->16557K(43520K), 0.0005907 secs] [Times: user=0.00 sys=0.00, real=0.00 secs] 
62.101: [GC (Allocation Failure) [PSYoungGen: 9939K->1728K(14336K)] 23712K->15509K(43520K), 0.0005663 secs] [Times: user=0.00 sys=0.00, real=0.00 secs] 
62.102: [GC (Allocation Failure) [PSYoungGen: 8896K->608K(14336K)] 22677K->14396K(43520K), 0.0007350 secs] [Times: user=0.00 sys=0.00, real=0.00 secs] 
62.148: [GC (Allocation Failure) [PSYoungGen: 7755K->6146K(14336K)] 21543K->19943K(43520K), 0.0008378 secs] [Times: user=0.00 sys=0.00, real=0.00 secs] 
62.196: [GC (Allocation Failure) [PSYoungGen: 13300K->5090K(14336K)] 27096K->18903K(43520K), 0.0019498 secs] [Times: user=0.00 sys=0.00, real=0.00 secs] 
62.198: [GC (Allocation Failure) [PSYoungGen: 12244K->4033K(14336K)] 26056K->17862K(43520K), 0.0007749 secs] [Times: user=0.00 sys=0.00, real=0.00 secs] 
62.243: [GC (Allocation Failure) [PSYoungGen: 11187K->2977K(14336K)] 25016K->16813K(43520K), 0.0008388 secs] [Times: user=0.00 sys=0.00, real=0.00 secs] 
62.290: [GC (Allocation Failure) [PSYoungGen: 10131K->1920K(14336K)] 23968K->15765K(43520K), 0.0005658 secs] [Times: user=0.00 sys=0.00, real=0.00 secs] 
62.291: [GC (Allocation Failure) [PSYoungGen: 9075K->864K(14336K)] 22919K->14724K(43520K), 0.0004257 secs] [Times: user=0.00 sys=0.00, real=0.00 secs] 
62.292: [GC (Allocation Failure) [PSYoungGen: 8018K->7139K(14336K)] 21879K->21816K(43520K), 0.0009136 secs] [Times: user=0.00 sys=0.00, real=0.00 secs] 
62.338: [GC (Allocation Failure) [PSYoungGen: 14293K->6947K(14336K)] 28970K->21624K(43520K), 0.0008722 secs] [Times: user=0.00 sys=0.00, real=0.00 secs] 
62.386: [GC (Allocation Failure) [PSYoungGen: 14090K->4322K(14336K)] 28767K->19015K(43520K), 0.0008800 secs] [Times: user=0.00 sys=0.00, real=0.00 secs] 
62.387: [GC (Allocation Failure) [PSYoungGen: 11476K->3265K(14336K)] 26169K->17974K(43520K), 0.0005882 secs] [Times: user=0.00 sys=0.00, real=0.00 secs] 
62.447: [GC (Allocation Failure) [PSYoungGen: 10419K->2209K(14336K)] 25128K->16934K(43520K), 0.0005254 secs] [Times: user=0.00 sys=0.00, real=0.00 secs] 
62.495: [GC (Allocation Failure) [PSYoungGen: 9363K->1152K(14336K)] 24088K->15893K(43520K), 0.0004779 secs] [Times: user=0.00 sys=0.00, real=0.00 secs] 
62.496: [GC (Allocation Failure) [PSYoungGen: 8306K->96K(14336K)] 23047K->14852K(43520K), 0.0004722 secs] [Times: user=0.00 sys=0.00, real=0.00 secs] 
62.497: [GC (Allocation Failure) [PSYoungGen: 7250K->7139K(14336K)] 22007K->21944K(43520K), 0.0011608 secs] [Times: user=0.00 sys=0.00, real=0.00 secs] 
62.542: [GC (Allocation Failure) [PSYoungGen: 14293K->6178K(14336K)] 29098K->20983K(43520K), 0.0009534 secs] [Times: user=0.00 sys=0.00, real=0.00 secs] 
62.589: [GC (Allocation Failure) [PSYoungGen: 13333K->5122K(14336K)] 28138K->19935K(43520K), 0.0007609 secs] [Times: user=0.00 sys=0.00, real=0.00 secs] 
62.590: [GC (Allocation Failure) [PSYoungGen: 12276K->4065K(14336K)] 27089K->18894K(43520K), 0.0006781 secs] [Times: user=0.00 sys=0.00, real=0.00 secs] 
62.635: [GC (Allocation Failure) [PSYoungGen: 11209K->1472K(14336K)] 26038K->16309K(43520K), 0.0003953 secs] [Times: user=0.00 sys=0.00, real=0.00 secs] 
62.697: [GC (Allocation Failure) [PSYoungGen: 8627K->384K(14336K)] 23464K->15237K(43520K), 0.0004514 secs] [Times: user=0.00 sys=0.00, real=0.00 secs] 
62.698: [GC (Allocation Failure) [PSYoungGen: 7538K->7139K(14336K)] 22391K->22328K(43520K), 0.0010126 secs] [Times: user=0.00 sys=0.00, real=0.00 secs] 
62.699: [GC (Allocation Failure) [PSYoungGen: 14293K->6467K(14336K)] 29483K->21656K(43520K), 0.0009857 secs] [Times: user=0.00 sys=0.00, real=0.00 secs] 
62.745: [GC (Allocation Failure) [PSYoungGen: 13621K->5410K(14336K)] 28810K->20607K(43520K), 0.0008184 secs] [Times: user=0.00 sys=0.00, real=0.00 secs] 
62.792: [GC (Allocation Failure) [PSYoungGen: 12565K->4354K(14336K)] 27762K->19559K(43520K), 0.0008539 secs] [Times: user=0.00 sys=0.00, real=0.00 secs] 
62.793: [GC (Allocation Failure) [PSYoungGen: 11508K->3297K(14336K)] 26713K->18518K(43520K), 0.0006039 secs] [Times: user=0.00 sys=0.00, real=0.00 secs] 
62.840: [GC (Allocation Failure) [PSYoungGen: 10452K->2241K(14336K)] 25673K->17470K(43520K), 0.0008104 secs] [Times: user=0.00 sys=0.00, real=0.00 secs] 
62.886: [GC (Allocation Failure) [PSYoungGen: 9395K->160K(14336K)] 24624K->15397K(43520K), 0.0005126 secs] [Times: user=0.00 sys=0.00, real=0.00 secs] 
62.887: [GC (Allocation Failure) [PSYoungGen: 7314K->7139K(14336K)] 22551K->22488K(43520K), 0.0011522 secs] [Times: user=0.00 sys=0.00, real=0.00 secs] 
62.888: [GC (Allocation Failure) [PSYoungGen: 14292K->6243K(14336K)] 29642K->21592K(43520K), 0.0008436 secs] [Times: user=0.00 sys=0.00, real=0.00 secs] 
62.948: [GC (Allocation Failure) [PSYoungGen: 13396K->5186K(14336K)] 28745K->20543K(43520K), 0.0010887 secs] [Times: user=0.00 sys=0.00, real=0.00 secs] 
62.995: [GC (Allocation Failure) [PSYoungGen: 12340K->4129K(14336K)] 27697K->19495K(43520K), 0.0007569 secs] [Times: user=0.00 sys=0.00, real=0.00 secs] 
62.996: [GC (Allocation Failure) [PSYoungGen: 11284K->3073K(14336K)] 26649K->18446K(43520K), 0.0005503 secs] [Times: user=0.00 sys=0.00, real=0.00 secs] 
63.042: [GC (Allocation Failure) [PSYoungGen: 10227K->2016K(14336K)] 25600K->17406K(43520K), 0.0008323 secs] [Times: user=0.00 sys=0.00, real=0.00 secs] 
63.090: [GC (Allocation Failure) [PSYoungGen: 9171K->960K(14336K)] 24560K->16365K(43520K), 0.0007896 secs] [Times: user=0.00 sys=0.00, real=0.00 secs] 
63.091: [GC (Allocation Failure) [PSYoungGen: 8114K->7139K(14336K)] 23520K->23457K(43520K), 0.0010484 secs] [Times: user=0.00 sys=0.00, real=0.00 secs] 
63.092: [GC (Allocation Failure) [PSYoungGen: 14300K->5858K(14336K)] 30618K->22176K(43520K), 0.0007318 secs] [Times: user=0.00 sys=0.00, real=0.00 secs] 
63.136: [GC (Allocation Failure) [PSYoungGen: 12996K->3745K(14336K)] 29314K->20071K(43520K), 0.0007982 secs] [Times: user=0.00 sys=0.00, real=0.00 secs] 
63.199: [GC (Allocation Failure) [PSYoungGen: 10899K->2689K(14336K)] 27225K->19022K(43520K), 0.0007428 secs] [Times: user=0.00 sys=0.00, real=0.00 secs] 
63.200: [GC (Allocation Failure) [PSYoungGen: 9843K->1632K(14336K)] 26177K->17982K(43520K), 0.0004584 secs] [Times: user=0.00 sys=0.00, real=0.00 secs] 
63.245: [GC (Allocation Failure) [PSYoungGen: 8787K->576K(14336K)] 25136K->16941K(43520K), 0.0008493 secs] [Times: user=0.00 sys=0.00, real=0.00 secs] 
63.246: [GC (Allocation Failure) [PSYoungGen: 7730K->7139K(14336K)] 24096K->24033K(43520K), 0.0010215 secs] [Times: user=0.00 sys=0.00, real=0.00 secs] 
63.292: [GC (Allocation Failure) [PSYoungGen: 14293K->6659K(14336K)] 31187K->23553K(43520K), 0.0011132 secs] [Times: user=0.00 sys=0.00, real=0.00 secs] 
63.294: [GC (Allocation Failure) [PSYoungGen: 13813K->5602K(14336K)] 30707K->22504K(43520K), 0.0008443 secs] [Times: user=0.00 sys=0.00, real=0.00 secs] 
63.340: [GC (Allocation Failure) [PSYoungGen: 12740K->3489K(14336K)] 29642K->20407K(43520K), 0.0007389 secs] [Times: user=0.00 sys=0.00, real=0.00 secs] 
63.387: [GC (Allocation Failure) [PSYoungGen: 10644K->2433K(14336K)] 27561K->19367K(43520K), 0.0006274 secs] [Times: user=0.00 sys=0.00, real=0.00 secs] 
63.388: [GC (Allocation Failure) [PSYoungGen: 9587K->1376K(14336K)] 26521K->18318K(43520K), 0.0005361 secs] [Times: user=0.00 sys=0.00, real=0.00 secs] 
63.449: [GC (Allocation Failure) [PSYoungGen: 8531K->320K(14336K)] 25472K->17277K(43520K), 0.0005768 secs] [Times: user=0.00 sys=0.00, real=0.00 secs] 
63.450: [GC (Allocation Failure) [PSYoungGen: 7474K->7139K(14336K)] 24432K->24369K(43520K), 0.0008988 secs] [Times: user=0.00 sys=0.00, real=0.00 secs] 
63.497: [GC (Allocation Failure) [PSYoungGen: 14293K->6403K(14336K)] 31523K->23633K(43520K), 0.0011868 secs] [Times: user=0.00 sys=0.00, real=0.00 secs] 
63.499: [GC (Allocation Failure) [PSYoungGen: 13557K->5346K(14336K)] 30787K->22584K(43520K), 0.0007869 secs] [Times: user=0.00 sys=0.00, real=0.00 secs] 
63.543: [GC (Allocation Failure) [PSYoungGen: 12501K->4290K(14336K)] 29739K->21544K(43520K), 0.0009355 secs] [Times: user=0.00 sys=0.00, real=0.00 secs] 
63.590: [GC (Allocation Failure) [PSYoungGen: 11444K->3233K(14336K)] 28698K->20503K(43520K), 0.0005752 secs] [Times: user=0.00 sys=0.00, real=0.00 secs] 
63.592: [GC (Allocation Failure) [PSYoungGen: 10388K->2177K(14336K)] 27658K->19463K(43520K), 0.0005727 secs] [Times: user=0.00 sys=0.00, real=0.00 secs] 
63.593: [GC (Allocation Failure) [PSYoungGen: 9341K->768K(14336K)] 26627K->18061K(43520K), 0.0006031 secs] [Times: user=0.00 sys=0.00, real=0.00 secs] 
63.637: [GC (Allocation Failure) [PSYoungGen: 7922K->6723K(14336K)] 25216K->24025K(43520K), 0.0007666 secs] [Times: user=0.00 sys=0.00, real=0.00 secs] 
63.699: [GC (Allocation Failure) [PSYoungGen: 13877K->5666K(14336K)] 31179K->22976K(43520K), 0.0008301 secs] [Times: user=0.00 sys=0.00, real=0.00 secs] 
63.700: [GC (Allocation Failure) [PSYoungGen: 12821K->4610K(14336K)] 30131K->21936K(43520K), 0.0008198 secs] [Times: user=0.00 sys=0.00, real=0.00 secs] 
63.746: [GC (Allocation Failure) [PSYoungGen: 11764K->3553K(14336K)] 29090K->20887K(43520K), 0.0008460 secs] [Times: user=0.00 sys=0.00, real=0.00 secs] 
63.792: [GC (Allocation Failure) [PSYoungGen: 10708K->2497K(14336K)] 28042K->19839K(43520K), 0.0008456 secs] [Times: user=0.00 sys=0.00, real=0.00 secs] 
63.794: [GC (Allocation Failure) [PSYoungGen: 9651K->1440K(14336K)] 26993K->18798K(43520K), 0.0005254 secs] [Times: user=0.00 sys=0.00, real=0.00 secs] 
63.839: [GC (Allocation Failure) [PSYoungGen: 8595K->384K(14336K)] 25953K->17750K(43520K), 0.0005622 secs] [Times: user=0.00 sys=0.00, real=0.00 secs] 
63.841: [GC (Allocation Failure) [PSYoungGen: 7538K->7139K(14336K)] 24904K->24841K(43520K), 0.0013180 secs] [Times: user=0.00 sys=0.00, real=0.00 secs] 
63.886: [GC (Allocation Failure) [PSYoungGen: 14295K->4898K(14336K)] 31997K->22600K(43520K), 0.0009874 secs] [Times: user=0.00 sys=0.00, real=0.00 secs] 
63.888: [GC (Allocation Failure) [PSYoungGen: 12052K->3841K(14336K)] 29755K->21551K(43520K), 0.0007969 secs] [Times: user=0.00 sys=0.00, real=0.00 secs] 
63.948: [GC (Allocation Failure) [PSYoungGen: 10996K->2785K(14336K)] 28706K->20511K(43520K), 0.0005972 secs] [Times: user=0.00 sys=0.00, real=0.00 secs] 
63.996: [GC (Allocation Failure) [PSYoungGen: 9939K->1728K(14336K)] 27665K->19470K(43520K), 0.0006160 secs] [Times: user=0.00 sys=0.00, real=0.00 secs] 
63.997: [GC (Allocation Failure) [PSYoungGen: 8883K->672K(14336K)] 26625K->18430K(43520K), 0.0005523 secs] [Times: user=0.00 sys=0.00, real=0.00 secs] 
63.998: [GC (Allocation Failure) [PSYoungGen: 7826K->7139K(14336K)] 25584K->25521K(43520K), 0.0010998 secs] [Times: user=0.00 sys=0.00, real=0.00 secs] 
64.043: [GC (Allocation Failure) [PSYoungGen: 14293K->6755K(14336K)] 32676K->25137K(43520K), 0.0008854 secs] [Times: user=0.00 sys=0.00, real=0.00 secs] 
64.089: [GC (Allocation Failure) [PSYoungGen: 13909K->5698K(14336K)] 32292K->24089K(43520K), 0.0011395 secs] [Times: user=0.00 sys=0.00, real=0.00 secs] 
64.091: [GC (Allocation Failure) [PSYoungGen: 12853K->4642K(14336K)] 31243K->23040K(43520K), 0.0007060 secs] [Times: user=0.00 sys=0.00, real=0.00 secs] 
64.137: [GC (Allocation Failure) [PSYoungGen: 11785K->1920K(14336K)] 30183K->20327K(43520K), 0.0006233 secs] [Times: user=0.00 sys=0.00, real=0.00 secs] 
64.199: [GC (Allocation Failure) [PSYoungGen: 9075K->832K(14336K)] 27481K->19254K(43520K), 0.0007120 secs] [Times: user=0.00 sys=0.00, real=0.00 secs] 
64.200: [GC (Allocation Failure) [PSYoungGen: 7986K->7139K(14336K)] 26409K->26346K(43520K), 0.0009737 secs] [Times: user=0.00 sys=0.00, real=0.00 secs] 
64.202: [GC (Allocation Failure) [PSYoungGen: 14293K->6915K(14336K)] 33500K->26122K(43520K), 0.0009776 secs] [Times: user=0.00 sys=0.00, real=0.00 secs] 
64.246: [GC (Allocation Failure) [PSYoungGen: 14069K->5858K(14336K)] 33276K->25073K(43520K), 0.0007773 secs] [Times: user=0.00 sys=0.00, real=0.00 secs] 
64.293: [GC (Allocation Failure) [PSYoungGen: 13013K->4802K(14336K)] 32228K->24025K(43520K), 0.0007877 secs] [Times: user=0.00 sys=0.00, real=0.00 secs] 
64.294: [GC (Allocation Failure) [PSYoungGen: 11956K->3745K(14336K)] 31179K->22984K(43520K), 0.0006265 secs] [Times: user=0.00 sys=0.00, real=0.00 secs] 
64.339: [GC (Allocation Failure) [PSYoungGen: 10900K->2689K(14336K)] 30139K->21944K(43520K), 0.0007233 secs] [Times: user=0.00 sys=0.00, real=0.00 secs] 
64.386: [GC (Allocation Failure) [PSYoungGen: 9827K->608K(14336K)] 29081K->19879K(43520K), 0.0004516 secs] [Times: user=0.00 sys=0.00, real=0.00 secs] 
64.386: [GC (Allocation Failure) [PSYoungGen: 7762K->7139K(14336K)] 27033K->26946K(43520K), 0.0009879 secs] [Times: user=0.00 sys=0.00, real=0.00 secs] 
64.388: [GC (Allocation Failure) [PSYoungGen: 14293K->6659K(14336K)] 34100K->26466K(43520K), 0.0008620 secs] [Times: user=0.00 sys=0.00, real=0.00 secs] 
64.449: [GC (Allocation Failure) [PSYoungGen: 13813K->5602K(14336K)] 33620K->25425K(43520K), 0.0008292 secs] [Times: user=0.00 sys=0.00, real=0.00 secs] 
64.495: [GC (Allocation Failure) [PSYoungGen: 12757K->4546K(14336K)] 32580K->24385K(43520K), 0.0010872 secs] [Times: user=0.00 sys=0.00, real=0.00 secs] 
64.496: [GC (Allocation Failure) [PSYoungGen: 11700K->3489K(14336K)] 31539K->23336K(43520K), 0.0006575 secs] [Times: user=0.00 sys=0.00, real=0.00 secs] 
64.541: [GC (Allocation Failure) [PSYoungGen: 10644K->2433K(14336K)] 30491K->22288K(43520K), 0.0008323 secs] [Times: user=0.00 sys=0.00, real=0.00 secs] 
64.589: [GC (Allocation Failure) [PSYoungGen: 9587K->1376K(14336K)] 29442K->21247K(43520K), 0.0005463 secs] [Times: user=0.00 sys=0.00, real=0.00 secs] 
64.590: [GC (Allocation Failure) [PSYoungGen: 8538K->384K(14336K)] 28409K->20263K(43520K), 0.0003390 secs] [Times: user=0.00 sys=0.00, real=0.00 secs] 
64.591: [GC (Allocation Failure) [PSYoungGen: 7525K->5442K(14336K)] 27405K->25337K(43520K), 0.0008999 secs] [Times: user=0.00 sys=0.00, real=0.00 secs] 
64.637: [GC (Allocation Failure) [PSYoungGen: 12596K->4322K(14336K)] 32491K->24233K(43520K), 0.0007465 secs] [Times: user=0.00 sys=0.00, real=0.00 secs] 
64.700: [GC (Allocation Failure) [PSYoungGen: 11476K->3265K(14336K)] 31387K->23192K(43520K), 0.0008204 secs] [Times: user=0.00 sys=0.00, real=0.00 secs] 
64.701: [GC (Allocation Failure) [PSYoungGen: 10419K->2209K(14336K)] 30347K->22152K(43520K), 0.0004024 secs] [Times: user=0.00 sys=0.00, real=0.00 secs] 
64.745: [GC (Allocation Failure) [PSYoungGen: 9363K->1152K(14336K)] 29306K->21111K(43520K), 0.0003517 secs] [Times: user=0.00 sys=0.00, real=0.00 secs] 
64.792: [GC (Allocation Failure) [PSYoungGen: 8306K->96K(14336K)] 28266K->20063K(43520K), 0.0005825 secs] [Times: user=0.00 sys=0.00, real=0.00 secs] 
64.793: [GC (Allocation Failure) [PSYoungGen: 7250K->7139K(14336K)] 27217K->27154K(43520K), 0.0010594 secs] [Times: user=0.00 sys=0.00, real=0.00 secs] 
64.794: [GC (Allocation Failure) [PSYoungGen: 14293K->6178K(14336K)] 34309K->26194K(43520K), 0.0009213 secs] [Times: user=0.00 sys=0.00, real=0.00 secs] 
64.840: [GC (Allocation Failure) [PSYoungGen: 13333K->5122K(14336K)] 33348K->25153K(43520K), 0.0008178 secs] [Times: user=0.00 sys=0.00, real=0.00 secs] 
64.887: [GC (Allocation Failure) [PSYoungGen: 12260K->3009K(14336K)] 32291K->23056K(43520K), 0.0006017 secs] [Times: user=0.00 sys=0.00, real=0.00 secs] 
64.888: [GC (Allocation Failure) [PSYoungGen: 10163K->1920K(14336K)] 30210K->21984K(43520K), 0.0005468 secs] [Times: user=0.00 sys=0.00, real=0.00 secs] 
64.949: [GC (Allocation Failure) [PSYoungGen: 9075K->896K(14336K)] 29138K->20975K(43520K), 0.0005571 secs] [Times: user=0.00 sys=0.00, real=0.00 secs] 
64.950: [GC (Allocation Failure) [PSYoungGen: 8050K->7139K(14336K)] 28129K->28066K(43520K), 0.0010950 secs] [Times: user=0.00 sys=0.00, real=0.00 secs] 
64.996: [GC (Allocation Failure) [PSYoungGen: 14293K->6979K(14336K)] 35221K->27906K(43520K), 0.0008853 secs] [Times: user=0.00 sys=0.00, real=0.00 secs] 
64.998: [GC (Allocation Failure) [PSYoungGen: 14133K->5922K(14336K)] 35061K->26866K(43520K), 0.0009575 secs] [Times: user=0.00 sys=0.00, real=0.00 secs] 
65.042: [GC (Allocation Failure) [PSYoungGen: 13077K->4866K(14336K)] 34020K->25825K(43520K), 0.0012366 secs] [Times: user=0.00 sys=0.00, real=0.00 secs] 
65.090: [GC (Allocation Failure) [PSYoungGen: 12020K->3809K(14336K)] 32980K->24777K(43520K), 0.0008940 secs] [Times: user=0.00 sys=0.00, real=0.00 secs] 
65.092: [GC (Allocation Failure) [PSYoungGen: 10964K->2721K(14336K)] 31931K->23704K(43520K), 0.0007377 secs] [Times: user=0.00 sys=0.00, real=0.00 secs] 
65.093: [GC (Allocation Failure) [PSYoungGen: 9889K->160K(14336K)] 30872K->21151K(43520K), 0.0004831 secs] [Times: user=0.00 sys=0.00, real=0.00 secs] 
65.137: [GC (Allocation Failure) [PSYoungGen: 7316K->7139K(14336K)] 28308K->28178K(43520K), 0.0008073 secs] [Times: user=0.00 sys=0.00, real=0.00 secs] 
65.200: [GC (Allocation Failure) [PSYoungGen: 14293K->6114K(14336K)] 35332K->27170K(43520K), 0.0008036 secs] [Times: user=0.00 sys=0.00, real=0.00 secs] 
65.201: [GC (Allocation Failure) [PSYoungGen: 13268K->5058K(14336K)] 34324K->26121K(43520K), 0.0009191 secs] [Times: user=0.00 sys=0.00, real=0.00 secs] 
65.247: [GC (Allocation Failure) [PSYoungGen: 12212K->4001K(14336K)] 33275K->25081K(43520K), 0.0007521 secs] [Times: user=0.00 sys=0.00, real=0.00 secs] 
65.295: [GC (Allocation Failure) [PSYoungGen: 11156K->2945K(14336K)] 32235K->24040K(43520K), 0.0006542 secs] [Times: user=0.00 sys=0.00, real=0.00 secs] 
65.296: [GC (Allocation Failure) [PSYoungGen: 10099K->1856K(14336K)] 31195K->22960K(43520K), 0.0005992 secs] [Times: user=0.00 sys=0.00, real=0.00 secs] 
65.340: [GC (Allocation Failure) [PSYoungGen: 9011K->832K(14336K)] 30114K->21943K(43520K), 0.0008048 secs] [Times: user=0.00 sys=0.00, real=0.00 secs] 
65.342: [GC (Allocation Failure) [PSYoungGen: 7986K->7139K(14336K)] 29098K->29035K(43520K), 0.0016055 secs] [Times: user=0.00 sys=0.00, real=0.00 secs] 
65.389: [GC (Allocation Failure) [PSYoungGen: 14275K->5378K(14336K)] 36171K->27274K(43520K), 0.0007325 secs] [Times: user=0.00 sys=0.00, real=0.00 secs] 
65.390: [GC (Allocation Failure) [PSYoungGen: 12532K->4290K(14336K)] 34428K->26201K(43520K), 0.0006637 secs] [Times: user=0.00 sys=0.00, real=0.00 secs] 
65.436: [GC (Allocation Failure) [PSYoungGen: 11444K->3233K(14336K)] 33356K->25161K(43520K), 0.0008344 secs] [Times: user=0.00 sys=0.00, real=0.00 secs] 
65.498: [GC (Allocation Failure) [PSYoungGen: 10388K->2177K(14336K)] 32315K->24120K(43520K), 0.0006050 secs] [Times: user=0.00 sys=0.00, real=0.00 secs] 
65.499: [GC (Allocation Failure) [PSYoungGen: 9331K->1120K(14336K)] 31275K->23072K(43520K), 0.0005349 secs] [Times: user=0.00 sys=0.00, real=0.00 secs] 
65.545: [GC (Allocation Failure) [PSYoungGen: 8274K->32K(14336K)] 30226K->21999K(43520K), 0.0004697 secs] [Times: user=0.00 sys=0.00, real=0.00 secs] 
65.546: [GC (Allocation Failure) [PSYoungGen: 7186K->7139K(14336K)] 29154K->29123K(43520K), 0.0009550 secs] [Times: user=0.00 sys=0.00, real=0.00 secs] 
65.592: [GC (Allocation Failure) [PSYoungGen: 14293K->6146K(14336K)] 36277K->28130K(43520K), 0.0008439 secs] [Times: user=0.00 sys=0.00, real=0.00 secs] 
65.593: [GC (Allocation Failure) [PSYoungGen: 13285K->4546K(14336K)] 35269K->26538K(43520K), 0.0008921 secs] [Times: user=0.00 sys=0.00, real=0.00 secs] 
65.639: [GC (Allocation Failure) [PSYoungGen: 11683K->2433K(14336K)] 33675K->24441K(43520K), 0.0007445 secs] [Times: user=0.00 sys=0.00, real=0.00 secs] 
65.702: [GC (Allocation Failure) [PSYoungGen: 9587K->1376K(14336K)] 31595K->23400K(43520K), 0.0006676 secs] [Times: user=0.00 sys=0.00, real=0.00 secs] 
65.703: [GC (Allocation Failure) [PSYoungGen: 8531K->320K(14336K)] 30554K->22352K(43520K), 0.0004204 secs] [Times: user=0.00 sys=0.00, real=0.00 secs] 
65.704: [GC (Allocation Failure) [PSYoungGen: 7474K->7139K(14336K)] 29506K->29443K(43520K), 0.0012418 secs] [Times: user=0.00 sys=0.00, real=0.00 secs] 
65.748: [GC (Allocation Failure) [PSYoungGen: 14293K->6403K(14336K)] 36597K->28707K(43520K), 0.0008651 secs] [Times: user=0.00 sys=0.00, real=0.00 secs] 
65.795: [GC (Allocation Failure) [PSYoungGen: 13557K->5346K(14336K)] 35861K->27666K(43520K), 0.0008052 secs] [Times: user=0.00 sys=0.00, real=0.00 secs] 
65.796: [GC (Allocation Failure) [PSYoungGen: 12501K->4290K(14336K)] 34821K->26626K(43520K), 0.0008053 secs] [Times: user=0.00 sys=0.00, real=0.00 secs] 
65.842: [GC (Allocation Failure) [PSYoungGen: 11427K->2177K(14336K)] 33763K->24529K(43520K), 0.0006522 secs] [Times: user=0.00 sys=0.00, real=0.00 secs] 
65.889: [GC (Allocation Failure) [PSYoungGen: 9331K->1120K(14336K)] 31683K->23488K(43520K), 0.0005603 secs] [Times: user=0.00 sys=0.00, real=0.00 secs] 
65.890: [GC (Allocation Failure) [PSYoungGen: 8274K->64K(14336K)] 30642K->22440K(43520K), 0.0004095 secs] [Times: user=0.00 sys=0.00, real=0.00 secs] 
65.891: [GC (Allocation Failure) [PSYoungGen: 7218K->7139K(14336K)] 29594K->29531K(43520K), 0.0010387 secs] [Times: user=0.00 sys=0.00, real=0.00 secs] 
65.951: [GC (Allocation Failure) [PSYoungGen: 14293K->6146K(14336K)] 36685K->28538K(43520K), 0.0007072 secs] [Times: user=0.00 sys=0.00, real=0.00 secs] 
65.998: [GC (Allocation Failure) [PSYoungGen: 13301K->5090K(14336K)] 35693K->27498K(43520K), 0.0006644 secs] [Times: user=0.00 sys=0.00, real=0.00 secs] 
65.999: [GC (Allocation Failure) [PSYoungGen: 12244K->4033K(14336K)] 34652K->26457K(43520K), 0.0006883 secs] [Times: user=0.00 sys=0.00, real=0.00 secs] 
66.044: [GC (Allocation Failure) [PSYoungGen: 11188K->2977K(14336K)] 33612K->25409K(43520K), 0.0011151 secs] [Times: user=0.00 sys=0.00, real=0.00 secs] 
66.091: [GC (Allocation Failure) [PSYoungGen: 10131K->1920K(14336K)] 32563K->24360K(43520K), 0.0010152 secs] [Times: user=0.00 sys=0.00, real=0.00 secs] 
66.093: [GC (Allocation Failure) [PSYoungGen: 9075K->832K(14336K)] 31515K->23288K(43520K), 0.0005994 secs] [Times: user=0.00 sys=0.00, real=0.00 secs] 
66.094: [GC (Allocation Failure) [PSYoungGen: 7986K->7139K(14336K)] 30442K->30411K(43520K), 0.0010459 secs] [Times: user=0.00 sys=0.00, real=0.00 secs] 
66.137: [GC (Allocation Failure) [PSYoungGen: 14289K->4770K(14336K)] 37561K->28042K(43520K), 0.0009274 secs] [Times: user=0.00 sys=0.00, real=0.00 secs] 
66.199: [GC (Allocation Failure) [PSYoungGen: 11924K->3681K(14336K)] 35197K->26978K(43520K), 0.0007355 secs] [Times: user=0.00 sys=0.00, real=0.00 secs] 
66.200: [GC (Allocation Failure) [PSYoungGen: 10836K->2625K(14336K)] 34132K->25929K(43520K), 0.0005021 secs] [Times: user=0.00 sys=0.00, real=0.00 secs] 
66.246: [GC (Allocation Failure) [PSYoungGen: 9779K->1568K(14336K)] 33084K->24889K(43520K), 0.0004796 secs] [Times: user=0.00 sys=0.00, real=0.00 secs] 
66.293: [GC (Allocation Failure) [PSYoungGen: 8723K->512K(14336K)] 32043K->23848K(43520K), 0.0002980 secs] [Times: user=0.00 sys=0.00, real=0.00 secs] 
66.294: [GC (Allocation Failure) [PSYoungGen: 7666K->7139K(14336K)] 31003K->30940K(43520K), 0.0009720 secs] [Times: user=0.00 sys=0.00, real=0.00 secs] 
66.295: [GC (Allocation Failure) [PSYoungGen: 14293K->6595K(14336K)] 38094K->30395K(43520K), 0.0008508 secs] [Times: user=0.00 sys=0.00, real=0.00 secs] 
66.340: [GC (Allocation Failure) [PSYoungGen: 13749K->5538K(14336K)] 37550K->29355K(43520K), 0.0007954 secs] [Times: user=0.00 sys=0.00, real=0.00 secs] 
66.387: [GC (Allocation Failure) [PSYoungGen: 12676K->3425K(14336K)] 36493K->27258K(43520K), 0.0010473 secs] [Times: user=0.00 sys=0.00, real=0.00 secs] 
66.389: [GC (Allocation Failure) [PSYoungGen: 10580K->2369K(14336K)] 34412K->26217K(43520K), 0.0005357 secs] [Times: user=0.00 sys=0.00, real=0.00 secs] 
66.450: [GC (Allocation Failure) [PSYoungGen: 9523K->1312K(14336K)] 33372K->25169K(43520K), 0.0006039 secs] [Times: user=0.00 sys=0.00, real=0.00 secs] 
66.496: [GC (Allocation Failure) [PSYoungGen: 8467K->256K(14336K)] 32323K->24120K(43520K), 0.0008564 secs] [Times: user=0.00 sys=0.00, real=0.00 secs] 
66.497: [GC (Allocation Failure) [PSYoungGen: 7410K->7139K(14336K)] 31275K->31212K(43520K), 0.0010736 secs] [Times: user=0.00 sys=0.00, real=0.00 secs] 
66.499: [GC (Allocation Failure) [PSYoungGen: 14293K->6339K(14336K)] 38366K->30411K(43520K), 0.0008764 secs] [Times: user=0.00 sys=0.00, real=0.00 secs] 
66.544: [GC (Allocation Failure) [PSYoungGen: 13493K->5282K(14336K)] 37566K->29371K(43520K), 0.0008383 secs] [Times: user=0.00 sys=0.00, real=0.00 secs] 
66.591: [GC (Allocation Failure) [PSYoungGen: 12437K->4226K(14336K)] 36525K->28330K(43520K), 0.0007613 secs] [Times: user=0.00 sys=0.00, real=0.00 secs] 
66.592: [GC (Allocation Failure) [PSYoungGen: 11369K->1632K(14336K)] 35473K->25745K(43520K), 0.0005074 secs] [Times: user=0.00 sys=0.00, real=0.00 secs] 
66.636: [GC (Allocation Failure) [PSYoungGen: 8787K->544K(14336K)] 32899K->24672K(43520K), 0.0005946 secs] [Times: user=0.00 sys=0.00, real=0.00 secs] 
66.637: [GC (Allocation Failure) [PSYoungGen: 7698K->7139K(14336K)] 31827K->31764K(43520K), 0.0010563 secs] [Times: user=0.00 sys=0.00, real=0.00 secs] 
66.699: [GC (Allocation Failure) [PSYoungGen: 14293K->6627K(14336K)] 38918K->31252K(43520K), 0.0009129 secs] [Times: user=0.00 sys=0.00, real=0.00 secs] 
66.700: [GC (Allocation Failure) [PSYoungGen: 13781K->5570K(14336K)] 38406K->30203K(43520K), 0.0007827 secs] [Times: user=0.00 sys=0.00, real=0.00 secs] 
66.747: [GC (Allocation Failure) [PSYoungGen: 12725K->4514K(14336K)] 37358K->29163K(43520K), 0.0006566 secs] [Times: user=0.00 sys=0.00, real=0.00 secs] 
66.794: [GC (Allocation Failure) [PSYoungGen: 11668K->3457K(14336K)] 36317K->28122K(43520K), 0.0021755 secs] [Times: user=0.00 sys=0.00, real=0.00 secs] 
66.797: [GC (Allocation Failure) [PSYoungGen: 10612K->2401K(14336K)] 35277K->27082K(43520K), 0.0006124 secs] [Times: user=0.00 sys=0.00, real=0.00 secs] 
66.840: [GC (Allocation Failure) [PSYoungGen: 9555K->1344K(14336K)] 34236K->26033K(43520K), 0.0004713 secs] [Times: user=0.00 sys=0.00, real=0.00 secs] 
66.843: [GC (Allocation Failure) [PSYoungGen: 8512K->320K(14336K)] 33201K->25024K(43520K), 0.0004453 secs] [Times: user=0.00 sys=0.00, real=0.00 secs] 
66.888: [GC (Allocation Failure) [PSYoungGen: 7469K->5922K(14336K)] 32174K->30643K(43520K), 0.0008115 secs] [Times: user=0.00 sys=0.00, real=0.00 secs] 
66.889: [GC (Allocation Failure) [PSYoungGen: 13076K->4834K(14336K)] 37797K->29587K(43520K), 0.0006907 secs] [Times: user=0.00 sys=0.00, real=0.00 secs] 
66.949: [GC (Allocation Failure) [PSYoungGen: 11988K->3777K(14336K)] 36741K->28546K(43520K), 0.0005740 secs] [Times: user=0.00 sys=0.00, real=0.00 secs] 
66.995: [GC (Allocation Failure) [PSYoungGen: 10931K->2721K(14336K)] 35700K->27506K(43520K), 0.0007019 secs] [Times: user=0.00 sys=0.00, real=0.00 secs] 
66.996: [GC (Allocation Failure) [PSYoungGen: 9875K->1664K(14336K)] 34660K->26465K(43520K), 0.0004059 secs] [Times: user=0.00 sys=0.00, real=0.00 secs] 
67.042: [GC (Allocation Failure) [PSYoungGen: 8819K->608K(14336K)] 33620K->25417K(43520K), 0.0004962 secs] [Times: user=0.00 sys=0.00, real=0.00 secs] 
67.043: [GC (Allocation Failure) [PSYoungGen: 7762K->7139K(14336K)] 32571K->32508K(43520K), 0.0011736 secs] [Times: user=0.00 sys=0.00, real=0.00 secs] 
67.089: [GC (Allocation Failure) [PSYoungGen: 14293K->6691K(14336K)] 39663K->32060K(43520K), 0.0010195 secs] [Times: user=0.00 sys=0.00, real=0.00 secs] 
67.091: [GC (Allocation Failure) [PSYoungGen: 13845K->5634K(14336K)] 39214K->31019K(43520K), 0.0010021 secs] [Times: user=0.00 sys=0.00, real=0.00 secs] 
67.136: [GC (Allocation Failure) [PSYoungGen: 12778K->2881K(14336K)] 38163K->28274K(43520K), 0.0007441 secs] [Times: user=0.00 sys=0.00, real=0.00 secs] 
67.198: [GC (Allocation Failure) [PSYoungGen: 10035K->1824K(14336K)] 35429K->27234K(43520K), 0.0004056 secs] [Times: user=0.00 sys=0.00, real=0.00 secs] 
67.199: [GC (Allocation Failure) [PSYoungGen: 8979K->768K(14336K)] 34388K->26185K(43520K), 0.0003766 secs] [Times: user=0.00 sys=0.00, real=0.00 secs] 
67.200: [GC (Allocation Failure) [PSYoungGen: 7922K->7139K(14336K)] 33339K->33277K(43520K), 0.0010610 secs] [Times: user=0.00 sys=0.00, real=0.00 secs] 
67.245: [GC (Allocation Failure) [PSYoungGen: 14293K->6851K(14336K)] 40431K->32988K(43520K), 0.0011838 secs] [Times: user=0.00 sys=0.00, real=0.00 secs] 
67.292: [GC (Allocation Failure) [PSYoungGen: 14005K->5794K(14336K)] 40143K->31948K(43520K), 0.0008199 secs] [Times: user=0.00 sys=0.00, real=0.00 secs] 
67.293: [GC (Allocation Failure) [PSYoungGen: 12949K->4738K(14336K)] 39102K->30899K(43520K), 0.0008319 secs] [Times: user=0.00 sys=0.00, real=0.00 secs] 
67.338: [GC (Allocation Failure) [PSYoungGen: 11892K->3681K(14336K)] 38054K->29859K(43520K), 0.0007202 secs] [Times: user=0.00 sys=0.00, real=0.00 secs] 
67.400: [GC (Allocation Failure) [PSYoungGen: 10819K->1600K(14336K)] 36997K->27786K(43520K), 0.0006211 secs] [Times: user=0.00 sys=0.00, real=0.00 secs] 
67.401: [GC (Allocation Failure) [PSYoungGen: 8755K->512K(14336K)] 34940K->26713K(43520K), 0.0005246 secs] [Times: user=0.00 sys=0.00, real=0.00 secs] 
67.402: [GC (Allocation Failure) [PSYoungGen: 7666K->7139K(14336K)] 33868K->33805K(43520K), 0.0011328 secs] [Times: user=0.00 sys=0.00, real=0.00 secs] 
67.446: [GC (Allocation Failure) [PSYoungGen: 14293K->6595K(14336K)] 40959K->33260K(43520K), 0.0008147 secs] [Times: user=0.00 sys=0.00, real=0.00 secs] 
67.493: [GC (Allocation Failure) [PSYoungGen: 13749K->5538K(14336K)] 40415K->32220K(43520K), 0.0009468 secs] [Times: user=0.00 sys=0.00, real=0.00 secs] 
67.495: [GC (Allocation Failure) [PSYoungGen: 12693K->4482K(14336K)] 39374K->31179K(43520K), 0.0006714 secs] [Times: user=0.00 sys=0.00, real=0.00 secs] 
67.540: [GC (Allocation Failure) [PSYoungGen: 11636K->3425K(14336K)] 38334K->30131K(43520K), 0.0008696 secs] [Times: user=0.00 sys=0.00, real=0.00 secs] 
67.586: [GC (Allocation Failure) [PSYoungGen: 10580K->2369K(14336K)] 37285K->29082K(43520K), 0.0008193 secs] [Times: user=0.00 sys=0.00, real=0.00 secs] 
67.588: [GC (Allocation Failure) [PSYoungGen: 9537K->352K(14336K)] 36250K->27081K(43520K), 0.0004260 secs] [Times: user=0.00 sys=0.00, real=0.00 secs] 
67.588: [GC (Allocation Failure) [PSYoungGen: 7501K->6915K(14336K)] 34230K->33653K(43520K), 0.0008630 secs] [Times: user=0.00 sys=0.00, real=0.00 secs] 
67.649: [GC (Allocation Failure) [PSYoungGen: 14076K->5378K(14336K)] 40814K->32132K(43520K), 0.0009647 secs] [Times: user=0.00 sys=0.00, real=0.00 secs] 
67.696: [GC (Allocation Failure) [PSYoungGen: 12532K->4290K(14336K)] 39286K->31051K(43520K), 0.0009154 secs] [Times: user=0.00 sys=0.00, real=0.00 secs] 
67.697: [GC (Allocation Failure) [PSYoungGen: 11443K->3233K(14336K)] 38205K->30003K(43520K), 0.0006759 secs] [Times: user=0.00 sys=0.00, real=0.00 secs] 
67.742: [GC (Allocation Failure) [PSYoungGen: 10387K->2177K(14336K)] 37157K->28962K(43520K), 0.0011659 secs] [Times: user=0.00 sys=0.00, real=0.00 secs] 
67.789: [GC (Allocation Failure) [PSYoungGen: 9331K->1120K(14336K)] 36117K->27922K(43520K), 0.0005552 secs] [Times: user=0.00 sys=0.00, real=0.00 secs] 
67.790: [GC (Allocation Failure) [PSYoungGen: 8274K->64K(14336K)] 35076K->26873K(43520K), 0.0004555 secs] [Times: user=0.00 sys=0.00, real=0.00 secs] 
67.791: [GC (Allocation Failure) [PSYoungGen: 7218K->7139K(14336K)] 34028K->33965K(43520K), 0.0011672 secs] [Times: user=0.00 sys=0.00, real=0.00 secs] 
67.836: [GC (Allocation Failure) [PSYoungGen: 14277K->5090K(14336K)] 41102K->31916K(43520K), 0.0008099 secs] [Times: user=0.00 sys=0.00, real=0.00 secs] 
67.897: [GC (Allocation Failure) [PSYoungGen: 12244K->4033K(14336K)] 39070K->30875K(43520K), 0.0006941 secs] [Times: user=0.00 sys=0.00, real=0.00 secs] 
67.898: [GC (Allocation Failure) [PSYoungGen: 11188K->2977K(14336K)] 38030K->29827K(43520K), 0.0005920 secs] [Times: user=0.00 sys=0.00, real=0.00 secs] 
67.943: [GC (Allocation Failure) [PSYoungGen: 10131K->1920K(14336K)] 36981K->28786K(43520K), 0.0006373 secs] [Times: user=0.00 sys=0.00, real=0.00 secs] 
67.990: [GC (Allocation Failure) [PSYoungGen: 9075K->864K(14336K)] 35941K->27746K(43520K), 0.0004726 secs] [Times: user=0.00 sys=0.00, real=0.00 secs] 
67.991: [GC (Allocation Failure) [PSYoungGen: 8018K->7139K(14336K)] 34900K->34837K(43520K), 0.0010173 secs] [Times: user=0.00 sys=0.00, real=0.00 secs] 
67.993: [GC (Allocation Failure) [PSYoungGen: 14293K->6915K(14336K)] 41992K->34613K(43520K), 0.0008705 secs] [Times: user=0.00 sys=0.00, real=0.00 secs] 
68.037: [GC (Allocation Failure) [PSYoungGen: 14069K->5890K(14336K)] 41768K->33605K(43520K), 0.0008999 secs] [Times: user=0.01 sys=0.00, real=0.00 secs] 
68.099: [GC (Allocation Failure) [PSYoungGen: 13045K->4834K(14336K)] 40759K->32564K(43520K), 0.0008870 secs] [Times: user=0.00 sys=0.01, real=0.00 secs] 
68.100: [GC (Allocation Failure) [PSYoungGen: 11988K->3777K(14336K)] 39718K->31523K(43520K), 0.0006339 secs] [Times: user=0.00 sys=0.00, real=0.00 secs] 
68.147: [GC (Allocation Failure) [PSYoungGen: 10924K->1056K(14336K)] 38671K->28810K(43520K), 0.0005812 secs] [Times: user=0.00 sys=0.00, real=0.00 secs] 
68.148: [GC (Allocation Failure) [PSYoungGen: 8210K->7139K(14336K)] 35965K->35878K(43520K), 0.0010497 secs] [Times: user=0.00 sys=0.00, real=0.00 secs] 
68.149: [Full GC (Ergonomics) [PSYoungGen: 7139K->0K(14336K)] [ParOldGen: 28738K->8767K(30720K)] 35878K->8767K(45056K), [Metaspace: 2892K->2892K(1056768K)], 0.0020045 secs] [Times: user=0.00 sys=0.00, real=0.00 secs] 
68.195: [GC (Allocation Failure) [PSYoungGen: 7154K->7107K(14336K)] 15921K->15874K(45056K), 0.0010332 secs] [Times: user=0.00 sys=0.00, real=0.00 secs] 
68.196: [GC (Allocation Failure) [PSYoungGen: 14260K->6050K(14336K)] 23028K->14826K(45056K), 0.0008364 secs] [Times: user=0.00 sys=0.00, real=0.00 secs] 
68.242: [GC (Allocation Failure) [PSYoungGen: 13204K->4994K(14336K)] 21979K->13777K(45056K), 0.0010969 secs] [Times: user=0.00 sys=0.00, real=0.00 secs] 
68.289: [GC (Allocation Failure) [PSYoungGen: 12148K->3937K(14336K)] 20931K->12729K(45056K), 0.0011123 secs] [Times: user=0.00 sys=0.00, real=0.00 secs] 
68.291: [GC (Allocation Failure) [PSYoungGen: 11092K->2881K(14336K)] 19883K->11688K(45056K), 0.0007604 secs] [Times: user=0.00 sys=0.00, real=0.00 secs] 
68.336: [GC (Allocation Failure) [PSYoungGen: 10035K->1824K(14336K)] 18843K->10640K(45056K), 0.0005424 secs] [Times: user=0.00 sys=0.00, real=0.00 secs] 
68.337: [GC (Allocation Failure) [PSYoungGen: 8986K->1024K(14336K)] 17802K->9847K(45056K), 0.0005204 secs] [Times: user=0.00 sys=0.00, real=0.00 secs] 
68.399: [GC (Allocation Failure) [PSYoungGen: 8187K->6403K(14336K)] 17010K->15242K(45056K), 0.0010158 secs] [Times: user=0.00 sys=0.00, real=0.00 secs] 
68.400: [GC (Allocation Failure) [PSYoungGen: 13557K->5314K(14336K)] 22396K->14161K(45056K), 0.0007951 secs] [Times: user=0.00 sys=0.00, real=0.00 secs] 
68.446: [GC (Allocation Failure) [PSYoungGen: 12468K->4258K(14336K)] 21316K->13121K(45056K), 0.0006342 secs] [Times: user=0.00 sys=0.00, real=0.00 secs] 
68.493: [GC (Allocation Failure) [PSYoungGen: 11412K->3201K(14336K)] 20275K->12072K(45056K), 0.0007762 secs] [Times: user=0.00 sys=0.00, real=0.00 secs] 
68.494: [GC (Allocation Failure) [PSYoungGen: 10355K->2145K(14336K)] 19227K->11032K(45056K), 0.0004419 secs] [Times: user=0.00 sys=0.00, real=0.00 secs] 
68.540: [GC (Allocation Failure) [PSYoungGen: 9299K->1088K(14336K)] 18186K->9983K(45056K), 0.0008092 secs] [Times: user=0.00 sys=0.00, real=0.00 secs] 
68.541: [GC (Allocation Failure) [PSYoungGen: 8242K->7139K(14336K)] 17138K->17075K(45056K), 0.0011016 secs] [Times: user=0.00 sys=0.00, real=0.00 secs] 
68.587: [GC (Allocation Failure) [PSYoungGen: 14293K->7139K(14336K)] 24229K->17107K(45056K), 0.0015201 secs] [Times: user=0.00 sys=0.00, real=0.00 secs] 
68.589: [GC (Allocation Failure) [PSYoungGen: 14294K->6114K(14336K)] 24261K->16090K(45056K), 0.0010549 secs] [Times: user=0.00 sys=0.00, real=0.00 secs] 
68.649: [GC (Allocation Failure) [PSYoungGen: 13257K->3521K(14336K)] 23232K->13505K(45056K), 0.0006651 secs] [Times: user=0.00 sys=0.00, real=0.00 secs] 
68.697: [GC (Allocation Failure) [PSYoungGen: 10675K->2433K(14336K)] 20659K->12433K(45056K), 0.0005342 secs] [Times: user=0.00 sys=0.00, real=0.00 secs] 
68.699: [GC (Allocation Failure) [PSYoungGen: 9587K->1376K(14336K)] 19587K->11384K(45056K), 0.0003971 secs] [Times: user=0.00 sys=0.00, real=0.00 secs] 
68.744: [GC (Allocation Failure) [PSYoungGen: 8531K->320K(14336K)] 18538K->10335K(45056K), 0.0004151 secs] [Times: user=0.00 sys=0.00, real=0.00 secs] 
68.745: [GC (Allocation Failure) [PSYoungGen: 7474K->7139K(14336K)] 17490K->17427K(45056K), 0.0008669 secs] [Times: user=0.00 sys=0.00, real=0.00 secs] 
68.792: [GC (Allocation Failure) [PSYoungGen: 14293K->6403K(14336K)] 24581K->16691K(45056K), 0.0007677 secs] [Times: user=0.00 sys=0.00, real=0.00 secs] 
68.793: [GC (Allocation Failure) [PSYoungGen: 13557K->5346K(14336K)] 23845K->15650K(45056K), 0.0007736 secs] [Times: user=0.00 sys=0.00, real=0.00 secs] 
68.838: [GC (Allocation Failure) [PSYoungGen: 12501K->4290K(14336K)] 22805K->14602K(45056K), 0.0007449 secs] [Times: user=0.00 sys=0.00, real=0.00 secs] 
68.901: [GC (Allocation Failure) [PSYoungGen: 11427K->2177K(14336K)] 21739K->12497K(45056K), 0.0007676 secs] [Times: user=0.00 sys=0.00, real=0.00 secs] 
68.902: [GC (Allocation Failure) [PSYoungGen: 9331K->1120K(14336K)] 19651K->11456K(45056K), 0.0005536 secs] [Times: user=0.00 sys=0.00, real=0.00 secs] 
68.946: [GC (Allocation Failure) [PSYoungGen: 8274K->64K(14336K)] 18610K->10407K(45056K), 0.0006067 secs] [Times: user=0.00 sys=0.00, real=0.00 secs] 
68.948: [GC (Allocation Failure) [PSYoungGen: 7218K->7139K(14336K)] 17562K->17499K(45056K), 0.0010924 secs] [Times: user=0.00 sys=0.00, real=0.00 secs] 
68.994: [GC (Allocation Failure) [PSYoungGen: 14293K->6146K(14336K)] 24653K->16506K(45056K), 0.0008146 secs] [Times: user=0.00 sys=0.00, real=0.00 secs] 
68.995: [GC (Allocation Failure) [PSYoungGen: 13301K->5058K(14336K)] 23661K->15426K(45056K), 0.0009619 secs] [Times: user=0.00 sys=0.00, real=0.00 secs] 
69.041: [GC (Allocation Failure) [PSYoungGen: 12212K->4033K(14336K)] 22580K->14409K(45056K), 0.0008905 secs] [Times: user=0.00 sys=0.00, real=0.00 secs] 
69.088: [GC (Allocation Failure) [PSYoungGen: 11188K->2977K(14336K)] 21564K->13361K(45056K), 0.0005897 secs] [Times: user=0.00 sys=0.00, real=0.00 secs] 
69.089: [GC (Allocation Failure) [PSYoungGen: 10131K->1920K(14336K)] 20515K->12320K(45056K), 0.0005014 secs] [Times: user=0.00 sys=0.00, real=0.00 secs] 
69.090: [GC (Allocation Failure) [PSYoungGen: 9083K->1120K(14336K)] 19483K->11527K(45056K), 0.0005821 secs] [Times: user=0.00 sys=0.00, real=0.00 secs] 
69.151: [GC (Allocation Failure) [PSYoungGen: 8262K->5794K(14336K)] 18670K->16210K(45056K), 0.0006805 secs] [Times: user=0.00 sys=0.00, real=0.00 secs] 
69.198: [GC (Allocation Failure) [PSYoungGen: 12949K->4738K(14336K)] 23365K->15170K(45056K), 0.0007941 secs] [Times: user=0.00 sys=0.00, real=0.00 secs] 
69.199: [GC (Allocation Failure) [PSYoungGen: 11892K->3681K(14336K)] 22324K->14121K(45056K), 0.0006236 secs] [Times: user=0.00 sys=0.00, real=0.00 secs] 
69.244: [GC (Allocation Failure) [PSYoungGen: 10836K->2625K(14336K)] 21276K->13073K(45056K), 0.0005627 secs] [Times: user=0.00 sys=0.00, real=0.00 secs] 
69.290: [GC (Allocation Failure) [PSYoungGen: 9779K->1568K(14336K)] 20227K->12024K(45056K), 0.0005367 secs] [Times: user=0.00 sys=0.00, real=0.00 secs] 
69.291: [GC (Allocation Failure) [PSYoungGen: 8723K->512K(14336K)] 19179K->10984K(45056K), 0.0005048 secs] [Times: user=0.00 sys=0.00, real=0.00 secs] 
69.292: [GC (Allocation Failure) [PSYoungGen: 7666K->7139K(14336K)] 18138K->18075K(45056K), 0.0013641 secs] [Times: user=0.00 sys=0.00, real=0.00 secs] 
69.338: [GC (Allocation Failure) [PSYoungGen: 14293K->6595K(14336K)] 25230K->17531K(45056K), 0.0009305 secs] [Times: user=0.00 sys=0.00, real=0.00 secs] 
69.400: [GC (Allocation Failure) [PSYoungGen: 13732K->4482K(14336K)] 24669K->15426K(45056K), 0.0006446 secs] [Times: user=0.00 sys=0.00, real=0.00 secs] 
69.401: [GC (Allocation Failure) [PSYoungGen: 11636K->3425K(14336K)] 22580K->14377K(45056K), 0.0006133 secs] [Times: user=0.00 sys=0.00, real=0.00 secs] 
69.446: [GC (Allocation Failure) [PSYoungGen: 10580K->2369K(14336K)] 21532K->13329K(45056K), 0.0006591 secs] [Times: user=0.00 sys=0.00, real=0.00 secs] 
69.493: [GC (Allocation Failure) [PSYoungGen: 9523K->1312K(14336K)] 20483K->12280K(45056K), 0.0004990 secs] [Times: user=0.00 sys=0.00, real=0.00 secs] 
69.494: [GC (Allocation Failure) [PSYoungGen: 8467K->256K(14336K)] 19435K->11240K(45056K), 0.0004863 secs] [Times: user=0.00 sys=0.00, real=0.00 secs] 
69.495: [GC (Allocation Failure) [PSYoungGen: 7410K->7139K(14336K)] 18394K->18331K(45056K), 0.0010130 secs] [Times: user=0.00 sys=0.00, real=0.00 secs] 
69.539: [GC (Allocation Failure) [PSYoungGen: 14293K->6339K(14336K)] 25486K->17531K(45056K), 0.0008980 secs] [Times: user=0.00 sys=0.00, real=0.00 secs] 
69.587: [GC (Allocation Failure) [PSYoungGen: 13493K->5282K(14336K)] 24685K->16482K(45056K), 0.0008322 secs] [Times: user=0.00 sys=0.00, real=0.00 secs] 
69.588: [GC (Allocation Failure) [PSYoungGen: 12437K->4226K(14336K)] 23637K->15434K(45056K), 0.0006301 secs] [Times: user=0.00 sys=0.00, real=0.00 secs] 
69.648: [GC (Allocation Failure) [PSYoungGen: 11369K->1600K(14336K)] 22577K->12825K(45056K), 0.0007489 secs] [Times: user=0.00 sys=0.00, real=0.00 secs] 
69.696: [GC (Allocation Failure) [PSYoungGen: 8755K->544K(14336K)] 19979K->11776K(45056K), 0.0006498 secs] [Times: user=0.00 sys=0.00, real=0.00 secs] 
69.697: [GC (Allocation Failure) [PSYoungGen: 7698K->7139K(14336K)] 18930K->18860K(45056K), 0.0009771 secs] [Times: user=0.00 sys=0.00, real=0.00 secs] 
69.699: [GC (Allocation Failure) [PSYoungGen: 14293K->6627K(14336K)] 26014K->18347K(45056K), 0.0007962 secs] [Times: user=0.00 sys=0.00, real=0.00 secs] 
69.742: [GC (Allocation Failure) [PSYoungGen: 13781K->5570K(14336K)] 25502K->17307K(45056K), 0.0009773 secs] [Times: user=0.00 sys=0.00, real=0.00 secs] 
69.789: [GC (Allocation Failure) [PSYoungGen: 12725K->4514K(14336K)] 24461K->16266K(45056K), 0.0007008 secs] [Times: user=0.00 sys=0.00, real=0.00 secs] 
69.790: [GC (Allocation Failure) [PSYoungGen: 11668K->3457K(14336K)] 23421K->15226K(45056K), 0.0005086 secs] [Times: user=0.00 sys=0.00, real=0.00 secs] 
69.836: [GC (Allocation Failure) [PSYoungGen: 10612K->2401K(14336K)] 22380K->14185K(45056K), 0.0009243 secs] [Times: user=0.00 sys=0.00, real=0.00 secs] 
69.837: [GC (Allocation Failure) [PSYoungGen: 9569K->320K(14336K)] 21353K->12112K(45056K), 0.0006070 secs] [Times: user=0.00 sys=0.00, real=0.00 secs] 
69.899: [GC (Allocation Failure) [PSYoungGen: 7469K->6947K(14336K)] 19261K->18755K(45056K), 0.0009434 secs] [Times: user=0.00 sys=0.00, real=0.00 secs] 
69.900: [GC (Allocation Failure) [PSYoungGen: 14100K->5890K(14336K)] 25909K->17707K(45056K), 0.0009030 secs] [Times: user=0.00 sys=0.00, real=0.00 secs] 
69.946: [GC (Allocation Failure) [PSYoungGen: 13044K->4834K(14336K)] 24861K->16658K(45056K), 0.0009412 secs] [Times: user=0.00 sys=0.00, real=0.00 secs] 
69.993: [GC (Allocation Failure) [PSYoungGen: 11988K->3777K(14336K)] 23812K->15610K(45056K), 0.0005619 secs] [Times: user=0.00 sys=0.00, real=0.00 secs] 
69.994: [GC (Allocation Failure) [PSYoungGen: 10932K->2721K(14336K)] 22764K->14561K(45056K), 0.0006219 secs] [Times: user=0.00 sys=0.00, real=0.00 secs] 
70.039: [GC (Allocation Failure) [PSYoungGen: 9875K->1664K(14336K)] 21716K->13513K(45056K), 0.0008144 secs] [Times: user=0.00 sys=0.00, real=0.00 secs] 
70.086: [GC (Allocation Failure) [PSYoungGen: 8819K->608K(14336K)] 20667K->12464K(45056K), 0.0008568 secs] [Times: user=0.00 sys=0.00, real=0.00 secs] 
70.088: [GC (Allocation Failure) [PSYoungGen: 7762K->7139K(14336K)] 19619K->19556K(45056K), 0.0011295 secs] [Times: user=0.00 sys=0.00, real=0.00 secs] 
70.089: [GC (Allocation Failure) [PSYoungGen: 14307K->6082K(14336K)] 26723K->18499K(45056K), 0.0008626 secs] [Times: user=0.00 sys=0.00, real=0.00 secs] 
70.149: [GC (Allocation Failure) [PSYoungGen: 13220K->3969K(14336K)] 25637K->16394K(45056K), 0.0010250 secs] [Times: user=0.00 sys=0.00, real=0.00 secs] 
70.196: [GC (Allocation Failure) [PSYoungGen: 11124K->2881K(14336K)] 23548K->15314K(45056K), 0.0007679 secs] [Times: user=0.00 sys=0.00, real=0.00 secs] 
70.197: [GC (Allocation Failure) [PSYoungGen: 10035K->1824K(14336K)] 22468K->14273K(45056K), 0.0007138 secs] [Times: user=0.00 sys=0.00, real=0.00 secs] 
70.244: [GC (Allocation Failure) [PSYoungGen: 8979K->768K(14336K)] 21428K->13225K(45056K), 0.0007435 secs] [Times: user=0.00 sys=0.00, real=0.00 secs] 
70.245: [GC (Allocation Failure) [PSYoungGen: 7922K->7139K(14336K)] 20379K->20316K(45056K), 0.0009517 secs] [Times: user=0.00 sys=0.00, real=0.00 secs] 
70.291: [GC (Allocation Failure) [PSYoungGen: 14293K->6851K(14336K)] 27471K->20028K(45056K), 0.0008458 secs] [Times: user=0.00 sys=0.00, real=0.00 secs] 
70.292: [GC (Allocation Failure) [PSYoungGen: 14005K->5794K(14336K)] 27182K->18979K(45056K), 0.0007684 secs] [Times: user=0.00 sys=0.00, real=0.00 secs] 
70.338: [GC (Allocation Failure) [PSYoungGen: 12932K->3681K(14336K)] 26117K->16882K(45056K), 0.0006573 secs] [Times: user=0.00 sys=0.00, real=0.00 secs] 
70.400: [GC (Allocation Failure) [PSYoungGen: 10836K->2625K(14336K)] 24037K->15834K(45056K), 0.0006951 secs] [Times: user=0.00 sys=0.00, real=0.00 secs] 
70.402: [GC (Allocation Failure) [PSYoungGen: 9779K->1568K(14336K)] 22988K->14785K(45056K), 0.0003763 secs] [Times: user=0.00 sys=0.00, real=0.00 secs] 
70.447: [GC (Allocation Failure) [PSYoungGen: 8723K->512K(14336K)] 21940K->13737K(45056K), 0.0006984 secs] [Times: user=0.00 sys=0.00, real=0.00 secs] 
70.448: [GC (Allocation Failure) [PSYoungGen: 7666K->7139K(14336K)] 20891K->20828K(45056K), 0.0010010 secs] [Times: user=0.00 sys=0.00, real=0.00 secs] 
70.495: [GC (Allocation Failure) [PSYoungGen: 14293K->6595K(14336K)] 27983K->20284K(45056K), 0.0008486 secs] [Times: user=0.00 sys=0.00, real=0.00 secs] 
70.496: [GC (Allocation Failure) [PSYoungGen: 13749K->5538K(14336K)] 27439K->19236K(45056K), 0.0008496 secs] [Times: user=0.00 sys=0.00, real=0.00 secs] 
70.542: [GC (Allocation Failure) [PSYoungGen: 12693K->4482K(14336K)] 26390K->18195K(45056K), 0.0011048 secs] [Times: user=0.00 sys=0.00, real=0.00 secs] 
70.588: [GC (Allocation Failure) [PSYoungGen: 11636K->3425K(14336K)] 25349K->17146K(45056K), 0.0008389 secs] [Times: user=0.00 sys=0.00, real=0.00 secs] 
70.590: [GC (Allocation Failure) [PSYoungGen: 10580K->2369K(14336K)] 24301K->16098K(45056K), 0.0007459 secs] [Times: user=0.00 sys=0.00, real=0.00 secs] 
70.591: [GC (Allocation Failure) [PSYoungGen: 9529K->352K(14336K)] 23258K->14089K(45056K), 0.0005181 secs] [Times: user=0.00 sys=0.00, real=0.00 secs] 
70.649: [GC (Allocation Failure) [PSYoungGen: 7490K->6371K(14336K)] 21227K->20124K(45056K), 0.0007461 secs] [Times: user=0.00 sys=0.00, real=0.00 secs] 
70.695: [GC (Allocation Failure) [PSYoungGen: 13525K->5314K(14336K)] 27278K->19075K(45056K), 0.0010821 secs] [Times: user=0.00 sys=0.00, real=0.00 secs] 
70.697: [GC (Allocation Failure) [PSYoungGen: 12468K->4258K(14336K)] 26230K->18027K(45056K), 0.0006826 secs] [Times: user=0.00 sys=0.00, real=0.00 secs] 
70.742: [GC (Allocation Failure) [PSYoungGen: 11412K->3201K(14336K)] 25181K->16986K(45056K), 0.0005822 secs] [Times: user=0.00 sys=0.00, real=0.00 secs] 
70.789: [GC (Allocation Failure) [PSYoungGen: 10355K->2145K(14336K)] 24141K->15938K(45056K), 0.0007761 secs] [Times: user=0.00 sys=0.00, real=0.00 secs] 
70.790: [GC (Allocation Failure) [PSYoungGen: 9299K->1088K(14336K)] 23092K->14889K(45056K), 0.0006343 secs] [Times: user=0.00 sys=0.00, real=0.00 secs] 
70.792: [GC (Allocation Failure) [PSYoungGen: 8242K->7139K(14336K)] 22044K->21981K(45056K), 0.0010250 secs] [Times: user=0.00 sys=0.00, real=0.00 secs] 
70.836: [GC (Allocation Failure) [PSYoungGen: 14293K->7139K(14336K)] 29135K->22013K(45056K), 0.0010251 secs] [Times: user=0.00 sys=0.00, real=0.00 secs] 
70.897: [GC (Allocation Failure) [PSYoungGen: 14277K->5090K(14336K)] 29151K->19980K(45056K), 0.0007722 secs] [Times: user=0.00 sys=0.00, real=0.00 secs] 
70.898: [GC (Allocation Failure) [PSYoungGen: 12244K->4001K(14336K)] 27134K->18907K(45056K), 0.0007010 secs] [Times: user=0.00 sys=0.00, real=0.00 secs] 
70.945: [GC (Allocation Failure) [PSYoungGen: 11156K->2945K(14336K)] 26062K->17859K(45056K), 0.0008602 secs] [Times: user=0.00 sys=0.00, real=0.00 secs] 
70.992: [GC (Allocation Failure) [PSYoungGen: 10099K->1856K(14336K)] 25013K->16786K(45056K), 0.0003913 secs] [Times: user=0.00 sys=0.00, real=0.00 secs] 
70.993: [GC (Allocation Failure) [PSYoungGen: 9011K->832K(14336K)] 23941K->15770K(45056K), 0.0006813 secs] [Times: user=0.00 sys=0.00, real=0.00 secs] 
70.994: [GC (Allocation Failure) [PSYoungGen: 7986K->7139K(14336K)] 22924K->22861K(45056K), 0.0010356 secs] [Times: user=0.00 sys=0.00, real=0.00 secs] 
71.039: [GC (Allocation Failure) [PSYoungGen: 14293K->6915K(14336K)] 30016K->22637K(45056K), 0.0014867 secs] [Times: user=0.00 sys=0.00, real=0.00 secs] 
71.101: [GC (Allocation Failure) [PSYoungGen: 14069K->5858K(14336K)] 29792K->21589K(45056K), 0.0007906 secs] [Times: user=0.00 sys=0.00, real=0.00 secs] 
71.102: [GC (Allocation Failure) [PSYoungGen: 13013K->4802K(14336K)] 28743K->20540K(45056K), 0.0007351 secs] [Times: user=0.00 sys=0.00, real=0.00 secs] 
71.148: [GC (Allocation Failure) [PSYoungGen: 11946K->2048K(14336K)] 27684K->17795K(45056K), 0.0007160 secs] [Times: user=0.00 sys=0.00, real=0.00 secs] 
71.195: [GC (Allocation Failure) [PSYoungGen: 9203K->992K(14336K)] 24949K->16754K(45056K), 0.0008285 secs] [Times: user=0.00 sys=0.00, real=0.00 secs] 
71.196: [GC (Allocation Failure) [PSYoungGen: 8146K->7139K(14336K)] 23909K->23846K(45056K), 0.0010597 secs] [Times: user=0.00 sys=0.00, real=0.00 secs] 
71.198: [GC (Allocation Failure) [PSYoungGen: 14293K->7075K(14336K)] 31000K->23782K(45056K), 0.0008590 secs] [Times: user=0.00 sys=0.00, real=0.00 secs] 
71.242: [GC (Allocation Failure) [PSYoungGen: 14229K->6018K(14336K)] 30936K->22741K(45056K), 0.0009994 secs] [Times: user=0.00 sys=0.00, real=0.00 secs] 
71.289: [GC (Allocation Failure) [PSYoungGen: 13173K->4962K(14336K)] 29896K->21701K(45056K), 0.0007867 secs] [Times: user=0.00 sys=0.00, real=0.00 secs] 
71.290: [GC (Allocation Failure) [PSYoungGen: 12116K->3905K(14336K)] 28855K->20652K(45056K), 0.0006369 secs] [Times: user=0.00 sys=0.00, real=0.00 secs] 
71.336: [GC (Allocation Failure) [PSYoungGen: 11060K->2849K(14336K)] 27807K->19604K(45056K), 0.0007815 secs] [Times: user=0.00 sys=0.00, real=0.00 secs] 
71.399: [GC (Allocation Failure) [PSYoungGen: 9989K->256K(14336K)] 26744K->17018K(45056K), 0.0007159 secs] [Times: user=0.00 sys=0.00, real=0.00 secs] 
71.400: [GC (Allocation Failure) [PSYoungGen: 7410K->7139K(14336K)] 24173K->24086K(45056K), 0.0010510 secs] [Times: user=0.00 sys=0.00, real=0.00 secs] 
71.402: [GC (Allocation Failure) [PSYoungGen: 14293K->6307K(14336K)] 31240K->23253K(45056K), 0.0008322 secs] [Times: user=0.00 sys=0.00, real=0.00 secs] 
71.447: [GC (Allocation Failure) [PSYoungGen: 13461K->5250K(14336K)] 30408K->22213K(45056K), 0.0008824 secs] [Times: user=0.00 sys=0.00, real=0.00 secs] 
71.494: [GC (Allocation Failure) [PSYoungGen: 12404K->4194K(14336K)] 29367K->21172K(45056K), 0.0008784 secs] [Times: user=0.00 sys=0.00, real=0.00 secs] 
71.495: [GC (Allocation Failure) [PSYoungGen: 11348K->3137K(14336K)] 28327K->20124K(45056K), 0.0006370 secs] [Times: user=0.00 sys=0.00, real=0.00 secs] 
71.541: [GC (Allocation Failure) [PSYoungGen: 10291K->2080K(14336K)] 27278K->19075K(45056K), 0.0004967 secs] [Times: user=0.00 sys=0.00, real=0.00 secs] 
71.588: [GC (Allocation Failure) [PSYoungGen: 9235K->1024K(14336K)] 26230K->18027K(45056K), 0.0009831 secs] [Times: user=0.00 sys=0.00, real=0.00 secs] 
71.589: [GC (Allocation Failure) [PSYoungGen: 8178K->7139K(14336K)] 25181K->25118K(45056K), 0.0015369 secs] [Times: user=0.00 sys=0.00, real=0.00 secs] 
71.592: [GC (Allocation Failure) [PSYoungGen: 14293K->7107K(14336K)] 32273K->25086K(45056K), 0.0008841 secs] [Times: user=0.00 sys=0.00, real=0.00 secs] 
71.651: [GC (Allocation Failure) [PSYoungGen: 14250K->4514K(14336K)] 32229K->22509K(45056K), 0.0007462 secs] [Times: user=0.00 sys=0.00, real=0.00 secs] 
71.699: [GC (Allocation Failure) [PSYoungGen: 11668K->3425K(14336K)] 29663K->21436K(45056K), 0.0007484 secs] [Times: user=0.00 sys=0.00, real=0.00 secs] 
71.700: [GC (Allocation Failure) [PSYoungGen: 10580K->2369K(14336K)] 28591K->20388K(45056K), 0.0005787 secs] [Times: user=0.00 sys=0.00, real=0.00 secs] 
71.745: [GC (Allocation Failure) [PSYoungGen: 9523K->1312K(14336K)] 27542K->19347K(45056K), 0.0005483 secs] [Times: user=0.00 sys=0.00, real=0.00 secs] 
71.792: [GC (Allocation Failure) [PSYoungGen: 8467K->256K(14336K)] 26502K->18299K(45056K), 0.0003766 secs] [Times: user=0.00 sys=0.00, real=0.00 secs] 
71.793: [GC (Allocation Failure) [PSYoungGen: 7410K->7139K(14336K)] 25453K->25382K(45056K), 0.0009097 secs] [Times: user=0.00 sys=0.00, real=0.00 secs] 
71.794: [GC (Allocation Failure) [PSYoungGen: 14293K->6339K(14336K)] 32537K->24582K(45056K), 0.0008609 secs] [Times: user=0.00 sys=0.00, real=0.00 secs] 
71.839: [GC (Allocation Failure) [PSYoungGen: 13493K->5282K(14336K)] 31736K->23533K(45056K), 0.0009401 secs] [Times: user=0.00 sys=0.00, real=0.00 secs] 
71.900: [GC (Allocation Failure) [PSYoungGen: 12420K->3169K(14336K)] 30671K->21428K(45056K), 0.0006087 secs] [Times: user=0.00 sys=0.00, real=0.00 secs] 
71.901: [GC (Allocation Failure) [PSYoungGen: 10323K->2113K(14336K)] 28583K->20396K(45056K), 0.0003638 secs] [Times: user=0.00 sys=0.00, real=0.00 secs] 
71.946: [GC (Allocation Failure) [PSYoungGen: 9267K->1056K(14336K)] 27550K->19355K(45056K), 0.0005402 secs] [Times: user=0.00 sys=0.00, real=0.00 secs] 
71.947: [GC (Allocation Failure) [PSYoungGen: 8210K->7139K(14336K)] 26510K->26447K(45056K), 0.0013418 secs] [Times: user=0.00 sys=0.00, real=0.00 secs] 
71.993: [GC (Allocation Failure) [PSYoungGen: 14293K->7139K(14336K)] 33601K->26447K(45056K), 0.0010991 secs] [Times: user=0.00 sys=0.00, real=0.00 secs] 
71.994: [GC (Allocation Failure) [PSYoungGen: 14293K->6082K(14336K)] 33601K->25398K(45056K), 0.0009693 secs] [Times: user=0.00 sys=0.00, real=0.00 secs] 
72.041: [GC (Allocation Failure) [PSYoungGen: 13237K->5026K(14336K)] 32553K->24358K(45056K), 0.0007980 secs] [Times: user=0.00 sys=0.00, real=0.00 secs] 
72.087: [GC (Allocation Failure) [PSYoungGen: 12180K->3969K(14336K)] 31512K->23317K(45056K), 0.0009995 secs] [Times: user=0.00 sys=0.00, real=0.00 secs] 
72.089: [GC (Allocation Failure) [PSYoungGen: 11114K->1216K(14336K)] 30461K->20572K(45056K), 0.0004785 secs] [Times: user=0.00 sys=0.00, real=0.00 secs] 
72.090: [GC (Allocation Failure) [PSYoungGen: 8384K->160K(14336K)] 27740K->19531K(45056K), 0.0003429 secs] [Times: user=0.00 sys=0.00, real=0.00 secs] 
72.149: [GC (Allocation Failure) [PSYoungGen: 7297K->6787K(14336K)] 26669K->26167K(45056K), 0.0009091 secs] [Times: user=0.00 sys=0.00, real=0.00 secs] 
72.196: [GC (Allocation Failure) [PSYoungGen: 13940K->5730K(14336K)] 33320K->25126K(45056K), 0.0010262 secs] [Times: user=0.00 sys=0.00, real=0.00 secs] 
72.198: [GC (Allocation Failure) [PSYoungGen: 12884K->4674K(14336K)] 32280K->24078K(45056K), 0.0007097 secs] [Times: user=0.00 sys=0.00, real=0.00 secs] 
72.244: [GC (Allocation Failure) [PSYoungGen: 11828K->3617K(14336K)] 31232K->23037K(45056K), 0.0007359 secs] [Times: user=0.00 sys=0.00, real=0.00 secs] 
72.290: [GC (Allocation Failure) [PSYoungGen: 10771K->2561K(14336K)] 30191K->21997K(45056K), 0.0008227 secs] [Times: user=0.00 sys=0.00, real=0.00 secs] 
72.292: [GC (Allocation Failure) [PSYoungGen: 9715K->1504K(14336K)] 29151K->20948K(45056K), 0.0004523 secs] [Times: user=0.00 sys=0.00, real=0.00 secs] 
72.338: [GC (Allocation Failure) [PSYoungGen: 8666K->576K(14336K)] 28110K->20027K(45056K), 0.0007740 secs] [Times: user=0.00 sys=0.00, real=0.00 secs] 
72.339: [GC (Allocation Failure) [PSYoungGen: 7730K->6563K(14336K)] 27182K->26030K(45056K), 0.0009352 secs] [Times: user=0.00 sys=0.00, real=0.00 secs] 
72.400: [GC (Allocation Failure) [PSYoungGen: 13717K->5506K(14336K)] 33185K->24982K(45056K), 0.0008067 secs] [Times: user=0.00 sys=0.00, real=0.00 secs] 
72.402: [GC (Allocation Failure) [PSYoungGen: 12661K->4450K(14336K)] 32136K->23933K(45056K), 0.0006876 secs] [Times: user=0.00 sys=0.00, real=0.00 secs] 
72.448: [GC (Allocation Failure) [PSYoungGen: 11604K->3393K(14336K)] 31088K->22893K(45056K), 0.0008684 secs] [Times: user=0.00 sys=0.00, real=0.00 secs] 
72.495: [GC (Allocation Failure) [PSYoungGen: 10548K->2337K(14336K)] 30047K->21852K(45056K), 0.0006210 secs] [Times: user=0.00 sys=0.00, real=0.00 secs] 
72.496: [GC (Allocation Failure) [PSYoungGen: 9491K->1280K(14336K)] 29007K->20812K(45056K), 0.0003805 secs] [Times: user=0.00 sys=0.00, real=0.00 secs] 
72.542: [GC (Allocation Failure) [PSYoungGen: 8435K->224K(14336K)] 27966K->19771K(45056K), 0.0006222 secs] [Times: user=0.00 sys=0.00, real=0.00 secs] 
72.543: [GC (Allocation Failure) [PSYoungGen: 7378K->7139K(14336K)] 26926K->26863K(45056K), 0.0010800 secs] [Times: user=0.00 sys=0.00, real=0.00 secs] 
72.588: [GC (Allocation Failure) [PSYoungGen: 14293K->6307K(14336K)] 34017K->26030K(45056K), 0.0011187 secs] [Times: user=0.00 sys=0.00, real=0.00 secs] 
72.590: [GC (Allocation Failure) [PSYoungGen: 13461K->5250K(14336K)] 33185K->24990K(45056K), 0.0009962 secs] [Times: user=0.00 sys=0.00, real=0.00 secs] 
72.636: [GC (Allocation Failure) [PSYoungGen: 12390K->2625K(14336K)] 32130K->22373K(45056K), 0.0007157 secs] [Times: user=0.00 sys=0.00, real=0.00 secs] 
72.698: [GC (Allocation Failure) [PSYoungGen: 9779K->1568K(14336K)] 29527K->21332K(45056K), 0.0005407 secs] [Times: user=0.00 sys=0.00, real=0.00 secs] 
72.699: [GC (Allocation Failure) [PSYoungGen: 8723K->512K(14336K)] 28487K->20284K(45056K), 0.0005513 secs] [Times: user=0.00 sys=0.00, real=0.00 secs] 
72.700: [GC (Allocation Failure) [PSYoungGen: 7666K->7139K(14336K)] 27438K->27375K(45056K), 0.0010621 secs] [Times: user=0.00 sys=0.00, real=0.00 secs] 
72.747: [GC (Allocation Failure) [PSYoungGen: 14293K->6595K(14336K)] 34530K->26831K(45056K), 0.0009595 secs] [Times: user=0.00 sys=0.00, real=0.00 secs] 
72.795: [GC (Allocation Failure) [PSYoungGen: 13749K->5538K(14336K)] 33985K->25790K(45056K), 0.0008789 secs] [Times: user=0.00 sys=0.00, real=0.00 secs] 
72.796: [GC (Allocation Failure) [PSYoungGen: 12693K->4482K(14336K)] 32945K->24742K(45056K), 0.0008981 secs] [Times: user=0.00 sys=0.00, real=0.00 secs] 
72.841: [GC (Allocation Failure) [PSYoungGen: 11636K->3425K(14336K)] 31896K->23693K(45056K), 0.0005606 secs] [Times: user=0.00 sys=0.00, real=0.00 secs] 
72.888: [GC (Allocation Failure) [PSYoungGen: 10568K->832K(14336K)] 30836K->21116K(45056K), 0.0006910 secs] [Times: user=0.00 sys=0.00, real=0.00 secs] 
72.889: [GC (Allocation Failure) [PSYoungGen: 7986K->7139K(14336K)] 28270K->28191K(45056K), 0.0014696 secs] [Times: user=0.00 sys=0.00, real=0.00 secs] 
72.891: [GC (Allocation Failure) [PSYoungGen: 14293K->6883K(14336K)] 35346K->27935K(45056K), 0.0010574 secs] [Times: user=0.00 sys=0.00, real=0.00 secs] 
72.950: [GC (Allocation Failure) [PSYoungGen: 14037K->5826K(14336K)] 35090K->26895K(45056K), 0.0007492 secs] [Times: user=0.00 sys=0.00, real=0.00 secs] 
72.998: [GC (Allocation Failure) [PSYoungGen: 12981K->4770K(14336K)] 34049K->25854K(45056K), 0.0010337 secs] [Times: user=0.00 sys=0.00, real=0.00 secs] 
72.999: [GC (Allocation Failure) [PSYoungGen: 11924K->3713K(14336K)] 33009K->24806K(45056K), 0.0006849 secs] [Times: user=0.00 sys=0.00, real=0.00 secs] 
73.045: [GC (Allocation Failure) [PSYoungGen: 10868K->2657K(14336K)] 31960K->23765K(45056K), 0.0006692 secs] [Times: user=0.00 sys=0.00, real=0.00 secs] 
73.092: [GC (Allocation Failure) [PSYoungGen: 9811K->1600K(14336K)] 30920K->22717K(45056K), 0.0005038 secs] [Times: user=0.00 sys=0.00, real=0.00 secs] 
73.094: [GC (Allocation Failure) [PSYoungGen: 8755K->544K(14336K)] 29871K->21676K(45056K), 0.0005562 secs] [Times: user=0.00 sys=0.00, real=0.00 secs] 
73.094: [GC (Allocation Failure) [PSYoungGen: 7698K->7139K(14336K)] 28831K->28768K(45056K), 0.0011774 secs] [Times: user=0.00 sys=0.00, real=0.00 secs] 
73.140: [GC (Allocation Failure) [PSYoungGen: 14287K->4930K(14336K)] 35916K->26559K(45056K), 0.0010208 secs] [Times: user=0.00 sys=0.00, real=0.00 secs] 
73.187: [GC (Allocation Failure) [PSYoungGen: 12084K->3873K(14336K)] 33713K->25518K(45056K), 0.0010627 secs] [Times: user=0.00 sys=0.00, real=0.00 secs] 
73.188: [GC (Allocation Failure) [PSYoungGen: 11028K->2817K(14336K)] 32672K->24478K(45056K), 0.0005696 secs] [Times: user=0.00 sys=0.00, real=0.00 secs] 
73.249: [GC (Allocation Failure) [PSYoungGen: 9971K->1728K(14336K)] 31632K->23405K(45056K), 0.0008191 secs] [Times: user=0.00 sys=0.00, real=0.00 secs] 
73.297: [GC (Allocation Failure) [PSYoungGen: 8883K->704K(14336K)] 30559K->22397K(45056K), 0.0008360 secs] [Times: user=0.00 sys=0.00, real=0.00 secs] 
73.299: [GC (Allocation Failure) [PSYoungGen: 7858K->7139K(14336K)] 29551K->29488K(45056K), 0.0009644 secs] [Times: user=0.00 sys=0.00, real=0.00 secs] 
73.300: [GC (Allocation Failure) [PSYoungGen: 14293K->6787K(14336K)] 36642K->29136K(45056K), 0.0009983 secs] [Times: user=0.00 sys=0.00, real=0.00 secs] 
73.344: [GC (Allocation Failure) [PSYoungGen: 13941K->5730K(14336K)] 36290K->28095K(45056K), 0.0009283 secs] [Times: user=0.00 sys=0.00, real=0.00 secs] 
73.391: [GC (Allocation Failure) [PSYoungGen: 12868K->3649K(14336K)] 35233K->26030K(45056K), 0.0008419 secs] [Times: user=0.00 sys=0.00, real=0.00 secs] 
73.392: [GC (Allocation Failure) [PSYoungGen: 10804K->2561K(14336K)] 33185K->24950K(45056K), 0.0004948 secs] [Times: user=0.00 sys=0.00, real=0.00 secs] 
73.436: [GC (Allocation Failure) [PSYoungGen: 9715K->1504K(14336K)] 32104K->23909K(45056K), 0.0007572 secs] [Times: user=0.00 sys=0.00, real=0.00 secs] 
73.498: [GC (Allocation Failure) [PSYoungGen: 8659K->448K(14336K)] 31064K->22869K(45056K), 0.0006349 secs] [Times: user=0.00 sys=0.00, real=0.00 secs] 
73.499: [GC (Allocation Failure) [PSYoungGen: 7602K->7139K(14336K)] 30023K->29960K(45056K), 0.0011429 secs] [Times: user=0.00 sys=0.00, real=0.00 secs] 
73.501: [GC (Allocation Failure) [PSYoungGen: 14293K->6531K(14336K)] 37115K->29352K(45056K), 0.0010406 secs] [Times: user=0.00 sys=0.00, real=0.00 secs] 
73.546: [GC (Allocation Failure) [PSYoungGen: 13685K->5474K(14336K)] 36506K->28311K(45056K), 0.0013167 secs] [Times: user=0.00 sys=0.00, real=0.00 secs] 
73.593: [GC (Allocation Failure) [PSYoungGen: 12629K->4418K(14336K)] 35466K->27271K(45056K), 0.0006298 secs] [Times: user=0.00 sys=0.00, real=0.00 secs] 
73.594: [GC (Allocation Failure) [PSYoungGen: 11561K->1824K(14336K)] 34414K->24686K(45056K), 0.0004847 secs] [Times: user=0.00 sys=0.00, real=0.00 secs] 
73.640: [GC (Allocation Failure) [PSYoungGen: 8991K->224K(14336K)] 31852K->23101K(45056K), 0.0006135 secs] [Times: user=0.00 sys=0.00, real=0.00 secs] 
73.641: [GC (Allocation Failure) [PSYoungGen: 7378K->7139K(14336K)] 30255K->30200K(45056K), 0.0010850 secs] [Times: user=0.00 sys=0.00, real=0.00 secs] 
73.686: [GC (Allocation Failure) [PSYoungGen: 14293K->6307K(14336K)] 37355K->29368K(45056K), 0.0010731 secs] [Times: user=0.00 sys=0.00, real=0.00 secs] 
73.688: [GC (Allocation Failure) [PSYoungGen: 13461K->5250K(14336K)] 36522K->28327K(45056K), 0.0010295 secs] [Times: user=0.00 sys=0.00, real=0.00 secs] 
73.749: [GC (Allocation Failure) [PSYoungGen: 12404K->4194K(14336K)] 35482K->27279K(45056K), 0.0006920 secs] [Times: user=0.00 sys=0.00, real=0.00 secs] 
73.797: [GC (Allocation Failure) [PSYoungGen: 11348K->3137K(14336K)] 34433K->26230K(45056K), 0.0008274 secs] [Times: user=0.00 sys=0.00, real=0.00 secs] 
73.798: [GC (Allocation Failure) [PSYoungGen: 10291K->2080K(14336K)] 33385K->25190K(45056K), 0.0004685 secs] [Times: user=0.00 sys=0.00, real=0.00 secs] 
73.844: [GC (Allocation Failure) [PSYoungGen: 9243K->1312K(14336K)] 32352K->24429K(45056K), 0.0005618 secs] [Times: user=0.00 sys=0.00, real=0.00 secs] 
73.845: [GC (Allocation Failure) [PSYoungGen: 8465K->7139K(14336K)] 31582K->30272K(45056K), 0.0011363 secs] [Times: user=0.00 sys=0.00, real=0.00 secs] 
73.891: [GC (Allocation Failure) [PSYoungGen: 14293K->6082K(14336K)] 37427K->29232K(45056K), 0.0008864 secs] [Times: user=0.00 sys=0.00, real=0.00 secs] 
73.893: [GC (Allocation Failure) [PSYoungGen: 13237K->5026K(14336K)] 36386K->28183K(45056K), 0.0008886 secs] [Times: user=0.00 sys=0.00, real=0.00 secs] 
73.939: [GC (Allocation Failure) [PSYoungGen: 12180K->3969K(14336K)] 35338K->27143K(45056K), 0.0007990 secs] [Times: user=0.00 sys=0.00, real=0.00 secs] 
74.001: [GC (Allocation Failure) [PSYoungGen: 11124K->2913K(14336K)] 34297K->26102K(45056K), 0.0005990 secs] [Times: user=0.00 sys=0.00, real=0.00 secs] 
74.002: [GC (Allocation Failure) [PSYoungGen: 10067K->1856K(14336K)] 33257K->25062K(45056K), 0.0005248 secs] [Times: user=0.00 sys=0.00, real=0.00 secs] 
74.048: [GC (Allocation Failure) [PSYoungGen: 9011K->800K(14336K)] 32216K->24021K(45056K), 0.0005534 secs] [Times: user=0.00 sys=0.00, real=0.00 secs] 
74.049: [GC (Allocation Failure) [PSYoungGen: 7954K->7139K(14336K)] 31176K->31113K(45056K), 0.0011064 secs] [Times: user=0.00 sys=0.00, real=0.00 secs] 
74.097: [GC (Allocation Failure) [PSYoungGen: 14293K->6883K(14336K)] 38267K->30856K(45056K), 0.0008612 secs] [Times: user=0.00 sys=0.00, real=0.00 secs] 
74.098: [GC (Allocation Failure) [PSYoungGen: 14037K->5794K(14336K)] 38011K->29784K(45056K), 0.0008847 secs] [Times: user=0.00 sys=0.00, real=0.00 secs] 
74.143: [GC (Allocation Failure) [PSYoungGen: 12939K->3073K(14336K)] 36929K->27071K(45056K), 0.0006201 secs] [Times: user=0.00 sys=0.00, real=0.00 secs] 
74.189: [GC (Allocation Failure) [PSYoungGen: 10227K->2016K(14336K)] 34225K->26030K(45056K), 0.0008480 secs] [Times: user=0.00 sys=0.00, real=0.00 secs] 
74.190: [GC (Allocation Failure) [PSYoungGen: 9171K->960K(14336K)] 33185K->24990K(45056K), 0.0004952 secs] [Times: user=0.00 sys=0.00, real=0.00 secs] 
74.191: [GC (Allocation Failure) [PSYoungGen: 8114K->7139K(14336K)] 32144K->32081K(45056K), 0.0012668 secs] [Times: user=0.00 sys=0.00, real=0.00 secs] 
74.236: [GC (Allocation Failure) [PSYoungGen: 14293K->7043K(14336K)] 39236K->31985K(45056K), 0.0008561 secs] [Times: user=0.00 sys=0.00, real=0.00 secs] 
74.299: [GC (Allocation Failure) [PSYoungGen: 14197K->5986K(14336K)] 39139K->30936K(45056K), 0.0009610 secs] [Times: user=0.00 sys=0.00, real=0.00 secs] 
74.301: [GC (Allocation Failure) [PSYoungGen: 13141K->4930K(14336K)] 38091K->29888K(45056K), 0.0008748 secs] [Times: user=0.00 sys=0.00, real=0.00 secs] 
74.346: [GC (Allocation Failure) [PSYoungGen: 12084K->3873K(14336K)] 37042K->28839K(45056K), 0.0006736 secs] [Times: user=0.00 sys=0.00, real=0.00 secs] 
74.392: [GC (Allocation Failure) [PSYoungGen: 11016K->1312K(14336K)] 35983K->26294K(45056K), 0.0004821 secs] [Times: user=0.00 sys=0.00, real=0.00 secs] 
74.393: [GC (Allocation Failure) [PSYoungGen: 8466K->192K(14336K)] 33449K->25190K(45056K), 0.0005864 secs] [Times: user=0.00 sys=0.00, real=0.00 secs] 
74.394: [GC (Allocation Failure) [PSYoungGen: 7346K->7139K(14336K)] 32344K->32281K(45056K), 0.0009426 secs] [Times: user=0.00 sys=0.00, real=0.00 secs] 
74.440: [GC (Allocation Failure) [PSYoungGen: 14293K->6275K(14336K)] 39436K->31417K(45056K), 0.0012308 secs] [Times: user=0.00 sys=0.00, real=0.00 secs] 
74.487: [GC (Allocation Failure) [PSYoungGen: 13429K->5218K(14336K)] 38571K->30376K(45056K), 0.0008354 secs] [Times: user=0.00 sys=0.00, real=0.00 secs] 
74.488: [GC (Allocation Failure) [PSYoungGen: 12372K->4162K(14336K)] 37531K->29336K(45056K), 0.0007031 secs] [Times: user=0.00 sys=0.00, real=0.00 secs] 
74.550: [GC (Allocation Failure) [PSYoungGen: 11316K->3105K(14336K)] 36490K->28287K(45056K), 0.0006438 secs] [Times: user=0.00 sys=0.00, real=0.00 secs] 
74.597: [GC (Allocation Failure) [PSYoungGen: 10259K->2048K(14336K)] 35442K->27239K(45056K), 0.0007778 secs] [Times: user=0.00 sys=0.00, real=0.00 secs] 
74.598: [GC (Allocation Failure) [PSYoungGen: 9203K->992K(14336K)] 34393K->26198K(45056K), 0.0003996 secs] [Times: user=0.00 sys=0.00, real=0.00 secs] 
74.599: [GC (Allocation Failure) [PSYoungGen: 8146K->7139K(14336K)] 33353K->33290K(45056K), 0.0012698 secs] [Times: user=0.02 sys=0.00, real=0.00 secs] 
74.645: [GC (Allocation Failure) [PSYoungGen: 14275K->5538K(14336K)] 40426K->31689K(45056K), 0.0008354 secs] [Times: user=0.00 sys=0.00, real=0.00 secs] 
74.690: [GC (Allocation Failure) [PSYoungGen: 12693K->4450K(14336K)] 38843K->30616K(45056K), 0.0009942 secs] [Times: user=0.00 sys=0.00, real=0.00 secs] 
74.692: [GC (Allocation Failure) [PSYoungGen: 11604K->3393K(14336K)] 37771K->29576K(45056K), 0.0005636 secs] [Times: user=0.00 sys=0.00, real=0.00 secs] 
74.737: [GC (Allocation Failure) [PSYoungGen: 10548K->2337K(14336K)] 36730K->28535K(45056K), 0.0006114 secs] [Times: user=0.00 sys=0.00, real=0.00 secs] 
74.800: [GC (Allocation Failure) [PSYoungGen: 9491K->1280K(14336K)] 35690K->27495K(45056K), 0.0006199 secs] [Times: user=0.00 sys=0.00, real=0.00 secs] 
74.801: [GC (Allocation Failure) [PSYoungGen: 8435K->224K(14336K)] 34649K->26446K(45056K), 0.0004532 secs] [Times: user=0.00 sys=0.00, real=0.00 secs] 
74.802: [GC (Allocation Failure) [PSYoungGen: 7378K->7139K(14336K)] 33601K->33538K(45056K), 0.0010436 secs] [Times: user=0.00 sys=0.00, real=0.00 secs] 
74.847: [GC (Allocation Failure) [PSYoungGen: 14293K->6307K(14336K)] 40692K->32705K(45056K), 0.0007106 secs] [Times: user=0.00 sys=0.00, real=0.00 secs] 
74.894: [GC (Allocation Failure) [PSYoungGen: 13444K->4194K(14336K)] 39843K->30600K(45056K), 0.0007520 secs] [Times: user=0.00 sys=0.00, real=0.00 secs] 
74.895: [GC (Allocation Failure) [PSYoungGen: 11348K->3137K(14336K)] 37755K->29568K(45056K), 0.0005164 secs] [Times: user=0.00 sys=0.00, real=0.00 secs] 
74.940: [GC (Allocation Failure) [PSYoungGen: 10291K->2080K(14336K)] 36722K->28519K(45056K), 0.0004838 secs] [Times: user=0.00 sys=0.00, real=0.00 secs] 
74.986: [GC (Allocation Failure) [PSYoungGen: 9235K->1024K(14336K)] 35674K->27471K(45056K), 0.0003389 secs] [Times: user=0.00 sys=0.00, real=0.00 secs] 
74.987: [GC (Allocation Failure) [PSYoungGen: 8178K->7139K(14336K)] 34625K->34562K(45056K), 0.0010778 secs] [Times: user=0.00 sys=0.00, real=0.00 secs] 
74.988: [GC (Allocation Failure) [PSYoungGen: 14293K->7107K(14336K)] 41717K->34530K(45056K), 0.0009747 secs] [Times: user=0.00 sys=0.00, real=0.00 secs] 
75.049: [GC (Allocation Failure) [PSYoungGen: 14261K->6050K(14336K)] 41685K->33490K(45056K), 0.0008346 secs] [Times: user=0.00 sys=0.00, real=0.00 secs] 
75.096: [GC (Allocation Failure) [PSYoungGen: 13205K->4994K(14336K)] 40644K->32449K(45056K), 0.0008111 secs] [Times: user=0.00 sys=0.00, real=0.00 secs] 
75.097: [GC (Allocation Failure) [PSYoungGen: 12143K->2785K(14336K)] 39598K->30248K(45056K), 0.0008408 secs] [Times: user=0.00 sys=0.00, real=0.00 secs] 
75.142: [GC (Allocation Failure) [PSYoungGen: 9923K->640K(14336K)] 37386K->28127K(45056K), 0.0006266 secs] [Times: user=0.00 sys=0.00, real=0.00 secs] 
75.143: [GC (Allocation Failure) [PSYoungGen: 7794K->7139K(14336K)] 35281K->35226K(45056K), 0.0015460 secs] [Times: user=0.00 sys=0.00, real=0.00 secs] 
75.189: [GC (Allocation Failure) [PSYoungGen: 14293K->6723K(14336K)] 42381K->34810K(45056K), 0.0010423 secs] [Times: user=0.00 sys=0.00, real=0.00 secs] 
75.191: [GC (Allocation Failure) [PSYoungGen: 13877K->5666K(14336K)] 41965K->33762K(45056K), 0.0008749 secs] [Times: user=0.00 sys=0.00, real=0.00 secs] 
75.237: [GC (Allocation Failure) [PSYoungGen: 12821K->4610K(14336K)] 40916K->32721K(45056K), 0.0007786 secs] [Times: user=0.00 sys=0.00, real=0.00 secs] 
75.299: [GC (Allocation Failure) [PSYoungGen: 11764K->3553K(14336K)] 39876K->31673K(45056K), 0.0007235 secs] [Times: user=0.00 sys=0.00, real=0.00 secs] 
75.300: [GC (Allocation Failure) [PSYoungGen: 10708K->2497K(14336K)] 38827K->30632K(45056K), 0.0006081 secs] [Times: user=0.00 sys=0.00, real=0.00 secs] 
75.346: [GC (Allocation Failure) [PSYoungGen: 9634K->384K(14336K)] 37770K->28527K(45056K), 0.0009627 secs] [Times: user=0.00 sys=0.00, real=0.00 secs] 
75.347: [GC (Allocation Failure) [PSYoungGen: 7538K->7139K(14336K)] 35681K->35619K(45056K), 0.0010390 secs] [Times: user=0.00 sys=0.00, real=0.00 secs] 
75.393: [GC (Allocation Failure) [PSYoungGen: 14293K->6467K(14336K)] 42773K->34946K(45056K), 0.0009519 secs] [Times: user=0.00 sys=0.00, real=0.00 secs] 
75.394: [GC (Allocation Failure) [PSYoungGen: 13621K->5410K(14336K)] 42101K->33898K(45056K), 0.0008247 secs] [Times: user=0.00 sys=0.00, real=0.00 secs] 
75.441: [GC (Allocation Failure) [PSYoungGen: 12565K->4354K(14336K)] 41052K->32849K(45056K), 0.0013739 secs] [Times: user=0.00 sys=0.00, real=0.00 secs] 
75.488: [GC (Allocation Failure) [PSYoungGen: 11508K->3297K(14336K)] 40004K->31801K(45056K), 0.0004935 secs] [Times: user=0.00 sys=0.00, real=0.00 secs] 
75.489: [GC (Allocation Failure) [PSYoungGen: 10452K->2241K(14336K)] 38955K->30752K(45056K), 0.0004399 secs] [Times: user=0.00 sys=0.00, real=0.00 secs] 
75.550: [GC (Allocation Failure) [PSYoungGen: 9395K->1184K(14336K)] 37907K->29712K(45056K), 0.0005820 secs] [Times: user=0.00 sys=0.00, real=0.00 secs] 
75.596: [GC (Allocation Failure) [PSYoungGen: 8339K->128K(14336K)] 36866K->28671K(45056K), 0.0006029 secs] [Times: user=0.00 sys=0.00, real=0.00 secs] 
75.597: [GC (Allocation Failure) [PSYoungGen: 7282K->7139K(14336K)] 35826K->35755K(45056K), 0.0010223 secs] [Times: user=0.00 sys=0.00, real=0.00 secs] 
75.598: [GC (Allocation Failure) [PSYoungGen: 14293K->6211K(14336K)] 42909K->34826K(45056K), 0.0008066 secs] [Times: user=0.00 sys=0.00, real=0.00 secs] 
75.643: [GC (Allocation Failure) [PSYoungGen: 13351K->3617K(14336K)] 41966K->32249K(45056K), 0.0011342 secs] [Times: user=0.00 sys=0.00, real=0.00 secs] 
75.690: [GC (Allocation Failure) [PSYoungGen: 10772K->2529K(14336K)] 39403K->31176K(45056K), 0.0006290 secs] [Times: user=0.00 sys=0.00, real=0.00 secs] 
75.691: [GC (Allocation Failure) [PSYoungGen: 9683K->1472K(14336K)] 38331K->30128K(45056K), 0.0004799 secs] [Times: user=0.00 sys=0.00, real=0.00 secs] 
75.736: [GC (Allocation Failure) [PSYoungGen: 8627K->416K(14336K)] 37282K->29079K(45056K), 0.0004692 secs] [Times: user=0.00 sys=0.00, real=0.00 secs] 
75.737: [GC (Allocation Failure) [PSYoungGen: 7570K->7139K(14336K)] 36234K->36171K(45056K), 0.0011246 secs] [Times: user=0.00 sys=0.00, real=0.00 secs] 
75.800: [GC (Allocation Failure) [PSYoungGen: 14293K->6499K(14336K)] 43325K->35530K(45056K), 0.0007457 secs] [Times: user=0.00 sys=0.00, real=0.00 secs] 
75.802: [GC (Allocation Failure) [PSYoungGen: 13653K->5442K(14336K)] 42685K->34490K(45056K), 0.0008375 secs] [Times: user=0.00 sys=0.00, real=0.00 secs] 
75.847: [GC (Allocation Failure) [PSYoungGen: 12597K->4386K(14336K)] 41644K->33441K(45056K), 0.0007697 secs] [Times: user=0.00 sys=0.00, real=0.00 secs] 
75.894: [GC (Allocation Failure) [PSYoungGen: 11529K->1792K(14336K)] 40584K->30856K(45056K), 0.0009405 secs] [Times: user=0.00 sys=0.00, real=0.00 secs] 
75.895: [GC (Allocation Failure) [PSYoungGen: 8947K->704K(14336K)] 38010K->29784K(45056K), 0.0004835 secs] [Times: user=0.00 sys=0.00, real=0.00 secs] 
75.896: [GC (Allocation Failure) [PSYoungGen: 7858K->7139K(14336K)] 36938K->36875K(45056K), 0.0011141 secs] [Times: user=0.00 sys=0.00, real=0.00 secs] 
75.941: [GC (Allocation Failure) [PSYoungGen: 14293K->6787K(14336K)] 44030K->36523K(45056K), 0.0009760 secs] [Times: user=0.00 sys=0.00, real=0.00 secs] 
75.988: [GC (Allocation Failure) [PSYoungGen: 13941K->5730K(14336K)] 43677K->35482K(45056K), 0.0008104 secs] [Times: user=0.00 sys=0.00, real=0.00 secs] 
75.989: [GC (Allocation Failure) [PSYoungGen: 12885K->4674K(14336K)] 42637K->34442K(45056K), 0.0007219 secs] [Times: user=0.00 sys=0.00, real=0.00 secs] 
76.050: [GC (Allocation Failure) [PSYoungGen: 11828K->3617K(14336K)] 41596K->33401K(45056K), 0.0007055 secs] [Times: user=0.00 sys=0.00, real=0.00 secs] 
76.097: [GC (Allocation Failure) [PSYoungGen: 10772K->2561K(14336K)] 40556K->32361K(45056K), 0.0011544 secs] [Times: user=0.00 sys=0.00, real=0.00 secs] 
76.099: [GC (Allocation Failure) [PSYoungGen: 9715K->1504K(14336K)] 39515K->31320K(45056K), 0.0004372 secs] [Times: user=0.02 sys=0.00, real=0.00 secs] 
76.100: [GC (Allocation Failure) [PSYoungGen: 8667K->416K(14336K)] 38483K->30248K(45056K), 0.0004484 secs] [Times: user=0.00 sys=0.00, real=0.00 secs] 
76.144: [GC (Allocation Failure) [PSYoungGen: 7573K->5954K(14336K)] 37405K->35810K(45056K), 0.0010396 secs] [Times: user=0.00 sys=0.00, real=0.00 secs] 
76.191: [GC (Allocation Failure) [PSYoungGen: 13109K->4866K(14336K)] 42965K->34730K(45056K), 0.0009147 secs] [Times: user=0.00 sys=0.00, real=0.00 secs] 
76.193: [GC (Allocation Failure) [PSYoungGen: 12020K->3809K(14336K)] 41884K->33689K(45056K), 0.0009375 secs] [Times: user=0.00 sys=0.00, real=0.00 secs] 
76.238: [GC (Allocation Failure) [PSYoungGen: 10964K->2753K(14336K)] 40844K->32649K(45056K), 0.0009547 secs] [Times: user=0.00 sys=0.00, real=0.00 secs] 
76.299: [GC (Allocation Failure) [PSYoungGen: 9907K->1696K(14336K)] 39803K->31608K(45056K), 0.0006305 secs] [Times: user=0.00 sys=0.00, real=0.00 secs] 
76.300: [GC (Allocation Failure) [PSYoungGen: 8851K->640K(14336K)] 38763K->30568K(45056K), 0.0004315 secs] [Times: user=0.00 sys=0.00, real=0.00 secs] 
76.301: [GC (Allocation Failure) [PSYoungGen: 7794K->7139K(14336K)] 37722K->37659K(45056K), 0.0010213 secs] [Times: user=0.00 sys=0.00, real=0.00 secs] 
76.302: [Full GC (Ergonomics) [PSYoungGen: 7139K->0K(14336K)] [ParOldGen: 30520K->8800K(30720K)] 37659K->8800K(45056K), [Metaspace: 2892K->2892K(1056768K)], 0.0020033 secs] [Times: user=0.02 sys=0.00, real=0.00 secs] 
76.346: [GC (Allocation Failure) [PSYoungGen: 7154K->6723K(14336K)] 15955K->15523K(45056K), 0.0009326 secs] [Times: user=0.00 sys=0.00, real=0.00 secs] 
76.392: [GC (Allocation Failure) [PSYoungGen: 13889K->4642K(14336K)] 22690K->13450K(45056K), 0.0010507 secs] [Times: user=0.00 sys=0.00, real=0.00 secs] 
76.394: [GC (Allocation Failure) [PSYoungGen: 11795K->3585K(14336K)] 20604K->12410K(45056K), 0.0011648 secs] [Times: user=0.00 sys=0.00, real=0.00 secs] 
76.438: [GC (Allocation Failure) [PSYoungGen: 10739K->2529K(14336K)] 19564K->11369K(45056K), 0.0009076 secs] [Times: user=0.00 sys=0.00, real=0.00 secs] 
76.501: [GC (Allocation Failure) [PSYoungGen: 9683K->1472K(14336K)] 18524K->10321K(45056K), 0.0004963 secs] [Times: user=0.00 sys=0.00, real=0.00 secs] 
76.502: [GC (Allocation Failure) [PSYoungGen: 8626K->416K(14336K)] 17475K->9272K(45056K), 0.0004165 secs] [Times: user=0.00 sys=0.00, real=0.00 secs] 
76.502: [GC (Allocation Failure) [PSYoungGen: 7570K->7139K(14336K)] 16427K->16364K(45056K), 0.0009782 secs] [Times: user=0.00 sys=0.00, real=0.00 secs] 
76.549: [GC (Allocation Failure) [PSYoungGen: 14293K->6499K(14336K)] 23518K->15724K(45056K), 0.0011255 secs] [Times: user=0.00 sys=0.00, real=0.00 secs] 
76.596: [GC (Allocation Failure) [PSYoungGen: 13653K->5442K(14336K)] 22878K->14675K(45056K), 0.0008079 secs] [Times: user=0.00 sys=0.00, real=0.00 secs] 
76.598: [GC (Allocation Failure) [PSYoungGen: 12594K->2337K(14336K)] 21827K->11586K(45056K), 0.0004088 secs] [Times: user=0.00 sys=0.00, real=0.00 secs] 
76.643: [GC (Allocation Failure) [PSYoungGen: 9491K->1248K(14336K)] 18740K->10513K(45056K), 0.0008488 secs] [Times: user=0.00 sys=0.00, real=0.00 secs] 
76.690: [GC (Allocation Failure) [PSYoungGen: 8402K->160K(14336K)] 17667K->9432K(45056K), 0.0003797 secs] [Times: user=0.00 sys=0.00, real=0.00 secs] 
76.691: [GC (Allocation Failure) [PSYoungGen: 7314K->7139K(14336K)] 16587K->16556K(45056K), 0.0009712 secs] [Times: user=0.00 sys=0.00, real=0.00 secs] 
76.693: [GC (Allocation Failure) [PSYoungGen: 14293K->6275K(14336K)] 23710K->15692K(45056K), 0.0009566 secs] [Times: user=0.02 sys=0.00, real=0.00 secs] 
76.738: [GC (Allocation Failure) [PSYoungGen: 13429K->5218K(14336K)] 22846K->14643K(45056K), 0.0008438 secs] [Times: user=0.00 sys=0.00, real=0.00 secs] 
76.801: [GC (Allocation Failure) [PSYoungGen: 12372K->4162K(14336K)] 21797K->13594K(45056K), 0.0006392 secs] [Times: user=0.00 sys=0.00, real=0.00 secs] 
76.802: [GC (Allocation Failure) [PSYoungGen: 11316K->3105K(14336K)] 20749K->12546K(45056K), 0.0006667 secs] [Times: user=0.00 sys=0.00, real=0.00 secs] 
76.847: [GC (Allocation Failure) [PSYoungGen: 10259K->2048K(14336K)] 19700K->11497K(45056K), 0.0006471 secs] [Times: user=0.00 sys=0.00, real=0.00 secs] 
76.848: [GC (Allocation Failure) [PSYoungGen: 9211K->1280K(14336K)] 18660K->10736K(45056K), 0.0006214 secs] [Times: user=0.00 sys=0.00, real=0.00 secs] 
76.894: [GC (Allocation Failure) [PSYoungGen: 8433K->7075K(14336K)] 17890K->16548K(45056K), 0.0010940 secs] [Times: user=0.00 sys=0.00, real=0.00 secs] 
76.896: [GC (Allocation Failure) [PSYoungGen: 14229K->6050K(14336K)] 23702K->15531K(45056K), 0.0009075 secs] [Times: user=0.00 sys=0.00, real=0.00 secs] 
76.940: [GC (Allocation Failure) [PSYoungGen: 13205K->4994K(14336K)] 22686K->14483K(45056K), 0.0007840 secs] [Times: user=0.00 sys=0.00, real=0.00 secs] 
76.987: [GC (Allocation Failure) [PSYoungGen: 12148K->3937K(14336K)] 21637K->13442K(45056K), 0.0005123 secs] [Times: user=0.00 sys=0.00, real=0.00 secs] 
76.988: [GC (Allocation Failure) [PSYoungGen: 11092K->2881K(14336K)] 20597K->12394K(45056K), 0.0004790 secs] [Times: user=0.00 sys=0.00, real=0.00 secs] 
77.050: [GC (Allocation Failure) [PSYoungGen: 10035K->1824K(14336K)] 19548K->11345K(45056K), 0.0006270 secs] [Times: user=0.00 sys=0.00, real=0.00 secs] 
77.096: [GC (Allocation Failure) [PSYoungGen: 8979K->768K(14336K)] 18500K->10297K(45056K), 0.0003452 secs] [Times: user=0.00 sys=0.00, real=0.00 secs] 
77.097: [GC (Allocation Failure) [PSYoungGen: 7922K->7139K(14336K)] 17451K->17388K(45056K), 0.0009941 secs] [Times: user=0.00 sys=0.00, real=0.00 secs] 
77.099: [GC (Allocation Failure) [PSYoungGen: 14293K->6851K(14336K)] 24543K->17100K(45056K), 0.0008531 secs] [Times: user=0.02 sys=0.00, real=0.00 secs] 
77.144: [GC (Allocation Failure) [PSYoungGen: 14007K->4097K(14336K)] 24256K->14355K(45056K), 0.0008103 secs] [Times: user=0.00 sys=0.00, real=0.00 secs] 
77.192: [GC (Allocation Failure) [PSYoungGen: 11252K->3041K(14336K)] 21509K->13322K(45056K), 0.0007339 secs] [Times: user=0.00 sys=0.00, real=0.00 secs] 
77.193: [GC (Allocation Failure) [PSYoungGen: 10195K->1984K(14336K)] 20477K->12274K(45056K), 0.0007958 secs] [Times: user=0.00 sys=0.02, real=0.00 secs] 
77.239: [GC (Allocation Failure) [PSYoungGen: 9139K->928K(14336K)] 19428K->11225K(45056K), 0.0007281 secs] [Times: user=0.00 sys=0.00, real=0.00 secs] 
77.240: [GC (Allocation Failure) [PSYoungGen: 8082K->7139K(14336K)] 18380K->18317K(45056K), 0.0011288 secs] [Times: user=0.00 sys=0.00, real=0.00 secs] 
77.287: [GC (Allocation Failure) [PSYoungGen: 14293K->7011K(14336K)] 25471K->18189K(45056K), 0.0009157 secs] [Times: user=0.00 sys=0.00, real=0.00 secs] 
77.289: [GC (Allocation Failure) [PSYoungGen: 14165K->5954K(14336K)] 25343K->17140K(45056K), 0.0007848 secs] [Times: user=0.00 sys=0.00, real=0.00 secs] 
77.348: [GC (Allocation Failure) [PSYoungGen: 13109K->4898K(14336K)] 24295K->16100K(45056K), 0.0007975 secs] [Times: user=0.00 sys=0.00, real=0.00 secs] 
77.396: [GC (Allocation Failure) [PSYoungGen: 12041K->2273K(14336K)] 23243K->13482K(45056K), 0.0005598 secs] [Times: user=0.00 sys=0.00, real=0.00 secs] 
77.397: [GC (Allocation Failure) [PSYoungGen: 9427K->1216K(14336K)] 20637K->12434K(45056K), 0.0005353 secs] [Times: user=0.00 sys=0.00, real=0.00 secs] 
77.442: [GC (Allocation Failure) [PSYoungGen: 8370K->128K(14336K)] 19588K->11361K(45056K), 0.0006223 secs] [Times: user=0.00 sys=0.00, real=0.00 secs] 
77.443: [GC (Allocation Failure) [PSYoungGen: 7282K->7139K(14336K)] 18516K->18485K(45056K), 0.0011034 secs] [Times: user=0.02 sys=0.00, real=0.00 secs] 
77.490: [GC (Allocation Failure) [PSYoungGen: 14293K->6243K(14336K)] 25639K->17588K(45056K), 0.0009049 secs] [Times: user=0.00 sys=0.00, real=0.00 secs] 
77.491: [GC (Allocation Failure) [PSYoungGen: 13397K->5154K(14336K)] 24743K->16516K(45056K), 0.0008303 secs] [Times: user=0.00 sys=0.00, real=0.00 secs] 
77.537: [GC (Allocation Failure) [PSYoungGen: 12308K->4129K(14336K)] 23670K->15499K(45056K), 0.0007578 secs] [Times: user=0.01 sys=0.00, real=0.00 secs] 
77.599: [GC (Allocation Failure) [PSYoungGen: 11284K->3073K(14336K)] 22654K->14451K(45056K), 0.0005653 secs] [Times: user=0.00 sys=0.00, real=0.00 secs] 
77.600: [GC (Allocation Failure) [PSYoungGen: 10229K->1536K(14336K)] 21607K->12922K(45056K), 0.0003739 secs] [Times: user=0.00 sys=0.00, real=0.00 secs] 
77.601: [GC (Allocation Failure) [PSYoungGen: 8698K->608K(14336K)] 20084K->12009K(45056K), 0.0005017 secs] [Times: user=0.00 sys=0.00, real=0.00 secs] 
77.647: [GC (Allocation Failure) [PSYoungGen: 7762K->6563K(14336K)] 19164K->17980K(45056K), 0.0010234 secs] [Times: user=0.00 sys=0.00, real=0.00 secs] 
77.695: [GC (Allocation Failure) [PSYoungGen: 13717K->5506K(14336K)] 25135K->16932K(45056K), 0.0008645 secs] [Times: user=0.00 sys=0.00, real=0.00 secs] 
77.696: [GC (Allocation Failure) [PSYoungGen: 12661K->4450K(14336K)] 24086K->15891K(45056K), 0.0006589 secs] [Times: user=0.00 sys=0.00, real=0.00 secs] 
77.742: [GC (Allocation Failure) [PSYoungGen: 11604K->3393K(14336K)] 23046K->14843K(45056K), 0.0007692 secs] [Times: user=0.00 sys=0.00, real=0.00 secs] 
77.788: [GC (Allocation Failure) [PSYoungGen: 10548K->2337K(14336K)] 21997K->13794K(45056K), 0.0008730 secs] [Times: user=0.00 sys=0.00, real=0.00 secs] 
77.790: [GC (Allocation Failure) [PSYoungGen: 9491K->1280K(14336K)] 20949K->12746K(45056K), 0.0005274 secs] [Times: user=0.00 sys=0.00, real=0.00 secs] 
77.850: [GC (Allocation Failure) [PSYoungGen: 8442K->224K(14336K)] 19907K->11697K(45056K), 0.0006527 secs] [Times: user=0.00 sys=0.00, real=0.00 secs] 
77.852: [GC (Allocation Failure) [PSYoungGen: 7378K->6339K(14336K)] 18852K->17820K(45056K), 0.0010126 secs] [Times: user=0.00 sys=0.00, real=0.00 secs] 
77.898: [GC (Allocation Failure) [PSYoungGen: 13493K->5282K(14336K)] 24975K->16772K(45056K), 0.0008505 secs] [Times: user=0.00 sys=0.00, real=0.00 secs] 
77.900: [GC (Allocation Failure) [PSYoungGen: 12436K->4226K(14336K)] 23926K->15731K(45056K), 0.0007819 secs] [Times: user=0.00 sys=0.00, real=0.00 secs] 
77.945: [GC (Allocation Failure) [PSYoungGen: 11380K->3169K(14336K)] 22886K->14683K(45056K), 0.0007369 secs] [Times: user=0.00 sys=0.00, real=0.00 secs] 
77.992: [GC (Allocation Failure) [PSYoungGen: 10323K->2113K(14336K)] 21837K->13634K(45056K), 0.0008096 secs] [Times: user=0.00 sys=0.00, real=0.00 secs] 
77.993: [GC (Allocation Failure) [PSYoungGen: 9267K->1056K(14336K)] 20789K->12594K(45056K), 0.0005510 secs] [Times: user=0.00 sys=0.00, real=0.00 secs] 
77.994: [GC (Allocation Failure) [PSYoungGen: 8210K->7139K(14336K)] 19748K->19685K(45056K), 0.0010905 secs] [Times: user=0.00 sys=0.00, real=0.00 secs] 
78.039: [GC (Allocation Failure) [PSYoungGen: 14293K->7139K(14336K)] 26840K->19685K(45056K), 0.0009159 secs] [Times: user=0.00 sys=0.00, real=0.00 secs] 
78.086: [GC (Allocation Failure) [PSYoungGen: 14293K->6082K(14336K)] 26840K->18637K(45056K), 0.0008739 secs] [Times: user=0.00 sys=0.00, real=0.00 secs] 
78.088: [GC (Allocation Failure) [PSYoungGen: 13237K->5026K(14336K)] 25791K->17588K(45056K), 0.0007531 secs] [Times: user=0.00 sys=0.00, real=0.00 secs] 
78.148: [GC (Allocation Failure) [PSYoungGen: 12178K->1792K(14336K)] 24741K->14371K(45056K), 0.0005691 secs] [Times: user=0.00 sys=0.00, real=0.00 secs] 
78.195: [GC (Allocation Failure) [PSYoungGen: 8947K->704K(14336K)] 21525K->13298K(45056K), 0.0005584 secs] [Times: user=0.00 sys=0.00, real=0.00 secs] 
78.196: [GC (Allocation Failure) [PSYoungGen: 7858K->7139K(14336K)] 20452K->20390K(45056K), 0.0008934 secs] [Times: user=0.00 sys=0.00, real=0.00 secs] 
78.197: [GC (Allocation Failure) [PSYoungGen: 14293K->6787K(14336K)] 27544K->20037K(45056K), 0.0008610 secs] [Times: user=0.00 sys=0.00, real=0.00 secs] 
78.242: [GC (Allocation Failure) [PSYoungGen: 13941K->5730K(14336K)] 27192K->18989K(45056K), 0.0007627 secs] [Times: user=0.00 sys=0.00, real=0.00 secs] 
78.289: [GC (Allocation Failure) [PSYoungGen: 12885K->4674K(14336K)] 26143K->17940K(45056K), 0.0007118 secs] [Times: user=0.00 sys=0.00, real=0.00 secs] 
78.290: [GC (Allocation Failure) [PSYoungGen: 11828K->3585K(14336K)] 25095K->16868K(45056K), 0.0007840 secs] [Times: user=0.00 sys=0.00, real=0.00 secs] 
78.337: [GC (Allocation Failure) [PSYoungGen: 10740K->2561K(14336K)] 24022K->15859K(45056K), 0.0005012 secs] [Times: user=0.00 sys=0.00, real=0.00 secs] 
78.400: [GC (Allocation Failure) [PSYoungGen: 9698K->480K(14336K)] 22997K->13794K(45056K), 0.0004654 secs] [Times: user=0.00 sys=0.00, real=0.00 secs] 
78.401: [GC (Allocation Failure) [PSYoungGen: 7634K->7139K(14336K)] 20949K->20854K(45056K), 0.0010338 secs] [Times: user=0.00 sys=0.00, real=0.00 secs] 
78.403: [GC (Allocation Failure) [PSYoungGen: 14293K->6531K(14336K)] 28008K->20245K(45056K), 0.0009168 secs] [Times: user=0.00 sys=0.00, real=0.00 secs] 
78.447: [GC (Allocation Failure) [PSYoungGen: 13685K->5474K(14336K)] 27400K->19197K(45056K), 0.0009971 secs] [Times: user=0.00 sys=0.00, real=0.00 secs] 
78.494: [GC (Allocation Failure) [PSYoungGen: 12629K->4418K(14336K)] 26351K->18156K(45056K), 0.0006651 secs] [Times: user=0.00 sys=0.00, real=0.00 secs] 
78.495: [GC (Allocation Failure) [PSYoungGen: 11572K->3361K(14336K)] 25311K->17108K(45056K), 0.0006088 secs] [Times: user=0.00 sys=0.00, real=0.00 secs] 
78.541: [GC (Allocation Failure) [PSYoungGen: 10516K->2305K(14336K)] 24262K->16067K(45056K), 0.0006458 secs] [Times: user=0.00 sys=0.00, real=0.00 secs] 
78.588: [GC (Allocation Failure) [PSYoungGen: 9459K->1248K(14336K)] 23222K->15027K(45056K), 0.0004144 secs] [Times: user=0.00 sys=0.00, real=0.00 secs] 
78.589: [GC (Allocation Failure) [PSYoungGen: 8416K->256K(14336K)] 22195K->14050K(45056K), 0.0004942 secs] [Times: user=0.00 sys=0.00, real=0.00 secs] 
78.590: [GC (Allocation Failure) [PSYoungGen: 7413K->5858K(14336K)] 21208K->19661K(45056K), 0.0009147 secs] [Times: user=0.00 sys=0.00, real=0.00 secs] 
78.636: [GC (Allocation Failure) [PSYoungGen: 13013K->4738K(14336K)] 26816K->18549K(45056K), 0.0006690 secs] [Times: user=0.00 sys=0.00, real=0.00 secs] 
78.698: [GC (Allocation Failure) [PSYoungGen: 11892K->3681K(14336K)] 25703K->17500K(45056K), 0.0008800 secs] [Times: user=0.00 sys=0.00, real=0.00 secs] 
78.700: [GC (Allocation Failure) [PSYoungGen: 10836K->2625K(14336K)] 24654K->16452K(45056K), 0.0004909 secs] [Times: user=0.00 sys=0.00, real=0.00 secs] 
78.744: [GC (Allocation Failure) [PSYoungGen: 9779K->1568K(14336K)] 23606K->15411K(45056K), 0.0008378 secs] [Times: user=0.00 sys=0.00, real=0.00 secs] 
78.791: [GC (Allocation Failure) [PSYoungGen: 8723K->512K(14336K)] 22565K->14370K(45056K), 0.0006895 secs] [Times: user=0.00 sys=0.00, real=0.00 secs] 
78.792: [GC (Allocation Failure) [PSYoungGen: 7666K->7139K(14336K)] 21525K->21462K(45056K), 0.0010221 secs] [Times: user=0.00 sys=0.00, real=0.00 secs] 
78.794: [GC (Allocation Failure) [PSYoungGen: 14293K->6595K(14336K)] 28616K->20918K(45056K), 0.0009010 secs] [Times: user=0.00 sys=0.00, real=0.00 secs] 
78.839: [GC (Allocation Failure) [PSYoungGen: 13749K->5538K(14336K)] 28072K->19869K(45056K), 0.0013799 secs] [Times: user=0.00 sys=0.00, real=0.00 secs] 
78.887: [GC (Allocation Failure) [PSYoungGen: 12678K->2945K(14336K)] 27009K->17292K(45056K), 0.0008120 secs] [Times: user=0.00 sys=0.00, real=0.00 secs] 
78.888: [GC (Allocation Failure) [PSYoungGen: 10099K->1856K(14336K)] 24446K->16219K(45056K), 0.0004391 secs] [Times: user=0.00 sys=0.00, real=0.00 secs] 
78.950: [GC (Allocation Failure) [PSYoungGen: 9011K->800K(14336K)] 23374K->15171K(45056K), 0.0003486 secs] [Times: user=0.00 sys=0.00, real=0.00 secs] 
78.951: [GC (Allocation Failure) [PSYoungGen: 7954K->7139K(14336K)] 22325K->22262K(45056K), 0.0010622 secs] [Times: user=0.00 sys=0.00, real=0.00 secs] 
78.996: [GC (Allocation Failure) [PSYoungGen: 14293K->6883K(14336K)] 29417K->22006K(45056K), 0.0009898 secs] [Times: user=0.00 sys=0.00, real=0.00 secs] 
78.998: [GC (Allocation Failure) [PSYoungGen: 14037K->5826K(14336K)] 29161K->20958K(45056K), 0.0008001 secs] [Times: user=0.00 sys=0.00, real=0.00 secs] 
79.042: [GC (Allocation Failure) [PSYoungGen: 12981K->4770K(14336K)] 28112K->19909K(45056K), 0.0008570 secs] [Times: user=0.00 sys=0.00, real=0.00 secs] 
79.089: [GC (Allocation Failure) [PSYoungGen: 11924K->3713K(14336K)] 27064K->18861K(45056K), 0.0007232 secs] [Times: user=0.00 sys=0.00, real=0.00 secs] 
79.090: [GC (Allocation Failure) [PSYoungGen: 10868K->2657K(14336K)] 26015K->17812K(45056K), 0.0006658 secs] [Times: user=0.00 sys=0.00, real=0.00 secs] 
79.091: [GC (Allocation Failure) [PSYoungGen: 9825K->96K(14336K)] 24980K->15259K(45056K), 0.0003039 secs] [Times: user=0.00 sys=0.00, real=0.00 secs] 
79.152: [GC (Allocation Failure) [PSYoungGen: 7252K->7043K(14336K)] 22415K->22230K(45056K), 0.0008157 secs] [Times: user=0.00 sys=0.00, real=0.00 secs] 
79.200: [GC (Allocation Failure) [PSYoungGen: 14197K->6018K(14336K)] 29384K->21214K(45056K), 0.0008785 secs] [Times: user=0.00 sys=0.00, real=0.00 secs] 
79.201: [GC (Allocation Failure) [PSYoungGen: 13172K->4962K(14336K)] 28367K->20165K(45056K), 0.0006869 secs] [Times: user=0.00 sys=0.00, real=0.00 secs] 
79.246: [GC (Allocation Failure) [PSYoungGen: 12116K->3905K(14336K)] 27319K->19125K(45056K), 0.0006933 secs] [Times: user=0.00 sys=0.00, real=0.00 secs] 
79.292: [GC (Allocation Failure) [PSYoungGen: 11060K->2849K(14336K)] 26279K->18076K(45056K), 0.0006768 secs] [Times: user=0.00 sys=0.00, real=0.00 secs] 
79.294: [GC (Allocation Failure) [PSYoungGen: 10003K->1792K(14336K)] 25230K->17028K(45056K), 0.0005016 secs] [Times: user=0.00 sys=0.00, real=0.00 secs] 
79.339: [GC (Allocation Failure) [PSYoungGen: 8947K->736K(14336K)] 24182K->15979K(45056K), 0.0006272 secs] [Times: user=0.00 sys=0.00, real=0.00 secs] 
79.341: [GC (Allocation Failure) [PSYoungGen: 7890K->7139K(14336K)] 23134K->23071K(45056K), 0.0015536 secs] [Times: user=0.00 sys=0.00, real=0.00 secs] 
79.387: [GC (Allocation Failure) [PSYoungGen: 14302K->5826K(14336K)] 30234K->21758K(45056K), 0.0009481 secs] [Times: user=0.00 sys=0.00, real=0.00 secs] 
79.389: [GC (Allocation Failure) [PSYoungGen: 12981K->4738K(14336K)] 28913K->20677K(45056K), 0.0006387 secs] [Times: user=0.00 sys=0.00, real=0.00 secs] 
79.449: [GC (Allocation Failure) [PSYoungGen: 11892K->3681K(14336K)] 27832K->19637K(45056K), 0.0006941 secs] [Times: user=0.00 sys=0.00, real=0.00 secs] 
79.497: [GC (Allocation Failure) [PSYoungGen: 10836K->2625K(14336K)] 26791K->18596K(45056K), 0.0006524 secs] [Times: user=0.00 sys=0.00, real=0.00 secs] 
79.498: [GC (Allocation Failure) [PSYoungGen: 9779K->1568K(14336K)] 25751K->17548K(45056K), 0.0005610 secs] [Times: user=0.00 sys=0.00, real=0.00 secs] 
79.544: [GC (Allocation Failure) [PSYoungGen: 8723K->512K(14336K)] 24702K->16499K(45056K), 0.0005467 secs] [Times: user=0.00 sys=0.00, real=0.00 secs] 
79.545: [GC (Allocation Failure) [PSYoungGen: 7666K->7139K(14336K)] 23654K->23591K(45056K), 0.0009542 secs] [Times: user=0.00 sys=0.00, real=0.00 secs] 
79.591: [GC (Allocation Failure) [PSYoungGen: 14293K->6595K(14336K)] 30745K->23047K(45056K), 0.0008503 secs] [Times: user=0.00 sys=0.00, real=0.00 secs] 
79.592: [GC (Allocation Failure) [PSYoungGen: 13738K->4001K(14336K)] 30190K->20461K(45056K), 0.0007653 secs] [Times: user=0.00 sys=0.00, real=0.00 secs] 
79.638: [GC (Allocation Failure) [PSYoungGen: 11168K->2433K(14336K)] 27628K->18909K(45056K), 0.0008676 secs] [Times: user=0.00 sys=0.00, real=0.00 secs] 
79.686: [GC (Allocation Failure) [PSYoungGen: 9587K->1344K(14336K)] 26063K->17836K(45056K), 0.0005380 secs] [Times: user=0.00 sys=0.00, real=0.00 secs] 
79.687: [GC (Allocation Failure) [PSYoungGen: 8499K->288K(14336K)] 24990K->16796K(45056K), 0.0005073 secs] [Times: user=0.00 sys=0.00, real=0.00 secs] 
79.688: [GC (Allocation Failure) [PSYoungGen: 7442K->7139K(14336K)] 23950K->23887K(45056K), 0.0009720 secs] [Times: user=0.00 sys=0.00, real=0.00 secs] 
79.748: [GC (Allocation Failure) [PSYoungGen: 14293K->6371K(14336K)] 31041K->23119K(45056K), 0.0007962 secs] [Times: user=0.00 sys=0.00, real=0.00 secs] 
79.795: [GC (Allocation Failure) [PSYoungGen: 13525K->5314K(14336K)] 30273K->22078K(45056K), 0.0007656 secs] [Times: user=0.00 sys=0.00, real=0.00 secs] 
79.796: [GC (Allocation Failure) [PSYoungGen: 12469K->4258K(14336K)] 29233K->21038K(45056K), 0.0006576 secs] [Times: user=0.00 sys=0.00, real=0.00 secs] 
79.840: [GC (Allocation Failure) [PSYoungGen: 11395K->2145K(14336K)] 28175K->18933K(45056K), 0.0009117 secs] [Times: user=0.00 sys=0.00, real=0.00 secs] 
79.888: [GC (Allocation Failure) [PSYoungGen: 9299K->1088K(14336K)] 26087K->17892K(45056K), 0.0005165 secs] [Times: user=0.00 sys=0.00, real=0.00 secs] 
79.889: [GC (Allocation Failure) [PSYoungGen: 8242K->7139K(14336K)] 25046K->24983K(45056K), 0.0010316 secs] [Times: user=0.00 sys=0.00, real=0.00 secs] 
79.891: [GC (Allocation Failure) [PSYoungGen: 14293K->7139K(14336K)] 32138K->25015K(45056K), 0.0011649 secs] [Times: user=0.00 sys=0.00, real=0.00 secs] 
79.951: [GC (Allocation Failure) [PSYoungGen: 14294K->6114K(14336K)] 32170K->24007K(45056K), 0.0009900 secs] [Times: user=0.00 sys=0.00, real=0.00 secs] 
80.000: [GC (Allocation Failure) [PSYoungGen: 13269K->5058K(14336K)] 31161K->22966K(45056K), 0.0008399 secs] [Times: user=0.00 sys=0.00, real=0.00 secs] 
80.001: [GC (Allocation Failure) [PSYoungGen: 12212K->4001K(14336K)] 30121K->21926K(45056K), 0.0005785 secs] [Times: user=0.00 sys=0.00, real=0.00 secs] 
80.046: [GC (Allocation Failure) [PSYoungGen: 11156K->2945K(14336K)] 29080K->20877K(45056K), 0.0009067 secs] [Times: user=0.00 sys=0.00, real=0.00 secs] 
80.093: [GC (Allocation Failure) [PSYoungGen: 10099K->1888K(14336K)] 28032K->19837K(45056K), 0.0007346 secs] [Times: user=0.00 sys=0.00, real=0.00 secs] 
80.094: [GC (Allocation Failure) [PSYoungGen: 9043K->832K(14336K)] 26991K->18788K(45056K), 0.0006448 secs] [Times: user=0.00 sys=0.00, real=0.00 secs] 
80.095: [GC (Allocation Failure) [PSYoungGen: 7986K->7139K(14336K)] 25943K->25880K(45056K), 0.0010866 secs] [Times: user=0.00 sys=0.00, real=0.00 secs] 
80.139: [GC (Allocation Failure) [PSYoungGen: 14283K->5218K(14336K)] 33024K->23959K(45056K), 0.0007772 secs] [Times: user=0.00 sys=0.00, real=0.00 secs] 
80.188: [GC (Allocation Failure) [PSYoungGen: 12372K->4162K(14336K)] 31113K->22926K(45056K), 0.0007114 secs] [Times: user=0.00 sys=0.00, real=0.00 secs] 
80.189: [GC (Allocation Failure) [PSYoungGen: 11316K->3105K(14336K)] 30081K->21886K(45056K), 0.0006831 secs] [Times: user=0.00 sys=0.00, real=0.00 secs] 
80.249: [GC (Allocation Failure) [PSYoungGen: 10259K->2048K(14336K)] 29040K->20845K(45056K), 0.0006321 secs] [Times: user=0.00 sys=0.00, real=0.00 secs] 
80.297: [GC (Allocation Failure) [PSYoungGen: 9203K->992K(14336K)] 28000K->19797K(45056K), 0.0007600 secs] [Times: user=0.00 sys=0.00, real=0.00 secs] 
80.298: [GC (Allocation Failure) [PSYoungGen: 8146K->7139K(14336K)] 26951K->26888K(45056K), 0.0011388 secs] [Times: user=0.00 sys=0.00, real=0.00 secs] 
80.300: [GC (Allocation Failure) [PSYoungGen: 14293K->7075K(14336K)] 34043K->26824K(45056K), 0.0010635 secs] [Times: user=0.00 sys=0.00, real=0.00 secs] 
80.345: [GC (Allocation Failure) [PSYoungGen: 14229K->6018K(14336K)] 33979K->25784K(45056K), 0.0010197 secs] [Times: user=0.00 sys=0.00, real=0.00 secs] 
80.392: [GC (Allocation Failure) [PSYoungGen: 13161K->3393K(14336K)] 32927K->23174K(45056K), 0.0007409 secs] [Times: user=0.00 sys=0.00, real=0.00 secs] 
80.393: [GC (Allocation Failure) [PSYoungGen: 10548K->2337K(14336K)] 30329K->22134K(45056K), 0.0007697 secs] [Times: user=0.00 sys=0.00, real=0.00 secs] 
80.438: [GC (Allocation Failure) [PSYoungGen: 9491K->1280K(14336K)] 29288K->21085K(45056K), 0.0005565 secs] [Times: user=0.00 sys=0.00, real=0.00 secs] 
80.499: [GC (Allocation Failure) [PSYoungGen: 8435K->224K(14336K)] 28240K->20037K(45056K), 0.0004376 secs] [Times: user=0.00 sys=0.00, real=0.00 secs] 
80.500: [GC (Allocation Failure) [PSYoungGen: 7378K->7139K(14336K)] 27191K->27128K(45056K), 0.0009204 secs] [Times: user=0.00 sys=0.00, real=0.00 secs] 
80.502: [GC (Allocation Failure) [PSYoungGen: 14293K->6307K(14336K)] 34283K->26296K(45056K), 0.0011057 secs] [Times: user=0.00 sys=0.00, real=0.00 secs] 
80.546: [GC (Allocation Failure) [PSYoungGen: 13461K->5250K(14336K)] 33450K->25247K(45056K), 0.0008135 secs] [Times: user=0.00 sys=0.00, real=0.00 secs] 
80.593: [GC (Allocation Failure) [PSYoungGen: 12405K->4194K(14336K)] 32402K->24207K(45056K), 0.0005856 secs] [Times: user=0.00 sys=0.00, real=0.00 secs] 
80.594: [GC (Allocation Failure) [PSYoungGen: 11348K->3137K(14336K)] 31361K->23166K(45056K), 0.0005045 secs] [Times: user=0.00 sys=0.00, real=0.00 secs] 
80.640: [GC (Allocation Failure) [PSYoungGen: 10277K->544K(14336K)] 30307K->20581K(45056K), 0.0004705 secs] [Times: user=0.00 sys=0.00, real=0.00 secs] 
80.641: [GC (Allocation Failure) [PSYoungGen: 7698K->7139K(14336K)] 27736K->27649K(45056K), 0.0009914 secs] [Times: user=0.00 sys=0.00, real=0.00 secs] 
80.688: [GC (Allocation Failure) [PSYoungGen: 14293K->6595K(14336K)] 34803K->27104K(45056K), 0.0010687 secs] [Times: user=0.00 sys=0.00, real=0.00 secs] 
80.689: [GC (Allocation Failure) [PSYoungGen: 13749K->5538K(14336K)] 34259K->26064K(45056K), 0.0010781 secs] [Times: user=0.00 sys=0.00, real=0.00 secs] 
80.750: [GC (Allocation Failure) [PSYoungGen: 12693K->4482K(14336K)] 33218K->25023K(45056K), 0.0008186 secs] [Times: user=0.00 sys=0.00, real=0.00 secs] 
80.797: [GC (Allocation Failure) [PSYoungGen: 11636K->3425K(14336K)] 32178K->23975K(45056K), 0.0006863 secs] [Times: user=0.00 sys=0.00, real=0.00 secs] 
80.798: [GC (Allocation Failure) [PSYoungGen: 10580K->2369K(14336K)] 31129K->22926K(45056K), 0.0005748 secs] [Times: user=0.00 sys=0.00, real=0.00 secs] 
80.844: [GC (Allocation Failure) [PSYoungGen: 9523K->1312K(14336K)] 30081K->21878K(45056K), 0.0004686 secs] [Times: user=0.00 sys=0.00, real=0.00 secs] 
80.844: [GC (Allocation Failure) [PSYoungGen: 8474K->320K(14336K)] 29039K->20901K(45056K), 0.0004219 secs] [Times: user=0.00 sys=0.00, real=0.00 secs] 
80.891: [GC (Allocation Failure) [PSYoungGen: 7474K->6371K(14336K)] 28056K->26960K(45056K), 0.0011577 secs] [Times: user=0.00 sys=0.00, real=0.00 secs] 
80.893: [GC (Allocation Failure) [PSYoungGen: 13525K->5314K(14336K)] 34115K->25912K(45056K), 0.0010144 secs] [Times: user=0.00 sys=0.00, real=0.00 secs] 
80.938: [GC (Allocation Failure) [PSYoungGen: 12468K->4258K(14336K)] 33066K->24863K(45056K), 0.0007363 secs] [Times: user=0.00 sys=0.00, real=0.00 secs] 
81.000: [GC (Allocation Failure) [PSYoungGen: 11412K->3201K(14336K)] 32018K->23815K(45056K), 0.0007237 secs] [Times: user=0.00 sys=0.00, real=0.00 secs] 
81.002: [GC (Allocation Failure) [PSYoungGen: 10356K->2145K(14336K)] 30969K->22774K(45056K), 0.0005648 secs] [Times: user=0.00 sys=0.00, real=0.00 secs] 
81.047: [GC (Allocation Failure) [PSYoungGen: 9299K->1088K(14336K)] 29929K->21734K(45056K), 0.0008378 secs] [Times: user=0.00 sys=0.00, real=0.00 secs] 
81.048: [GC (Allocation Failure) [PSYoungGen: 8242K->7139K(14336K)] 28888K->28825K(45056K), 0.0009292 secs] [Times: user=0.00 sys=0.00, real=0.00 secs] 
81.094: [GC (Allocation Failure) [PSYoungGen: 14293K->7139K(14336K)] 35980K->28857K(45056K), 0.0010826 secs] [Times: user=0.00 sys=0.00, real=0.00 secs] 
81.095: [GC (Allocation Failure) [PSYoungGen: 14294K->6114K(14336K)] 36012K->27841K(45056K), 0.0009076 secs] [Times: user=0.00 sys=0.00, real=0.00 secs] 
81.140: [GC (Allocation Failure) [PSYoungGen: 13273K->2881K(14336K)] 34999K->24623K(45056K), 0.0007128 secs] [Times: user=0.00 sys=0.00, real=0.00 secs] 
81.188: [GC (Allocation Failure) [PSYoungGen: 10035K->1792K(14336K)] 31777K->23543K(45056K), 0.0008196 secs] [Times: user=0.00 sys=0.00, real=0.00 secs] 
81.189: [GC (Allocation Failure) [PSYoungGen: 8947K->736K(14336K)] 30697K->22502K(45056K), 0.0004273 secs] [Times: user=0.00 sys=0.00, real=0.00 secs] 
81.190: [GC (Allocation Failure) [PSYoungGen: 7890K->7139K(14336K)] 29656K->29593K(45056K), 0.0010280 secs] [Times: user=0.00 sys=0.00, real=0.00 secs] 
81.251: [GC (Allocation Failure) [PSYoungGen: 14293K->6819K(14336K)] 36748K->29273K(45056K), 0.0010838 secs] [Times: user=0.00 sys=0.00, real=0.00 secs] 
81.298: [GC (Allocation Failure) [PSYoungGen: 13973K->5762K(14336K)] 36428K->28225K(45056K), 0.0007655 secs] [Times: user=0.00 sys=0.00, real=0.00 secs] 
81.299: [GC (Allocation Failure) [PSYoungGen: 12917K->4706K(14336K)] 35379K->27184K(45056K), 0.0007140 secs] [Times: user=0.00 sys=0.00, real=0.00 secs] 
81.345: [GC (Allocation Failure) [PSYoungGen: 11860K->3649K(14336K)] 34339K->26144K(45056K), 0.0007696 secs] [Times: user=0.00 sys=0.00, real=0.00 secs] 
81.392: [GC (Allocation Failure) [PSYoungGen: 10787K->1568K(14336K)] 33281K->24071K(45056K), 0.0006793 secs] [Times: user=0.00 sys=0.00, real=0.00 secs] 
81.393: [GC (Allocation Failure) [PSYoungGen: 8723K->480K(14336K)] 31225K->22998K(45056K), 0.0008681 secs] [Times: user=0.00 sys=0.00, real=0.00 secs] 
81.394: [GC (Allocation Failure) [PSYoungGen: 7634K->7139K(14336K)] 30153K->30090K(45056K), 0.0011528 secs] [Times: user=0.00 sys=0.00, real=0.00 secs] 
81.439: [GC (Allocation Failure) [PSYoungGen: 14293K->6563K(14336K)] 37244K->29513K(45056K), 0.0012895 secs] [Times: user=0.00 sys=0.00, real=0.00 secs] 
81.486: [GC (Allocation Failure) [PSYoungGen: 13717K->5506K(14336K)] 36668K->28473K(45056K), 0.0007172 secs] [Times: user=0.00 sys=0.00, real=0.00 secs] 
81.487: [GC (Allocation Failure) [PSYoungGen: 12661K->4450K(14336K)] 35627K->27424K(45056K), 0.0008323 secs] [Times: user=0.00 sys=0.00, real=0.00 secs] 
81.547: [GC (Allocation Failure) [PSYoungGen: 11604K->3393K(14336K)] 34579K->26376K(45056K), 0.0005522 secs] [Times: user=0.00 sys=0.00, real=0.00 secs] 
81.594: [GC (Allocation Failure) [PSYoungGen: 10548K->2337K(14336K)] 33530K->25335K(45056K), 0.0004763 secs] [Times: user=0.00 sys=0.00, real=0.00 secs] 
81.595: [GC (Allocation Failure) [PSYoungGen: 9491K->1280K(14336K)] 32490K->24287K(45056K), 0.0006091 secs] [Times: user=0.00 sys=0.00, real=0.00 secs] 
81.596: [GC (Allocation Failure) [PSYoungGen: 8442K->288K(14336K)] 31448K->23302K(45056K), 0.0004295 secs] [Times: user=0.00 sys=0.00, real=0.00 secs] 
81.639: [GC (Allocation Failure) [PSYoungGen: 7453K->5858K(14336K)] 30468K->28889K(45056K), 0.0009087 secs] [Times: user=0.00 sys=0.00, real=0.00 secs] 
81.686: [GC (Allocation Failure) [PSYoungGen: 13013K->4770K(14336K)] 36044K->27816K(45056K), 0.0008604 secs] [Times: user=0.00 sys=0.00, real=0.00 secs] 
81.688: [GC (Allocation Failure) [PSYoungGen: 11924K->3681K(14336K)] 34971K->26736K(45056K), 0.0006999 secs] [Times: user=0.00 sys=0.00, real=0.00 secs] 
81.750: [GC (Allocation Failure) [PSYoungGen: 10836K->2657K(14336K)] 33890K->25719K(45056K), 0.0005805 secs] [Times: user=0.00 sys=0.00, real=0.00 secs] 
81.797: [GC (Allocation Failure) [PSYoungGen: 9811K->1600K(14336K)] 32874K->24679K(45056K), 0.0006083 secs] [Times: user=0.00 sys=0.00, real=0.00 secs] 
81.798: [GC (Allocation Failure) [PSYoungGen: 8755K->544K(14336K)] 31833K->23630K(45056K), 0.0003741 secs] [Times: user=0.00 sys=0.00, real=0.00 secs] 
81.799: [GC (Allocation Failure) [PSYoungGen: 7698K->7139K(14336K)] 30785K->30722K(45056K), 0.0011894 secs] [Times: user=0.00 sys=0.00, real=0.00 secs] 
81.844: [GC (Allocation Failure) [PSYoungGen: 14293K->6627K(14336K)] 37876K->30210K(45056K), 0.0018465 secs] [Times: user=0.00 sys=0.00, real=0.00 secs] 
81.890: [GC (Allocation Failure) [PSYoungGen: 13770K->4033K(14336K)] 37353K->27632K(45056K), 0.0007486 secs] [Times: user=0.00 sys=0.00, real=0.00 secs] 
81.892: [GC (Allocation Failure) [PSYoungGen: 11188K->2945K(14336K)] 34787K->26552K(45056K), 0.0005234 secs] [Times: user=0.00 sys=0.00, real=0.00 secs] 
81.938: [GC (Allocation Failure) [PSYoungGen: 10099K->1888K(14336K)] 33706K->25503K(45056K), 0.0005615 secs] [Times: user=0.00 sys=0.00, real=0.00 secs] 
82.000: [GC (Allocation Failure) [PSYoungGen: 9043K->832K(14336K)] 32658K->24455K(45056K), 0.0005333 secs] [Times: user=0.00 sys=0.00, real=0.00 secs] 
82.001: [GC (Allocation Failure) [PSYoungGen: 7986K->7139K(14336K)] 31609K->31546K(45056K), 0.0010266 secs] [Times: user=0.00 sys=0.00, real=0.00 secs] 
82.003: [GC (Allocation Failure) [PSYoungGen: 14293K->6915K(14336K)] 38701K->31322K(45056K), 0.0009484 secs] [Times: user=0.00 sys=0.00, real=0.00 secs] 
82.047: [GC (Allocation Failure) [PSYoungGen: 14069K->5858K(14336K)] 38477K->30282K(45056K), 0.0009630 secs] [Times: user=0.00 sys=0.00, real=0.00 secs] 
82.093: [GC (Allocation Failure) [PSYoungGen: 13013K->4802K(14336K)] 37436K->29233K(45056K), 0.0008672 secs] [Times: user=0.00 sys=0.00, real=0.00 secs] 
82.094: [GC (Allocation Failure) [PSYoungGen: 11942K->3105K(14336K)] 36373K->27544K(45056K), 0.0004611 secs] [Times: user=0.00 sys=0.00, real=0.00 secs] 
82.140: [GC (Allocation Failure) [PSYoungGen: 10243K->960K(14336K)] 34682K->25407K(45056K), 0.0006043 secs] [Times: user=0.00 sys=0.00, real=0.00 secs] 
82.141: [GC (Allocation Failure) [PSYoungGen: 8114K->7139K(14336K)] 32561K->32507K(45056K), 0.0010709 secs] [Times: user=0.00 sys=0.00, real=0.00 secs] 
82.187: [GC (Allocation Failure) [PSYoungGen: 14293K->7043K(14336K)] 39661K->32411K(45056K), 0.0009270 secs] [Times: user=0.00 sys=0.00, real=0.00 secs] 
82.189: [GC (Allocation Failure) [PSYoungGen: 14197K->5986K(14336K)] 39565K->31370K(45056K), 0.0009661 secs] [Times: user=0.00 sys=0.00, real=0.00 secs] 
82.250: [GC (Allocation Failure) [PSYoungGen: 13141K->4930K(14336K)] 38525K->30322K(45056K), 0.0009349 secs] [Times: user=0.00 sys=0.00, real=0.00 secs] 
82.297: [GC (Allocation Failure) [PSYoungGen: 12084K->3873K(14336K)] 37476K->29281K(45056K), 0.0006092 secs] [Times: user=0.00 sys=0.00, real=0.00 secs] 
82.299: [GC (Allocation Failure) [PSYoungGen: 11028K->2817K(14336K)] 36436K->28233K(45056K), 0.0005956 secs] [Times: user=0.00 sys=0.00, real=0.00 secs] 
82.344: [GC (Allocation Failure) [PSYoungGen: 9955K->736K(14336K)] 35370K->26160K(45056K), 0.0005875 secs] [Times: user=0.00 sys=0.00, real=0.00 secs] 
82.345: [GC (Allocation Failure) [PSYoungGen: 7890K->7139K(14336K)] 33314K->33219K(45056K), 0.0010285 secs] [Times: user=0.00 sys=0.00, real=0.00 secs] 
82.391: [GC (Allocation Failure) [PSYoungGen: 14293K->6787K(14336K)] 40373K->32867K(45056K), 0.0009698 secs] [Times: user=0.00 sys=0.00, real=0.00 secs] 
82.393: [GC (Allocation Failure) [PSYoungGen: 13941K->5730K(14336K)] 40021K->31818K(45056K), 0.0008611 secs] [Times: user=0.00 sys=0.00, real=0.00 secs] 
82.438: [GC (Allocation Failure) [PSYoungGen: 12885K->4674K(14336K)] 38973K->30778K(45056K), 0.0008937 secs] [Times: user=0.00 sys=0.00, real=0.00 secs] 
82.501: [GC (Allocation Failure) [PSYoungGen: 11828K->3617K(14336K)] 37932K->29729K(45056K), 0.0009271 secs] [Times: user=0.00 sys=0.00, real=0.00 secs] 
82.502: [GC (Allocation Failure) [PSYoungGen: 10772K->2561K(14336K)] 36884K->28689K(45056K), 0.0006245 secs] [Times: user=0.00 sys=0.00, real=0.00 secs] 
82.547: [GC (Allocation Failure) [PSYoungGen: 9715K->1504K(14336K)] 35843K->27648K(45056K), 0.0008362 secs] [Times: user=0.00 sys=0.00, real=0.00 secs] 
82.594: [GC (Allocation Failure) [PSYoungGen: 8659K->448K(14336K)] 34803K->26608K(45056K), 0.0007148 secs] [Times: user=0.00 sys=0.00, real=0.00 secs] 
82.595: [GC (Allocation Failure) [PSYoungGen: 7602K->7139K(14336K)] 33762K->33699K(45056K), 0.0009943 secs] [Times: user=0.00 sys=0.00, real=0.00 secs] 
82.596: [GC (Allocation Failure) [PSYoungGen: 14293K->6531K(14336K)] 40854K->33091K(45056K), 0.0009389 secs] [Times: user=0.00 sys=0.00, real=0.00 secs] 
82.641: [GC (Allocation Failure) [PSYoungGen: 13683K->3425K(14336K)] 40243K->30001K(45056K), 0.0019038 secs] [Times: user=0.00 sys=0.00, real=0.00 secs] 
82.688: [GC (Allocation Failure) [PSYoungGen: 10579K->2337K(14336K)] 37156K->28929K(45056K), 0.0008555 secs] [Times: user=0.00 sys=0.00, real=0.00 secs] 
82.689: [GC (Allocation Failure) [PSYoungGen: 9491K->1280K(14336K)] 36083K->27888K(45056K), 0.0005746 secs] [Times: user=0.00 sys=0.00, real=0.00 secs] 
82.751: [GC (Allocation Failure) [PSYoungGen: 8435K->224K(14336K)] 35043K->26848K(45056K), 0.0005183 secs] [Times: user=0.00 sys=0.00, real=0.00 secs] 
82.752: [GC (Allocation Failure) [PSYoungGen: 7378K->7139K(14336K)] 34002K->33939K(45056K), 0.0009171 secs] [Times: user=0.00 sys=0.00, real=0.00 secs] 
82.797: [GC (Allocation Failure) [PSYoungGen: 14293K->6307K(14336K)] 41094K->33107K(45056K), 0.0008615 secs] [Times: user=0.00 sys=0.00, real=0.00 secs] 
82.799: [GC (Allocation Failure) [PSYoungGen: 13461K->5250K(14336K)] 40261K->32066K(45056K), 0.0008211 secs] [Times: user=0.00 sys=0.00, real=0.00 secs] 
82.843: [GC (Allocation Failure) [PSYoungGen: 12405K->4194K(14336K)] 39221K->31026K(45056K), 0.0007663 secs] [Times: user=0.00 sys=0.00, real=0.00 secs] 
82.890: [GC (Allocation Failure) [PSYoungGen: 11331K->2080K(14336K)] 38164K->28921K(45056K), 0.0008198 secs] [Times: user=0.00 sys=0.00, real=0.00 secs] 
82.891: [GC (Allocation Failure) [PSYoungGen: 9235K->1024K(14336K)] 36075K->27880K(45056K), 0.0004460 secs] [Times: user=0.00 sys=0.00, real=0.00 secs] 
82.892: [GC (Allocation Failure) [PSYoungGen: 8178K->7139K(14336K)] 35035K->34972K(45056K), 0.0011202 secs] [Times: user=0.00 sys=0.00, real=0.00 secs] 
82.937: [GC (Allocation Failure) [PSYoungGen: 14293K->7107K(14336K)] 42126K->34940K(45056K), 0.0009002 secs] [Times: user=0.00 sys=0.00, real=0.00 secs] 
82.999: [GC (Allocation Failure) [PSYoungGen: 14261K->6050K(14336K)] 42094K->33891K(45056K), 0.0007688 secs] [Times: user=0.00 sys=0.00, real=0.00 secs] 
83.000: [GC (Allocation Failure) [PSYoungGen: 13205K->4994K(14336K)] 41046K->32851K(45056K), 0.0007836 secs] [Times: user=0.00 sys=0.00, real=0.00 secs] 
83.045: [GC (Allocation Failure) [PSYoungGen: 12148K->3937K(14336K)] 40005K->31802K(45056K), 0.0007134 secs] [Times: user=0.00 sys=0.00, real=0.00 secs] 
83.092: [GC (Allocation Failure) [PSYoungGen: 11092K->2881K(14336K)] 38957K->30762K(45056K), 0.0007056 secs] [Times: user=0.00 sys=0.00, real=0.00 secs] 
83.093: [GC (Allocation Failure) [PSYoungGen: 10035K->1824K(14336K)] 37916K->29713K(45056K), 0.0005033 secs] [Times: user=0.00 sys=0.00, real=0.00 secs] 
83.094: [GC (Allocation Failure) [PSYoungGen: 8987K->992K(14336K)] 36875K->28896K(45056K), 0.0006378 secs] [Times: user=0.00 sys=0.00, real=0.00 secs] 
83.139: [GC (Allocation Failure) [PSYoungGen: 8155K->6243K(14336K)] 36060K->34155K(45056K), 0.0008817 secs] [Times: user=0.00 sys=0.00, real=0.00 secs] 
83.187: [GC (Allocation Failure) [PSYoungGen: 13397K->5186K(14336K)] 41310K->33107K(45056K), 0.0011066 secs] [Times: user=0.00 sys=0.00, real=0.00 secs] 
83.188: [GC (Allocation Failure) [PSYoungGen: 12340K->4129K(14336K)] 40261K->32058K(45056K), 0.0009399 secs] [Times: user=0.00 sys=0.00, real=0.00 secs] 
83.250: [GC (Allocation Failure) [PSYoungGen: 11284K->3073K(14336K)] 39213K->31018K(45056K), 0.0006497 secs] [Times: user=0.00 sys=0.00, real=0.00 secs] 
83.297: [GC (Allocation Failure) [PSYoungGen: 10227K->2016K(14336K)] 38172K->29969K(45056K), 0.0008759 secs] [Times: user=0.00 sys=0.00, real=0.00 secs] 
83.298: [GC (Allocation Failure) [PSYoungGen: 9171K->960K(14336K)] 37124K->28929K(45056K), 0.0005222 secs] [Times: user=0.00 sys=0.00, real=0.00 secs] 
83.299: [GC (Allocation Failure) [PSYoungGen: 8114K->7139K(14336K)] 36083K->36020K(45056K), 0.0010229 secs] [Times: user=0.00 sys=0.00, real=0.00 secs] 
83.343: [GC (Allocation Failure) [PSYoungGen: 14293K->7043K(14336K)] 43175K->35924K(45056K), 0.0011403 secs] [Times: user=0.00 sys=0.00, real=0.00 secs] 
83.390: [GC (Allocation Failure) [PSYoungGen: 14183K->4450K(14336K)] 43064K->33347K(45056K), 0.0007802 secs] [Times: user=0.00 sys=0.00, real=0.00 secs] 
83.391: [GC (Allocation Failure) [PSYoungGen: 11604K->3361K(14336K)] 40501K->32274K(45056K), 0.0006155 secs] [Times: user=0.00 sys=0.00, real=0.00 secs] 
83.438: [GC (Allocation Failure) [PSYoungGen: 10515K->2305K(14336K)] 39429K->31226K(45056K), 0.0009305 secs] [Times: user=0.00 sys=0.00, real=0.00 secs] 
83.500: [GC (Allocation Failure) [PSYoungGen: 9459K->1248K(14336K)] 38380K->30185K(45056K), 0.0007114 secs] [Times: user=0.00 sys=0.00, real=0.00 secs] 
83.501: [GC (Allocation Failure) [PSYoungGen: 8403K->192K(14336K)] 37340K->29137K(45056K), 0.0005284 secs] [Times: user=0.00 sys=0.00, real=0.00 secs] 
83.502: [GC (Allocation Failure) [PSYoungGen: 7346K->7139K(14336K)] 36291K->36228K(45056K), 0.0009762 secs] [Times: user=0.00 sys=0.00, real=0.00 secs] 
83.548: [GC (Allocation Failure) [PSYoungGen: 14293K->6275K(14336K)] 43383K->35364K(45056K), 0.0007798 secs] [Times: user=0.00 sys=0.00, real=0.00 secs] 
83.594: [GC (Allocation Failure) [PSYoungGen: 13429K->5218K(14336K)] 42518K->34315K(45056K), 0.0007588 secs] [Times: user=0.00 sys=0.00, real=0.00 secs] 
83.595: [GC (Allocation Failure) [PSYoungGen: 12373K->4162K(14336K)] 41470K->33275K(45056K), 0.0008042 secs] [Times: user=0.00 sys=0.00, real=0.00 secs] 
83.640: [GC (Allocation Failure) [PSYoungGen: 11305K->1600K(14336K)] 40418K->30722K(45056K), 0.0006591 secs] [Times: user=0.00 sys=0.00, real=0.00 secs] 
83.687: [GC (Allocation Failure) [PSYoungGen: 8755K->480K(14336K)] 37876K->29625K(45056K), 0.0005131 secs] [Times: user=0.00 sys=0.00, real=0.00 secs] 
83.688: [GC (Allocation Failure) [PSYoungGen: 7634K->7139K(14336K)] 36779K->36716K(45056K), 0.0011417 secs] [Times: user=0.00 sys=0.00, real=0.00 secs] 
83.690: [GC (Allocation Failure) [PSYoungGen: 14293K->6563K(14336K)] 43871K->36140K(45056K), 0.0008795 secs] [Times: user=0.00 sys=0.00, real=0.00 secs] 
83.749: [GC (Allocation Failure) [PSYoungGen: 13717K->5506K(14336K)] 43295K->35100K(45056K), 0.0008919 secs] [Times: user=0.00 sys=0.00, real=0.00 secs] 
83.797: [GC (Allocation Failure) [PSYoungGen: 12661K->4450K(14336K)] 42254K->34059K(45056K), 0.0006089 secs] [Times: user=0.00 sys=0.00, real=0.00 secs] 
83.798: [GC (Allocation Failure) [PSYoungGen: 11604K->3393K(14336K)] 41214K->33019K(45056K), 0.0007239 secs] [Times: user=0.00 sys=0.00, real=0.00 secs] 
83.844: [GC (Allocation Failure) [PSYoungGen: 10548K->2337K(14336K)] 40173K->31978K(45056K), 0.0006215 secs] [Times: user=0.00 sys=0.00, real=0.00 secs] 
83.891: [GC (Allocation Failure) [PSYoungGen: 9505K->288K(14336K)] 39146K->29945K(45056K), 0.0006371 secs] [Times: user=0.00 sys=0.00, real=0.00 secs] 
83.893: [GC (Allocation Failure) [PSYoungGen: 7442K->7139K(14336K)] 37100K->37013K(45056K), 0.0011428 secs] [Times: user=0.00 sys=0.00, real=0.00 secs] 
83.894: [GC (Allocation Failure) [PSYoungGen: 14293K->6339K(14336K)] 44167K->36212K(45056K), 0.0008958 secs] [Times: user=0.00 sys=0.00, real=0.00 secs] 
83.938: [GC (Allocation Failure) [PSYoungGen: 13493K->5282K(14336K)] 43366K->35172K(45056K), 0.0011584 secs] [Times: user=0.00 sys=0.00, real=0.00 secs] 
83.986: [GC (Allocation Failure) [PSYoungGen: 12436K->4226K(14336K)] 42326K->34131K(45056K), 0.0008393 secs] [Times: user=0.00 sys=0.00, real=0.00 secs] 
83.987: [GC (Allocation Failure) [PSYoungGen: 11380K->3169K(14336K)] 41286K->33091K(45056K), 0.0005145 secs] [Times: user=0.00 sys=0.00, real=0.00 secs] 
84.049: [GC (Allocation Failure) [PSYoungGen: 10323K->2113K(14336K)] 40245K->32042K(45056K), 0.0006744 secs] [Times: user=0.00 sys=0.00, real=0.00 secs] 
84.096: [GC (Allocation Failure) [PSYoungGen: 9267K->1056K(14336K)] 39197K->30994K(45056K), 0.0006430 secs] [Times: user=0.00 sys=0.00, real=0.00 secs] 
84.097: [GC (Allocation Failure) [PSYoungGen: 8210K->7139K(14336K)] 38148K->38085K(46080K), 0.0010245 secs] [Times: user=0.00 sys=0.00, real=0.00 secs] 
84.099: [GC (Allocation Failure) [PSYoungGen: 14276K->5474K(14336K)] 45222K->36420K(46080K), 0.0008402 secs] [Times: user=0.00 sys=0.00, real=0.00 secs] 
84.142: [GC (Allocation Failure) [PSYoungGen: 12622K->3873K(14336K)] 43568K->34843K(46080K), 0.0005546 secs] [Times: user=0.00 sys=0.00, real=0.00 secs] 
84.190: [GC (Allocation Failure) [PSYoungGen: 11028K->2785K(14336K)] 41998K->33771K(46080K), 0.0009139 secs] [Times: user=0.00 sys=0.00, real=0.00 secs] 
84.191: [GC (Allocation Failure) [PSYoungGen: 9939K->1728K(14336K)] 40925K->32730K(46080K), 0.0007095 secs] [Times: user=0.00 sys=0.00, real=0.00 secs] 
84.237: [GC (Allocation Failure) [PSYoungGen: 8883K->672K(14336K)] 39885K->31690K(46080K), 0.0005224 secs] [Times: user=0.00 sys=0.00, real=0.00 secs] 
84.238: [GC (Allocation Failure) [PSYoungGen: 7826K->7139K(14336K)] 38844K->38781K(46080K), 0.0011465 secs] [Times: user=0.00 sys=0.00, real=0.00 secs] 
84.239: [Full GC (Ergonomics) [PSYoungGen: 7139K->0K(14336K)] [ParOldGen: 31642K->8868K(31744K)] 38781K->8868K(46080K), [Metaspace: 2892K->2892K(1056768K)], 0.0022020 secs] [Times: user=0.02 sys=0.00, real=0.00 secs] 
84.300: [GC (Allocation Failure) [PSYoungGen: 7154K->6755K(14336K)] 16022K->15623K(46080K), 0.0008804 secs] [Times: user=0.00 sys=0.00, real=0.00 secs] 
84.302: [GC (Allocation Failure) [PSYoungGen: 13908K->5698K(14336K)] 22776K->14574K(46080K), 0.0008157 secs] [Times: user=0.00 sys=0.00, real=0.00 secs] 
84.348: [GC (Allocation Failure) [PSYoungGen: 12866K->3617K(14336K)] 21742K->12509K(46080K), 0.0006317 secs] [Times: user=0.00 sys=0.00, real=0.00 secs] 
84.394: [GC (Allocation Failure) [PSYoungGen: 10771K->2561K(14336K)] 19663K->11461K(46080K), 0.0008577 secs] [Times: user=0.00 sys=0.00, real=0.00 secs] 
84.396: [GC (Allocation Failure) [PSYoungGen: 9715K->1504K(14336K)] 18615K->10412K(46080K), 0.0005024 secs] [Times: user=0.00 sys=0.00, real=0.00 secs] 
84.441: [GC (Allocation Failure) [PSYoungGen: 8658K->448K(14336K)] 17567K->9372K(46080K), 0.0005945 secs] [Times: user=0.00 sys=0.00, real=0.00 secs] 
84.442: [GC (Allocation Failure) [PSYoungGen: 7602K->7139K(14336K)] 16526K->16463K(46080K), 0.0011466 secs] [Times: user=0.02 sys=0.00, real=0.00 secs] 
84.489: [GC (Allocation Failure) [PSYoungGen: 14293K->6531K(14336K)] 23618K->15855K(46080K), 0.0007554 secs] [Times: user=0.00 sys=0.00, real=0.00 secs] 
84.490: [GC (Allocation Failure) [PSYoungGen: 13685K->5474K(14336K)] 23009K->14807K(46080K), 0.0008227 secs] [Times: user=0.00 sys=0.00, real=0.00 secs] 
84.536: [GC (Allocation Failure) [PSYoungGen: 12629K->4418K(14336K)] 21961K->13766K(46080K), 0.0009181 secs] [Times: user=0.00 sys=0.00, real=0.00 secs] 
84.599: [GC (Allocation Failure) [PSYoungGen: 11572K->3361K(14336K)] 20920K->12717K(46080K), 0.0008128 secs] [Times: user=0.00 sys=0.00, real=0.00 secs] 
84.600: [GC (Allocation Failure) [PSYoungGen: 10516K->2305K(14336K)] 19872K->11669K(46080K), 0.0007041 secs] [Times: user=0.00 sys=0.00, real=0.00 secs] 
84.602: [GC (Allocation Failure) [PSYoungGen: 9469K->960K(14336K)] 18834K->10332K(46080K), 0.0004835 secs] [Times: user=0.00 sys=0.00, real=0.00 secs] 
84.647: [GC (Allocation Failure) [PSYoungGen: 8113K->6851K(14336K)] 17486K->16239K(46080K), 0.0008653 secs] [Times: user=0.02 sys=0.00, real=0.00 secs] 
84.693: [GC (Allocation Failure) [PSYoungGen: 14005K->5794K(14336K)] 23394K->15191K(46080K), 0.0010483 secs] [Times: user=0.08 sys=0.00, real=0.00 secs] 
84.695: [GC (Allocation Failure) [PSYoungGen: 12949K->4738K(14336K)] 22345K->14142K(46080K), 0.0011160 secs] [Times: user=0.00 sys=0.00, real=0.00 secs] 
84.739: [GC (Allocation Failure) [PSYoungGen: 11892K->3681K(14336K)] 21297K->13102K(46080K), 0.0007082 secs] [Times: user=0.01 sys=0.00, real=0.00 secs] 
84.786: [GC (Allocation Failure) [PSYoungGen: 10836K->2625K(14336K)] 20256K->12053K(46080K), 0.0007103 secs] [Times: user=0.00 sys=0.00, real=0.00 secs] 
84.787: [GC (Allocation Failure) [PSYoungGen: 9779K->1568K(14336K)] 19208K->11005K(46080K), 0.0004978 secs] [Times: user=0.00 sys=0.00, real=0.00 secs] 
84.849: [GC (Allocation Failure) [PSYoungGen: 8723K->512K(14336K)] 18159K->9956K(46080K), 0.0005676 secs] [Times: user=0.00 sys=0.00, real=0.00 secs] 
84.850: [GC (Allocation Failure) [PSYoungGen: 7666K->7139K(14336K)] 17111K->17048K(46080K), 0.0011052 secs] [Times: user=0.00 sys=0.00, real=0.00 secs] 
84.897: [GC (Allocation Failure) [PSYoungGen: 14295K->5058K(14336K)] 24204K->14967K(46080K), 0.0008670 secs] [Times: user=0.00 sys=0.00, real=0.00 secs] 
84.898: [GC (Allocation Failure) [PSYoungGen: 12213K->3969K(14336K)] 22121K->13894K(46080K), 0.0006737 secs] [Times: user=0.00 sys=0.00, real=0.00 secs] 
84.943: [GC (Allocation Failure) [PSYoungGen: 11124K->2913K(14336K)] 21048K->12845K(46080K), 0.0008142 secs] [Times: user=0.00 sys=0.00, real=0.00 secs] 
84.990: [GC (Allocation Failure) [PSYoungGen: 10067K->1856K(14336K)] 20000K->11797K(46080K), 0.0005152 secs] [Times: user=0.00 sys=0.00, real=0.00 secs] 
84.991: [GC (Allocation Failure) [PSYoungGen: 9011K->800K(14336K)] 18951K->10748K(46080K), 0.0004944 secs] [Times: user=0.00 sys=0.00, real=0.00 secs] 
84.992: [GC (Allocation Failure) [PSYoungGen: 7954K->7139K(14336K)] 17903K->17840K(46080K), 0.0011586 secs] [Times: user=0.00 sys=0.00, real=0.00 secs] 
85.039: [GC (Allocation Failure) [PSYoungGen: 14293K->6883K(14336K)] 24994K->17584K(46080K), 0.0012139 secs] [Times: user=0.00 sys=0.00, real=0.00 secs] 
85.100: [GC (Allocation Failure) [PSYoungGen: 14037K->5826K(14336K)] 24738K->16535K(46080K), 0.0008557 secs] [Times: user=0.00 sys=0.00, real=0.00 secs] 
85.102: [GC (Allocation Failure) [PSYoungGen: 12981K->4770K(14336K)] 23690K->15495K(46080K), 0.0007725 secs] [Times: user=0.00 sys=0.00, real=0.00 secs] 
85.147: [GC (Allocation Failure) [PSYoungGen: 11914K->2016K(14336K)] 22639K->12749K(46080K), 0.0004966 secs] [Times: user=0.00 sys=0.00, real=0.00 secs] 
85.193: [GC (Allocation Failure) [PSYoungGen: 9171K->960K(14336K)] 19904K->11701K(46080K), 0.0010494 secs] [Times: user=0.02 sys=0.00, real=0.00 secs] 
85.194: [GC (Allocation Failure) [PSYoungGen: 8114K->7139K(14336K)] 18855K->18792K(46080K), 0.0011174 secs] [Times: user=0.00 sys=0.00, real=0.00 secs] 
85.196: [GC (Allocation Failure) [PSYoungGen: 14293K->7043K(14336K)] 25947K->18696K(46080K), 0.0010746 secs] [Times: user=0.00 sys=0.00, real=0.00 secs] 
85.241: [GC (Allocation Failure) [PSYoungGen: 14197K->5986K(14336K)] 25851K->17648K(46080K), 0.0011482 secs] [Times: user=0.00 sys=0.00, real=0.00 secs] 
85.287: [GC (Allocation Failure) [PSYoungGen: 13141K->4930K(14336K)] 24802K->16599K(46080K), 0.0009715 secs] [Times: user=0.00 sys=0.00, real=0.00 secs] 
85.288: [GC (Allocation Failure) [PSYoungGen: 12084K->3841K(14336K)] 23754K->15527K(46080K), 0.0008060 secs] [Times: user=0.00 sys=0.00, real=0.00 secs] 
85.350: [GC (Allocation Failure) [PSYoungGen: 10996K->2817K(14336K)] 22681K->14510K(46080K), 0.0008675 secs] [Times: user=0.00 sys=0.00, real=0.00 secs] 
85.396: [GC (Allocation Failure) [PSYoungGen: 9955K->704K(14336K)] 21648K->12405K(46080K), 0.0008015 secs] [Times: user=0.00 sys=0.00, real=0.00 secs] 
85.397: [GC (Allocation Failure) [PSYoungGen: 7858K->7139K(14336K)] 19560K->19497K(46080K), 0.0009356 secs] [Times: user=0.00 sys=0.00, real=0.00 secs] 
85.399: [GC (Allocation Failure) [PSYoungGen: 14293K->6787K(14336K)] 26651K->19144K(46080K), 0.0009560 secs] [Times: user=0.00 sys=0.00, real=0.00 secs] 
85.443: [GC (Allocation Failure) [PSYoungGen: 13941K->5730K(14336K)] 26299K->18104K(46080K), 0.0010279 secs] [Times: user=0.06 sys=0.00, real=0.00 secs] 
85.489: [GC (Allocation Failure) [PSYoungGen: 12885K->4674K(14336K)] 25258K->17063K(46080K), 0.0009375 secs] [Times: user=0.00 sys=0.00, real=0.00 secs] 
85.491: [GC (Allocation Failure) [PSYoungGen: 11828K->3617K(14336K)] 24218K->16023K(46080K), 0.0012392 secs] [Times: user=0.00 sys=0.00, real=0.00 secs] 
85.551: [GC (Allocation Failure) [PSYoungGen: 10772K->2561K(14336K)] 23177K->14982K(46080K), 0.0006946 secs] [Times: user=0.00 sys=0.00, real=0.00 secs] 
85.597: [GC (Allocation Failure) [PSYoungGen: 9715K->1504K(14336K)] 22137K->13942K(46080K), 0.0007200 secs] [Times: user=0.00 sys=0.00, real=0.00 secs] 
85.598: [GC (Allocation Failure) [PSYoungGen: 8666K->576K(14336K)] 21104K->13029K(46080K), 0.0003676 secs] [Times: user=0.00 sys=0.00, real=0.00 secs] 
85.599: [GC (Allocation Failure) [PSYoungGen: 7741K->6050K(14336K)] 20194K->18512K(46080K), 0.0009497 secs] [Times: user=0.03 sys=0.00, real=0.00 secs] 
85.644: [GC (Allocation Failure) [PSYoungGen: 13199K->4450K(14336K)] 25660K->16919K(46080K), 0.0007177 secs] [Times: user=0.00 sys=0.00, real=0.00 secs] 
85.691: [GC (Allocation Failure) [PSYoungGen: 11604K->3393K(14336K)] 24074K->15879K(46080K), 0.0007419 secs] [Times: user=0.00 sys=0.00, real=0.00 secs] 
85.692: [GC (Allocation Failure) [PSYoungGen: 10547K->2337K(14336K)] 23033K->14838K(46080K), 0.0005458 secs] [Times: user=0.00 sys=0.00, real=0.00 secs] 
85.738: [GC (Allocation Failure) [PSYoungGen: 9491K->1280K(14336K)] 21993K->13790K(46080K), 0.0006246 secs] [Times: user=0.00 sys=0.00, real=0.00 secs] 
85.800: [GC (Allocation Failure) [PSYoungGen: 8434K->224K(14336K)] 20944K->12741K(46080K), 0.0005729 secs] [Times: user=0.00 sys=0.00, real=0.00 secs] 
85.801: [GC (Allocation Failure) [PSYoungGen: 7378K->7139K(14336K)] 19896K->19833K(46080K), 0.0011168 secs] [Times: user=0.00 sys=0.00, real=0.00 secs] 
85.803: [GC (Allocation Failure) [PSYoungGen: 14293K->6307K(14336K)] 26987K->19000K(46080K), 0.0010559 secs] [Times: user=0.00 sys=0.00, real=0.00 secs] 
85.848: [GC (Allocation Failure) [PSYoungGen: 13444K->4226K(14336K)] 26138K->16927K(46080K), 0.0006076 secs] [Times: user=0.00 sys=0.00, real=0.00 secs] 
85.894: [GC (Allocation Failure) [PSYoungGen: 11380K->3137K(14336K)] 24082K->15855K(46080K), 0.0005488 secs] [Times: user=0.00 sys=0.00, real=0.00 secs] 
85.895: [GC (Allocation Failure) [PSYoungGen: 10291K->2080K(14336K)] 23009K->14806K(46080K), 0.0005429 secs] [Times: user=0.00 sys=0.00, real=0.00 secs] 
85.941: [GC (Allocation Failure) [PSYoungGen: 9235K->992K(14336K)] 21961K->13726K(46080K), 0.0008240 secs] [Times: user=0.00 sys=0.00, real=0.00 secs] 
85.943: [GC (Allocation Failure) [PSYoungGen: 8146K->7139K(14336K)] 20880K->20849K(46080K), 0.0015342 secs] [Times: user=0.03 sys=0.02, real=0.00 secs] 
85.990: [GC (Allocation Failure) [PSYoungGen: 14293K->7107K(14336K)] 28004K->20817K(46080K), 0.0014613 secs] [Times: user=0.02 sys=0.00, real=0.00 secs] 
85.992: [GC (Allocation Failure) [PSYoungGen: 14261K->6050K(14336K)] 27972K->19769K(46080K), 0.0007776 secs] [Times: user=0.00 sys=0.00, real=0.00 secs] 
86.051: [GC (Allocation Failure) [PSYoungGen: 13205K->4994K(14336K)] 26923K->18720K(46080K), 0.0010065 secs] [Times: user=0.00 sys=0.00, real=0.00 secs] 
86.097: [GC (Allocation Failure) [PSYoungGen: 12148K->3937K(14336K)] 25875K->17672K(46080K), 0.0007407 secs] [Times: user=0.00 sys=0.00, real=0.00 secs] 
86.098: [GC (Allocation Failure) [PSYoungGen: 11092K->2881K(14336K)] 24826K->16631K(46080K), 0.0005013 secs] [Times: user=0.00 sys=0.00, real=0.00 secs] 
86.144: [GC (Allocation Failure) [PSYoungGen: 10042K->192K(14336K)] 23793K->13950K(46080K), 0.0004644 secs] [Times: user=0.00 sys=0.00, real=0.00 secs] 
86.144: [GC (Allocation Failure) [PSYoungGen: 7346K->7139K(14336K)] 21104K->21009K(46080K), 0.0010046 secs] [Times: user=0.00 sys=0.00, real=0.00 secs] 
86.190: [GC (Allocation Failure) [PSYoungGen: 14293K->6243K(14336K)] 28164K->20113K(46080K), 0.0009426 secs] [Times: user=0.00 sys=0.00, real=0.00 secs] 
86.192: [GC (Allocation Failure) [PSYoungGen: 13397K->5186K(14336K)] 27267K->19072K(46080K), 0.0006949 secs] [Times: user=0.00 sys=0.00, real=0.00 secs] 
86.238: [GC (Allocation Failure) [PSYoungGen: 12340K->4129K(14336K)] 26227K->18024K(46080K), 0.0007745 secs] [Times: user=0.00 sys=0.00, real=0.00 secs] 
86.300: [GC (Allocation Failure) [PSYoungGen: 11284K->3073K(14336K)] 25178K->16975K(46080K), 0.0006395 secs] [Times: user=0.00 sys=0.00, real=0.00 secs] 
86.301: [GC (Allocation Failure) [PSYoungGen: 10227K->2016K(14336K)] 24130K->15927K(46080K), 0.0004891 secs] [Times: user=0.00 sys=0.00, real=0.00 secs] 
86.347: [GC (Allocation Failure) [PSYoungGen: 9171K->960K(14336K)] 23081K->14886K(46080K), 0.0005757 secs] [Times: user=0.00 sys=0.00, real=0.00 secs] 
86.348: [GC (Allocation Failure) [PSYoungGen: 8114K->7139K(14336K)] 22041K->21978K(46080K), 0.0009864 secs] [Times: user=0.00 sys=0.00, real=0.00 secs] 
86.395: [GC (Allocation Failure) [PSYoungGen: 14275K->5506K(14336K)] 29114K->20345K(46080K), 0.0006856 secs] [Times: user=0.00 sys=0.00, real=0.00 secs] 
86.396: [GC (Allocation Failure) [PSYoungGen: 12661K->4418K(14336K)] 27499K->19272K(46080K), 0.0008620 secs] [Times: user=0.00 sys=0.00, real=0.00 secs] 
86.441: [GC (Allocation Failure) [PSYoungGen: 11572K->3361K(14336K)] 26427K->18232K(46080K), 0.0006980 secs] [Times: user=0.00 sys=0.00, real=0.00 secs] 
86.488: [GC (Allocation Failure) [PSYoungGen: 10516K->2305K(14336K)] 25386K->17183K(46080K), 0.0007096 secs] [Times: user=0.00 sys=0.00, real=0.00 secs] 
86.489: [GC (Allocation Failure) [PSYoungGen: 9459K->1248K(14336K)] 24338K->16135K(46080K), 0.0005407 secs] [Times: user=0.00 sys=0.00, real=0.00 secs] 
86.550: [GC (Allocation Failure) [PSYoungGen: 8403K->192K(14336K)] 23289K->15086K(46080K), 0.0006160 secs] [Times: user=0.00 sys=0.00, real=0.00 secs] 
86.551: [GC (Allocation Failure) [PSYoungGen: 7346K->7139K(14336K)] 22241K->22178K(46080K), 0.0009242 secs] [Times: user=0.00 sys=0.00, real=0.00 secs] 
86.598: [GC (Allocation Failure) [PSYoungGen: 14293K->6275K(14336K)] 29332K->21313K(46080K), 0.0007651 secs] [Times: user=0.00 sys=0.00, real=0.00 secs] 
86.599: [GC (Allocation Failure) [PSYoungGen: 13429K->5218K(14336K)] 28468K->20265K(46080K), 0.0007336 secs] [Times: user=0.00 sys=0.00, real=0.00 secs] 
86.646: [GC (Allocation Failure) [PSYoungGen: 12361K->2625K(14336K)] 27408K->17688K(46080K), 0.0007366 secs] [Times: user=0.00 sys=0.00, real=0.00 secs] 
86.693: [GC (Allocation Failure) [PSYoungGen: 9779K->1536K(14336K)] 24842K->16615K(46080K), 0.0003895 secs] [Times: user=0.00 sys=0.00, real=0.00 secs] 
86.694: [GC (Allocation Failure) [PSYoungGen: 8691K->480K(14336K)] 23769K->15567K(46080K), 0.0005418 secs] [Times: user=0.00 sys=0.00, real=0.00 secs] 
86.695: [GC (Allocation Failure) [PSYoungGen: 7634K->7139K(14336K)] 22721K->22658K(46080K), 0.0010211 secs] [Times: user=0.00 sys=0.00, real=0.00 secs] 
86.741: [GC (Allocation Failure) [PSYoungGen: 14293K->6563K(14336K)] 29812K->22082K(46080K), 0.0009086 secs] [Times: user=0.00 sys=0.00, real=0.00 secs] 
86.788: [GC (Allocation Failure) [PSYoungGen: 13717K->5506K(14336K)] 29236K->21041K(46080K), 0.0008250 secs] [Times: user=0.00 sys=0.00, real=0.00 secs] 
86.789: [GC (Allocation Failure) [PSYoungGen: 12661K->4450K(14336K)] 28196K->20001K(46080K), 0.0007612 secs] [Times: user=0.00 sys=0.00, real=0.00 secs] 
86.850: [GC (Allocation Failure) [PSYoungGen: 11604K->3393K(14336K)] 27155K->18952K(46080K), 0.0006486 secs] [Times: user=0.00 sys=0.00, real=0.00 secs] 
86.897: [GC (Allocation Failure) [PSYoungGen: 10531K->1280K(14336K)] 26090K->16847K(46080K), 0.0005831 secs] [Times: user=0.00 sys=0.00, real=0.00 secs] 
86.898: [GC (Allocation Failure) [PSYoungGen: 8435K->224K(14336K)] 24002K->15799K(46080K), 0.0005649 secs] [Times: user=0.00 sys=0.00, real=0.00 secs] 
86.899: [GC (Allocation Failure) [PSYoungGen: 7378K->7139K(14336K)] 22953K->22890K(46080K), 0.0010463 secs] [Times: user=0.00 sys=0.00, real=0.00 secs] 
86.947: [GC (Allocation Failure) [PSYoungGen: 14293K->6307K(14336K)] 30045K->22058K(46080K), 0.0008296 secs] [Times: user=0.00 sys=0.00, real=0.00 secs] 
86.993: [GC (Allocation Failure) [PSYoungGen: 13461K->5250K(14336K)] 29212K->21009K(46080K), 0.0008293 secs] [Times: user=0.00 sys=0.00, real=0.00 secs] 
86.994: [GC (Allocation Failure) [PSYoungGen: 12405K->4194K(14336K)] 28164K->19961K(46080K), 0.0007130 secs] [Times: user=0.00 sys=0.00, real=0.00 secs] 
87.039: [GC (Allocation Failure) [PSYoungGen: 11348K->3137K(14336K)] 27115K->18912K(46080K), 0.0005808 secs] [Times: user=0.00 sys=0.00, real=0.00 secs] 
87.087: [GC (Allocation Failure) [PSYoungGen: 10291K->2080K(14336K)] 26067K->17872K(46080K), 0.0006717 secs] [Times: user=0.00 sys=0.00, real=0.00 secs] 
87.088: [GC (Allocation Failure) [PSYoungGen: 9248K->448K(14336K)] 25040K->16255K(46080K), 0.0006956 secs] [Times: user=0.00 sys=0.00, real=0.00 secs] 
87.089: [GC (Allocation Failure) [PSYoungGen: 7597K->7011K(14336K)] 23404K->22826K(46080K), 0.0009694 secs] [Times: user=0.00 sys=0.00, real=0.00 secs] 
87.151: [GC (Allocation Failure) [PSYoungGen: 14177K->4962K(14336K)] 29993K->20785K(46080K), 0.0009149 secs] [Times: user=0.00 sys=0.00, real=0.00 secs] 
87.198: [GC (Allocation Failure) [PSYoungGen: 12116K->3873K(14336K)] 27939K->19712K(46080K), 0.0007246 secs] [Times: user=0.00 sys=0.00, real=0.00 secs] 
87.199: [GC (Allocation Failure) [PSYoungGen: 11027K->2817K(14336K)] 26866K->18672K(46080K), 0.0006455 secs] [Times: user=0.00 sys=0.00, real=0.00 secs] 
87.245: [GC (Allocation Failure) [PSYoungGen: 9971K->1760K(14336K)] 25826K->17631K(46080K), 0.0004775 secs] [Times: user=0.00 sys=0.00, real=0.00 secs] 
87.292: [GC (Allocation Failure) [PSYoungGen: 8915K->704K(14336K)] 24786K->16583K(46080K), 0.0005846 secs] [Times: user=0.00 sys=0.00, real=0.00 secs] 
87.294: [GC (Allocation Failure) [PSYoungGen: 7858K->7139K(14336K)] 23737K->23674K(46080K), 0.0009565 secs] [Times: user=0.00 sys=0.00, real=0.00 secs] 
87.295: [GC (Allocation Failure) [PSYoungGen: 14293K->6787K(14336K)] 30829K->23322K(46080K), 0.0008590 secs] [Times: user=0.00 sys=0.00, real=0.00 secs] 
87.340: [GC (Allocation Failure) [PSYoungGen: 13924K->4706K(14336K)] 30460K->21257K(46080K), 0.0007871 secs] [Times: user=0.00 sys=0.00, real=0.00 secs] 
87.386: [GC (Allocation Failure) [PSYoungGen: 11860K->3617K(14336K)] 28412K->20177K(46080K), 0.0008183 secs] [Times: user=0.00 sys=0.00, real=0.00 secs] 
87.388: [GC (Allocation Failure) [PSYoungGen: 10772K->2561K(14336K)] 27331K->19136K(46080K), 0.0005115 secs] [Times: user=0.00 sys=0.00, real=0.00 secs] 
87.448: [GC (Allocation Failure) [PSYoungGen: 9715K->1504K(14336K)] 26291K->18096K(46080K), 0.0006581 secs] [Times: user=0.00 sys=0.00, real=0.00 secs] 
87.494: [GC (Allocation Failure) [PSYoungGen: 8659K->448K(14336K)] 25250K->17055K(46080K), 0.0007065 secs] [Times: user=0.00 sys=0.00, real=0.00 secs] 
87.495: [GC (Allocation Failure) [PSYoungGen: 7602K->7139K(14336K)] 24210K->24147K(46080K), 0.0011132 secs] [Times: user=0.00 sys=0.00, real=0.00 secs] 
87.497: [GC (Allocation Failure) [PSYoungGen: 14293K->6531K(14336K)] 31301K->23538K(46080K), 0.0008129 secs] [Times: user=0.00 sys=0.00, real=0.00 secs] 
87.541: [GC (Allocation Failure) [PSYoungGen: 13685K->5474K(14336K)] 30693K->22498K(46080K), 0.0011512 secs] [Times: user=0.00 sys=0.00, real=0.00 secs] 
87.588: [GC (Allocation Failure) [PSYoungGen: 12629K->4418K(14336K)] 29652K->21457K(46080K), 0.0011261 secs] [Times: user=0.00 sys=0.00, real=0.00 secs] 
87.590: [GC (Allocation Failure) [PSYoungGen: 11572K->3361K(14336K)] 28612K->20409K(46080K), 0.0007110 secs] [Times: user=0.00 sys=0.00, real=0.00 secs] 
87.650: [GC (Allocation Failure) [PSYoungGen: 10501K->768K(14336K)] 27549K->17823K(46080K), 0.0005418 secs] [Times: user=0.00 sys=0.00, real=0.00 secs] 
87.651: [GC (Allocation Failure) [PSYoungGen: 7922K->7139K(14336K)] 24978K->24891K(46080K), 0.0011280 secs] [Times: user=0.00 sys=0.00, real=0.00 secs] 
87.697: [GC (Allocation Failure) [PSYoungGen: 14293K->6819K(14336K)] 32045K->24571K(46080K), 0.0010305 secs] [Times: user=0.00 sys=0.00, real=0.00 secs] 
87.699: [GC (Allocation Failure) [PSYoungGen: 13973K->5762K(14336K)] 31725K->23522K(46080K), 0.0008814 secs] [Times: user=0.00 sys=0.00, real=0.00 secs] 
87.743: [GC (Allocation Failure) [PSYoungGen: 12917K->4706K(14336K)] 30677K->22482K(46080K), 0.0008086 secs] [Times: user=0.00 sys=0.00, real=0.00 secs] 
87.790: [GC (Allocation Failure) [PSYoungGen: 11860K->3649K(14336K)] 29636K->21441K(46080K), 0.0007304 secs] [Times: user=0.00 sys=0.00, real=0.00 secs] 
87.791: [GC (Allocation Failure) [PSYoungGen: 10804K->2593K(14336K)] 28596K->20401K(46080K), 0.0006922 secs] [Times: user=0.00 sys=0.00, real=0.00 secs] 
87.837: [GC (Allocation Failure) [PSYoungGen: 9747K->1536K(14336K)] 27555K->19360K(46080K), 0.0006747 secs] [Times: user=0.00 sys=0.00, real=0.00 secs] 
87.838: [GC (Allocation Failure) [PSYoungGen: 8698K->640K(14336K)] 26522K->18479K(46080K), 0.0006377 secs] [Times: user=0.00 sys=0.00, real=0.00 secs] 
87.900: [GC (Allocation Failure) [PSYoungGen: 7804K->6114K(14336K)] 25644K->23962K(46080K), 0.0009153 secs] [Times: user=0.00 sys=0.00, real=0.00 secs] 
87.901: [GC (Allocation Failure) [PSYoungGen: 13269K->5026K(14336K)] 31117K->22882K(46080K), 0.0007303 secs] [Times: user=0.00 sys=0.00, real=0.00 secs] 
87.946: [GC (Allocation Failure) [PSYoungGen: 12180K->3969K(14336K)] 30036K->21833K(46080K), 0.0006830 secs] [Times: user=0.00 sys=0.00, real=0.00 secs] 
87.992: [GC (Allocation Failure) [PSYoungGen: 11124K->2913K(14336K)] 28988K->20793K(46080K), 0.0007245 secs] [Times: user=0.00 sys=0.00, real=0.00 secs] 
87.993: [GC (Allocation Failure) [PSYoungGen: 10067K->1856K(14336K)] 27947K->19744K(46080K), 0.0007503 secs] [Times: user=0.00 sys=0.00, real=0.00 secs] 
88.039: [GC (Allocation Failure) [PSYoungGen: 9011K->800K(14336K)] 26899K->18696K(46080K), 0.0008606 secs] [Times: user=0.00 sys=0.00, real=0.00 secs] 
88.041: [GC (Allocation Failure) [PSYoungGen: 7954K->7139K(14336K)] 25850K->25787K(46080K), 0.0010725 secs] [Times: user=0.00 sys=0.00, real=0.00 secs] 
88.087: [GC (Allocation Failure) [PSYoungGen: 14293K->6883K(14336K)] 32942K->25531K(46080K), 0.0009720 secs] [Times: user=0.00 sys=0.00, real=0.00 secs] 
88.088: [GC (Allocation Failure) [PSYoungGen: 14037K->5826K(14336K)] 32686K->24483K(46080K), 0.0010140 secs] [Times: user=0.00 sys=0.00, real=0.00 secs] 
88.149: [GC (Allocation Failure) [PSYoungGen: 12969K->3105K(14336K)] 31626K->21777K(46080K), 0.0004697 secs] [Times: user=0.00 sys=0.00, real=0.00 secs] 
88.196: [GC (Allocation Failure) [PSYoungGen: 10259K->2016K(14336K)] 28932K->20705K(46080K), 0.0005561 secs] [Times: user=0.00 sys=0.00, real=0.00 secs] 
88.197: [GC (Allocation Failure) [PSYoungGen: 9171K->960K(14336K)] 27859K->19664K(46080K), 0.0005307 secs] [Times: user=0.00 sys=0.00, real=0.00 secs] 
88.198: [GC (Allocation Failure) [PSYoungGen: 8114K->7139K(14336K)] 26819K->26756K(46080K), 0.0011382 secs] [Times: user=0.00 sys=0.00, real=0.00 secs] 
88.245: [GC (Allocation Failure) [PSYoungGen: 14293K->7043K(14336K)] 33910K->26660K(46080K), 0.0011228 secs] [Times: user=0.00 sys=0.00, real=0.00 secs] 
88.292: [GC (Allocation Failure) [PSYoungGen: 14197K->5986K(14336K)] 33814K->25619K(46080K), 0.0007571 secs] [Times: user=0.00 sys=0.00, real=0.00 secs] 
88.293: [GC (Allocation Failure) [PSYoungGen: 13141K->4930K(14336K)] 32774K->24571K(46080K), 0.0009820 secs] [Times: user=0.00 sys=0.00, real=0.00 secs] 
88.338: [GC (Allocation Failure) [PSYoungGen: 12084K->3873K(14336K)] 31725K->23530K(46080K), 0.0010540 secs] [Times: user=0.00 sys=0.00, real=0.00 secs] 
88.400: [GC (Allocation Failure) [PSYoungGen: 11011K->1760K(14336K)] 30668K->21425K(46080K), 0.0006764 secs] [Times: user=0.00 sys=0.00, real=0.00 secs] 
88.401: [GC (Allocation Failure) [PSYoungGen: 8915K->672K(14336K)] 28579K->20353K(46080K), 0.0004533 secs] [Times: user=0.00 sys=0.00, real=0.00 secs] 
88.402: [GC (Allocation Failure) [PSYoungGen: 7826K->7139K(14336K)] 27507K->27468K(46080K), 0.0009726 secs] [Times: user=0.00 sys=0.00, real=0.00 secs] 
88.447: [GC (Allocation Failure) [PSYoungGen: 14293K->6787K(14336K)] 34622K->27116K(46080K), 0.0008460 secs] [Times: user=0.00 sys=0.00, real=0.00 secs] 
88.493: [GC (Allocation Failure) [PSYoungGen: 13941K->5730K(14336K)] 34270K->26075K(46080K), 0.0010583 secs] [Times: user=0.00 sys=0.00, real=0.00 secs] 
88.495: [GC (Allocation Failure) [PSYoungGen: 12885K->4642K(14336K)] 33230K->24995K(46080K), 0.0006715 secs] [Times: user=0.00 sys=0.00, real=0.00 secs] 
88.538: [GC (Allocation Failure) [PSYoungGen: 11796K->3617K(14336K)] 32149K->23986K(46080K), 0.0008808 secs] [Times: user=0.00 sys=0.00, real=0.00 secs] 
88.585: [GC (Allocation Failure) [PSYoungGen: 10772K->2561K(14336K)] 31141K->22938K(46080K), 0.0005822 secs] [Times: user=0.00 sys=0.00, real=0.00 secs] 
88.586: [GC (Allocation Failure) [PSYoungGen: 9729K->512K(14336K)] 30106K->20897K(46080K), 0.0005609 secs] [Times: user=0.00 sys=0.00, real=0.00 secs] 
88.587: [GC (Allocation Failure) [PSYoungGen: 7668K->6627K(14336K)] 28053K->27020K(46080K), 0.0009412 secs] [Times: user=0.00 sys=0.00, real=0.00 secs] 
88.649: [GC (Allocation Failure) [PSYoungGen: 13781K->5538K(14336K)] 34174K->25947K(46080K), 0.0010262 secs] [Times: user=0.00 sys=0.00, real=0.00 secs] 
88.695: [GC (Allocation Failure) [PSYoungGen: 12692K->4482K(14336K)] 33101K->24907K(46080K), 0.0008438 secs] [Times: user=0.00 sys=0.00, real=0.00 secs] 
88.697: [GC (Allocation Failure) [PSYoungGen: 11636K->3425K(14336K)] 32061K->23866K(46080K), 0.0005764 secs] [Times: user=0.00 sys=0.00, real=0.00 secs] 
88.742: [GC (Allocation Failure) [PSYoungGen: 10579K->2369K(14336K)] 31020K->22818K(46080K), 0.0006398 secs] [Times: user=0.00 sys=0.00, real=0.00 secs] 
88.788: [GC (Allocation Failure) [PSYoungGen: 9523K->1312K(14336K)] 29972K->21777K(46080K), 0.0007916 secs] [Times: user=0.00 sys=0.00, real=0.00 secs] 
88.790: [GC (Allocation Failure) [PSYoungGen: 8467K->256K(14336K)] 28932K->20729K(46080K), 0.0003764 secs] [Times: user=0.00 sys=0.00, real=0.00 secs] 
88.791: [GC (Allocation Failure) [PSYoungGen: 7410K->7139K(14336K)] 27883K->27820K(46080K), 0.0010665 secs] [Times: user=0.00 sys=0.00, real=0.00 secs] 
88.851: [GC (Allocation Failure) [PSYoungGen: 14293K->6339K(14336K)] 34975K->27020K(46080K), 0.0010599 secs] [Times: user=0.00 sys=0.00, real=0.00 secs] 
88.898: [GC (Allocation Failure) [PSYoungGen: 13476K->4226K(14336K)] 34157K->24915K(46080K), 0.0008947 secs] [Times: user=0.00 sys=0.00, real=0.00 secs] 
88.900: [GC (Allocation Failure) [PSYoungGen: 11380K->3169K(14336K)] 32069K->23866K(46080K), 0.0006317 secs] [Times: user=0.00 sys=0.00, real=0.00 secs] 
88.945: [GC (Allocation Failure) [PSYoungGen: 10323K->2113K(14336K)] 31021K->22826K(46080K), 0.0009310 secs] [Times: user=0.00 sys=0.00, real=0.00 secs] 
88.991: [GC (Allocation Failure) [PSYoungGen: 9267K->1056K(14336K)] 29980K->21785K(46080K), 0.0005073 secs] [Times: user=0.00 sys=0.00, real=0.00 secs] 
88.993: [GC (Allocation Failure) [PSYoungGen: 8210K->7139K(14336K)] 28940K->28877K(46080K), 0.0012957 secs] [Times: user=0.00 sys=0.00, real=0.00 secs] 
88.994: [GC (Allocation Failure) [PSYoungGen: 14293K->7139K(14336K)] 36031K->28877K(46080K), 0.0010994 secs] [Times: user=0.00 sys=0.00, real=0.00 secs] 
89.039: [GC (Allocation Failure) [PSYoungGen: 14293K->6082K(14336K)] 36031K->27828K(46080K), 0.0014588 secs] [Times: user=0.00 sys=0.00, real=0.00 secs] 
89.101: [GC (Allocation Failure) [PSYoungGen: 13237K->5026K(14336K)] 34983K->26780K(46080K), 0.0008304 secs] [Times: user=0.00 sys=0.00, real=0.00 secs] 
89.102: [GC (Allocation Failure) [PSYoungGen: 12180K->3969K(14336K)] 33934K->25739K(46080K), 0.0007300 secs] [Times: user=0.00 sys=0.00, real=0.00 secs] 
89.148: [GC (Allocation Failure) [PSYoungGen: 11126K->1216K(14336K)] 32895K->22994K(46080K), 0.0004943 secs] [Times: user=0.00 sys=0.00, real=0.00 secs] 
89.195: [GC (Allocation Failure) [PSYoungGen: 8371K->160K(14336K)] 30148K->21961K(46080K), 0.0008117 secs] [Times: user=0.00 sys=0.00, real=0.00 secs] 
89.196: [GC (Allocation Failure) [PSYoungGen: 7314K->7139K(14336K)] 29115K->29053K(46080K), 0.0010582 secs] [Times: user=0.00 sys=0.00, real=0.00 secs] 
89.198: [GC (Allocation Failure) [PSYoungGen: 14293K->6243K(14336K)] 36207K->28156K(46080K), 0.0008855 secs] [Times: user=0.00 sys=0.00, real=0.00 secs] 
89.241: [GC (Allocation Failure) [PSYoungGen: 13397K->5186K(14336K)] 35311K->27116K(46080K), 0.0009095 secs] [Times: user=0.00 sys=0.00, real=0.00 secs] 
89.288: [GC (Allocation Failure) [PSYoungGen: 12340K->4129K(14336K)] 34270K->26067K(46080K), 0.0008656 secs] [Times: user=0.00 sys=0.00, real=0.00 secs] 
89.289: [GC (Allocation Failure) [PSYoungGen: 11284K->3073K(14336K)] 33222K->25027K(46080K), 0.0006976 secs] [Times: user=0.00 sys=0.00, real=0.00 secs] 
89.349: [GC (Allocation Failure) [PSYoungGen: 10227K->1984K(14336K)] 32181K->23954K(46080K), 0.0007211 secs] [Times: user=0.02 sys=0.00, real=0.00 secs] 
89.350: [GC (Allocation Failure) [PSYoungGen: 9147K->1248K(14336K)] 31117K->23233K(46080K), 0.0005899 secs] [Times: user=0.00 sys=0.00, real=0.00 secs] 
89.397: [GC (Allocation Failure) [PSYoungGen: 8412K->6595K(14336K)] 30397K->28596K(46080K), 0.0007566 secs] [Times: user=0.00 sys=0.00, real=0.00 secs] 
89.399: [GC (Allocation Failure) [PSYoungGen: 13749K->5506K(14336K)] 35751K->27532K(46080K), 0.0008929 secs] [Times: user=0.00 sys=0.00, real=0.00 secs] 
89.444: [GC (Allocation Failure) [PSYoungGen: 12660K->4450K(14336K)] 34686K->26483K(46080K), 0.0007049 secs] [Times: user=0.00 sys=0.00, real=0.00 secs] 
89.492: [GC (Allocation Failure) [PSYoungGen: 11604K->3393K(14336K)] 33638K->25435K(46080K), 0.0007650 secs] [Times: user=0.00 sys=0.00, real=0.00 secs] 
89.493: [GC (Allocation Failure) [PSYoungGen: 10548K->2337K(14336K)] 32589K->24394K(46080K), 0.0005659 secs] [Times: user=0.00 sys=0.00, real=0.00 secs] 
89.538: [GC (Allocation Failure) [PSYoungGen: 9491K->1280K(14336K)] 31549K->23346K(46080K), 0.0007306 secs] [Times: user=0.00 sys=0.00, real=0.00 secs] 
89.600: [GC (Allocation Failure) [PSYoungGen: 8435K->224K(14336K)] 30500K->22305K(46080K), 0.0006075 secs] [Times: user=0.00 sys=0.00, real=0.00 secs] 
89.601: [GC (Allocation Failure) [PSYoungGen: 7378K->7139K(14336K)] 29460K->29397K(46080K), 0.0009398 secs] [Times: user=0.00 sys=0.00, real=0.00 secs] 
89.602: [GC (Allocation Failure) [PSYoungGen: 14278K->5794K(14336K)] 36535K->28052K(46080K), 0.0007870 secs] [Times: user=0.00 sys=0.00, real=0.00 secs] 
89.645: [GC (Allocation Failure) [PSYoungGen: 12932K->3681K(14336K)] 35189K->25963K(46080K), 0.0006178 secs] [Times: user=0.00 sys=0.00, real=0.00 secs] 
89.692: [GC (Allocation Failure) [PSYoungGen: 10836K->2593K(14336K)] 33117K->24882K(46080K), 0.0008011 secs] [Times: user=0.00 sys=0.00, real=0.00 secs] 
89.694: [GC (Allocation Failure) [PSYoungGen: 9747K->1536K(14336K)] 32037K->23842K(46080K), 0.0006915 secs] [Times: user=0.00 sys=0.00, real=0.00 secs] 
89.739: [GC (Allocation Failure) [PSYoungGen: 8691K->480K(14336K)] 30996K->22801K(46080K), 0.0004001 secs] [Times: user=0.00 sys=0.00, real=0.00 secs] 
89.740: [GC (Allocation Failure) [PSYoungGen: 7634K->7139K(14336K)] 29956K->29893K(46080K), 0.0010470 secs] [Times: user=0.00 sys=0.00, real=0.00 secs] 
89.786: [GC (Allocation Failure) [PSYoungGen: 14293K->6563K(14336K)] 37047K->29317K(46080K), 0.0009724 secs] [Times: user=0.00 sys=0.00, real=0.00 secs] 
89.788: [GC (Allocation Failure) [PSYoungGen: 13717K->5506K(14336K)] 36471K->28268K(46080K), 0.0008386 secs] [Times: user=0.00 sys=0.00, real=0.00 secs] 
89.850: [GC (Allocation Failure) [PSYoungGen: 12644K->3425K(14336K)] 35406K->26195K(46080K), 0.0007504 secs] [Times: user=0.00 sys=0.00, real=0.00 secs] 
89.897: [GC (Allocation Failure) [PSYoungGen: 10580K->2337K(14336K)] 33349K->25115K(46080K), 0.0008789 secs] [Times: user=0.00 sys=0.00, real=0.00 secs] 
89.898: [GC (Allocation Failure) [PSYoungGen: 9491K->1280K(14336K)] 32269K->24074K(46080K), 0.0005325 secs] [Times: user=0.00 sys=0.00, real=0.00 secs] 
89.944: [GC (Allocation Failure) [PSYoungGen: 8435K->224K(14336K)] 31228K->23034K(46080K), 0.0004826 secs] [Times: user=0.00 sys=0.00, real=0.00 secs] 
89.944: [GC (Allocation Failure) [PSYoungGen: 7378K->7139K(14336K)] 30188K->30125K(46080K), 0.0010059 secs] [Times: user=0.00 sys=0.00, real=0.00 secs] 
89.990: [GC (Allocation Failure) [PSYoungGen: 14293K->6307K(14336K)] 37279K->29293K(46080K), 0.0009111 secs] [Times: user=0.00 sys=0.00, real=0.00 secs] 
89.992: [GC (Allocation Failure) [PSYoungGen: 13461K->5250K(14336K)] 36447K->28244K(46080K), 0.0008035 secs] [Times: user=0.00 sys=0.00, real=0.00 secs] 
90.038: [GC (Allocation Failure) [PSYoungGen: 12405K->4194K(14336K)] 35399K->27196K(46080K), 0.0006639 secs] [Times: user=0.00 sys=0.00, real=0.00 secs] 
90.100: [GC (Allocation Failure) [PSYoungGen: 11348K->3137K(14336K)] 34350K->26147K(46080K), 0.0006651 secs] [Times: user=0.00 sys=0.00, real=0.00 secs] 
90.101: [GC (Allocation Failure) [PSYoungGen: 10291K->2080K(14336K)] 33301K->25098K(46080K), 0.0007648 secs] [Times: user=0.00 sys=0.00, real=0.00 secs] 
90.103: [GC (Allocation Failure) [PSYoungGen: 9244K->448K(14336K)] 32262K->23474K(46080K), 0.0004843 secs] [Times: user=0.00 sys=0.00, real=0.00 secs] 
90.148: [GC (Allocation Failure) [PSYoungGen: 7589K->5986K(14336K)] 30615K->29028K(46080K), 0.0009095 secs] [Times: user=0.00 sys=0.00, real=0.00 secs] 
90.195: [GC (Allocation Failure) [PSYoungGen: 13141K->4898K(14336K)] 36183K->27948K(46080K), 0.0010215 secs] [Times: user=0.00 sys=0.00, real=0.00 secs] 
90.197: [GC (Allocation Failure) [PSYoungGen: 12052K->3841K(14336K)] 35102K->26899K(46080K), 0.0005375 secs] [Times: user=0.00 sys=0.00, real=0.00 secs] 
90.243: [GC (Allocation Failure) [PSYoungGen: 10996K->2785K(14336K)] 34054K->25851K(46080K), 0.0008880 secs] [Times: user=0.00 sys=0.00, real=0.00 secs] 
90.290: [GC (Allocation Failure) [PSYoungGen: 9939K->1728K(14336K)] 33005K->24802K(46080K), 0.0007280 secs] [Times: user=0.00 sys=0.00, real=0.00 secs] 
90.291: [GC (Allocation Failure) [PSYoungGen: 8883K->672K(14336K)] 31957K->23762K(46080K), 0.0004181 secs] [Times: user=0.00 sys=0.00, real=0.00 secs] 
90.292: [GC (Allocation Failure) [PSYoungGen: 7826K->7139K(14336K)] 30916K->30853K(46080K), 0.0011196 secs] [Times: user=0.00 sys=0.00, real=0.00 secs] 
90.338: [GC (Allocation Failure) [PSYoungGen: 14293K->6755K(14336K)] 38008K->30469K(46080K), 0.0009995 secs] [Times: user=0.00 sys=0.00, real=0.00 secs] 
90.401: [GC (Allocation Failure) [PSYoungGen: 13892K->4674K(14336K)] 37607K->28396K(46080K), 0.0009078 secs] [Times: user=0.00 sys=0.00, real=0.00 secs] 
90.402: [GC (Allocation Failure) [PSYoungGen: 11828K->3585K(14336K)] 35550K->27324K(46080K), 0.0005814 secs] [Times: user=0.00 sys=0.00, real=0.00 secs] 
90.447: [GC (Allocation Failure) [PSYoungGen: 10740K->2529K(14336K)] 34478K->26275K(46080K), 0.0006604 secs] [Times: user=0.00 sys=0.00, real=0.00 secs] 
90.494: [GC (Allocation Failure) [PSYoungGen: 9683K->1472K(14336K)] 33429K->25234K(46080K), 0.0003980 secs] [Times: user=0.00 sys=0.00, real=0.00 secs] 
90.495: [GC (Allocation Failure) [PSYoungGen: 8627K->416K(14336K)] 32389K->24186K(46080K), 0.0005945 secs] [Times: user=0.00 sys=0.00, real=0.00 secs] 
90.496: [GC (Allocation Failure) [PSYoungGen: 7570K->7139K(14336K)] 31340K->31277K(46080K), 0.0011515 secs] [Times: user=0.00 sys=0.00, real=0.00 secs] 
90.541: [GC (Allocation Failure) [PSYoungGen: 14293K->6499K(14336K)] 38432K->30637K(46080K), 0.0007925 secs] [Times: user=0.00 sys=0.00, real=0.00 secs] 
90.588: [GC (Allocation Failure) [PSYoungGen: 13653K->5442K(14336K)] 37792K->29589K(46080K), 0.0009031 secs] [Times: user=0.00 sys=0.00, real=0.00 secs] 
90.589: [GC (Allocation Failure) [PSYoungGen: 12585K->2849K(14336K)] 36732K->27011K(46080K), 0.0007798 secs] [Times: user=0.00 sys=0.00, real=0.00 secs] 
90.649: [GC (Allocation Failure) [PSYoungGen: 10003K->1760K(14336K)] 34166K->25939K(46080K), 0.0006958 secs] [Times: user=0.00 sys=0.00, real=0.00 secs] 
90.697: [GC (Allocation Failure) [PSYoungGen: 8915K->704K(14336K)] 33093K->24898K(46080K), 0.0005407 secs] [Times: user=0.00 sys=0.00, real=0.00 secs] 
90.698: [GC (Allocation Failure) [PSYoungGen: 7858K->7139K(14336K)] 32053K->31990K(46080K), 0.0011397 secs] [Times: user=0.00 sys=0.00, real=0.00 secs] 
90.699: [GC (Allocation Failure) [PSYoungGen: 14293K->6787K(14336K)] 39144K->31638K(46080K), 0.0009543 secs] [Times: user=0.00 sys=0.00, real=0.00 secs] 
90.744: [GC (Allocation Failure) [PSYoungGen: 13941K->5730K(14336K)] 38792K->30597K(46080K), 0.0008588 secs] [Times: user=0.00 sys=0.00, real=0.00 secs] 
90.791: [GC (Allocation Failure) [PSYoungGen: 12885K->4674K(14336K)] 37752K->29557K(46080K), 0.0008912 secs] [Times: user=0.00 sys=0.00, real=0.00 secs] 
90.792: [GC (Allocation Failure) [PSYoungGen: 11828K->3617K(14336K)] 36711K->28508K(46080K), 0.0006632 secs] [Times: user=0.00 sys=0.00, real=0.00 secs] 
90.837: [GC (Allocation Failure) [PSYoungGen: 10772K->2561K(14336K)] 35663K->27468K(46080K), 0.0007479 secs] [Times: user=0.00 sys=0.00, real=0.00 secs] 
90.839: [GC (Allocation Failure) [PSYoungGen: 9726K->1312K(14336K)] 34633K->26226K(46080K), 0.0004989 secs] [Times: user=0.00 sys=0.00, real=0.00 secs] 
90.886: [GC (Allocation Failure) [PSYoungGen: 8465K->7107K(14336K)] 33380K->32038K(46080K), 0.0010096 secs] [Times: user=0.00 sys=0.00, real=0.00 secs] 
90.887: [GC (Allocation Failure) [PSYoungGen: 14261K->6050K(14336K)] 39192K->30997K(46080K), 0.0007782 secs] [Times: user=0.00 sys=0.00, real=0.00 secs] 
90.948: [GC (Allocation Failure) [PSYoungGen: 13205K->4994K(14336K)] 38152K->29949K(46080K), 0.0010383 secs] [Times: user=0.00 sys=0.00, real=0.00 secs] 
90.994: [GC (Allocation Failure) [PSYoungGen: 12148K->3937K(14336K)] 37103K->28908K(46080K), 0.0006255 secs] [Times: user=0.00 sys=0.00, real=0.00 secs] 
90.995: [GC (Allocation Failure) [PSYoungGen: 11092K->2881K(14336K)] 36063K->27860K(46080K), 0.0004987 secs] [Times: user=0.00 sys=0.00, real=0.00 secs] 
91.041: [GC (Allocation Failure) [PSYoungGen: 10035K->1824K(14336K)] 35014K->26811K(46080K), 0.0007664 secs] [Times: user=0.00 sys=0.00, real=0.00 secs] 
91.088: [GC (Allocation Failure) [PSYoungGen: 8979K->768K(14336K)] 33966K->25771K(46080K), 0.0005229 secs] [Times: user=0.00 sys=0.00, real=0.00 secs] 
91.090: [GC (Allocation Failure) [PSYoungGen: 7922K->7139K(14336K)] 32925K->32862K(46080K), 0.0009533 secs] [Times: user=0.00 sys=0.00, real=0.00 secs] 
91.091: [GC (Allocation Failure) [PSYoungGen: 14293K->6851K(14336K)] 40017K->32574K(46080K), 0.0008645 secs] [Times: user=0.00 sys=0.00, real=0.00 secs] 
91.151: [GC (Allocation Failure) [PSYoungGen: 13995K->4129K(14336K)] 39718K->29861K(46080K), 0.0006030 secs] [Times: user=0.00 sys=0.00, real=0.00 secs] 
91.198: [GC (Allocation Failure) [PSYoungGen: 11284K->3041K(14336K)] 37015K->28788K(46080K), 0.0007246 secs] [Times: user=0.00 sys=0.00, real=0.00 secs] 
91.200: [GC (Allocation Failure) [PSYoungGen: 10195K->1984K(14336K)] 35942K->27740K(46080K), 0.0005422 secs] [Times: user=0.00 sys=0.00, real=0.00 secs] 
91.244: [GC (Allocation Failure) [PSYoungGen: 9139K->928K(14336K)] 34894K->26699K(46080K), 0.0004669 secs] [Times: user=0.00 sys=0.00, real=0.00 secs] 
91.245: [GC (Allocation Failure) [PSYoungGen: 8082K->7139K(14336K)] 33853K->33791K(46080K), 0.0011060 secs] [Times: user=0.00 sys=0.00, real=0.00 secs] 
91.292: [GC (Allocation Failure) [PSYoungGen: 14293K->7011K(14336K)] 40945K->33662K(46080K), 0.0013470 secs] [Times: user=0.00 sys=0.00, real=0.00 secs] 
91.294: [GC (Allocation Failure) [PSYoungGen: 14165K->5954K(14336K)] 40817K->32614K(46080K), 0.0010061 secs] [Times: user=0.00 sys=0.00, real=0.00 secs] 
91.339: [GC (Allocation Failure) [PSYoungGen: 13109K->4898K(14336K)] 39768K->31573K(46080K), 0.0007542 secs] [Times: user=0.00 sys=0.00, real=0.00 secs] 
91.401: [GC (Allocation Failure) [PSYoungGen: 12036K->2817K(14336K)] 38711K->29508K(46080K), 0.0007338 secs] [Times: user=0.00 sys=0.00, real=0.00 secs] 
91.402: [GC (Allocation Failure) [PSYoungGen: 9971K->1728K(14336K)] 36663K->28436K(46080K), 0.0004533 secs] [Times: user=0.00 sys=0.00, real=0.00 secs] 
91.448: [GC (Allocation Failure) [PSYoungGen: 8883K->672K(14336K)] 35590K->27387K(46080K), 0.0005795 secs] [Times: user=0.00 sys=0.00, real=0.00 secs] 
91.449: [GC (Allocation Failure) [PSYoungGen: 7826K->7139K(14336K)] 34542K->34479K(46080K), 0.0010075 secs] [Times: user=0.00 sys=0.00, real=0.00 secs] 
91.495: [GC (Allocation Failure) [PSYoungGen: 14293K->6755K(14336K)] 41633K->34095K(46080K), 0.0009370 secs] [Times: user=0.00 sys=0.00, real=0.00 secs] 
91.497: [GC (Allocation Failure) [PSYoungGen: 13909K->5698K(14336K)] 41249K->33054K(46080K), 0.0007175 secs] [Times: user=0.00 sys=0.00, real=0.00 secs] 
91.542: [GC (Allocation Failure) [PSYoungGen: 12853K->4642K(14336K)] 40209K->32006K(46080K), 0.0006959 secs] [Times: user=0.00 sys=0.00, real=0.00 secs] 
91.588: [GC (Allocation Failure) [PSYoungGen: 11796K->3585K(14336K)] 39160K->30965K(46080K), 0.0008787 secs] [Times: user=0.00 sys=0.00, real=0.00 secs] 
91.590: [GC (Allocation Failure) [PSYoungGen: 10728K->992K(14336K)] 38108K->28388K(46080K), 0.0005215 secs] [Times: user=0.00 sys=0.00, real=0.00 secs] 
91.591: [GC (Allocation Failure) [PSYoungGen: 8146K->7139K(14336K)] 35542K->35455K(46080K), 0.0012104 secs] [Times: user=0.00 sys=0.00, real=0.00 secs] 
91.651: [GC (Allocation Failure) [PSYoungGen: 14278K->6499K(14336K)] 42595K->34815K(46080K), 0.0010648 secs] [Times: user=0.00 sys=0.00, real=0.00 secs] 
91.698: [GC (Allocation Failure) [PSYoungGen: 13653K->5442K(14336K)] 41969K->33774K(46080K), 0.0008738 secs] [Times: user=0.00 sys=0.00, real=0.00 secs] 
91.700: [GC (Allocation Failure) [PSYoungGen: 12596K->4386K(14336K)] 40929K->32734K(46080K), 0.0007362 secs] [Times: user=0.00 sys=0.00, real=0.00 secs] 
91.745: [GC (Allocation Failure) [PSYoungGen: 11540K->3329K(14336K)] 39888K->31693K(46080K), 0.0006834 secs] [Times: user=0.00 sys=0.00, real=0.00 secs] 
91.792: [GC (Allocation Failure) [PSYoungGen: 10484K->2273K(14336K)] 38848K->30653K(46080K), 0.0009385 secs] [Times: user=0.00 sys=0.00, real=0.00 secs] 
91.794: [GC (Allocation Failure) [PSYoungGen: 9427K->1216K(14336K)] 37807K->29604K(46080K), 0.0005128 secs] [Times: user=0.00 sys=0.00, real=0.00 secs] 
91.839: [GC (Allocation Failure) [PSYoungGen: 8384K->224K(14336K)] 36772K->28628K(46080K), 0.0005020 secs] [Times: user=0.00 sys=0.00, real=0.00 secs] 
91.841: [GC (Allocation Failure) [PSYoungGen: 7370K->6275K(14336K)] 35775K->34695K(46080K), 0.0010336 secs] [Times: user=0.00 sys=0.00, real=0.00 secs] 
91.887: [GC (Allocation Failure) [PSYoungGen: 13429K->5218K(14336K)] 41849K->33654K(46080K), 0.0006986 secs] [Times: user=0.00 sys=0.00, real=0.00 secs] 
91.888: [GC (Allocation Failure) [PSYoungGen: 12372K->4162K(14336K)] 40809K->32614K(46080K), 0.0008792 secs] [Times: user=0.00 sys=0.00, real=0.00 secs] 
91.949: [GC (Allocation Failure) [PSYoungGen: 11316K->3105K(14336K)] 39768K->31573K(46080K), 0.0008186 secs] [Times: user=0.00 sys=0.00, real=0.00 secs] 
91.995: [GC (Allocation Failure) [PSYoungGen: 10259K->2048K(14336K)] 38728K->30533K(46080K), 0.0007565 secs] [Times: user=0.00 sys=0.00, real=0.00 secs] 
91.997: [GC (Allocation Failure) [PSYoungGen: 9203K->992K(14336K)] 37687K->29484K(46080K), 0.0005138 secs] [Times: user=0.00 sys=0.00, real=0.00 secs] 
91.998: [GC (Allocation Failure) [PSYoungGen: 8146K->7139K(14336K)] 36639K->36576K(46080K), 0.0010932 secs] [Times: user=0.00 sys=0.00, real=0.00 secs] 
92.042: [GC (Allocation Failure) [PSYoungGen: 14293K->7075K(14336K)] 43730K->36512K(46080K), 0.0014278 secs] [Times: user=0.00 sys=0.00, real=0.00 secs] 
92.089: [GC (Allocation Failure) [PSYoungGen: 14229K->6018K(14336K)] 43666K->35463K(46080K), 0.0007602 secs] [Times: user=0.00 sys=0.00, real=0.00 secs] 
92.090: [GC (Allocation Failure) [PSYoungGen: 13173K->4962K(14336K)] 42618K->34423K(46080K), 0.0008409 secs] [Times: user=0.00 sys=0.00, real=0.00 secs] 
92.151: [GC (Allocation Failure) [PSYoungGen: 12109K->2273K(14336K)] 41570K->31741K(46080K), 0.0007432 secs] [Times: user=0.00 sys=0.00, real=0.00 secs] 
92.197: [GC (Allocation Failure) [PSYoungGen: 9427K->1152K(14336K)] 38896K->30637K(46080K), 0.0005585 secs] [Times: user=0.00 sys=0.00, real=0.00 secs] 
92.198: [GC (Allocation Failure) [PSYoungGen: 8306K->96K(14336K)] 37791K->29588K(46080K), 0.0005561 secs] [Times: user=0.00 sys=0.00, real=0.00 secs] 
92.199: [GC (Allocation Failure) [PSYoungGen: 7250K->7139K(14336K)] 36743K->36672K(46080K), 0.0008641 secs] [Times: user=0.00 sys=0.00, real=0.00 secs] 
92.243: [GC (Allocation Failure) [PSYoungGen: 14293K->6178K(14336K)] 43826K->35711K(46080K), 0.0009529 secs] [Times: user=0.00 sys=0.00, real=0.00 secs] 
92.290: [GC (Allocation Failure) [PSYoungGen: 13333K->5122K(14336K)] 42866K->34671K(46080K), 0.0008647 secs] [Times: user=0.00 sys=0.00, real=0.00 secs] 
92.292: [GC (Allocation Failure) [PSYoungGen: 12276K->4065K(14336K)] 41825K->33622K(46080K), 0.0006862 secs] [Times: user=0.00 sys=0.00, real=0.00 secs] 
92.338: [GC (Allocation Failure) [PSYoungGen: 11220K->3009K(14336K)] 40777K->32582K(46080K), 0.0006542 secs] [Times: user=0.00 sys=0.00, real=0.00 secs] 
92.399: [GC (Allocation Failure) [PSYoungGen: 10152K->384K(14336K)] 39725K->29964K(46080K), 0.0008663 secs] [Times: user=0.00 sys=0.00, real=0.00 secs] 
92.401: [GC (Allocation Failure) [PSYoungGen: 7538K->7139K(14336K)] 37119K->37056K(46080K), 0.0009916 secs] [Times: user=0.00 sys=0.00, real=0.00 secs] 
92.402: [GC (Allocation Failure) [PSYoungGen: 14293K->6467K(14336K)] 44210K->36384K(46080K), 0.0009555 secs] [Times: user=0.00 sys=0.00, real=0.00 secs] 
92.446: [GC (Allocation Failure) [PSYoungGen: 13621K->5410K(14336K)] 43538K->35335K(46080K), 0.0007233 secs] [Times: user=0.00 sys=0.00, real=0.00 secs] 
92.493: [GC (Allocation Failure) [PSYoungGen: 12565K->4354K(14336K)] 42489K->34295K(46080K), 0.0010796 secs] [Times: user=0.00 sys=0.00, real=0.00 secs] 
92.494: [GC (Allocation Failure) [PSYoungGen: 11508K->3297K(14336K)] 41449K->33254K(46080K), 0.0008283 secs] [Times: user=0.00 sys=0.00, real=0.00 secs] 
92.539: [GC (Allocation Failure) [PSYoungGen: 10452K->2241K(14336K)] 40408K->32213K(46080K), 0.0005382 secs] [Times: user=0.00 sys=0.00, real=0.00 secs] 
92.586: [GC (Allocation Failure) [PSYoungGen: 9395K->1184K(14336K)] 39368K->31173K(46080K), 0.0007202 secs] [Times: user=0.00 sys=0.00, real=0.00 secs] 
92.587: [GC (Allocation Failure) [PSYoungGen: 8339K->128K(14336K)] 38327K->30132K(46080K), 0.0004832 secs] [Times: user=0.00 sys=0.00, real=0.00 secs] 
92.588: [GC (Allocation Failure) [PSYoungGen: 7282K->7139K(14336K)] 37287K->37224K(46080K), 0.0010353 secs] [Times: user=0.00 sys=0.00, real=0.00 secs] 
92.649: [GC (Allocation Failure) [PSYoungGen: 14279K->4674K(14336K)] 44364K->34759K(46080K), 0.0007326 secs] [Times: user=0.00 sys=0.00, real=0.00 secs] 
92.696: [GC (Allocation Failure) [PSYoungGen: 11828K->3585K(14336K)] 41913K->33686K(46080K), 0.0009384 secs] [Times: user=0.00 sys=0.00, real=0.00 secs] 
92.697: [GC (Allocation Failure) [PSYoungGen: 10740K->2529K(14336K)] 40841K->32638K(46080K), 0.0006675 secs] [Times: user=0.00 sys=0.00, real=0.00 secs] 
92.742: [GC (Allocation Failure) [PSYoungGen: 9683K->1472K(14336K)] 39792K->31589K(46080K), 0.0007931 secs] [Times: user=0.00 sys=0.00, real=0.00 secs] 
92.789: [GC (Allocation Failure) [PSYoungGen: 8627K->416K(14336K)] 38744K->30541K(46080K), 0.0009388 secs] [Times: user=0.00 sys=0.00, real=0.00 secs] 
92.791: [GC (Allocation Failure) [PSYoungGen: 7570K->7139K(14336K)] 37695K->37632K(46080K), 0.0011034 secs] [Times: user=0.00 sys=0.00, real=0.00 secs] 
92.793: [GC (Allocation Failure) [PSYoungGen: 14293K->6499K(14336K)] 44787K->36992K(46080K), 0.0010942 secs] [Times: user=0.00 sys=0.00, real=0.00 secs] 
92.837: [GC (Allocation Failure) [PSYoungGen: 13653K->5442K(14336K)] 44146K->35951K(46080K), 0.0009239 secs] [Times: user=0.00 sys=0.00, real=0.00 secs] 
92.899: [GC (Allocation Failure) [PSYoungGen: 12580K->3329K(14336K)] 43089K->33846K(46080K), 0.0006889 secs] [Times: user=0.00 sys=0.00, real=0.00 secs] 
92.900: [GC (Allocation Failure) [PSYoungGen: 10484K->2273K(14336K)] 41001K->32806K(46080K), 0.0005801 secs] [Times: user=0.00 sys=0.00, real=0.00 secs] 
92.945: [GC (Allocation Failure) [PSYoungGen: 9427K->1216K(14336K)] 39960K->31765K(46080K), 0.0005223 secs] [Times: user=0.00 sys=0.00, real=0.00 secs] 
92.992: [GC (Allocation Failure) [PSYoungGen: 8371K->128K(14336K)] 38920K->30685K(46080K), 0.0006810 secs] [Times: user=0.00 sys=0.00, real=0.00 secs] 
92.993: [GC (Allocation Failure) [PSYoungGen: 7282K->7139K(14336K)] 37839K->37808K(46080K), 0.0011123 secs] [Times: user=0.00 sys=0.00, real=0.00 secs] 
92.994: [GC (Allocation Failure) [PSYoungGen: 14293K->6243K(14336K)] 44963K->36912K(46080K), 0.0009439 secs] [Times: user=0.00 sys=0.00, real=0.00 secs] 
93.039: [GC (Allocation Failure) [PSYoungGen: 13397K->5186K(14336K)] 44066K->35863K(46080K), 0.0009946 secs] [Times: user=0.00 sys=0.00, real=0.00 secs] 
93.100: [GC (Allocation Failure) [PSYoungGen: 12340K->4129K(14336K)] 43018K->34823K(46080K), 0.0006996 secs] [Times: user=0.00 sys=0.00, real=0.00 secs] 
93.102: [GC (Allocation Failure) [PSYoungGen: 11284K->3073K(14336K)] 41977K->33774K(46080K), 0.0005912 secs] [Times: user=0.00 sys=0.00, real=0.00 secs] 
93.103: [GC (Allocation Failure) [PSYoungGen: 10241K->512K(14336K)] 40942K->31221K(46080K), 0.0003546 secs] [Times: user=0.00 sys=0.00, real=0.00 secs] 
93.146: [GC (Allocation Failure) [PSYoungGen: 7673K->7011K(14336K)] 38383K->37744K(46080K), 0.0010047 secs] [Times: user=0.02 sys=0.00, real=0.00 secs] 
93.193: [GC (Allocation Failure) [PSYoungGen: 14164K->5922K(14336K)] 44897K->36664K(46080K), 0.0008906 secs] [Times: user=0.05 sys=0.00, real=0.00 secs] 
93.194: [GC (Allocation Failure) [PSYoungGen: 13076K->4866K(14336K)] 43817K->35623K(46080K), 0.0007974 secs] [Times: user=0.00 sys=0.00, real=0.00 secs] 
93.240: [GC (Allocation Failure) [PSYoungGen: 12020K->3809K(14336K)] 42777K->34574K(46080K), 0.0010176 secs] [Times: user=0.00 sys=0.00, real=0.00 secs] 
93.287: [GC (Allocation Failure) [PSYoungGen: 10964K->2753K(14336K)] 41729K->33534K(46080K), 0.0007172 secs] [Times: user=0.00 sys=0.00, real=0.00 secs] 
93.288: [GC (Allocation Failure) [PSYoungGen: 9907K->1664K(14336K)] 40688K->32461K(46080K), 0.0005221 secs] [Times: user=0.00 sys=0.00, real=0.00 secs] 
93.349: [GC (Allocation Failure) [PSYoungGen: 8819K->640K(14336K)] 39616K->31453K(46080K), 0.0007460 secs] [Times: user=0.00 sys=0.00, real=0.00 secs] 
93.350: [GC (Allocation Failure) [PSYoungGen: 7794K->7139K(14336K)] 38607K->38544K(46080K), 0.0010790 secs] [Times: user=0.00 sys=0.00, real=0.00 secs] 
93.396: [GC (Allocation Failure) [PSYoungGen: 14278K->5698K(14336K)] 45683K->37104K(46080K), 0.0007890 secs] [Times: user=0.02 sys=0.00, real=0.00 secs] 
93.397: [GC (Allocation Failure) [PSYoungGen: 12853K->4610K(14336K)] 44258K->36031K(46080K), 0.0009059 secs] [Times: user=0.00 sys=0.00, real=0.00 secs] 
93.442: [GC (Allocation Failure) [PSYoungGen: 11764K->3553K(14336K)] 43185K->34991K(46080K), 0.0006595 secs] [Times: user=0.00 sys=0.00, real=0.00 secs] 
93.490: [GC (Allocation Failure) [PSYoungGen: 10708K->2497K(14336K)] 42145K->33950K(46080K), 0.0008176 secs] [Times: user=0.00 sys=0.00, real=0.00 secs] 
93.491: [GC (Allocation Failure) [PSYoungGen: 9651K->1440K(14336K)] 41105K->32902K(46080K), 0.0004485 secs] [Times: user=0.00 sys=0.00, real=0.00 secs] 
93.536: [GC (Allocation Failure) [PSYoungGen: 8595K->384K(14336K)] 40056K->31853K(46080K), 0.0020658 secs] [Times: user=0.00 sys=0.00, real=0.00 secs] 
93.539: [GC (Allocation Failure) [PSYoungGen: 7538K->7139K(14336K)] 39008K->38945K(46592K), 0.0011860 secs] [Times: user=0.00 sys=0.00, real=0.00 secs] 
93.599: [GC (Allocation Failure) [PSYoungGen: 14293K->6467K(14336K)] 46099K->38272K(46592K), 0.0009679 secs] [Times: user=0.02 sys=0.00, real=0.00 secs] 
93.600: [GC (Allocation Failure) [PSYoungGen: 13621K->5410K(14336K)] 45427K->37232K(46592K), 0.0009114 secs] [Times: user=0.00 sys=0.00, real=0.00 secs] 
93.646: [GC (Allocation Failure) [PSYoungGen: 12553K->2817K(14336K)] 44375K->34654K(46592K), 0.0005377 secs] [Times: user=0.00 sys=0.00, real=0.00 secs] 
93.692: [GC (Allocation Failure) [PSYoungGen: 9971K->1728K(14336K)] 41809K->33582K(46592K), 0.0008282 secs] [Times: user=0.00 sys=0.00, real=0.00 secs] 
93.694: [GC (Allocation Failure) [PSYoungGen: 8883K->672K(14336K)] 40736K->32541K(46592K), 0.0004604 secs] [Times: user=0.00 sys=0.00, real=0.00 secs] 
93.695: [GC (Allocation Failure) [PSYoungGen: 7826K->7139K(14336K)] 39696K->39633K(47104K), 0.0010198 secs] [Times: user=0.00 sys=0.00, real=0.00 secs] 
93.696: [Full GC (Ergonomics) [PSYoungGen: 7139K->0K(14336K)] [ParOldGen: 32493K->8471K(31744K)] 39633K->8471K(46080K), [Metaspace: 2892K->2892K(1056768K)], 0.0020910 secs] [Times: user=0.00 sys=0.00, real=0.00 secs] 
93.739: [GC (Allocation Failure) [PSYoungGen: 7154K->6755K(14336K)] 15625K->15226K(46080K), 0.0011991 secs] [Times: user=0.00 sys=0.00, real=0.00 secs] 
93.787: [GC (Allocation Failure) [PSYoungGen: 13908K->5698K(14336K)] 22379K->14186K(46080K), 0.0013421 secs] [Times: user=0.00 sys=0.00, real=0.00 secs] 
93.789: [GC (Allocation Failure) [PSYoungGen: 12852K->4642K(14336K)] 21339K->13137K(46080K), 0.0009632 secs] [Times: user=0.00 sys=0.00, real=0.00 secs] 
93.849: [GC (Allocation Failure) [PSYoungGen: 11796K->3585K(14336K)] 20291K->12089K(46080K), 0.0007709 secs] [Times: user=0.00 sys=0.00, real=0.00 secs] 
93.897: [GC (Allocation Failure) [PSYoungGen: 10750K->1024K(14336K)] 19254K->9543K(46080K), 0.0004445 secs] [Times: user=0.00 sys=0.00, real=0.00 secs] 
93.898: [GC (Allocation Failure) [PSYoungGen: 8178K->7139K(14336K)] 16698K->16603K(46080K), 0.0012819 secs] [Times: user=0.00 sys=0.00, real=0.00 secs] 
93.900: [GC (Allocation Failure) [PSYoungGen: 14293K->7075K(14336K)] 23757K->16539K(46080K), 0.0010180 secs] [Times: user=0.00 sys=0.00, real=0.00 secs] 
93.944: [GC (Allocation Failure) [PSYoungGen: 14229K->6018K(14336K)] 23693K->15490K(46080K), 0.0007971 secs] [Times: user=0.00 sys=0.00, real=0.00 secs] 
93.990: [GC (Allocation Failure) [PSYoungGen: 13173K->4962K(14336K)] 22645K->14442K(46080K), 0.0007065 secs] [Times: user=0.00 sys=0.00, real=0.00 secs] 
93.991: [GC (Allocation Failure) [PSYoungGen: 12116K->3905K(14336K)] 21596K->13401K(46080K), 0.0006166 secs] [Times: user=0.00 sys=0.00, real=0.00 secs] 
94.037: [GC (Allocation Failure) [PSYoungGen: 11060K->2849K(14336K)] 20556K->12361K(46080K), 0.0004666 secs] [Times: user=0.00 sys=0.00, real=0.00 secs] 
94.099: [GC (Allocation Failure) [PSYoungGen: 10003K->1792K(14336K)] 19515K->11320K(46080K), 0.0004445 secs] [Times: user=0.00 sys=0.00, real=0.00 secs] 
94.100: [GC (Allocation Failure) [PSYoungGen: 8932K->96K(14336K)] 18460K->9639K(46080K), 0.0004005 secs] [Times: user=0.00 sys=0.00, real=0.00 secs] 
94.101: [GC (Allocation Failure) [PSYoungGen: 7250K->7139K(14336K)] 16794K->16707K(46080K), 0.0010154 secs] [Times: user=0.00 sys=0.00, real=0.00 secs] 
94.146: [GC (Allocation Failure) [PSYoungGen: 14276K->5122K(14336K)] 23844K->14690K(46080K), 0.0008483 secs] [Times: user=0.03 sys=0.02, real=0.00 secs] 
94.192: [GC (Allocation Failure) [PSYoungGen: 12276K->4033K(14336K)] 21844K->13617K(46080K), 0.0005622 secs] [Times: user=0.00 sys=0.00, real=0.00 secs] 
94.193: [GC (Allocation Failure) [PSYoungGen: 11188K->2977K(14336K)] 20772K->12569K(46080K), 0.0006841 secs] [Times: user=0.00 sys=0.00, real=0.00 secs] 
94.239: [GC (Allocation Failure) [PSYoungGen: 10131K->1920K(14336K)] 19723K->11520K(46080K), 0.0006060 secs] [Times: user=0.00 sys=0.00, real=0.00 secs] 
94.286: [GC (Allocation Failure) [PSYoungGen: 9075K->864K(14336K)] 18675K->10472K(46080K), 0.0005995 secs] [Times: user=0.00 sys=0.00, real=0.00 secs] 
94.288: [GC (Allocation Failure) [PSYoungGen: 8018K->7139K(14336K)] 17626K->17563K(46080K), 0.0010559 secs] [Times: user=0.00 sys=0.00, real=0.00 secs] 
94.289: [GC (Allocation Failure) [PSYoungGen: 14293K->6947K(14336K)] 24718K->17371K(46080K), 0.0009111 secs] [Times: user=0.00 sys=0.00, real=0.00 secs] 
94.350: [GC (Allocation Failure) [PSYoungGen: 14085K->4834K(14336K)] 24509K->15274K(46080K), 0.0007868 secs] [Times: user=0.00 sys=0.00, real=0.00 secs] 
94.398: [GC (Allocation Failure) [PSYoungGen: 11988K->3777K(14336K)] 22428K->14226K(46080K), 0.0007132 secs] [Times: user=0.00 sys=0.00, real=0.00 secs] 
94.399: [GC (Allocation Failure) [PSYoungGen: 10932K->2721K(14336K)] 21380K->13185K(46080K), 0.0004911 secs] [Times: user=0.00 sys=0.00, real=0.00 secs] 
94.444: [GC (Allocation Failure) [PSYoungGen: 9875K->1664K(14336K)] 20339K->12136K(46080K), 0.0007041 secs] [Times: user=0.00 sys=0.00, real=0.00 secs] 
94.492: [GC (Allocation Failure) [PSYoungGen: 8819K->608K(14336K)] 19291K->11088K(46080K), 0.0005091 secs] [Times: user=0.00 sys=0.00, real=0.00 secs] 
94.493: [GC (Allocation Failure) [PSYoungGen: 7762K->7139K(14336K)] 18242K->18179K(46080K), 0.0013826 secs] [Times: user=0.00 sys=0.00, real=0.00 secs] 
94.495: [GC (Allocation Failure) [PSYoungGen: 14293K->6659K(14336K)] 25334K->17699K(46080K), 0.0009465 secs] [Times: user=0.00 sys=0.00, real=0.00 secs] 
94.539: [GC (Allocation Failure) [PSYoungGen: 13813K->5634K(14336K)] 24854K->16683K(46080K), 0.0008962 secs] [Times: user=0.00 sys=0.00, real=0.00 secs] 
94.586: [GC (Allocation Failure) [PSYoungGen: 12789K->4578K(14336K)] 23837K->15634K(46080K), 0.0006508 secs] [Times: user=0.00 sys=0.00, real=0.00 secs] 
94.588: [GC (Allocation Failure) [PSYoungGen: 11732K->3521K(14336K)] 22789K->14586K(46080K), 0.0005769 secs] [Times: user=0.00 sys=0.00, real=0.00 secs] 
94.649: [GC (Allocation Failure) [PSYoungGen: 10674K->416K(14336K)] 21738K->11496K(46080K), 0.0005657 secs] [Times: user=0.00 sys=0.00, real=0.00 secs] 
94.650: [GC (Allocation Failure) [PSYoungGen: 7570K->7139K(14336K)] 18650K->18564K(46080K), 0.0011343 secs] [Times: user=0.00 sys=0.00, real=0.00 secs] 
94.696: [GC (Allocation Failure) [PSYoungGen: 14293K->6467K(14336K)] 25718K->17891K(46080K), 0.0009293 secs] [Times: user=0.00 sys=0.00, real=0.00 secs] 
94.697: [GC (Allocation Failure) [PSYoungGen: 13621K->5410K(14336K)] 25046K->16851K(46080K), 0.0006998 secs] [Times: user=0.00 sys=0.00, real=0.00 secs] 
94.742: [GC (Allocation Failure) [PSYoungGen: 12565K->4354K(14336K)] 24005K->15802K(46080K), 0.0005960 secs] [Times: user=0.00 sys=0.00, real=0.00 secs] 
94.789: [GC (Allocation Failure) [PSYoungGen: 11508K->3297K(14336K)] 22957K->14754K(46080K), 0.0005874 secs] [Times: user=0.00 sys=0.00, real=0.00 secs] 
94.790: [GC (Allocation Failure) [PSYoungGen: 10452K->2241K(14336K)] 21908K->13705K(46080K), 0.0005873 secs] [Times: user=0.00 sys=0.00, real=0.00 secs] 
94.836: [GC (Allocation Failure) [PSYoungGen: 9395K->1184K(14336K)] 20860K->12657K(46080K), 0.0004456 secs] [Times: user=0.00 sys=0.00, real=0.00 secs] 
94.837: [GC (Allocation Failure) [PSYoungGen: 8352K->160K(14336K)] 19825K->11648K(46080K), 0.0005261 secs] [Times: user=0.00 sys=0.00, real=0.00 secs] 
94.899: [GC (Allocation Failure) [PSYoungGen: 7306K->6243K(14336K)] 18795K->17747K(46080K), 0.0009932 secs] [Times: user=0.00 sys=0.00, real=0.00 secs] 
94.901: [GC (Allocation Failure) [PSYoungGen: 13396K->5186K(14336K)] 24901K->16699K(46080K), 0.0009017 secs] [Times: user=0.00 sys=0.00, real=0.00 secs] 
94.945: [GC (Allocation Failure) [PSYoungGen: 12340K->4129K(14336K)] 23853K->15650K(46080K), 0.0006411 secs] [Times: user=0.00 sys=0.00, real=0.00 secs] 
94.992: [GC (Allocation Failure) [PSYoungGen: 11284K->3073K(14336K)] 22804K->14610K(46080K), 0.0011034 secs] [Times: user=0.00 sys=0.00, real=0.00 secs] 
94.994: [GC (Allocation Failure) [PSYoungGen: 10227K->2016K(14336K)] 21764K->13569K(46080K), 0.0004650 secs] [Times: user=0.00 sys=0.00, real=0.00 secs] 
95.039: [GC (Allocation Failure) [PSYoungGen: 9171K->960K(14336K)] 20723K->12529K(46080K), 0.0008405 secs] [Times: user=0.00 sys=0.00, real=0.00 secs] 
95.040: [GC (Allocation Failure) [PSYoungGen: 8114K->7139K(14336K)] 19683K->19620K(46080K), 0.0015485 secs] [Times: user=0.00 sys=0.00, real=0.00 secs] 
95.101: [GC (Allocation Failure) [PSYoungGen: 14293K->7043K(14336K)] 26774K->19524K(46080K), 0.0008760 secs] [Times: user=0.00 sys=0.00, real=0.00 secs] 
95.102: [GC (Allocation Failure) [PSYoungGen: 14197K->5986K(14336K)] 26678K->18475K(46080K), 0.0008938 secs] [Times: user=0.00 sys=0.00, real=0.00 secs] 
95.148: [GC (Allocation Failure) [PSYoungGen: 13130K->3233K(14336K)] 25619K->15730K(46080K), 0.0006948 secs] [Times: user=0.00 sys=0.00, real=0.00 secs] 
95.195: [GC (Allocation Failure) [PSYoungGen: 10388K->2177K(14336K)] 22885K->14690K(46080K), 0.0007548 secs] [Times: user=0.00 sys=0.00, real=0.00 secs] 
95.196: [GC (Allocation Failure) [PSYoungGen: 9331K->1120K(14336K)] 21844K->13641K(46080K), 0.0004017 secs] [Times: user=0.00 sys=0.00, real=0.00 secs] 
95.241: [GC (Allocation Failure) [PSYoungGen: 8274K->64K(14336K)] 20795K->12593K(46080K), 0.0005177 secs] [Times: user=0.00 sys=0.00, real=0.00 secs] 
95.242: [GC (Allocation Failure) [PSYoungGen: 7218K->7139K(14336K)] 19747K->19684K(46080K), 0.0010871 secs] [Times: user=0.00 sys=0.00, real=0.00 secs] 
95.290: [GC (Allocation Failure) [PSYoungGen: 14293K->6146K(14336K)] 26838K->18692K(46080K), 0.0011269 secs] [Times: user=0.00 sys=0.00, real=0.00 secs] 
95.292: [GC (Allocation Failure) [PSYoungGen: 13301K->5090K(14336K)] 25846K->17643K(46080K), 0.0008842 secs] [Times: user=0.00 sys=0.00, real=0.00 secs] 
95.337: [GC (Allocation Failure) [PSYoungGen: 12244K->4033K(14336K)] 24797K->16602K(46080K), 0.0007666 secs] [Times: user=0.00 sys=0.00, real=0.00 secs] 
95.400: [GC (Allocation Failure) [PSYoungGen: 11174K->1408K(14336K)] 23743K->13985K(46080K), 0.0007636 secs] [Times: user=0.00 sys=0.00, real=0.00 secs] 
95.402: [GC (Allocation Failure) [PSYoungGen: 8563K->352K(14336K)] 21140K->12945K(46080K), 0.0004166 secs] [Times: user=0.00 sys=0.00, real=0.00 secs] 
95.403: [GC (Allocation Failure) [PSYoungGen: 7506K->7139K(14336K)] 20099K->20036K(46080K), 0.0008706 secs] [Times: user=0.00 sys=0.00, real=0.00 secs] 
95.446: [GC (Allocation Failure) [PSYoungGen: 14293K->6435K(14336K)] 27191K->19332K(46080K), 0.0012507 secs] [Times: user=0.00 sys=0.00, real=0.00 secs] 
95.493: [GC (Allocation Failure) [PSYoungGen: 13589K->5378K(14336K)] 26486K->18283K(46080K), 0.0008999 secs] [Times: user=0.00 sys=0.00, real=0.00 secs] 
95.494: [GC (Allocation Failure) [PSYoungGen: 12533K->4322K(14336K)] 25438K->17243K(46080K), 0.0006426 secs] [Times: user=0.00 sys=0.00, real=0.00 secs] 
95.539: [GC (Allocation Failure) [PSYoungGen: 11476K->3265K(14336K)] 24397K->16194K(46080K), 0.0008325 secs] [Times: user=0.00 sys=0.00, real=0.00 secs] 
95.587: [GC (Allocation Failure) [PSYoungGen: 10420K->2209K(14336K)] 23349K->15146K(46080K), 0.0005506 secs] [Times: user=0.00 sys=0.00, real=0.00 secs] 
95.588: [GC (Allocation Failure) [PSYoungGen: 9363K->1152K(14336K)] 22300K->14097K(46080K), 0.0005363 secs] [Times: user=0.00 sys=0.00, real=0.00 secs] 
95.589: [GC (Allocation Failure) [PSYoungGen: 8320K->96K(14336K)] 21265K->13049K(46080K), 0.0004606 secs] [Times: user=0.00 sys=0.00, real=0.00 secs] 
95.650: [GC (Allocation Failure) [PSYoungGen: 7253K->5698K(14336K)] 20206K->18659K(46080K), 0.0009028 secs] [Times: user=0.00 sys=0.00, real=0.00 secs] 
95.698: [GC (Allocation Failure) [PSYoungGen: 12852K->4642K(14336K)] 25813K->17619K(46080K), 0.0008777 secs] [Times: user=0.00 sys=0.00, real=0.00 secs] 
95.699: [GC (Allocation Failure) [PSYoungGen: 11796K->3585K(14336K)] 24773K->16578K(46080K), 0.0005771 secs] [Times: user=0.00 sys=0.00, real=0.00 secs] 
95.746: [GC (Allocation Failure) [PSYoungGen: 10739K->2529K(14336K)] 23732K->15530K(46080K), 0.0006355 secs] [Times: user=0.00 sys=0.00, real=0.00 secs] 
95.793: [GC (Allocation Failure) [PSYoungGen: 9683K->1472K(14336K)] 22684K->14481K(46080K), 0.0006563 secs] [Times: user=0.00 sys=0.00, real=0.00 secs] 
95.794: [GC (Allocation Failure) [PSYoungGen: 8627K->416K(14336K)] 21636K->13433K(46080K), 0.0003864 secs] [Times: user=0.00 sys=0.00, real=0.00 secs] 
95.795: [GC (Allocation Failure) [PSYoungGen: 7570K->7139K(14336K)] 20587K->20524K(46080K), 0.0009893 secs] [Times: user=0.00 sys=0.00, real=0.00 secs] 
95.840: [GC (Allocation Failure) [PSYoungGen: 14293K->6499K(14336K)] 27679K->19884K(46080K), 0.0011166 secs] [Times: user=0.00 sys=0.00, real=0.00 secs] 
95.887: [GC (Allocation Failure) [PSYoungGen: 13636K->4418K(14336K)] 27022K->17819K(46080K), 0.0007935 secs] [Times: user=0.00 sys=0.00, real=0.00 secs] 
95.889: [GC (Allocation Failure) [PSYoungGen: 11572K->3329K(14336K)] 24973K->16746K(46080K), 0.0006402 secs] [Times: user=0.00 sys=0.00, real=0.00 secs] 
95.949: [GC (Allocation Failure) [PSYoungGen: 10484K->2273K(14336K)] 23901K->15698K(46080K), 0.0007220 secs] [Times: user=0.00 sys=0.00, real=0.00 secs] 
95.996: [GC (Allocation Failure) [PSYoungGen: 9427K->1184K(14336K)] 22852K->14617K(46080K), 0.0006646 secs] [Times: user=0.00 sys=0.00, real=0.00 secs] 
95.997: [GC (Allocation Failure) [PSYoungGen: 8339K->160K(14336K)] 21772K->13601K(46080K), 0.0004431 secs] [Times: user=0.00 sys=0.00, real=0.00 secs] 
95.998: [GC (Allocation Failure) [PSYoungGen: 7314K->7139K(14336K)] 20755K->20692K(46080K), 0.0010175 secs] [Times: user=0.00 sys=0.00, real=0.00 secs] 
96.043: [GC (Allocation Failure) [PSYoungGen: 14293K->6243K(14336K)] 27847K->19796K(46080K), 0.0010140 secs] [Times: user=0.00 sys=0.00, real=0.00 secs] 
96.090: [GC (Allocation Failure) [PSYoungGen: 13397K->5186K(14336K)] 26950K->18755K(46080K), 0.0011497 secs] [Times: user=0.00 sys=0.00, real=0.00 secs] 
96.092: [GC (Allocation Failure) [PSYoungGen: 12330K->2465K(14336K)] 25899K->16042K(46080K), 0.0005044 secs] [Times: user=0.00 sys=0.00, real=0.00 secs] 
96.137: [GC (Allocation Failure) [PSYoungGen: 9613K->864K(14336K)] 23190K->14457K(46080K), 0.0008221 secs] [Times: user=0.00 sys=0.00, real=0.00 secs] 
96.138: [GC (Allocation Failure) [PSYoungGen: 8018K->7139K(14336K)] 21612K->21525K(46080K), 0.0010427 secs] [Times: user=0.00 sys=0.00, real=0.00 secs] 
96.200: [GC (Allocation Failure) [PSYoungGen: 14293K->6915K(14336K)] 28679K->21301K(46080K), 0.0009262 secs] [Times: user=0.00 sys=0.00, real=0.00 secs] 
96.202: [GC (Allocation Failure) [PSYoungGen: 14069K->5858K(14336K)] 28455K->20252K(46080K), 0.0008898 secs] [Times: user=0.00 sys=0.00, real=0.00 secs] 
96.247: [GC (Allocation Failure) [PSYoungGen: 13013K->4802K(14336K)] 27406K->19204K(46080K), 0.0006123 secs] [Times: user=0.00 sys=0.00, real=0.00 secs] 
96.295: [GC (Allocation Failure) [PSYoungGen: 11956K->3745K(14336K)] 26358K->18163K(46080K), 0.0006879 secs] [Times: user=0.00 sys=0.00, real=0.00 secs] 
96.296: [GC (Allocation Failure) [PSYoungGen: 10900K->2689K(14336K)] 25318K->17115K(46080K), 0.0005316 secs] [Times: user=0.00 sys=0.00, real=0.00 secs] 
96.342: [GC (Allocation Failure) [PSYoungGen: 9826K->576K(14336K)] 24252K->15018K(46080K), 0.0006129 secs] [Times: user=0.00 sys=0.00, real=0.00 secs] 
96.343: [GC (Allocation Failure) [PSYoungGen: 7730K->7139K(14336K)] 22172K->22109K(46080K), 0.0011268 secs] [Times: user=0.00 sys=0.00, real=0.00 secs] 
96.388: [GC (Allocation Failure) [PSYoungGen: 14293K->6659K(14336K)] 29263K->21629K(46080K), 0.0008535 secs] [Times: user=0.00 sys=0.00, real=0.00 secs] 
96.390: [GC (Allocation Failure) [PSYoungGen: 13813K->5602K(14336K)] 28783K->20588K(46080K), 0.0008130 secs] [Times: user=0.00 sys=0.00, real=0.00 secs] 
96.436: [GC (Allocation Failure) [PSYoungGen: 12757K->4546K(14336K)] 27743K->19548K(46080K), 0.0007588 secs] [Times: user=0.00 sys=0.00, real=0.00 secs] 
96.500: [GC (Allocation Failure) [PSYoungGen: 11700K->3489K(14336K)] 26702K->18507K(46080K), 0.0005011 secs] [Times: user=0.00 sys=0.00, real=0.00 secs] 
96.501: [GC (Allocation Failure) [PSYoungGen: 10644K->2433K(14336K)] 25662K->17459K(46080K), 0.0005597 secs] [Times: user=0.00 sys=0.00, real=0.00 secs] 
96.547: [GC (Allocation Failure) [PSYoungGen: 9587K->1376K(14336K)] 24613K->16410K(46080K), 0.0006067 secs] [Times: user=0.00 sys=0.00, real=0.00 secs] 
96.594: [GC (Allocation Failure) [PSYoungGen: 8531K->320K(14336K)] 23565K->15362K(46080K), 0.0005833 secs] [Times: user=0.00 sys=0.00, real=0.00 secs] 
96.595: [GC (Allocation Failure) [PSYoungGen: 7474K->7139K(14336K)] 22516K->22453K(46080K), 0.0008860 secs] [Times: user=0.00 sys=0.00, real=0.00 secs] 
96.597: [GC (Allocation Failure) [PSYoungGen: 14293K->6403K(14336K)] 29608K->21717K(46080K), 0.0008572 secs] [Times: user=0.00 sys=0.00, real=0.00 secs] 
96.641: [GC (Allocation Failure) [PSYoungGen: 13543K->3777K(14336K)] 28857K->19099K(46080K), 0.0006767 secs] [Times: user=0.00 sys=0.00, real=0.00 secs] 
96.688: [GC (Allocation Failure) [PSYoungGen: 10932K->2721K(14336K)] 26254K->18059K(46080K), 0.0008234 secs] [Times: user=0.00 sys=0.00, real=0.00 secs] 
96.690: [GC (Allocation Failure) [PSYoungGen: 9875K->1664K(14336K)] 25213K->17010K(46080K), 0.0006725 secs] [Times: user=0.00 sys=0.00, real=0.00 secs] 
96.751: [GC (Allocation Failure) [PSYoungGen: 8819K->608K(14336K)] 24165K->15970K(46080K), 0.0004752 secs] [Times: user=0.00 sys=0.00, real=0.00 secs] 
96.752: [GC (Allocation Failure) [PSYoungGen: 7762K->7139K(14336K)] 23124K->23061K(46080K), 0.0009297 secs] [Times: user=0.00 sys=0.00, real=0.00 secs] 
96.799: [GC (Allocation Failure) [PSYoungGen: 14293K->6691K(14336K)] 30216K->22613K(46080K), 0.0007990 secs] [Times: user=0.00 sys=0.00, real=0.00 secs] 
96.800: [GC (Allocation Failure) [PSYoungGen: 13845K->5634K(14336K)] 29768K->21565K(46080K), 0.0007627 secs] [Times: user=0.00 sys=0.00, real=0.00 secs] 
96.846: [GC (Allocation Failure) [PSYoungGen: 12789K->4578K(14336K)] 28719K->20524K(46080K), 0.0007446 secs] [Times: user=0.00 sys=0.00, real=0.00 secs] 
96.892: [GC (Allocation Failure) [PSYoungGen: 11721K->1952K(14336K)] 27667K->17907K(46080K), 0.0004335 secs] [Times: user=0.00 sys=0.00, real=0.00 secs] 
96.893: [GC (Allocation Failure) [PSYoungGen: 9107K->896K(14336K)] 25061K->16858K(46080K), 0.0003662 secs] [Times: user=0.00 sys=0.00, real=0.00 secs] 
96.894: [GC (Allocation Failure) [PSYoungGen: 8050K->7139K(14336K)] 24013K->23950K(46080K), 0.0009962 secs] [Times: user=0.00 sys=0.00, real=0.00 secs] 
96.940: [GC (Allocation Failure) [PSYoungGen: 14293K->6979K(14336K)] 31104K->23790K(46080K), 0.0011046 secs] [Times: user=0.00 sys=0.00, real=0.00 secs] 
96.988: [GC (Allocation Failure) [PSYoungGen: 14133K->5922K(14336K)] 30944K->22749K(46080K), 0.0008862 secs] [Times: user=0.00 sys=0.00, real=0.00 secs] 
96.989: [GC (Allocation Failure) [PSYoungGen: 13077K->4866K(14336K)] 29904K->21701K(46080K), 0.0007321 secs] [Times: user=0.02 sys=0.00, real=0.00 secs] 
97.050: [GC (Allocation Failure) [PSYoungGen: 12020K->3809K(14336K)] 28855K->20652K(46080K), 0.0008667 secs] [Times: user=0.00 sys=0.00, real=0.00 secs] 
97.097: [GC (Allocation Failure) [PSYoungGen: 10964K->2753K(14336K)] 27807K->19612K(46080K), 0.0007131 secs] [Times: user=0.00 sys=0.00, real=0.00 secs] 
97.098: [GC (Allocation Failure) [PSYoungGen: 9907K->1696K(14336K)] 26766K->18571K(46080K), 0.0005278 secs] [Times: user=0.00 sys=0.00, real=0.00 secs] 
97.099: [GC (Allocation Failure) [PSYoungGen: 8858K->832K(14336K)] 25733K->17722K(46080K), 0.0005038 secs] [Times: user=0.00 sys=0.00, real=0.00 secs] 
97.144: [GC (Allocation Failure) [PSYoungGen: 7995K->6114K(14336K)] 24886K->23013K(46080K), 0.0008965 secs] [Times: user=0.00 sys=0.00, real=0.00 secs] 
97.191: [GC (Allocation Failure) [PSYoungGen: 13269K->5058K(14336K)] 30168K->21981K(46080K), 0.0008018 secs] [Times: user=0.00 sys=0.00, real=0.00 secs] 
97.192: [GC (Allocation Failure) [PSYoungGen: 12212K->4001K(14336K)] 29135K->20932K(46080K), 0.0006635 secs] [Times: user=0.00 sys=0.00, real=0.00 secs] 
97.238: [GC (Allocation Failure) [PSYoungGen: 11156K->2945K(14336K)] 28087K->19884K(46080K), 0.0006486 secs] [Times: user=0.00 sys=0.00, real=0.00 secs] 
97.301: [GC (Allocation Failure) [PSYoungGen: 10099K->1888K(14336K)] 27038K->18835K(46080K), 0.0007702 secs] [Times: user=0.00 sys=0.00, real=0.00 secs] 
97.302: [GC (Allocation Failure) [PSYoungGen: 9043K->832K(14336K)] 25990K->17787K(46080K), 0.0006468 secs] [Times: user=0.00 sys=0.00, real=0.00 secs] 
97.303: [GC (Allocation Failure) [PSYoungGen: 7986K->7139K(14336K)] 24941K->24878K(46080K), 0.0009750 secs] [Times: user=0.00 sys=0.00, real=0.00 secs] 
97.348: [GC (Allocation Failure) [PSYoungGen: 14293K->6915K(14336K)] 32033K->24654K(46080K), 0.0009050 secs] [Times: user=0.00 sys=0.00, real=0.00 secs] 
97.394: [GC (Allocation Failure) [PSYoungGen: 14053K->4834K(14336K)] 31792K->22581K(46080K), 0.0006694 secs] [Times: user=0.00 sys=0.00, real=0.00 secs] 
97.395: [GC (Allocation Failure) [PSYoungGen: 11988K->3745K(14336K)] 29735K->21509K(46080K), 0.0008618 secs] [Times: user=0.00 sys=0.00, real=0.00 secs] 
97.441: [GC (Allocation Failure) [PSYoungGen: 10900K->2689K(14336K)] 28663K->20460K(46080K), 0.0006669 secs] [Times: user=0.00 sys=0.00, real=0.00 secs] 
97.487: [GC (Allocation Failure) [PSYoungGen: 9843K->1632K(14336K)] 27614K->19411K(46080K), 0.0006868 secs] [Times: user=0.00 sys=0.00, real=0.00 secs] 
97.489: [GC (Allocation Failure) [PSYoungGen: 8787K->576K(14336K)] 26566K->18371K(46080K), 0.0005834 secs] [Times: user=0.00 sys=0.00, real=0.00 secs] 
97.490: [GC (Allocation Failure) [PSYoungGen: 7730K->7139K(14336K)] 25525K->25462K(46080K), 0.0011544 secs] [Times: user=0.01 sys=0.00, real=0.00 secs] 
97.551: [GC (Allocation Failure) [PSYoungGen: 14293K->6659K(14336K)] 32617K->24982K(46080K), 0.0010072 secs] [Times: user=0.00 sys=0.00, real=0.00 secs] 
97.598: [GC (Allocation Failure) [PSYoungGen: 13813K->5602K(14336K)] 32137K->23942K(46080K), 0.0007376 secs] [Times: user=0.00 sys=0.00, real=0.00 secs] 
97.599: [GC (Allocation Failure) [PSYoungGen: 12745K->2977K(14336K)] 31085K->21324K(46080K), 0.0005999 secs] [Times: user=0.00 sys=0.00, real=0.00 secs] 
97.645: [GC (Allocation Failure) [PSYoungGen: 10143K->1408K(14336K)] 28491K->19764K(46080K), 0.0006555 secs] [Times: user=0.00 sys=0.00, real=0.00 secs] 
97.692: [GC (Allocation Failure) [PSYoungGen: 8563K->352K(14336K)] 26918K->18715K(46080K), 0.0004072 secs] [Times: user=0.00 sys=0.00, real=0.00 secs] 
97.693: [GC (Allocation Failure) [PSYoungGen: 7506K->7139K(14336K)] 25869K->25807K(46080K), 0.0009720 secs] [Times: user=0.00 sys=0.00, real=0.00 secs] 
97.694: [GC (Allocation Failure) [PSYoungGen: 14293K->6435K(14336K)] 32961K->25102K(46080K), 0.0008876 secs] [Times: user=0.00 sys=0.00, real=0.00 secs] 
97.740: [GC (Allocation Failure) [PSYoungGen: 13589K->5378K(14336K)] 32257K->24054K(46080K), 0.0008967 secs] [Times: user=0.02 sys=0.00, real=0.00 secs] 
97.787: [GC (Allocation Failure) [PSYoungGen: 12533K->4322K(14336K)] 31208K->23013K(46080K), 0.0007890 secs] [Times: user=0.00 sys=0.00, real=0.00 secs] 
97.789: [GC (Allocation Failure) [PSYoungGen: 11476K->3265K(14336K)] 30168K->21965K(46080K), 0.0006366 secs] [Times: user=0.00 sys=0.00, real=0.00 secs] 
97.849: [GC (Allocation Failure) [PSYoungGen: 10403K->1152K(14336K)] 29102K->19860K(46080K), 0.0006482 secs] [Times: user=0.00 sys=0.00, real=0.00 secs] 
97.897: [GC (Allocation Failure) [PSYoungGen: 8306K->96K(14336K)] 27014K->18811K(46080K), 0.0005563 secs] [Times: user=0.00 sys=0.00, real=0.00 secs] 
97.898: [GC (Allocation Failure) [PSYoungGen: 7250K->7139K(14336K)] 25966K->25903K(46080K), 0.0010790 secs] [Times: user=0.00 sys=0.00, real=0.00 secs] 
97.899: [GC (Allocation Failure) [PSYoungGen: 14293K->6178K(14336K)] 33057K->24942K(46080K), 0.0008254 secs] [Times: user=0.00 sys=0.00, real=0.00 secs] 
97.944: [GC (Allocation Failure) [PSYoungGen: 13333K->5122K(14336K)] 32097K->23902K(46080K), 0.0008845 secs] [Times: user=0.00 sys=0.00, real=0.00 secs] 
97.991: [GC (Allocation Failure) [PSYoungGen: 12276K->4065K(14336K)] 31056K->22861K(46080K), 0.0007624 secs] [Times: user=0.00 sys=0.00, real=0.00 secs] 
97.992: [GC (Allocation Failure) [PSYoungGen: 11220K->3009K(14336K)] 30016K->21813K(46080K), 0.0006250 secs] [Times: user=0.00 sys=0.00, real=0.00 secs] 
98.038: [GC (Allocation Failure) [PSYoungGen: 10163K->1952K(14336K)] 28967K->20764K(46080K), 0.0006478 secs] [Times: user=0.00 sys=0.00, real=0.00 secs] 
98.101: [GC (Allocation Failure) [PSYoungGen: 9107K->896K(14336K)] 27919K->19716K(46080K), 0.0004387 secs] [Times: user=0.00 sys=0.00, real=0.00 secs] 
98.102: [GC (Allocation Failure) [PSYoungGen: 8050K->7139K(14336K)] 26870K->26807K(46080K), 0.0011759 secs] [Times: user=0.00 sys=0.00, real=0.00 secs] 
98.103: [GC (Allocation Failure) [PSYoungGen: 14293K->6979K(14336K)] 33962K->26647K(46080K), 0.0010850 secs] [Times: user=0.00 sys=0.00, real=0.00 secs] 
98.146: [GC (Allocation Failure) [PSYoungGen: 14123K->4258K(14336K)] 33791K->23942K(46080K), 0.0008016 secs] [Times: user=0.00 sys=0.00, real=0.00 secs] 
98.192: [GC (Allocation Failure) [PSYoungGen: 11412K->3169K(14336K)] 31096K->22861K(46080K), 0.0006388 secs] [Times: user=0.02 sys=0.00, real=0.00 secs] 
98.194: [GC (Allocation Failure) [PSYoungGen: 10323K->2113K(14336K)] 30015K->21813K(46080K), 0.0007366 secs] [Times: user=0.00 sys=0.00, real=0.00 secs] 
98.241: [GC (Allocation Failure) [PSYoungGen: 9267K->1056K(14336K)] 28967K->20764K(46080K), 0.0007906 secs] [Times: user=0.00 sys=0.00, real=0.00 secs] 
98.242: [GC (Allocation Failure) [PSYoungGen: 8210K->7139K(14336K)] 27918K->27855K(46080K), 0.0011373 secs] [Times: user=0.00 sys=0.00, real=0.00 secs] 
98.289: [GC (Allocation Failure) [PSYoungGen: 14293K->7139K(14336K)] 35010K->27855K(46080K), 0.0009180 secs] [Times: user=0.00 sys=0.00, real=0.00 secs] 
98.290: [GC (Allocation Failure) [PSYoungGen: 14293K->6082K(14336K)] 35010K->26815K(46080K), 0.0008948 secs] [Times: user=0.00 sys=0.00, real=0.00 secs] 
98.352: [GC (Allocation Failure) [PSYoungGen: 13237K->5026K(14336K)] 33969K->25774K(46080K), 0.0009888 secs] [Times: user=0.00 sys=0.00, real=0.00 secs] 
98.398: [GC (Allocation Failure) [PSYoungGen: 12169K->2401K(14336K)] 32918K->23165K(46080K), 0.0005866 secs] [Times: user=0.00 sys=0.00, real=0.00 secs] 
98.399: [GC (Allocation Failure) [PSYoungGen: 9555K->1312K(14336K)] 30320K->22093K(46080K), 0.0005101 secs] [Times: user=0.00 sys=0.00, real=0.00 secs] 
98.445: [GC (Allocation Failure) [PSYoungGen: 8467K->288K(14336K)] 29247K->21076K(46080K), 0.0005512 secs] [Times: user=0.00 sys=0.00, real=0.00 secs] 
98.446: [GC (Allocation Failure) [PSYoungGen: 7442K->7139K(14336K)] 28231K->28168K(46080K), 0.0010360 secs] [Times: user=0.00 sys=0.00, real=0.00 secs] 
98.492: [GC (Allocation Failure) [PSYoungGen: 14293K->6371K(14336K)] 35322K->27399K(46080K), 0.0014853 secs] [Times: user=0.00 sys=0.00, real=0.00 secs] 
98.494: [GC (Allocation Failure) [PSYoungGen: 13525K->5314K(14336K)] 34554K->26359K(46080K), 0.0008302 secs] [Times: user=0.00 sys=0.00, real=0.00 secs] 
98.539: [GC (Allocation Failure) [PSYoungGen: 12469K->4258K(14336K)] 33513K->25318K(46080K), 0.0006873 secs] [Times: user=0.00 sys=0.00, real=0.00 secs] 
98.586: [GC (Allocation Failure) [PSYoungGen: 11412K->3201K(14336K)] 32473K->24278K(46080K), 0.0005833 secs] [Times: user=0.00 sys=0.00, real=0.00 secs] 
98.587: [GC (Allocation Failure) [PSYoungGen: 10356K->2145K(14336K)] 31432K->23229K(46080K), 0.0005816 secs] [Times: user=0.00 sys=0.00, real=0.00 secs] 
98.588: [GC (Allocation Failure) [PSYoungGen: 9313K->32K(14336K)] 30397K->21132K(46080K), 0.0003291 secs] [Times: user=0.00 sys=0.00, real=0.00 secs] 
98.648: [GC (Allocation Failure) [PSYoungGen: 7184K->6691K(14336K)] 28284K->27799K(46080K), 0.0011536 secs] [Times: user=0.00 sys=0.00, real=0.00 secs] 
98.695: [GC (Allocation Failure) [PSYoungGen: 13844K->5634K(14336K)] 34953K->26751K(46080K), 0.0008439 secs] [Times: user=0.00 sys=0.00, real=0.00 secs] 
98.697: [GC (Allocation Failure) [PSYoungGen: 12788K->4578K(14336K)] 33905K->25710K(46080K), 0.0007798 secs] [Times: user=0.00 sys=0.00, real=0.00 secs] 
98.741: [GC (Allocation Failure) [PSYoungGen: 11732K->3521K(14336K)] 32864K->24662K(46080K), 0.0006097 secs] [Times: user=0.00 sys=0.00, real=0.00 secs] 
98.788: [GC (Allocation Failure) [PSYoungGen: 10675K->2465K(14336K)] 31816K->23613K(46080K), 0.0005510 secs] [Times: user=0.00 sys=0.00, real=0.00 secs] 
98.789: [GC (Allocation Failure) [PSYoungGen: 9619K->1408K(14336K)] 30768K->22573K(46080K), 0.0006475 secs] [Times: user=0.00 sys=0.00, real=0.00 secs] 
98.849: [GC (Allocation Failure) [PSYoungGen: 8563K->352K(14336K)] 29727K->21524K(46080K), 0.0005720 secs] [Times: user=0.00 sys=0.00, real=0.00 secs] 
98.850: [GC (Allocation Failure) [PSYoungGen: 7506K->7139K(14336K)] 28679K->28616K(46080K), 0.0010225 secs] [Times: user=0.00 sys=0.00, real=0.00 secs] 
98.897: [GC (Allocation Failure) [PSYoungGen: 14302K->5410K(14336K)] 35778K->26887K(46080K), 0.0009716 secs] [Times: user=0.00 sys=0.00, real=0.00 secs] 
98.898: [GC (Allocation Failure) [PSYoungGen: 12565K->4354K(14336K)] 34041K->25846K(46080K), 0.0007544 secs] [Times: user=0.00 sys=0.00, real=0.00 secs] 
98.944: [GC (Allocation Failure) [PSYoungGen: 11508K->3297K(14336K)] 33001K->24798K(46080K), 0.0007266 secs] [Times: user=0.00 sys=0.00, real=0.00 secs] 
98.991: [GC (Allocation Failure) [PSYoungGen: 10451K->2241K(14336K)] 31952K->23749K(46080K), 0.0008496 secs] [Times: user=0.00 sys=0.00, real=0.00 secs] 
98.992: [GC (Allocation Failure) [PSYoungGen: 9395K->1184K(14336K)] 30904K->22709K(46080K), 0.0004392 secs] [Times: user=0.00 sys=0.00, real=0.00 secs] 
99.036: [GC (Allocation Failure) [PSYoungGen: 8339K->128K(14336K)] 29863K->21660K(46080K), 0.0006778 secs] [Times: user=0.00 sys=0.00, real=0.00 secs] 
99.038: [GC (Allocation Failure) [PSYoungGen: 7282K->7139K(14336K)] 28815K->28752K(46080K), 0.0012876 secs] [Times: user=0.00 sys=0.00, real=0.00 secs] 
99.100: [GC (Allocation Failure) [PSYoungGen: 14293K->6211K(14336K)] 35906K->27823K(46080K), 0.0007381 secs] [Times: user=0.00 sys=0.00, real=0.00 secs] 
99.101: [GC (Allocation Failure) [PSYoungGen: 13356K->4001K(14336K)] 34968K->25630K(46080K), 0.0007170 secs] [Times: user=0.00 sys=0.00, real=0.00 secs] 
99.146: [GC (Allocation Failure) [PSYoungGen: 11139K->1856K(14336K)] 32768K->23501K(46080K), 0.0005290 secs] [Times: user=0.00 sys=0.00, real=0.00 secs] 
99.193: [GC (Allocation Failure) [PSYoungGen: 9011K->800K(14336K)] 30655K->22453K(46080K), 0.0009364 secs] [Times: user=0.00 sys=0.00, real=0.00 secs] 
99.194: [GC (Allocation Failure) [PSYoungGen: 7954K->7139K(14336K)] 29607K->29544K(46080K), 0.0011139 secs] [Times: user=0.00 sys=0.00, real=0.00 secs] 
99.196: [GC (Allocation Failure) [PSYoungGen: 14293K->6883K(14336K)] 36699K->29288K(46080K), 0.0010729 secs] [Times: user=0.00 sys=0.00, real=0.00 secs] 
99.240: [GC (Allocation Failure) [PSYoungGen: 14037K->5826K(14336K)] 36442K->28239K(46080K), 0.0009142 secs] [Times: user=0.00 sys=0.00, real=0.00 secs] 
99.286: [GC (Allocation Failure) [PSYoungGen: 12981K->4770K(14336K)] 35394K->27199K(46080K), 0.0007613 secs] [Times: user=0.02 sys=0.00, real=0.00 secs] 
99.288: [GC (Allocation Failure) [PSYoungGen: 11924K->3713K(14336K)] 34353K->26158K(46080K), 0.0007753 secs] [Times: user=0.00 sys=0.00, real=0.00 secs] 
99.349: [GC (Allocation Failure) [PSYoungGen: 10851K->1632K(14336K)] 33296K->24093K(46080K), 0.0005431 secs] [Times: user=0.02 sys=0.00, real=0.00 secs] 
99.396: [GC (Allocation Failure) [PSYoungGen: 8787K->544K(14336K)] 31248K->23021K(46080K), 0.0005368 secs] [Times: user=0.00 sys=0.00, real=0.00 secs] 
99.397: [GC (Allocation Failure) [PSYoungGen: 7698K->7139K(14336K)] 30175K->30112K(46080K), 0.0012811 secs] [Times: user=0.00 sys=0.00, real=0.00 secs] 
99.399: [GC (Allocation Failure) [PSYoungGen: 14293K->6627K(14336K)] 37267K->29600K(46080K), 0.0009156 secs] [Times: user=0.00 sys=0.00, real=0.00 secs] 
99.444: [GC (Allocation Failure) [PSYoungGen: 13781K->5570K(14336K)] 36755K->28560K(46080K), 0.0008473 secs] [Times: user=0.00 sys=0.00, real=0.00 secs] 
99.491: [GC (Allocation Failure) [PSYoungGen: 12725K->4514K(14336K)] 35714K->27519K(46080K), 0.0007115 secs] [Times: user=0.00 sys=0.00, real=0.00 secs] 
99.493: [GC (Allocation Failure) [PSYoungGen: 11668K->3457K(14336K)] 34674K->26471K(46080K), 0.0007847 secs] [Times: user=0.00 sys=0.00, real=0.00 secs] 
99.538: [GC (Allocation Failure) [PSYoungGen: 10612K->2401K(14336K)] 33625K->25430K(46080K), 0.0005962 secs] [Times: user=0.00 sys=0.00, real=0.00 secs] 
99.599: [GC (Allocation Failure) [PSYoungGen: 9555K->1344K(14336K)] 32585K->24390K(46080K), 0.0005784 secs] [Times: user=0.00 sys=0.00, real=0.00 secs] 
99.601: [GC (Allocation Failure) [PSYoungGen: 8499K->288K(14336K)] 31544K->23341K(46080K), 0.0003624 secs] [Times: user=0.00 sys=0.00, real=0.00 secs] 
99.601: [GC (Allocation Failure) [PSYoungGen: 7442K->7139K(14336K)] 30495K->30432K(46080K), 0.0009102 secs] [Times: user=0.00 sys=0.00, real=0.00 secs] 
99.647: [GC (Allocation Failure) [PSYoungGen: 14279K->4802K(14336K)] 37573K->28095K(46080K), 0.0008131 secs] [Times: user=0.00 sys=0.00, real=0.00 secs] 
99.693: [GC (Allocation Failure) [PSYoungGen: 11956K->3745K(14336K)] 35250K->27063K(46080K), 0.0009242 secs] [Times: user=0.00 sys=0.00, real=0.00 secs] 
99.694: [GC (Allocation Failure) [PSYoungGen: 10900K->2689K(14336K)] 34217K->26014K(46080K), 0.0006455 secs] [Times: user=0.00 sys=0.00, real=0.00 secs] 
99.740: [GC (Allocation Failure) [PSYoungGen: 9843K->1632K(14336K)] 33169K->24966K(46080K), 0.0004812 secs] [Times: user=0.00 sys=0.00, real=0.00 secs] 
99.786: [GC (Allocation Failure) [PSYoungGen: 8787K->576K(14336K)] 32120K->23925K(46080K), 0.0006955 secs] [Times: user=0.00 sys=0.00, real=0.00 secs] 
99.787: [GC (Allocation Failure) [PSYoungGen: 7730K->7139K(14336K)] 31080K->31017K(46080K), 0.0010377 secs] [Times: user=0.00 sys=0.00, real=0.00 secs] 
99.789: [GC (Allocation Failure) [PSYoungGen: 14293K->6659K(14336K)] 38171K->30536K(46080K), 0.0009419 secs] [Times: user=0.00 sys=0.00, real=0.00 secs] 
99.848: [GC (Allocation Failure) [PSYoungGen: 13813K->5602K(14336K)] 37691K->29496K(46080K), 0.0007041 secs] [Times: user=0.00 sys=0.00, real=0.00 secs] 
99.896: [GC (Allocation Failure) [PSYoungGen: 12745K->3009K(14336K)] 36639K->26919K(46080K), 0.0009805 secs] [Times: user=0.00 sys=0.00, real=0.00 secs] 
99.897: [GC (Allocation Failure) [PSYoungGen: 10163K->1920K(14336K)] 34073K->25846K(46080K), 0.0005662 secs] [Times: user=0.00 sys=0.00, real=0.00 secs] 
99.941: [GC (Allocation Failure) [PSYoungGen: 9075K->864K(14336K)] 33001K->24806K(46080K), 0.0005694 secs] [Times: user=0.00 sys=0.00, real=0.00 secs] 
99.942: [GC (Allocation Failure) [PSYoungGen: 8018K->7139K(14336K)] 31960K->31897K(46080K), 0.0012258 secs] [Times: user=0.00 sys=0.00, real=0.00 secs] 
99.988: [GC (Allocation Failure) [PSYoungGen: 14293K->6947K(14336K)] 39052K->31705K(46080K), 0.0013108 secs] [Times: user=0.00 sys=0.00, real=0.00 secs] 
99.990: [GC (Allocation Failure) [PSYoungGen: 14101K->5890K(14336K)] 38859K->30664K(46080K), 0.0009691 secs] [Times: user=0.00 sys=0.00, real=0.00 secs] 
100.050: [GC (Allocation Failure) [PSYoungGen: 13045K->4834K(14336K)] 37819K->29616K(46080K), 0.0010186 secs] [Times: user=0.00 sys=0.00, real=0.00 secs] 
100.097: [GC (Allocation Failure) [PSYoungGen: 11988K->3777K(14336K)] 36770K->28567K(46080K), 0.0007768 secs] [Times: user=0.00 sys=0.00, real=0.00 secs] 
100.098: [GC (Allocation Failure) [PSYoungGen: 10932K->2721K(14336K)] 35722K->27527K(46080K), 0.0005274 secs] [Times: user=0.00 sys=0.00, real=0.00 secs] 
100.099: [GC (Allocation Failure) [PSYoungGen: 9889K->576K(14336K)] 34695K->25398K(46080K), 0.0005202 secs] [Times: user=0.00 sys=0.00, real=0.00 secs] 
100.144: [GC (Allocation Failure) [PSYoungGen: 7738K->7139K(14336K)] 32560K->31969K(46080K), 0.0009990 secs] [Times: user=0.00 sys=0.00, real=0.00 secs] 
100.190: [GC (Allocation Failure) [PSYoungGen: 14293K->6082K(14336K)] 39123K->30929K(46080K), 0.0009953 secs] [Times: user=0.00 sys=0.00, real=0.00 secs] 
100.192: [GC (Allocation Failure) [PSYoungGen: 13236K->5026K(14336K)] 38083K->29888K(46080K), 0.0008144 secs] [Times: user=0.00 sys=0.00, real=0.00 secs] 
100.252: [GC (Allocation Failure) [PSYoungGen: 12180K->3969K(14336K)] 37042K->28848K(46080K), 0.0008446 secs] [Times: user=0.00 sys=0.00, real=0.00 secs] 
100.299: [GC (Allocation Failure) [PSYoungGen: 11124K->2913K(14336K)] 36002K->27799K(46080K), 0.0006771 secs] [Times: user=0.00 sys=0.00, real=0.00 secs] 
100.300: [GC (Allocation Failure) [PSYoungGen: 10067K->1856K(14336K)] 34953K->26751K(46080K), 0.0005372 secs] [Times: user=0.00 sys=0.00, real=0.00 secs] 
100.345: [GC (Allocation Failure) [PSYoungGen: 9011K->800K(14336K)] 33905K->25702K(46080K), 0.0004518 secs] [Times: user=0.00 sys=0.00, real=0.00 secs] 
100.346: [GC (Allocation Failure) [PSYoungGen: 7954K->7139K(14336K)] 32856K->32793K(46080K), 0.0012416 secs] [Times: user=0.00 sys=0.00, real=0.00 secs] 
100.391: [GC (Allocation Failure) [PSYoungGen: 14302K->5890K(14336K)] 39956K->31545K(46080K), 0.0008179 secs] [Times: user=0.00 sys=0.00, real=0.00 secs] 
100.393: [GC (Allocation Failure) [PSYoungGen: 13045K->4802K(14336K)] 38699K->30472K(46080K), 0.0009349 secs] [Times: user=0.00 sys=0.00, real=0.00 secs] 
100.438: [GC (Allocation Failure) [PSYoungGen: 11956K->3745K(14336K)] 37627K->29432K(46080K), 0.0007501 secs] [Times: user=0.00 sys=0.00, real=0.00 secs] 
100.499: [GC (Allocation Failure) [PSYoungGen: 10900K->2689K(14336K)] 36586K->28383K(46080K), 0.0007351 secs] [Times: user=0.00 sys=0.00, real=0.00 secs] 
100.500: [GC (Allocation Failure) [PSYoungGen: 9843K->1632K(14336K)] 35538K->27335K(46080K), 0.0004731 secs] [Times: user=0.00 sys=0.00, real=0.00 secs] 
100.546: [GC (Allocation Failure) [PSYoungGen: 8787K->576K(14336K)] 34489K->26286K(46080K), 0.0008467 secs] [Times: user=0.00 sys=0.00, real=0.00 secs] 
100.547: [GC (Allocation Failure) [PSYoungGen: 7730K->7139K(14336K)] 33441K->33378K(46080K), 0.0011211 secs] [Times: user=0.00 sys=0.00, real=0.00 secs] 
100.593: [GC (Allocation Failure) [PSYoungGen: 14293K->6659K(14336K)] 40532K->32897K(46080K), 0.0012385 secs] [Times: user=0.00 sys=0.00, real=0.00 secs] 
100.595: [GC (Allocation Failure) [PSYoungGen: 13811K->3553K(14336K)] 40050K->29808K(46080K), 0.0006441 secs] [Times: user=0.00 sys=0.00, real=0.00 secs] 
100.640: [GC (Allocation Failure) [PSYoungGen: 10708K->2465K(14336K)] 36962K->28743K(46080K), 0.0007523 secs] [Times: user=0.00 sys=0.00, real=0.00 secs] 
100.686: [GC (Allocation Failure) [PSYoungGen: 9619K->1408K(14336K)] 35898K->27695K(46080K), 0.0009294 secs] [Times: user=0.00 sys=0.00, real=0.00 secs] 
100.688: [GC (Allocation Failure) [PSYoungGen: 8563K->352K(14336K)] 34849K->26654K(46080K), 0.0005564 secs] [Times: user=0.00 sys=0.00, real=0.00 secs] 
100.689: [GC (Allocation Failure) [PSYoungGen: 7506K->7139K(14336K)] 33809K->33746K(46080K), 0.0010463 secs] [Times: user=0.00 sys=0.00, real=0.00 secs] 
100.749: [GC (Allocation Failure) [PSYoungGen: 14293K->6435K(14336K)] 40900K->33041K(46080K), 0.0009541 secs] [Times: user=0.00 sys=0.00, real=0.00 secs] 
100.795: [GC (Allocation Failure) [PSYoungGen: 13589K->5378K(14336K)] 40196K->32001K(46080K), 0.0009519 secs] [Times: user=0.00 sys=0.00, real=0.00 secs] 
100.796: [GC (Allocation Failure) [PSYoungGen: 12533K->4322K(14336K)] 39155K->30960K(46080K), 0.0007902 secs] [Times: user=0.00 sys=0.00, real=0.00 secs] 
100.842: [GC (Allocation Failure) [PSYoungGen: 11476K->3265K(14336K)] 38115K->29920K(46080K), 0.0006454 secs] [Times: user=0.00 sys=0.00, real=0.00 secs] 
100.888: [GC (Allocation Failure) [PSYoungGen: 10403K->1184K(14336K)] 37058K->27847K(46080K), 0.0007040 secs] [Times: user=0.00 sys=0.00, real=0.00 secs] 
100.889: [GC (Allocation Failure) [PSYoungGen: 8338K->96K(14336K)] 35001K->26766K(46080K), 0.0003709 secs] [Times: user=0.00 sys=0.00, real=0.00 secs] 
100.890: [GC (Allocation Failure) [PSYoungGen: 7250K->7139K(14336K)] 33921K->33858K(46080K), 0.0011794 secs] [Times: user=0.00 sys=0.00, real=0.00 secs] 
100.951: [GC (Allocation Failure) [PSYoungGen: 14293K->6178K(14336K)] 41012K->32897K(46080K), 0.0009024 secs] [Times: user=0.00 sys=0.00, real=0.00 secs] 
100.997: [GC (Allocation Failure) [PSYoungGen: 13333K->5122K(14336K)] 40052K->31857K(46080K), 0.0007237 secs] [Times: user=0.00 sys=0.00, real=0.00 secs] 
100.998: [GC (Allocation Failure) [PSYoungGen: 12276K->4065K(14336K)] 39011K->30816K(46080K), 0.0007164 secs] [Times: user=0.00 sys=0.00, real=0.00 secs] 
101.042: [GC (Allocation Failure) [PSYoungGen: 11220K->3009K(14336K)] 37971K->29776K(46080K), 0.0005143 secs] [Times: user=0.00 sys=0.00, real=0.00 secs] 
101.090: [GC (Allocation Failure) [PSYoungGen: 10163K->1952K(14336K)] 36930K->28727K(46080K), 0.0006447 secs] [Times: user=0.00 sys=0.00, real=0.00 secs] 
101.091: [GC (Allocation Failure) [PSYoungGen: 9107K->896K(14336K)] 35882K->27679K(46080K), 0.0004017 secs] [Times: user=0.00 sys=0.00, real=0.00 secs] 
101.092: [GC (Allocation Failure) [PSYoungGen: 8050K->7139K(14336K)] 34833K->34770K(46080K), 0.0011341 secs] [Times: user=0.00 sys=0.00, real=0.00 secs] 
101.136: [GC (Allocation Failure) [PSYoungGen: 14287K->5346K(14336K)] 41919K->32977K(46080K), 0.0010517 secs] [Times: user=0.00 sys=0.00, real=0.00 secs] 
101.198: [GC (Allocation Failure) [PSYoungGen: 12501K->4226K(14336K)] 40132K->31873K(46080K), 0.0008386 secs] [Times: user=0.00 sys=0.00, real=0.00 secs] 
101.200: [GC (Allocation Failure) [PSYoungGen: 11380K->3169K(14336K)] 39027K->30824K(46080K), 0.0006216 secs] [Times: user=0.00 sys=0.00, real=0.00 secs] 
101.244: [GC (Allocation Failure) [PSYoungGen: 10323K->2113K(14336K)] 37979K->29776K(46080K), 0.0010670 secs] [Times: user=0.00 sys=0.00, real=0.00 secs] 
101.291: [GC (Allocation Failure) [PSYoungGen: 9267K->1056K(14336K)] 36930K->28727K(46080K), 0.0006801 secs] [Times: user=0.00 sys=0.00, real=0.00 secs] 
101.292: [GC (Allocation Failure) [PSYoungGen: 8210K->7139K(14336K)] 35882K->35819K(46080K), 0.0011441 secs] [Times: user=0.00 sys=0.00, real=0.00 secs] 
101.294: [GC (Allocation Failure) [PSYoungGen: 14293K->7139K(14336K)] 42973K->35819K(46080K), 0.0009607 secs] [Times: user=0.00 sys=0.00, real=0.00 secs] 
101.339: [GC (Allocation Failure) [PSYoungGen: 14293K->6082K(14336K)] 42973K->34770K(46080K), 0.0006873 secs] [Times: user=0.00 sys=0.00, real=0.00 secs] 
101.401: [GC (Allocation Failure) [PSYoungGen: 13225K->3457K(14336K)] 41913K->32153K(46080K), 0.0006696 secs] [Times: user=0.00 sys=0.00, real=0.00 secs] 
101.402: [GC (Allocation Failure) [PSYoungGen: 10612K->2401K(14336K)] 39307K->31120K(46080K), 0.0005931 secs] [Times: user=0.00 sys=0.00, real=0.00 secs] 
101.447: [GC (Allocation Failure) [PSYoungGen: 9555K->1344K(14336K)] 38275K->30072K(46080K), 0.0004631 secs] [Times: user=0.00 sys=0.00, real=0.00 secs] 
101.495: [GC (Allocation Failure) [PSYoungGen: 8499K->256K(14336K)] 37226K->28991K(46080K), 0.0015343 secs] [Times: user=0.00 sys=0.00, real=0.00 secs] 
101.498: [GC (Allocation Failure) [PSYoungGen: 7410K->7139K(14336K)] 36146K->36115K(46080K), 0.0011839 secs] [Times: user=0.00 sys=0.00, real=0.00 secs] 
101.500: [GC (Allocation Failure) [PSYoungGen: 14293K->6371K(14336K)] 43269K->35346K(46080K), 0.0010590 secs] [Times: user=0.00 sys=0.00, real=0.00 secs] 
101.542: [GC (Allocation Failure) [PSYoungGen: 13525K->5314K(14336K)] 42501K->34306K(46080K), 0.0008103 secs] [Times: user=0.00 sys=0.00, real=0.00 secs] 
101.589: [GC (Allocation Failure) [PSYoungGen: 12469K->4258K(14336K)] 41460K->33257K(46080K), 0.0009777 secs] [Times: user=0.00 sys=0.00, real=0.00 secs] 
101.590: [GC (Allocation Failure) [PSYoungGen: 11413K->2721K(14336K)] 40413K->31737K(46080K), 0.0006076 secs] [Times: user=0.00 sys=0.00, real=0.00 secs] 
101.650: [GC (Allocation Failure) [PSYoungGen: 9859K->576K(14336K)] 38875K->29600K(46080K), 0.0005960 secs] [Times: user=0.00 sys=0.00, real=0.00 secs] 
101.651: [GC (Allocation Failure) [PSYoungGen: 7730K->7139K(14336K)] 36754K->36699K(46080K), 0.0010709 secs] [Times: user=0.00 sys=0.00, real=0.00 secs] 
101.697: [GC (Allocation Failure) [PSYoungGen: 14293K->6659K(14336K)] 43854K->36219K(46080K), 0.0008360 secs] [Times: user=0.00 sys=0.00, real=0.00 secs] 
101.698: [GC (Allocation Failure) [PSYoungGen: 13813K->5602K(14336K)] 43373K->35178K(46080K), 0.0010452 secs] [Times: user=0.00 sys=0.00, real=0.00 secs] 
101.744: [GC (Allocation Failure) [PSYoungGen: 12757K->4546K(14336K)] 42333K->34138K(46080K), 0.0007534 secs] [Times: user=0.00 sys=0.00, real=0.00 secs] 
101.790: [GC (Allocation Failure) [PSYoungGen: 11700K->3489K(14336K)] 41292K->33097K(46080K), 0.0008344 secs] [Times: user=0.00 sys=0.00, real=0.00 secs] 
101.791: [GC (Allocation Failure) [PSYoungGen: 10644K->2433K(14336K)] 40252K->32057K(46080K), 0.0005570 secs] [Times: user=0.00 sys=0.00, real=0.00 secs] 
101.837: [GC (Allocation Failure) [PSYoungGen: 9570K->320K(14336K)] 39195K->29952K(46080K), 0.0008954 secs] [Times: user=0.00 sys=0.00, real=0.00 secs] 
101.839: [GC (Allocation Failure) [PSYoungGen: 7474K->7139K(14336K)] 37106K->37051K(46080K), 0.0014962 secs] [Times: user=0.00 sys=0.00, real=0.00 secs] 
101.900: [GC (Allocation Failure) [PSYoungGen: 14293K->6403K(14336K)] 44206K->36315K(46080K), 0.0009045 secs] [Times: user=0.00 sys=0.00, real=0.00 secs] 
101.902: [GC (Allocation Failure) [PSYoungGen: 13557K->5346K(14336K)] 43469K->35266K(46080K), 0.0009750 secs] [Times: user=0.00 sys=0.00, real=0.00 secs] 
101.947: [GC (Allocation Failure) [PSYoungGen: 12501K->4290K(14336K)] 42421K->34218K(46080K), 0.0008764 secs] [Times: user=0.00 sys=0.00, real=0.00 secs] 
101.995: [GC (Allocation Failure) [PSYoungGen: 11444K->3233K(14336K)] 41372K->33177K(46080K), 0.0007279 secs] [Times: user=0.00 sys=0.00, real=0.00 secs] 
101.996: [GC (Allocation Failure) [PSYoungGen: 10388K->2177K(14336K)] 40332K->32129K(46080K), 0.0006380 secs] [Times: user=0.00 sys=0.00, real=0.00 secs] 
102.041: [GC (Allocation Failure) [PSYoungGen: 9331K->1120K(14336K)] 39283K->31088K(46080K), 0.0005783 secs] [Times: user=0.00 sys=0.00, real=0.00 secs] 
102.088: [GC (Allocation Failure) [PSYoungGen: 8275K->64K(14336K)] 38243K->30040K(46080K), 0.0007310 secs] [Times: user=0.00 sys=0.00, real=0.00 secs] 
102.089: [GC (Allocation Failure) [PSYoungGen: 7218K->7139K(14336K)] 37194K->37131K(46080K), 0.0014104 secs] [Times: user=0.00 sys=0.00, real=0.00 secs] 
102.091: [GC (Allocation Failure) [PSYoungGen: 14293K->6146K(14336K)] 44286K->36139K(46080K), 0.0011395 secs] [Times: user=0.00 sys=0.00, real=0.00 secs] 
102.151: [GC (Allocation Failure) [PSYoungGen: 13299K->2849K(14336K)] 43291K->32849K(46080K), 0.0811289 secs] [Times: user=0.00 sys=0.00, real=0.08 secs] 
102.233: [GC (Allocation Failure) [PSYoungGen: 10003K->1824K(14336K)] 40003K->31833K(46080K), 0.0019212 secs] [Times: user=0.00 sys=0.00, real=0.00 secs] 
102.235: [GC (Allocation Failure) [PSYoungGen: 8979K->768K(14336K)] 38987K->30784K(46080K), 0.0010351 secs] [Times: user=0.00 sys=0.00, real=0.00 secs] 
102.237: [GC (Allocation Failure) [PSYoungGen: 7922K->7139K(14336K)] 37939K->37876K(46080K), 0.0028231 secs] [Times: user=0.00 sys=0.00, real=0.00 secs] 
102.241: [GC (Allocation Failure) [PSYoungGen: 14293K->6819K(14336K)] 45030K->37555K(46080K), 0.0063862 secs] [Times: user=0.01 sys=0.00, real=0.01 secs] 
102.290: [GC (Allocation Failure) [PSYoungGen: 13973K->5794K(14336K)] 44710K->36547K(46080K), 0.0008464 secs] [Times: user=0.00 sys=0.00, real=0.00 secs] 
102.291: [GC (Allocation Failure) [PSYoungGen: 12949K->4738K(14336K)] 43701K->35506K(46080K), 0.0007177 secs] [Times: user=0.00 sys=0.00, real=0.00 secs] 
102.337: [GC (Allocation Failure) [PSYoungGen: 11892K->3681K(14336K)] 42661K->34458K(46080K), 0.0008610 secs] [Times: user=0.00 sys=0.00, real=0.00 secs] 
102.399: [GC (Allocation Failure) [PSYoungGen: 10819K->1600K(14336K)] 41596K->32393K(46080K), 0.0005543 secs] [Times: user=0.00 sys=0.00, real=0.00 secs] 
102.400: [GC (Allocation Failure) [PSYoungGen: 8755K->512K(14336K)] 39547K->31312K(46080K), 0.0003835 secs] [Times: user=0.00 sys=0.00, real=0.00 secs] 
102.401: [GC (Allocation Failure) [PSYoungGen: 7666K->7139K(14336K)] 38467K->38404K(46080K), 0.0011215 secs] [Times: user=0.00 sys=0.00, real=0.00 secs] 
102.445: [GC (Allocation Failure) [PSYoungGen: 14293K->6595K(14336K)] 45558K->37860K(46080K), 0.0011662 secs] [Times: user=0.00 sys=0.00, real=0.00 secs] 
102.493: [GC (Allocation Failure) [PSYoungGen: 13749K->5538K(14336K)] 45014K->36811K(46080K), 0.0009427 secs] [Times: user=0.00 sys=0.00, real=0.00 secs] 
102.495: [GC (Allocation Failure) [PSYoungGen: 12693K->4482K(14336K)] 43965K->35762K(46080K), 0.0008720 secs] [Times: user=0.00 sys=0.00, real=0.00 secs] 
102.539: [GC (Allocation Failure) [PSYoungGen: 11636K->3425K(14336K)] 42917K->34722K(46080K), 0.0005774 secs] [Times: user=0.00 sys=0.00, real=0.00 secs] 
102.586: [GC (Allocation Failure) [PSYoungGen: 10580K->2369K(14336K)] 41876K->33681K(46080K), 0.0007418 secs] [Times: user=0.00 sys=0.00, real=0.00 secs] 
102.587: [GC (Allocation Failure) [PSYoungGen: 9537K->352K(14336K)] 40849K->31672K(46080K), 0.0003800 secs] [Times: user=0.00 sys=0.00, real=0.00 secs] 
102.588: [GC (Allocation Failure) [PSYoungGen: 7501K->6915K(14336K)] 38821K->38260K(46080K), 0.0010955 secs] [Times: user=0.00 sys=0.00, real=0.00 secs] 
102.648: [GC (Allocation Failure) [PSYoungGen: 14068K->5858K(14336K)] 45413K->37219K(46080K), 0.0007792 secs] [Times: user=0.00 sys=0.00, real=0.00 secs] 
102.694: [GC (Allocation Failure) [PSYoungGen: 13012K->4802K(14336K)] 44373K->36171K(46080K), 0.0007501 secs] [Times: user=0.00 sys=0.00, real=0.00 secs] 
102.695: [GC (Allocation Failure) [PSYoungGen: 11956K->3745K(14336K)] 43325K->35122K(46080K), 0.0007191 secs] [Times: user=0.00 sys=0.00, real=0.00 secs] 
102.740: [GC (Allocation Failure) [PSYoungGen: 10900K->2689K(14336K)] 42276K->34082K(46080K), 0.0009490 secs] [Times: user=0.00 sys=0.00, real=0.00 secs] 
102.787: [GC (Allocation Failure) [PSYoungGen: 9843K->1632K(14336K)] 41236K->33041K(46080K), 0.0005207 secs] [Times: user=0.00 sys=0.00, real=0.00 secs] 
102.788: [GC (Allocation Failure) [PSYoungGen: 8787K->576K(14336K)] 40195K->31993K(46080K), 0.0005172 secs] [Times: user=0.00 sys=0.00, real=0.00 secs] 
102.789: [GC (Allocation Failure) [PSYoungGen: 7730K->7139K(14336K)] 39147K->39084K(47104K), 0.0012892 secs] [Times: user=0.00 sys=0.00, real=0.00 secs] 
102.850: [GC (Allocation Failure) [PSYoungGen: 14293K->6659K(14336K)] 46239K->38604K(47104K), 0.0011137 secs] [Times: user=0.00 sys=0.00, real=0.00 secs] 
102.897: [GC (Allocation Failure) [PSYoungGen: 13802K->4033K(14336K)] 45747K->35987K(47104K), 0.0008040 secs] [Times: user=0.00 sys=0.00, real=0.00 secs] 
102.898: [GC (Allocation Failure) [PSYoungGen: 11188K->2977K(14336K)] 43141K->34938K(47104K), 0.0005339 secs] [Times: user=0.00 sys=0.00, real=0.00 secs] 
102.944: [GC (Allocation Failure) [PSYoungGen: 10131K->1920K(14336K)] 42092K->33897K(47104K), 0.0004843 secs] [Times: user=0.00 sys=0.00, real=0.00 secs] 
102.991: [GC (Allocation Failure) [PSYoungGen: 9075K->864K(14336K)] 41052K->32849K(47104K), 0.0005173 secs] [Times: user=0.00 sys=0.00, real=0.00 secs] 
102.992: [GC (Allocation Failure) [PSYoungGen: 8018K->7139K(14336K)] 40003K->39940K(48128K), 0.0011433 secs] [Times: user=0.00 sys=0.00, real=0.00 secs] 
102.994: [GC (Allocation Failure) [PSYoungGen: 14293K->6947K(14336K)] 47095K->39748K(48128K), 0.0009011 secs] [Times: user=0.00 sys=0.00, real=0.00 secs] 
103.038: [GC (Allocation Failure) [PSYoungGen: 14101K->5890K(14336K)] 46903K->38708K(48128K), 0.0012105 secs] [Times: user=0.00 sys=0.00, real=0.00 secs] 
103.100: [GC (Allocation Failure) [PSYoungGen: 13045K->4834K(14336K)] 45862K->37667K(48128K), 0.0008432 secs] [Times: user=0.00 sys=0.00, real=0.00 secs] 
103.101: [GC (Allocation Failure) [PSYoungGen: 11988K->3777K(14336K)] 44822K->36627K(48128K), 0.0006356 secs] [Times: user=0.00 sys=0.00, real=0.00 secs] 
103.147: [GC (Allocation Failure) [PSYoungGen: 10921K->1056K(14336K)] 43771K->33913K(48128K), 0.0007689 secs] [Times: user=0.00 sys=0.00, real=0.00 secs] 
103.149: [GC (Allocation Failure) [PSYoungGen: 8211K->7139K(14336K)] 41068K->40981K(49152K), 0.0010999 secs] [Times: user=0.00 sys=0.00, real=0.00 secs] 
103.194: [GC (Allocation Failure) [PSYoungGen: 14293K->7107K(14336K)] 48135K->40949K(49152K), 0.0012051 secs] [Times: user=0.00 sys=0.00, real=0.00 secs] 
103.196: [GC (Allocation Failure) [PSYoungGen: 14261K->6050K(14336K)] 48103K->39908K(49152K), 0.0007375 secs] [Times: user=0.00 sys=0.00, real=0.00 secs] 
103.241: [GC (Allocation Failure) [PSYoungGen: 13205K->4994K(14336K)] 47063K->38868K(49152K), 0.0011803 secs] [Times: user=0.00 sys=0.00, real=0.00 secs] 
103.287: [GC (Allocation Failure) [PSYoungGen: 12148K->3937K(14336K)] 46022K->37819K(49152K), 0.0007058 secs] [Times: user=0.00 sys=0.00, real=0.00 secs] 
103.288: [GC (Allocation Failure) [PSYoungGen: 11092K->2881K(14336K)] 44974K->36771K(49152K), 0.0007473 secs] [Times: user=0.00 sys=0.00, real=0.00 secs] 
103.349: [GC (Allocation Failure) [PSYoungGen: 10035K->1824K(14336K)] 43925K->35730K(49152K), 0.0007002 secs] [Times: user=0.00 sys=0.00, real=0.00 secs] 
103.350: [GC (Allocation Failure) [PSYoungGen: 8987K->960K(14336K)] 42893K->34873K(49152K), 0.0005340 secs] [Times: user=0.00 sys=0.00, real=0.00 secs] 
103.397: [GC (Allocation Failure) [PSYoungGen: 8113K->6883K(14336K)] 42027K->40813K(49152K), 0.0010034 secs] [Times: user=0.00 sys=0.00, real=0.00 secs] 
103.398: [GC (Allocation Failure) [PSYoungGen: 14037K->5826K(14336K)] 47967K->39764K(49152K), 0.0009767 secs] [Times: user=0.00 sys=0.00, real=0.00 secs] 
103.444: [GC (Allocation Failure) [PSYoungGen: 12981K->4770K(14336K)] 46919K->38716K(49152K), 0.0007486 secs] [Times: user=0.00 sys=0.00, real=0.00 secs] 
103.492: [GC (Allocation Failure) [PSYoungGen: 11924K->3713K(14336K)] 45870K->37675K(49152K), 0.0006564 secs] [Times: user=0.00 sys=0.00, real=0.00 secs] 
103.493: [GC (Allocation Failure) [PSYoungGen: 10868K->2625K(14336K)] 44830K->36603K(49152K), 0.0006778 secs] [Times: user=0.00 sys=0.00, real=0.00 secs] 
103.538: [GC (Allocation Failure) [PSYoungGen: 9779K->1600K(14336K)] 43757K->35594K(49152K), 0.0006809 secs] [Times: user=0.00 sys=0.00, real=0.00 secs] 
103.585: [GC (Allocation Failure) [PSYoungGen: 8755K->544K(14336K)] 42749K->34546K(49152K), 0.0005524 secs] [Times: user=0.00 sys=0.00, real=0.00 secs] 
103.586: [GC (Allocation Failure) [PSYoungGen: 7698K->7139K(14336K)] 41700K->41637K(49152K), 0.0010027 secs] [Times: user=0.00 sys=0.00, real=0.00 secs] 
103.587: [Full GC (Ergonomics) [PSYoungGen: 7139K->0K(14336K)] [ParOldGen: 34498K->8356K(32256K)] 41637K->8356K(46592K), [Metaspace: 2892K->2892K(1056768K)], 0.0021931 secs] [Times: user=0.00 sys=0.00, real=0.00 secs] 
103.590: [GC (Allocation Failure) [PSYoungGen: 7147K->5058K(14336K)] 15503K->13415K(46592K), 0.0007156 secs] [Times: user=0.00 sys=0.00, real=0.00 secs] 
103.648: [GC (Allocation Failure) [PSYoungGen: 12218K->3489K(14336K)] 20575K->11854K(46592K), 0.0007216 secs] [Times: user=0.00 sys=0.00, real=0.00 secs] 
103.695: [GC (Allocation Failure) [PSYoungGen: 10643K->2433K(14336K)] 19008K->10805K(46592K), 0.0007162 secs] [Times: user=0.00 sys=0.00, real=0.00 secs] 
103.696: [GC (Allocation Failure) [PSYoungGen: 9586K->1376K(14336K)] 17959K->9757K(46592K), 0.0004928 secs] [Times: user=0.00 sys=0.00, real=0.00 secs] 
103.742: [GC (Allocation Failure) [PSYoungGen: 8530K->320K(14336K)] 16911K->8708K(46592K), 0.0003513 secs] [Times: user=0.00 sys=0.00, real=0.00 secs] 
103.743: [GC (Allocation Failure) [PSYoungGen: 7474K->7139K(14336K)] 15863K->15800K(46592K), 0.0010307 secs] [Times: user=0.00 sys=0.00, real=0.00 secs] 
103.788: [GC (Allocation Failure) [PSYoungGen: 14293K->6403K(14336K)] 22954K->15063K(46592K), 0.0013517 secs] [Times: user=0.00 sys=0.00, real=0.00 secs] 
103.790: [GC (Allocation Failure) [PSYoungGen: 13557K->5346K(14336K)] 22218K->14015K(46592K), 0.0008088 secs] [Times: user=0.00 sys=0.00, real=0.00 secs] 
103.852: [GC (Allocation Failure) [PSYoungGen: 12484K->3233K(14336K)] 21152K->11918K(46592K), 0.0008436 secs] [Times: user=0.00 sys=0.00, real=0.00 secs] 
103.899: [GC (Allocation Failure) [PSYoungGen: 10387K->2177K(14336K)] 19072K->10877K(46592K), 0.0006813 secs] [Times: user=0.00 sys=0.00, real=0.00 secs] 
103.900: [GC (Allocation Failure) [PSYoungGen: 9331K->1120K(14336K)] 18032K->9829K(46592K), 0.0004536 secs] [Times: user=0.00 sys=0.00, real=0.00 secs] 
103.946: [GC (Allocation Failure) [PSYoungGen: 8274K->64K(14336K)] 16983K->8780K(46592K), 0.0005343 secs] [Times: user=0.00 sys=0.00, real=0.00 secs] 
103.947: [GC (Allocation Failure) [PSYoungGen: 7218K->7139K(14336K)] 15935K->15872K(46592K), 0.0009115 secs] [Times: user=0.00 sys=0.00, real=0.00 secs] 
103.993: [GC (Allocation Failure) [PSYoungGen: 14293K->6146K(14336K)] 23026K->14879K(46592K), 0.0008936 secs] [Times: user=0.00 sys=0.00, real=0.00 secs] 
103.995: [GC (Allocation Failure) [PSYoungGen: 13301K->5090K(14336K)] 22034K->13831K(46592K), 0.0007456 secs] [Times: user=0.00 sys=0.00, real=0.00 secs] 
104.040: [GC (Allocation Failure) [PSYoungGen: 12244K->4033K(14336K)] 20985K->12790K(46592K), 0.0009993 secs] [Times: user=0.00 sys=0.00, real=0.00 secs] 
104.086: [GC (Allocation Failure) [PSYoungGen: 11188K->2977K(14336K)] 19945K->11742K(46592K), 0.0007136 secs] [Times: user=0.00 sys=0.00, real=0.00 secs] 
104.087: [GC (Allocation Failure) [PSYoungGen: 10131K->1920K(14336K)] 18896K->10693K(46592K), 0.0006060 secs] [Times: user=0.00 sys=0.00, real=0.00 secs] 
104.088: [GC (Allocation Failure) [PSYoungGen: 9088K->288K(14336K)] 17861K->9068K(46592K), 0.0004600 secs] [Times: user=0.00 sys=0.00, real=0.00 secs] 
104.149: [GC (Allocation Failure) [PSYoungGen: 7442K->6339K(14336K)] 16223K->15127K(46592K), 0.0008688 secs] [Times: user=0.00 sys=0.00, real=0.00 secs] 
104.195: [GC (Allocation Failure) [PSYoungGen: 13492K->5282K(14336K)] 22281K->14087K(46592K), 0.0007723 secs] [Times: user=0.00 sys=0.00, real=0.00 secs] 
104.196: [GC (Allocation Failure) [PSYoungGen: 12436K->4226K(14336K)] 21241K->13038K(46592K), 0.0006711 secs] [Times: user=0.00 sys=0.00, real=0.00 secs] 
104.242: [GC (Allocation Failure) [PSYoungGen: 11380K->3169K(14336K)] 20193K->11998K(46592K), 0.0007316 secs] [Times: user=0.00 sys=0.00, real=0.00 secs] 
104.289: [GC (Allocation Failure) [PSYoungGen: 10323K->2113K(14336K)] 19152K->10949K(46592K), 0.0005925 secs] [Times: user=0.00 sys=0.00, real=0.00 secs] 
104.290: [GC (Allocation Failure) [PSYoungGen: 9267K->1056K(14336K)] 18104K->9901K(46592K), 0.0004139 secs] [Times: user=0.00 sys=0.00, real=0.00 secs] 
104.291: [GC (Allocation Failure) [PSYoungGen: 8210K->7139K(14336K)] 17055K->16992K(46592K), 0.0014168 secs] [Times: user=0.00 sys=0.00, real=0.00 secs] 
104.350: [GC (Allocation Failure) [PSYoungGen: 14293K->7139K(14336K)] 24147K->16992K(46592K), 0.0010502 secs] [Times: user=0.00 sys=0.00, real=0.00 secs] 
104.396: [GC (Allocation Failure) [PSYoungGen: 14282K->4514K(14336K)] 24135K->14375K(46592K), 0.0008505 secs] [Times: user=0.00 sys=0.00, real=0.00 secs] 
104.397: [GC (Allocation Failure) [PSYoungGen: 11668K->3457K(14336K)] 21529K->13342K(46592K), 0.0005541 secs] [Times: user=0.00 sys=0.00, real=0.00 secs] 
104.443: [GC (Allocation Failure) [PSYoungGen: 10612K->2401K(14336K)] 20497K->12294K(46592K), 0.0027530 secs] [Times: user=0.00 sys=0.00, real=0.00 secs] 
104.489: [GC (Allocation Failure) [PSYoungGen: 9555K->1344K(14336K)] 19448K->11253K(46592K), 0.0006265 secs] [Times: user=0.00 sys=0.00, real=0.00 secs] 
104.491: [GC (Allocation Failure) [PSYoungGen: 8499K->288K(14336K)] 18408K->10205K(46592K), 0.0005039 secs] [Times: user=0.00 sys=0.00, real=0.00 secs] 
104.492: [GC (Allocation Failure) [PSYoungGen: 7442K->7139K(14336K)] 17359K->17296K(46592K), 0.0012591 secs] [Times: user=0.00 sys=0.00, real=0.00 secs] 
104.536: [GC (Allocation Failure) [PSYoungGen: 14293K->6371K(14336K)] 24451K->16528K(46592K), 0.0010027 secs] [Times: user=0.09 sys=0.00, real=0.00 secs] 
104.598: [GC (Allocation Failure) [PSYoungGen: 13525K->5314K(14336K)] 23683K->15480K(46592K), 0.0006915 secs] [Times: user=0.00 sys=0.00, real=0.00 secs] 
104.599: [GC (Allocation Failure) [PSYoungGen: 12469K->4258K(14336K)] 22634K->14431K(46592K), 0.0009342 secs] [Times: user=0.00 sys=0.00, real=0.00 secs] 
104.644: [GC (Allocation Failure) [PSYoungGen: 11398K->1664K(14336K)] 21571K->11854K(46592K), 0.0005406 secs] [Times: user=0.00 sys=0.00, real=0.00 secs] 
104.691: [GC (Allocation Failure) [PSYoungGen: 8819K->576K(14336K)] 19008K->10781K(46592K), 0.0008992 secs] [Times: user=0.00 sys=0.00, real=0.00 secs] 
104.692: [GC (Allocation Failure) [PSYoungGen: 7730K->7139K(14336K)] 17936K->17873K(46592K), 0.0014831 secs] [Times: user=0.00 sys=0.00, real=0.00 secs] 
104.694: [GC (Allocation Failure) [PSYoungGen: 14293K->6659K(14336K)] 25027K->17392K(46592K), 0.0008962 secs] [Times: user=0.00 sys=0.00, real=0.00 secs] 
104.738: [GC (Allocation Failure) [PSYoungGen: 13813K->5602K(14336K)] 24547K->16352K(46592K), 0.0007452 secs] [Times: user=0.00 sys=0.00, real=0.00 secs] 
104.800: [GC (Allocation Failure) [PSYoungGen: 12757K->4546K(14336K)] 23506K->15303K(46592K), 0.0008201 secs] [Times: user=0.00 sys=0.00, real=0.00 secs] 
104.802: [GC (Allocation Failure) [PSYoungGen: 11700K->3489K(14336K)] 22458K->14255K(46592K), 0.0006388 secs] [Times: user=0.00 sys=0.00, real=0.00 secs] 
104.847: [GC (Allocation Failure) [PSYoungGen: 10644K->2433K(14336K)] 21409K->13206K(46592K), 0.0007432 secs] [Times: user=0.00 sys=0.00, real=0.00 secs] 
104.894: [GC (Allocation Failure) [PSYoungGen: 9570K->352K(14336K)] 20344K->11141K(46592K), 0.0002618 secs] [Times: user=0.00 sys=0.00, real=0.00 secs] 
104.895: [GC (Allocation Failure) [PSYoungGen: 7506K->7139K(14336K)] 18296K->18201K(46592K), 0.0011239 secs] [Times: user=0.00 sys=0.00, real=0.00 secs] 
104.897: [GC (Allocation Failure) [PSYoungGen: 14293K->6403K(14336K)] 25355K->17464K(46592K), 0.0008617 secs] [Times: user=0.00 sys=0.00, real=0.00 secs] 
104.941: [GC (Allocation Failure) [PSYoungGen: 13557K->5346K(14336K)] 24619K->16424K(46592K), 0.0010365 secs] [Times: user=0.00 sys=0.00, real=0.00 secs] 
104.987: [GC (Allocation Failure) [PSYoungGen: 12501K->4290K(14336K)] 23578K->15375K(46592K), 0.0008091 secs] [Times: user=0.00 sys=0.00, real=0.00 secs] 
104.988: [GC (Allocation Failure) [PSYoungGen: 11444K->3233K(14336K)] 22530K->14327K(46592K), 0.0006422 secs] [Times: user=0.00 sys=0.00, real=0.00 secs] 
105.049: [GC (Allocation Failure) [PSYoungGen: 10388K->2177K(14336K)] 21481K->13286K(46592K), 0.0006235 secs] [Times: user=0.00 sys=0.00, real=0.00 secs] 
105.096: [GC (Allocation Failure) [PSYoungGen: 9331K->1120K(14336K)] 20441K->12246K(46592K), 0.0007696 secs] [Times: user=0.00 sys=0.00, real=0.00 secs] 
105.097: [GC (Allocation Failure) [PSYoungGen: 8275K->64K(14336K)] 19400K->11205K(46592K), 0.0004567 secs] [Times: user=0.00 sys=0.00, real=0.00 secs] 
105.098: [GC (Allocation Failure) [PSYoungGen: 7218K->7139K(14336K)] 18360K->18297K(46592K), 0.0010575 secs] [Times: user=0.00 sys=0.00, real=0.00 secs] 
105.142: [GC (Allocation Failure) [PSYoungGen: 14292K->3937K(14336K)] 25450K->15095K(46592K), 0.0006630 secs] [Times: user=0.00 sys=0.00, real=0.00 secs] 
105.189: [GC (Allocation Failure) [PSYoungGen: 11092K->2881K(14336K)] 22250K->14055K(46592K), 0.0005951 secs] [Times: user=0.00 sys=0.00, real=0.00 secs] 
105.190: [GC (Allocation Failure) [PSYoungGen: 10035K->1824K(14336K)] 21209K->13014K(46592K), 0.0005636 secs] [Times: user=0.00 sys=0.00, real=0.00 secs] 
105.236: [GC (Allocation Failure) [PSYoungGen: 8979K->768K(14336K)] 20169K->11966K(46592K), 0.0004806 secs] [Times: user=0.00 sys=0.00, real=0.00 secs] 
105.237: [GC (Allocation Failure) [PSYoungGen: 7922K->7139K(14336K)] 19120K->19057K(46592K), 0.0011865 secs] [Times: user=0.00 sys=0.00, real=0.00 secs] 
105.299: [GC (Allocation Failure) [PSYoungGen: 14293K->6851K(14336K)] 26212K->18769K(46592K), 0.0008523 secs] [Times: user=0.00 sys=0.00, real=0.00 secs] 
105.300: [GC (Allocation Failure) [PSYoungGen: 14005K->5794K(14336K)] 25923K->17720K(46592K), 0.0009752 secs] [Times: user=0.00 sys=0.00, real=0.00 secs] 
105.346: [GC (Allocation Failure) [PSYoungGen: 12949K->4738K(14336K)] 24875K->16672K(46592K), 0.0009118 secs] [Times: user=0.00 sys=0.00, real=0.00 secs] 
105.392: [GC (Allocation Failure) [PSYoungGen: 11876K->2657K(14336K)] 23810K->14607K(46592K), 0.0007582 secs] [Times: user=0.00 sys=0.00, real=0.00 secs] 
105.394: [GC (Allocation Failure) [PSYoungGen: 9811K->1568K(14336K)] 21761K->13526K(46592K), 0.0005471 secs] [Times: user=0.00 sys=0.00, real=0.00 secs] 
105.440: [GC (Allocation Failure) [PSYoungGen: 8723K->512K(14336K)] 20681K->12486K(46592K), 0.0005692 secs] [Times: user=0.00 sys=0.00, real=0.00 secs] 
105.441: [GC (Allocation Failure) [PSYoungGen: 7666K->7139K(14336K)] 19640K->19577K(46592K), 0.0011807 secs] [Times: user=0.00 sys=0.00, real=0.00 secs] 
105.486: [GC (Allocation Failure) [PSYoungGen: 14293K->6595K(14336K)] 26732K->19033K(46592K), 0.0008287 secs] [Times: user=0.00 sys=0.00, real=0.00 secs] 
105.488: [GC (Allocation Failure) [PSYoungGen: 13749K->5538K(14336K)] 26188K->17985K(46592K), 0.0008814 secs] [Times: user=0.00 sys=0.00, real=0.00 secs] 
105.535: [GC (Allocation Failure) [PSYoungGen: 12693K->4482K(14336K)] 25139K->16944K(46592K), 0.0006882 secs] [Times: user=0.00 sys=0.00, real=0.00 secs] 
105.597: [GC (Allocation Failure) [PSYoungGen: 11636K->3425K(14336K)] 24099K->15896K(46592K), 0.0007226 secs] [Times: user=0.00 sys=0.00, real=0.00 secs] 
105.598: [GC (Allocation Failure) [PSYoungGen: 10580K->2369K(14336K)] 23050K->14847K(46592K), 0.0005315 secs] [Times: user=0.00 sys=0.00, real=0.00 secs] 
105.599: [GC (Allocation Failure) [PSYoungGen: 9537K->352K(14336K)] 22015K->12838K(46592K), 0.0005043 secs] [Times: user=0.00 sys=0.00, real=0.00 secs] 
105.644: [GC (Allocation Failure) [PSYoungGen: 7501K->6915K(14336K)] 19987K->19417K(46592K), 0.0007876 secs] [Times: user=0.00 sys=0.00, real=0.00 secs] 
105.690: [GC (Allocation Failure) [PSYoungGen: 14068K->5858K(14336K)] 26571K->18369K(46592K), 0.0009910 secs] [Times: user=0.00 sys=0.00, real=0.00 secs] 
105.692: [GC (Allocation Failure) [PSYoungGen: 13012K->4802K(14336K)] 25522K->17328K(46592K), 0.0007916 secs] [Times: user=0.00 sys=0.00, real=0.00 secs] 
105.737: [GC (Allocation Failure) [PSYoungGen: 11956K->3745K(14336K)] 24482K->16280K(46592K), 0.0007462 secs] [Times: user=0.00 sys=0.00, real=0.00 secs] 
105.800: [GC (Allocation Failure) [PSYoungGen: 10900K->2689K(14336K)] 23434K->15231K(46592K), 0.0006667 secs] [Times: user=0.00 sys=0.00, real=0.00 secs] 
105.801: [GC (Allocation Failure) [PSYoungGen: 9843K->1632K(14336K)] 22385K->14191K(46592K), 0.0004607 secs] [Times: user=0.00 sys=0.00, real=0.00 secs] 
105.847: [GC (Allocation Failure) [PSYoungGen: 8787K->576K(14336K)] 21345K->13142K(46592K), 0.0006755 secs] [Times: user=0.00 sys=0.00, real=0.00 secs] 
105.848: [GC (Allocation Failure) [PSYoungGen: 7730K->7139K(14336K)] 20297K->20234K(46592K), 0.0008695 secs] [Times: user=0.00 sys=0.00, real=0.00 secs] 
105.893: [GC (Allocation Failure) [PSYoungGen: 14287K->5122K(14336K)] 27382K->18217K(46592K), 0.0012114 secs] [Times: user=0.00 sys=0.00, real=0.00 secs] 
105.895: [GC (Allocation Failure) [PSYoungGen: 12277K->4033K(14336K)] 25371K->17160K(46592K), 0.0006607 secs] [Times: user=0.00 sys=0.00, real=0.00 secs] 
105.940: [GC (Allocation Failure) [PSYoungGen: 11188K->2977K(14336K)] 24314K->16120K(46592K), 0.0009185 secs] [Times: user=0.00 sys=0.00, real=0.00 secs] 
105.986: [GC (Allocation Failure) [PSYoungGen: 10131K->1920K(14336K)] 23274K->15071K(46592K), 0.0007371 secs] [Times: user=0.00 sys=0.00, real=0.00 secs] 
105.987: [GC (Allocation Failure) [PSYoungGen: 9075K->864K(14336K)] 22225K->14023K(46592K), 0.0005078 secs] [Times: user=0.00 sys=0.00, real=0.00 secs] 
105.988: [GC (Allocation Failure) [PSYoungGen: 8018K->7139K(14336K)] 21177K->21114K(46592K), 0.0010855 secs] [Times: user=0.00 sys=0.00, real=0.00 secs] 
106.049: [GC (Allocation Failure) [PSYoungGen: 14293K->6947K(14336K)] 28268K->20922K(46592K), 0.0009685 secs] [Times: user=0.00 sys=0.00, real=0.00 secs] 
106.096: [GC (Allocation Failure) [PSYoungGen: 14101K->5890K(14336K)] 28076K->19881K(46592K), 0.0008087 secs] [Times: user=0.00 sys=0.00, real=0.00 secs] 
106.098: [GC (Allocation Failure) [PSYoungGen: 13030K->4162K(14336K)] 27021K->18161K(46592K), 0.0006931 secs] [Times: user=0.00 sys=0.00, real=0.00 secs] 
106.143: [GC (Allocation Failure) [PSYoungGen: 11300K->2048K(14336K)] 25299K->16063K(46592K), 0.0004957 secs] [Times: user=0.00 sys=0.00, real=0.00 secs] 
106.189: [GC (Allocation Failure) [PSYoungGen: 9203K->992K(14336K)] 23218K->15015K(46592K), 0.0006422 secs] [Times: user=0.00 sys=0.00, real=0.00 secs] 
106.191: [GC (Allocation Failure) [PSYoungGen: 8146K->7139K(14336K)] 22169K->22106K(46592K), 0.0011694 secs] [Times: user=0.00 sys=0.00, real=0.00 secs] 
106.192: [GC (Allocation Failure) [PSYoungGen: 14293K->7075K(14336K)] 29261K->22042K(46592K), 0.0011958 secs] [Times: user=0.00 sys=0.00, real=0.00 secs] 
106.237: [GC (Allocation Failure) [PSYoungGen: 14229K->6018K(14336K)] 29197K->20994K(46592K), 0.0008931 secs] [Times: user=0.00 sys=0.00, real=0.00 secs] 
106.299: [GC (Allocation Failure) [PSYoungGen: 13173K->4962K(14336K)] 28148K->19953K(46592K), 0.0009036 secs] [Times: user=0.00 sys=0.00, real=0.00 secs] 
106.301: [GC (Allocation Failure) [PSYoungGen: 12116K->3905K(14336K)] 27108K->18905K(46592K), 0.0007603 secs] [Times: user=0.00 sys=0.00, real=0.00 secs] 
106.346: [GC (Allocation Failure) [PSYoungGen: 11043K->1792K(14336K)] 26043K->16800K(46592K), 0.0004110 secs] [Times: user=0.00 sys=0.00, real=0.00 secs] 
106.392: [GC (Allocation Failure) [PSYoungGen: 8947K->736K(14336K)] 23954K->15751K(46592K), 0.0005684 secs] [Times: user=0.00 sys=0.00, real=0.00 secs] 
106.393: [GC (Allocation Failure) [PSYoungGen: 7890K->7139K(14336K)] 22906K->22843K(46592K), 0.0013080 secs] [Times: user=0.00 sys=0.00, real=0.00 secs] 
106.394: [GC (Allocation Failure) [PSYoungGen: 14293K->6787K(14336K)] 29997K->22491K(46592K), 0.0008641 secs] [Times: user=0.00 sys=0.00, real=0.00 secs] 
106.439: [GC (Allocation Failure) [PSYoungGen: 13941K->5762K(14336K)] 29645K->21474K(46592K), 0.0011974 secs] [Times: user=0.00 sys=0.00, real=0.00 secs] 
106.486: [GC (Allocation Failure) [PSYoungGen: 12917K->4706K(14336K)] 28629K->20426K(46592K), 0.0007465 secs] [Times: user=0.00 sys=0.00, real=0.00 secs] 
106.487: [GC (Allocation Failure) [PSYoungGen: 11860K->3649K(14336K)] 27580K->19377K(46592K), 0.0008744 secs] [Times: user=0.00 sys=0.00, real=0.00 secs] 
106.548: [GC (Allocation Failure) [PSYoungGen: 10804K->2593K(14336K)] 26532K->18329K(46592K), 0.0005865 secs] [Times: user=0.00 sys=0.00, real=0.00 secs] 
106.595: [GC (Allocation Failure) [PSYoungGen: 9747K->1536K(14336K)] 25483K->17288K(46592K), 0.0007998 secs] [Times: user=0.00 sys=0.00, real=0.00 secs] 
106.596: [GC (Allocation Failure) [PSYoungGen: 8691K->480K(14336K)] 24443K->16240K(46592K), 0.0005045 secs] [Times: user=0.00 sys=0.00, real=0.00 secs] 
106.597: [GC (Allocation Failure) [PSYoungGen: 7634K->7139K(14336K)] 23394K->23331K(46592K), 0.0008718 secs] [Times: user=0.00 sys=0.00, real=0.00 secs] 
106.642: [GC (Allocation Failure) [PSYoungGen: 14291K->4482K(14336K)] 30483K->20674K(46592K), 0.0007290 secs] [Times: user=0.00 sys=0.00, real=0.00 secs] 
106.688: [GC (Allocation Failure) [PSYoungGen: 11636K->3425K(14336K)] 27828K->19641K(46592K), 0.0007207 secs] [Times: user=0.00 sys=0.00, real=0.00 secs] 
106.689: [GC (Allocation Failure) [PSYoungGen: 10580K->2369K(14336K)] 26796K->18593K(46592K), 0.0005271 secs] [Times: user=0.00 sys=0.00, real=0.00 secs] 
106.750: [GC (Allocation Failure) [PSYoungGen: 9523K->1312K(14336K)] 25747K->17552K(46592K), 0.0006315 secs] [Times: user=0.00 sys=0.00, real=0.00 secs] 
106.797: [GC (Allocation Failure) [PSYoungGen: 8467K->256K(14336K)] 24707K->16504K(46592K), 0.0007160 secs] [Times: user=0.00 sys=0.00, real=0.00 secs] 
106.798: [GC (Allocation Failure) [PSYoungGen: 7410K->7139K(14336K)] 23658K->23595K(46592K), 0.0011233 secs] [Times: user=0.00 sys=0.00, real=0.00 secs] 
106.799: [GC (Allocation Failure) [PSYoungGen: 14293K->6339K(14336K)] 30750K->22795K(46592K), 0.0012039 secs] [Times: user=0.00 sys=0.00, real=0.00 secs] 
106.843: [GC (Allocation Failure) [PSYoungGen: 13493K->5282K(14336K)] 29949K->21746K(46592K), 0.0007676 secs] [Times: user=0.00 sys=0.00, real=0.00 secs] 
106.891: [GC (Allocation Failure) [PSYoungGen: 12420K->3169K(14336K)] 28884K->19641K(46592K), 0.0008232 secs] [Times: user=0.00 sys=0.00, real=0.00 secs] 
106.892: [GC (Allocation Failure) [PSYoungGen: 10323K->2113K(14336K)] 26796K->18601K(46592K), 0.0005120 secs] [Times: user=0.00 sys=0.00, real=0.00 secs] 
106.938: [GC (Allocation Failure) [PSYoungGen: 9267K->1056K(14336K)] 25755K->17552K(46592K), 0.0006509 secs] [Times: user=0.00 sys=0.00, real=0.00 secs] 
106.939: [GC (Allocation Failure) [PSYoungGen: 8210K->7139K(14336K)] 24707K->24644K(46592K), 0.0014233 secs] [Times: user=0.00 sys=0.00, real=0.00 secs] 
107.001: [GC (Allocation Failure) [PSYoungGen: 14293K->7139K(14336K)] 31798K->24644K(46592K), 0.0008428 secs] [Times: user=0.00 sys=0.00, real=0.00 secs] 
107.002: [GC (Allocation Failure) [PSYoungGen: 14293K->6082K(14336K)] 31798K->23603K(46592K), 0.0010875 secs] [Times: user=0.00 sys=0.00, real=0.00 secs] 
107.048: [GC (Allocation Failure) [PSYoungGen: 13237K->5026K(14336K)] 30758K->22555K(46592K), 0.0011455 secs] [Times: user=0.00 sys=0.00, real=0.00 secs] 
107.095: [GC (Allocation Failure) [PSYoungGen: 12180K->3937K(14336K)] 29709K->21474K(46592K), 0.0010382 secs] [Times: user=0.00 sys=0.00, real=0.00 secs] 
107.097: [GC (Allocation Failure) [PSYoungGen: 11092K->2913K(14336K)] 28628K->20465K(46592K), 0.0004596 secs] [Times: user=0.00 sys=0.00, real=0.00 secs] 
107.143: [GC (Allocation Failure) [PSYoungGen: 10057K->192K(14336K)] 27610K->17752K(46592K), 0.0008682 secs] [Times: user=0.00 sys=0.00, real=0.00 secs] 
107.144: [GC (Allocation Failure) [PSYoungGen: 7346K->7139K(14336K)] 24907K->24836K(46592K), 0.0013701 secs] [Times: user=0.00 sys=0.00, real=0.00 secs] 
107.189: [GC (Allocation Failure) [PSYoungGen: 14293K->6243K(14336K)] 31990K->23939K(46592K), 0.0011555 secs] [Times: user=0.00 sys=0.00, real=0.00 secs] 
107.191: [GC (Allocation Failure) [PSYoungGen: 13397K->5186K(14336K)] 31094K->22899K(46592K), 0.0008772 secs] [Times: user=0.00 sys=0.00, real=0.00 secs] 
107.237: [GC (Allocation Failure) [PSYoungGen: 12340K->4129K(14336K)] 30053K->21858K(46592K), 0.0007671 secs] [Times: user=0.00 sys=0.00, real=0.00 secs] 
107.298: [GC (Allocation Failure) [PSYoungGen: 11284K->3073K(14336K)] 29013K->20810K(46592K), 0.0006105 secs] [Times: user=0.00 sys=0.00, real=0.00 secs] 
107.299: [GC (Allocation Failure) [PSYoungGen: 10227K->2016K(14336K)] 27964K->19761K(46592K), 0.0010946 secs] [Times: user=0.00 sys=0.00, real=0.00 secs] 
107.345: [GC (Allocation Failure) [PSYoungGen: 9171K->960K(14336K)] 26916K->18721K(46592K), 0.0005822 secs] [Times: user=0.00 sys=0.00, real=0.00 secs] 
107.346: [GC (Allocation Failure) [PSYoungGen: 8114K->7139K(14336K)] 25875K->25812K(46592K), 0.0010418 secs] [Times: user=0.00 sys=0.00, real=0.00 secs] 
107.391: [GC (Allocation Failure) [PSYoungGen: 14282K->5538K(14336K)] 32955K->24211K(46592K), 0.0011088 secs] [Times: user=0.00 sys=0.00, real=0.00 secs] 
107.392: [GC (Allocation Failure) [PSYoungGen: 12693K->4418K(14336K)] 31366K->23099K(46592K), 0.0015320 secs] [Times: user=0.00 sys=0.00, real=0.00 secs] 
107.437: [GC (Allocation Failure) [PSYoungGen: 11572K->3361K(14336K)] 30253K->22058K(46592K), 0.0008065 secs] [Times: user=0.00 sys=0.00, real=0.00 secs] 
107.500: [GC (Allocation Failure) [PSYoungGen: 10516K->2305K(14336K)] 29213K->21010K(46592K), 0.0005211 secs] [Times: user=0.00 sys=0.00, real=0.00 secs] 
107.501: [GC (Allocation Failure) [PSYoungGen: 9459K->1248K(14336K)] 28164K->19961K(46592K), 0.0004843 secs] [Times: user=0.00 sys=0.00, real=0.00 secs] 
107.545: [GC (Allocation Failure) [PSYoungGen: 8403K->192K(14336K)] 27116K->18913K(46592K), 0.0004395 secs] [Times: user=0.00 sys=0.00, real=0.00 secs] 
107.546: [GC (Allocation Failure) [PSYoungGen: 7346K->7139K(14336K)] 26067K->26004K(46592K), 0.0015714 secs] [Times: user=0.00 sys=0.00, real=0.00 secs] 
107.593: [GC (Allocation Failure) [PSYoungGen: 14293K->6275K(14336K)] 33159K->25140K(46592K), 0.0017329 secs] [Times: user=0.00 sys=0.00, real=0.00 secs] 
107.595: [GC (Allocation Failure) [PSYoungGen: 13429K->5218K(14336K)] 32294K->24091K(46592K), 0.0008345 secs] [Times: user=0.00 sys=0.00, real=0.00 secs] 
107.639: [GC (Allocation Failure) [PSYoungGen: 12361K->2593K(14336K)] 31234K->21474K(46592K), 0.0009670 secs] [Times: user=0.00 sys=0.00, real=0.00 secs] 
107.687: [GC (Allocation Failure) [PSYoungGen: 9747K->1536K(14336K)] 28628K->20441K(46592K), 0.0012350 secs] [Times: user=0.00 sys=0.00, real=0.00 secs] 
107.688: [GC (Allocation Failure) [PSYoungGen: 8691K->480K(14336K)] 27596K->19393K(46592K), 0.0004663 secs] [Times: user=0.00 sys=0.00, real=0.00 secs] 
107.689: [GC (Allocation Failure) [PSYoungGen: 7634K->7139K(14336K)] 26547K->26484K(46592K), 0.0011927 secs] [Times: user=0.00 sys=0.00, real=0.00 secs] 
107.749: [GC (Allocation Failure) [PSYoungGen: 14293K->6563K(14336K)] 33639K->25908K(46592K), 0.0009749 secs] [Times: user=0.00 sys=0.00, real=0.00 secs] 
107.796: [GC (Allocation Failure) [PSYoungGen: 13717K->5506K(14336K)] 33062K->24859K(46592K), 0.0012149 secs] [Times: user=0.00 sys=0.00, real=0.00 secs] 
107.797: [GC (Allocation Failure) [PSYoungGen: 12661K->4450K(14336K)] 32014K->23819K(46592K), 0.0010054 secs] [Times: user=0.00 sys=0.00, real=0.00 secs] 
107.842: [GC (Allocation Failure) [PSYoungGen: 11604K->3393K(14336K)] 30973K->22770K(46592K), 0.0013773 secs] [Times: user=0.00 sys=0.00, real=0.00 secs] 
107.888: [GC (Allocation Failure) [PSYoungGen: 10531K->1280K(14336K)] 29908K->20665K(46592K), 0.0008378 secs] [Times: user=0.00 sys=0.00, real=0.00 secs] 
107.889: [GC (Allocation Failure) [PSYoungGen: 8435K->192K(14336K)] 27820K->19585K(46592K), 0.0004692 secs] [Times: user=0.00 sys=0.00, real=0.00 secs] 
107.890: [GC (Allocation Failure) [PSYoungGen: 7346K->7139K(14336K)] 26739K->26708K(46592K), 0.0011152 secs] [Times: user=0.00 sys=0.00, real=0.00 secs] 
107.950: [GC (Allocation Failure) [PSYoungGen: 14293K->6307K(14336K)] 33863K->25876K(46592K), 0.0009071 secs] [Times: user=0.00 sys=0.00, real=0.00 secs] 
107.997: [GC (Allocation Failure) [PSYoungGen: 13461K->5250K(14336K)] 33030K->24835K(46592K), 0.0009651 secs] [Times: user=0.00 sys=0.00, real=0.00 secs] 
107.998: [GC (Allocation Failure) [PSYoungGen: 12405K->4194K(14336K)] 31990K->23795K(46592K), 0.0011018 secs] [Times: user=0.00 sys=0.00, real=0.00 secs] 
108.043: [GC (Allocation Failure) [PSYoungGen: 11348K->3137K(14336K)] 30949K->22754K(46592K), 0.0009531 secs] [Times: user=0.00 sys=0.00, real=0.00 secs] 
108.089: [GC (Allocation Failure) [PSYoungGen: 10291K->2080K(14336K)] 29909K->21706K(46592K), 0.0011437 secs] [Times: user=0.00 sys=0.00, real=0.00 secs] 
108.091: [GC (Allocation Failure) [PSYoungGen: 9243K->1344K(14336K)] 28869K->20977K(46592K), 0.0010303 secs] [Times: user=0.00 sys=0.00, real=0.00 secs] 
108.092: [GC (Allocation Failure) [PSYoungGen: 8507K->6531K(14336K)] 28140K->26180K(46592K), 0.0010825 secs] [Times: user=0.00 sys=0.00, real=0.00 secs] 
108.151: [GC (Allocation Failure) [PSYoungGen: 13693K->4930K(14336K)] 33342K->24595K(46592K), 0.0006658 secs] [Times: user=0.00 sys=0.00, real=0.00 secs] 
108.197: [GC (Allocation Failure) [PSYoungGen: 12084K->3873K(14336K)] 31750K->23547K(46592K), 0.0007706 secs] [Times: user=0.00 sys=0.00, real=0.00 secs] 
108.199: [GC (Allocation Failure) [PSYoungGen: 11028K->2817K(14336K)] 30701K->22498K(46592K), 0.0004807 secs] [Times: user=0.00 sys=0.00, real=0.00 secs] 
108.245: [GC (Allocation Failure) [PSYoungGen: 9971K->1760K(14336K)] 29653K->21450K(46592K), 0.0008140 secs] [Times: user=0.00 sys=0.00, real=0.00 secs] 
108.292: [GC (Allocation Failure) [PSYoungGen: 8915K->704K(14336K)] 28604K->20401K(46592K), 0.0007981 secs] [Times: user=0.00 sys=0.00, real=0.00 secs] 
108.294: [GC (Allocation Failure) [PSYoungGen: 7858K->7139K(14336K)] 27556K->27485K(46592K), 0.0013178 secs] [Times: user=0.00 sys=0.00, real=0.00 secs] 
108.296: [GC (Allocation Failure) [PSYoungGen: 14293K->6787K(14336K)] 34639K->27133K(46592K), 0.0008456 secs] [Times: user=0.00 sys=0.00, real=0.00 secs] 
108.339: [GC (Allocation Failure) [PSYoungGen: 13925K->4706K(14336K)] 34270K->25067K(46592K), 0.0008931 secs] [Times: user=0.00 sys=0.00, real=0.00 secs] 
108.387: [GC (Allocation Failure) [PSYoungGen: 11860K->3617K(14336K)] 32222K->23995K(46592K), 0.0006139 secs] [Times: user=0.00 sys=0.00, real=0.00 secs] 
108.388: [GC (Allocation Failure) [PSYoungGen: 10772K->2561K(14336K)] 31149K->22946K(46592K), 0.0006768 secs] [Times: user=0.00 sys=0.00, real=0.00 secs] 
108.449: [GC (Allocation Failure) [PSYoungGen: 9715K->1504K(14336K)] 30101K->21898K(46592K), 0.0008712 secs] [Times: user=0.00 sys=0.00, real=0.00 secs] 
108.496: [GC (Allocation Failure) [PSYoungGen: 8659K->448K(14336K)] 29052K->20857K(46592K), 0.0004426 secs] [Times: user=0.00 sys=0.00, real=0.00 secs] 
108.497: [GC (Allocation Failure) [PSYoungGen: 7602K->7139K(14336K)] 28012K->27949K(46592K), 0.0014689 secs] [Times: user=0.00 sys=0.00, real=0.00 secs] 
108.499: [GC (Allocation Failure) [PSYoungGen: 14293K->6531K(14336K)] 35103K->27341K(46592K), 0.0013551 secs] [Times: user=0.00 sys=0.00, real=0.00 secs] 
108.544: [GC (Allocation Failure) [PSYoungGen: 13685K->5474K(14336K)] 34495K->26292K(46592K), 0.0023221 secs] [Times: user=0.00 sys=0.00, real=0.00 secs] 
108.590: [GC (Allocation Failure) [PSYoungGen: 12629K->4418K(14336K)] 33447K->25244K(46592K), 0.0007324 secs] [Times: user=0.00 sys=0.00, real=0.00 secs] 
108.591: [GC (Allocation Failure) [PSYoungGen: 11572K->3361K(14336K)] 32398K->24195K(46592K), 0.0009013 secs] [Times: user=0.00 sys=0.00, real=0.00 secs] 
108.650: [GC (Allocation Failure) [PSYoungGen: 10501K->768K(14336K)] 31335K->21618K(46592K), 0.0008061 secs] [Times: user=0.00 sys=0.00, real=0.00 secs] 
108.652: [GC (Allocation Failure) [PSYoungGen: 7922K->7139K(14336K)] 28772K->28693K(46592K), 0.0013649 secs] [Times: user=0.00 sys=0.00, real=0.00 secs] 
108.697: [GC (Allocation Failure) [PSYoungGen: 14293K->6819K(14336K)] 35848K->28373K(46592K), 0.0015507 secs] [Times: user=0.00 sys=0.00, real=0.00 secs] 
108.699: [GC (Allocation Failure) [PSYoungGen: 13973K->5762K(14336K)] 35527K->27325K(46592K), 0.0009675 secs] [Times: user=0.00 sys=0.00, real=0.00 secs] 
108.743: [GC (Allocation Failure) [PSYoungGen: 12917K->4706K(14336K)] 34479K->26284K(46592K), 0.0012061 secs] [Times: user=0.00 sys=0.00, real=0.00 secs] 
108.790: [GC (Allocation Failure) [PSYoungGen: 11860K->3649K(14336K)] 33438K->25243K(46592K), 0.0007863 secs] [Times: user=0.00 sys=0.00, real=0.00 secs] 
108.792: [GC (Allocation Failure) [PSYoungGen: 10804K->2593K(14336K)] 32398K->24203K(46592K), 0.0007387 secs] [Times: user=0.00 sys=0.00, real=0.00 secs] 
108.837: [GC (Allocation Failure) [PSYoungGen: 9747K->1536K(14336K)] 31357K->23162K(46592K), 0.0004098 secs] [Times: user=0.00 sys=0.00, real=0.00 secs] 
108.838: [GC (Allocation Failure) [PSYoungGen: 8698K->608K(14336K)] 30324K->22242K(46592K), 0.0003942 secs] [Times: user=0.00 sys=0.00, real=0.00 secs] 
108.900: [GC (Allocation Failure) [PSYoungGen: 7772K->6114K(14336K)] 29407K->27765K(46592K), 0.0010392 secs] [Times: user=0.00 sys=0.00, real=0.00 secs] 
108.902: [GC (Allocation Failure) [PSYoungGen: 13269K->5026K(14336K)] 34919K->26700K(46592K), 0.0008707 secs] [Times: user=0.00 sys=0.00, real=0.00 secs] 
108.946: [GC (Allocation Failure) [PSYoungGen: 12180K->3969K(14336K)] 33854K->25652K(46592K), 0.0007141 secs] [Times: user=0.00 sys=0.00, real=0.00 secs] 
108.993: [GC (Allocation Failure) [PSYoungGen: 11124K->2913K(14336K)] 32806K->24603K(46592K), 0.0006904 secs] [Times: user=0.00 sys=0.00, real=0.00 secs] 
108.994: [GC (Allocation Failure) [PSYoungGen: 10067K->1856K(14336K)] 31758K->23563K(46592K), 0.0005624 secs] [Times: user=0.00 sys=0.00, real=0.00 secs] 
109.039: [GC (Allocation Failure) [PSYoungGen: 9011K->800K(14336K)] 30717K->22522K(46592K), 0.0005592 secs] [Times: user=0.00 sys=0.00, real=0.00 secs] 
109.040: [GC (Allocation Failure) [PSYoungGen: 7954K->7139K(14336K)] 29677K->29614K(46592K), 0.0011124 secs] [Times: user=0.00 sys=0.00, real=0.00 secs] 
109.087: [GC (Allocation Failure) [PSYoungGen: 14293K->6883K(14336K)] 36768K->29357K(46592K), 0.0014471 secs] [Times: user=0.00 sys=0.00, real=0.00 secs] 
109.089: [GC (Allocation Failure) [PSYoungGen: 14037K->5826K(14336K)] 36512K->28317K(46592K), 0.0013325 secs] [Times: user=0.00 sys=0.00, real=0.00 secs] 
109.150: [GC (Allocation Failure) [PSYoungGen: 12970K->3105K(14336K)] 35461K->25612K(46592K), 0.0010006 secs] [Times: user=0.00 sys=0.00, real=0.00 secs] 
109.196: [GC (Allocation Failure) [PSYoungGen: 10260K->2016K(14336K)] 32766K->24531K(46592K), 0.0005147 secs] [Times: user=0.00 sys=0.00, real=0.00 secs] 
109.197: [GC (Allocation Failure) [PSYoungGen: 9171K->960K(14336K)] 31685K->23483K(46592K), 0.0004219 secs] [Times: user=0.00 sys=0.00, real=0.00 secs] 
109.198: [GC (Allocation Failure) [PSYoungGen: 8114K->7139K(14336K)] 30637K->30574K(46592K), 0.0013975 secs] [Times: user=0.00 sys=0.00, real=0.00 secs] 
109.244: [GC (Allocation Failure) [PSYoungGen: 14293K->7043K(14336K)] 37728K->30478K(46592K), 0.0012310 secs] [Times: user=0.00 sys=0.00, real=0.00 secs] 
109.292: [GC (Allocation Failure) [PSYoungGen: 14197K->5986K(14336K)] 37632K->29437K(46592K), 0.0009290 secs] [Times: user=0.00 sys=0.00, real=0.00 secs] 
109.294: [GC (Allocation Failure) [PSYoungGen: 13141K->4930K(14336K)] 36592K->28389K(46592K), 0.0011732 secs] [Times: user=0.00 sys=0.00, real=0.00 secs] 
109.339: [GC (Allocation Failure) [PSYoungGen: 12084K->3873K(14336K)] 35543K->27340K(46592K), 0.0010261 secs] [Times: user=0.00 sys=0.00, real=0.00 secs] 
109.386: [GC (Allocation Failure) [PSYoungGen: 11011K->1792K(14336K)] 34478K->25267K(46592K), 0.0008110 secs] [Times: user=0.00 sys=0.00, real=0.00 secs] 
109.387: [GC (Allocation Failure) [PSYoungGen: 8947K->704K(14336K)] 32422K->24187K(46592K), 0.0004386 secs] [Times: user=0.00 sys=0.00, real=0.00 secs] 
109.388: [GC (Allocation Failure) [PSYoungGen: 7858K->7139K(14336K)] 31341K->31278K(46592K), 0.0010859 secs] [Times: user=0.00 sys=0.00, real=0.00 secs] 
109.449: [GC (Allocation Failure) [PSYoungGen: 14293K->6787K(14336K)] 38433K->30926K(46592K), 0.0010342 secs] [Times: user=0.00 sys=0.00, real=0.00 secs] 
109.495: [GC (Allocation Failure) [PSYoungGen: 13941K->5730K(14336K)] 38081K->29878K(46592K), 0.0012434 secs] [Times: user=0.00 sys=0.00, real=0.00 secs] 
109.497: [GC (Allocation Failure) [PSYoungGen: 12885K->4674K(14336K)] 37032K->28829K(46592K), 0.0009849 secs] [Times: user=0.00 sys=0.00, real=0.00 secs] 
109.542: [GC (Allocation Failure) [PSYoungGen: 11828K->3617K(14336K)] 35984K->27789K(46592K), 0.0006815 secs] [Times: user=0.00 sys=0.00, real=0.00 secs] 
109.589: [GC (Allocation Failure) [PSYoungGen: 10772K->2561K(14336K)] 34943K->26748K(46592K), 0.0011068 secs] [Times: user=0.00 sys=0.00, real=0.00 secs] 
109.591: [GC (Allocation Failure) [PSYoungGen: 9729K->576K(14336K)] 33916K->24779K(46592K), 0.0008695 secs] [Times: user=0.00 sys=0.00, real=0.00 secs] 
109.593: [GC (Allocation Failure) [PSYoungGen: 7738K->7107K(14336K)] 31941K->31318K(46592K), 0.0009804 secs] [Times: user=0.00 sys=0.00, real=0.00 secs] 
109.636: [GC (Allocation Failure) [PSYoungGen: 14271K->5570K(14336K)] 38483K->29790K(46592K), 0.0017063 secs] [Times: user=0.00 sys=0.00, real=0.00 secs] 
109.698: [GC (Allocation Failure) [PSYoungGen: 12724K->4482K(14336K)] 36944K->28709K(46592K), 0.0010689 secs] [Times: user=0.00 sys=0.00, real=0.00 secs] 
109.699: [GC (Allocation Failure) [PSYoungGen: 11636K->3425K(14336K)] 35863K->27668K(46592K), 0.0010226 secs] [Times: user=0.00 sys=0.00, real=0.00 secs] 
109.744: [GC (Allocation Failure) [PSYoungGen: 10579K->2337K(14336K)] 34823K->26596K(46592K), 0.0010805 secs] [Times: user=0.00 sys=0.00, real=0.00 secs] 
109.792: [GC (Allocation Failure) [PSYoungGen: 9491K->1312K(14336K)] 33750K->25579K(46592K), 0.0008621 secs] [Times: user=0.00 sys=0.00, real=0.00 secs] 
109.794: [GC (Allocation Failure) [PSYoungGen: 8466K->256K(14336K)] 32734K->24531K(46592K), 0.0010897 secs] [Times: user=0.00 sys=0.00, real=0.00 secs] 
109.795: [GC (Allocation Failure) [PSYoungGen: 7410K->7139K(14336K)] 31685K->31622K(46592K), 0.0010594 secs] [Times: user=0.00 sys=0.00, real=0.00 secs] 
109.839: [GC (Allocation Failure) [PSYoungGen: 14278K->5282K(14336K)] 38761K->29765K(46592K), 0.0010017 secs] [Times: user=0.00 sys=0.00, real=0.00 secs] 
109.887: [GC (Allocation Failure) [PSYoungGen: 12437K->4226K(14336K)] 36920K->28725K(46592K), 0.0010581 secs] [Times: user=0.00 sys=0.00, real=0.00 secs] 
109.889: [GC (Allocation Failure) [PSYoungGen: 11380K->3169K(14336K)] 35879K->27676K(46592K), 0.0006046 secs] [Times: user=0.00 sys=0.00, real=0.00 secs] 
109.949: [GC (Allocation Failure) [PSYoungGen: 10323K->2113K(14336K)] 34831K->26628K(46592K), 0.0008793 secs] [Times: user=0.00 sys=0.00, real=0.00 secs] 
109.996: [GC (Allocation Failure) [PSYoungGen: 9267K->1056K(14336K)] 33782K->25587K(46592K), 0.0005116 secs] [Times: user=0.00 sys=0.00, real=0.00 secs] 
109.997: [GC (Allocation Failure) [PSYoungGen: 8210K->7139K(14336K)] 32742K->32679K(46592K), 0.0011474 secs] [Times: user=0.00 sys=0.00, real=0.00 secs] 
109.998: [GC (Allocation Failure) [PSYoungGen: 14293K->7139K(14336K)] 39833K->32679K(46592K), 0.0013737 secs] [Times: user=0.00 sys=0.00, real=0.00 secs] 
110.043: [GC (Allocation Failure) [PSYoungGen: 14293K->6082K(14336K)] 39833K->31630K(46592K), 0.0009595 secs] [Times: user=0.00 sys=0.00, real=0.00 secs] 
110.090: [GC (Allocation Failure) [PSYoungGen: 13237K->5026K(14336K)] 38785K->30582K(46592K), 0.0008792 secs] [Times: user=0.00 sys=0.00, real=0.00 secs] 
110.091: [GC (Allocation Failure) [PSYoungGen: 12180K->3969K(14336K)] 37736K->29533K(46592K), 0.0010787 secs] [Times: user=0.00 sys=0.00, real=0.00 secs] 
110.137: [GC (Allocation Failure) [PSYoungGen: 11114K->1248K(14336K)] 36678K->26828K(46592K), 0.0012592 secs] [Times: user=0.00 sys=0.00, real=0.00 secs] 
110.198: [GC (Allocation Failure) [PSYoungGen: 8402K->160K(14336K)] 33982K->25747K(46592K), 0.0008725 secs] [Times: user=0.00 sys=0.00, real=0.00 secs] 
110.200: [GC (Allocation Failure) [PSYoungGen: 7314K->7139K(14336K)] 32902K->32839K(46592K), 0.0011871 secs] [Times: user=0.00 sys=0.00, real=0.00 secs] 
110.201: [GC (Allocation Failure) [PSYoungGen: 14293K->6243K(14336K)] 39993K->31942K(46592K), 0.0011769 secs] [Times: user=0.00 sys=0.00, real=0.00 secs] 
110.246: [GC (Allocation Failure) [PSYoungGen: 13397K->5186K(14336K)] 39097K->30894K(46592K), 0.0008111 secs] [Times: user=0.00 sys=0.00, real=0.00 secs] 
110.292: [GC (Allocation Failure) [PSYoungGen: 12340K->4129K(14336K)] 38048K->29845K(46592K), 0.0007206 secs] [Times: user=0.00 sys=0.00, real=0.00 secs] 
110.294: [GC (Allocation Failure) [PSYoungGen: 11284K->3073K(14336K)] 37000K->28805K(46592K), 0.0006340 secs] [Times: user=0.00 sys=0.00, real=0.00 secs] 
110.340: [GC (Allocation Failure) [PSYoungGen: 10227K->2016K(14336K)] 35959K->27764K(46592K), 0.0010668 secs] [Times: user=0.00 sys=0.00, real=0.00 secs] 
110.342: [GC (Allocation Failure) [PSYoungGen: 9179K->1280K(14336K)] 34927K->27035K(46592K), 0.0004358 secs] [Times: user=0.00 sys=0.00, real=0.00 secs] 
110.387: [GC (Allocation Failure) [PSYoungGen: 8444K->6563K(14336K)] 34200K->32327K(46592K), 0.0013856 secs] [Times: user=0.00 sys=0.00, real=0.00 secs] 
110.389: [GC (Allocation Failure) [PSYoungGen: 13717K->5506K(14336K)] 39481K->31286K(46592K), 0.0013114 secs] [Times: user=0.00 sys=0.00, real=0.00 secs] 
110.450: [GC (Allocation Failure) [PSYoungGen: 12660K->4450K(14336K)] 38440K->30238K(46592K), 0.0008033 secs] [Times: user=0.00 sys=0.00, real=0.00 secs] 
110.497: [GC (Allocation Failure) [PSYoungGen: 11604K->3393K(14336K)] 37392K->29189K(46592K), 0.0006442 secs] [Times: user=0.00 sys=0.00, real=0.00 secs] 
110.498: [GC (Allocation Failure) [PSYoungGen: 10548K->2337K(14336K)] 36344K->28141K(46592K), 0.0008126 secs] [Times: user=0.00 sys=0.00, real=0.00 secs] 
110.543: [GC (Allocation Failure) [PSYoungGen: 9491K->1280K(14336K)] 35295K->27092K(46592K), 0.0009398 secs] [Times: user=0.00 sys=0.00, real=0.00 secs] 
110.590: [GC (Allocation Failure) [PSYoungGen: 8435K->224K(14336K)] 34247K->26052K(46592K), 0.0009403 secs] [Times: user=0.00 sys=0.00, real=0.00 secs] 
110.591: [GC (Allocation Failure) [PSYoungGen: 7378K->7139K(14336K)] 33206K->33143K(46592K), 0.0009581 secs] [Times: user=0.00 sys=0.00, real=0.00 secs] 
110.593: [GC (Allocation Failure) [PSYoungGen: 14293K->6307K(14336K)] 40298K->32311K(46592K), 0.0012045 secs] [Times: user=0.00 sys=0.00, real=0.00 secs] 
110.637: [GC (Allocation Failure) [PSYoungGen: 13450K->3681K(14336K)] 39454K->29701K(46592K), 0.0010959 secs] [Times: user=0.00 sys=0.00, real=0.00 secs] 
110.699: [GC (Allocation Failure) [PSYoungGen: 10836K->2625K(14336K)] 36856K->28653K(46592K), 0.0007151 secs] [Times: user=0.00 sys=0.00, real=0.00 secs] 
110.700: [GC (Allocation Failure) [PSYoungGen: 9779K->1568K(14336K)] 35807K->27604K(46592K), 0.0004055 secs] [Times: user=0.00 sys=0.00, real=0.00 secs] 
110.746: [GC (Allocation Failure) [PSYoungGen: 8723K->512K(14336K)] 34759K->26564K(46592K), 0.0007438 secs] [Times: user=0.00 sys=0.00, real=0.00 secs] 
110.747: [GC (Allocation Failure) [PSYoungGen: 7666K->7139K(14336K)] 33718K->33655K(46592K), 0.0014001 secs] [Times: user=0.00 sys=0.00, real=0.00 secs] 
110.793: [GC (Allocation Failure) [PSYoungGen: 14293K->6595K(14336K)] 40810K->33111K(46592K), 0.0009949 secs] [Times: user=0.00 sys=0.00, real=0.00 secs] 
110.795: [GC (Allocation Failure) [PSYoungGen: 13749K->5538K(14336K)] 40265K->32062K(46592K), 0.0008796 secs] [Times: user=0.00 sys=0.00, real=0.00 secs] 
110.839: [GC (Allocation Failure) [PSYoungGen: 12693K->4482K(14336K)] 39217K->31014K(46592K), 0.0007070 secs] [Times: user=0.00 sys=0.00, real=0.00 secs] 
110.888: [GC (Allocation Failure) [PSYoungGen: 11619K->2401K(14336K)] 38152K->28941K(46592K), 0.0008045 secs] [Times: user=0.00 sys=0.00, real=0.00 secs] 
110.889: [GC (Allocation Failure) [PSYoungGen: 9555K->1312K(14336K)] 36095K->27860K(46592K), 0.0006224 secs] [Times: user=0.00 sys=0.00, real=0.00 secs] 
110.949: [GC (Allocation Failure) [PSYoungGen: 8467K->256K(14336K)] 35015K->26812K(46592K), 0.0003272 secs] [Times: user=0.00 sys=0.00, real=0.00 secs] 
110.950: [GC (Allocation Failure) [PSYoungGen: 7410K->7139K(14336K)] 33966K->33903K(46592K), 0.0011052 secs] [Times: user=0.00 sys=0.00, real=0.00 secs] 
110.996: [GC (Allocation Failure) [PSYoungGen: 14293K->6339K(14336K)] 41058K->33103K(46592K), 0.0007262 secs] [Times: user=0.00 sys=0.00, real=0.00 secs] 
110.997: [GC (Allocation Failure) [PSYoungGen: 13493K->5282K(14336K)] 40257K->32054K(46592K), 0.0010460 secs] [Times: user=0.00 sys=0.00, real=0.00 secs] 
111.043: [GC (Allocation Failure) [PSYoungGen: 12437K->4226K(14336K)] 39209K->31006K(46592K), 0.0012166 secs] [Times: user=0.00 sys=0.00, real=0.00 secs] 
111.089: [GC (Allocation Failure) [PSYoungGen: 11380K->3169K(14336K)] 38160K->29957K(46592K), 0.0008050 secs] [Times: user=0.00 sys=0.00, real=0.00 secs] 
111.091: [GC (Allocation Failure) [PSYoungGen: 10318K->928K(14336K)] 37107K->27724K(46592K), 0.0007842 secs] [Times: user=0.00 sys=0.00, real=0.00 secs] 
111.092: [GC (Allocation Failure) [PSYoungGen: 8083K->7139K(14336K)] 34879K->34816K(46592K), 0.0016130 secs] [Times: user=0.00 sys=0.00, real=0.00 secs] 
111.137: [GC (Allocation Failure) [PSYoungGen: 14302K->5986K(14336K)] 41978K->33663K(46592K), 0.0012961 secs] [Times: user=0.00 sys=0.00, real=0.00 secs] 
111.200: [GC (Allocation Failure) [PSYoungGen: 13141K->4930K(14336K)] 40818K->32615K(46592K), 0.0013511 secs] [Times: user=0.00 sys=0.00, real=0.00 secs] 
111.202: [GC (Allocation Failure) [PSYoungGen: 12084K->3873K(14336K)] 39769K->31574K(46592K), 0.0006947 secs] [Times: user=0.00 sys=0.00, real=0.00 secs] 
111.246: [GC (Allocation Failure) [PSYoungGen: 11028K->2817K(14336K)] 38729K->30534K(46592K), 0.0010094 secs] [Times: user=0.00 sys=0.00, real=0.00 secs] 
111.293: [GC (Allocation Failure) [PSYoungGen: 9971K->1760K(14336K)] 37688K->29485K(46592K), 0.0006033 secs] [Times: user=0.00 sys=0.00, real=0.00 secs] 
111.294: [GC (Allocation Failure) [PSYoungGen: 8915K->704K(14336K)] 36640K->28437K(46592K), 0.0011087 secs] [Times: user=0.00 sys=0.00, real=0.00 secs] 
111.296: [GC (Allocation Failure) [PSYoungGen: 7858K->7139K(14336K)] 35591K->35528K(46592K), 0.0011797 secs] [Times: user=0.00 sys=0.00, real=0.00 secs] 
111.339: [GC (Allocation Failure) [PSYoungGen: 14302K->5794K(14336K)] 42691K->34183K(46592K), 0.0010082 secs] [Times: user=0.00 sys=0.00, real=0.00 secs] 
111.387: [GC (Allocation Failure) [PSYoungGen: 12949K->4706K(14336K)] 41338K->33111K(46592K), 0.0007592 secs] [Times: user=0.00 sys=0.00, real=0.00 secs] 
111.389: [GC (Allocation Failure) [PSYoungGen: 11860K->3649K(14336K)] 40265K->32062K(46592K), 0.0011568 secs] [Times: user=0.00 sys=0.00, real=0.00 secs] 
111.450: [GC (Allocation Failure) [PSYoungGen: 10804K->2593K(14336K)] 39217K->31022K(46592K), 0.0008837 secs] [Times: user=0.00 sys=0.00, real=0.00 secs] 
111.496: [GC (Allocation Failure) [PSYoungGen: 9747K->1536K(14336K)] 38176K->29973K(46592K), 0.0005383 secs] [Times: user=0.00 sys=0.00, real=0.00 secs] 
111.497: [GC (Allocation Failure) [PSYoungGen: 8691K->480K(14336K)] 37128K->28933K(46592K), 0.0004462 secs] [Times: user=0.00 sys=0.00, real=0.00 secs] 
111.498: [GC (Allocation Failure) [PSYoungGen: 7634K->7139K(14336K)] 36087K->36024K(46592K), 0.0009985 secs] [Times: user=0.00 sys=0.00, real=0.00 secs] 
111.542: [GC (Allocation Failure) [PSYoungGen: 14293K->6563K(14336K)] 43179K->35448K(46592K), 0.0008919 secs] [Times: user=0.02 sys=0.00, real=0.00 secs] 
111.588: [GC (Allocation Failure) [PSYoungGen: 13717K->5506K(14336K)] 42602K->34399K(46592K), 0.0011941 secs] [Times: user=0.00 sys=0.00, real=0.00 secs] 
111.590: [GC (Allocation Failure) [PSYoungGen: 12661K->4450K(14336K)] 41554K->33359K(46592K), 0.0007504 secs] [Times: user=0.00 sys=0.00, real=0.00 secs] 
111.648: [GC (Allocation Failure) [PSYoungGen: 11590K->1824K(14336K)] 40499K->30742K(46592K), 0.0008267 secs] [Times: user=0.00 sys=0.00, real=0.00 secs] 
111.696: [GC (Allocation Failure) [PSYoungGen: 8979K->768K(14336K)] 37896K->29709K(46592K), 0.0005358 secs] [Times: user=0.00 sys=0.00, real=0.00 secs] 
111.697: [GC (Allocation Failure) [PSYoungGen: 7922K->7139K(14336K)] 36864K->36801K(46592K), 0.0012202 secs] [Times: user=0.00 sys=0.00, real=0.00 secs] 
111.699: [GC (Allocation Failure) [PSYoungGen: 14293K->6851K(14336K)] 43955K->36512K(46592K), 0.0013796 secs] [Times: user=0.00 sys=0.00, real=0.00 secs] 
111.743: [GC (Allocation Failure) [PSYoungGen: 14005K->5794K(14336K)] 43667K->35472K(46592K), 0.0013148 secs] [Times: user=0.00 sys=0.00, real=0.00 secs] 
111.790: [GC (Allocation Failure) [PSYoungGen: 12949K->4738K(14336K)] 42626K->34431K(46592K), 0.0010040 secs] [Times: user=0.00 sys=0.00, real=0.00 secs] 
111.792: [GC (Allocation Failure) [PSYoungGen: 11892K->3681K(14336K)] 41586K->33383K(46592K), 0.0006710 secs] [Times: user=0.00 sys=0.00, real=0.00 secs] 
111.837: [GC (Allocation Failure) [PSYoungGen: 10836K->2625K(14336K)] 40537K->32342K(46592K), 0.0007999 secs] [Times: user=0.00 sys=0.00, real=0.00 secs] 
111.838: [GC (Allocation Failure) [PSYoungGen: 9793K->608K(14336K)] 39510K->30333K(46592K), 0.0009343 secs] [Times: user=0.00 sys=0.00, real=0.00 secs] 
111.899: [GC (Allocation Failure) [PSYoungGen: 7770K->7139K(14336K)] 37496K->36921K(46592K), 0.0010635 secs] [Times: user=0.00 sys=0.00, real=0.00 secs] 
111.901: [GC (Allocation Failure) [PSYoungGen: 14293K->6114K(14336K)] 44075K->35904K(46592K), 0.0010171 secs] [Times: user=0.00 sys=0.00, real=0.00 secs] 
111.945: [GC (Allocation Failure) [PSYoungGen: 13269K->5058K(14336K)] 43058K->34856K(46592K), 0.0010851 secs] [Times: user=0.00 sys=0.00, real=0.00 secs] 
111.992: [GC (Allocation Failure) [PSYoungGen: 12212K->4001K(14336K)] 42010K->33815K(46592K), 0.0011334 secs] [Times: user=0.00 sys=0.00, real=0.00 secs] 
111.994: [GC (Allocation Failure) [PSYoungGen: 11156K->2945K(14336K)] 40969K->32767K(46592K), 0.0012447 secs] [Times: user=0.00 sys=0.00, real=0.00 secs] 
112.038: [GC (Allocation Failure) [PSYoungGen: 10099K->1888K(14336K)] 39921K->31726K(46592K), 0.0004584 secs] [Times: user=0.00 sys=0.00, real=0.00 secs] 
112.085: [GC (Allocation Failure) [PSYoungGen: 9043K->832K(14336K)] 38880K->30678K(46592K), 0.0009164 secs] [Times: user=0.00 sys=0.00, real=0.00 secs] 
112.087: [GC (Allocation Failure) [PSYoungGen: 7986K->7139K(14336K)] 37832K->37769K(46592K), 0.0014080 secs] [Times: user=0.00 sys=0.00, real=0.00 secs] 
112.089: [GC (Allocation Failure) [PSYoungGen: 14293K->6915K(14336K)] 44923K->37545K(46592K), 0.0013229 secs] [Times: user=0.00 sys=0.00, real=0.00 secs] 
112.147: [GC (Allocation Failure) [PSYoungGen: 14058K->4194K(14336K)] 44688K->34832K(46592K), 0.0013570 secs] [Times: user=0.00 sys=0.00, real=0.00 secs] 
112.194: [GC (Allocation Failure) [PSYoungGen: 11348K->3105K(14336K)] 41986K->33759K(46592K), 0.0011251 secs] [Times: user=0.00 sys=0.00, real=0.00 secs] 
112.196: [GC (Allocation Failure) [PSYoungGen: 10259K->2048K(14336K)] 40913K->32719K(46592K), 0.0005325 secs] [Times: user=0.00 sys=0.00, real=0.00 secs] 
112.241: [GC (Allocation Failure) [PSYoungGen: 9203K->992K(14336K)] 39873K->31678K(46592K), 0.0008162 secs] [Times: user=0.00 sys=0.00, real=0.00 secs] 
112.243: [GC (Allocation Failure) [PSYoungGen: 8146K->7139K(14336K)] 38832K->38769K(46592K), 0.0012955 secs] [Times: user=0.00 sys=0.00, real=0.00 secs] 
112.244: [Full GC (Ergonomics) [PSYoungGen: 7139K->0K(14336K)] [ParOldGen: 31630K->9155K(33792K)] 38769K->9155K(48128K), [Metaspace: 2892K->2892K(1056768K)], 0.0028274 secs] [Times: user=0.00 sys=0.00, real=0.00 secs] 
112.288: [GC (Allocation Failure) [PSYoungGen: 7154K->7075K(14336K)] 16310K->16231K(48128K), 0.0013223 secs] [Times: user=0.00 sys=0.00, real=0.00 secs] 
112.291: [GC (Allocation Failure) [PSYoungGen: 14228K->6018K(14336K)] 23384K->15190K(48128K), 0.0009176 secs] [Times: user=0.00 sys=0.00, real=0.00 secs] 
112.351: [GC (Allocation Failure) [PSYoungGen: 13172K->4962K(14336K)] 22344K->14142K(48128K), 0.0012113 secs] [Times: user=0.00 sys=0.00, real=0.00 secs] 
112.397: [GC (Allocation Failure) [PSYoungGen: 12098K->2881K(14336K)] 21278K->12077K(48128K), 0.0006029 secs] [Times: user=0.00 sys=0.00, real=0.00 secs] 
112.398: [GC (Allocation Failure) [PSYoungGen: 10035K->1792K(14336K)] 19231K->10996K(48128K), 0.0007796 secs] [Times: user=0.00 sys=0.00, real=0.00 secs] 
112.443: [GC (Allocation Failure) [PSYoungGen: 8947K->736K(14336K)] 18150K->9948K(48128K), 0.0008561 secs] [Times: user=0.00 sys=0.00, real=0.00 secs] 
112.445: [GC (Allocation Failure) [PSYoungGen: 7890K->7139K(14336K)] 17102K->17039K(48128K), 0.0010094 secs] [Times: user=0.00 sys=0.00, real=0.00 secs] 
112.491: [GC (Allocation Failure) [PSYoungGen: 14293K->6819K(14336K)] 24194K->16719K(48128K), 0.0009110 secs] [Times: user=0.00 sys=0.00, real=0.00 secs] 
112.493: [GC (Allocation Failure) [PSYoungGen: 13973K->5762K(14336K)] 23873K->15670K(48128K), 0.0010603 secs] [Times: user=0.00 sys=0.00, real=0.00 secs] 
112.538: [GC (Allocation Failure) [PSYoungGen: 12917K->4706K(14336K)] 22825K->14622K(48128K), 0.0009007 secs] [Times: user=0.00 sys=0.00, real=0.00 secs] 
112.600: [GC (Allocation Failure) [PSYoungGen: 11860K->3649K(14336K)] 21776K->13573K(48128K), 0.0007731 secs] [Times: user=0.00 sys=0.00, real=0.00 secs] 
112.601: [GC (Allocation Failure) [PSYoungGen: 10802K->512K(14336K)] 20726K->10444K(48128K), 0.0004807 secs] [Times: user=0.00 sys=0.00, real=0.00 secs] 
112.602: [GC (Allocation Failure) [PSYoungGen: 7666K->7139K(14336K)] 17598K->17543K(48128K), 0.0010071 secs] [Times: user=0.00 sys=0.00, real=0.00 secs] 
112.647: [GC (Allocation Failure) [PSYoungGen: 14293K->6595K(14336K)] 24698K->16999K(48128K), 0.0008922 secs] [Times: user=0.00 sys=0.00, real=0.00 secs] 
112.693: [GC (Allocation Failure) [PSYoungGen: 13749K->5538K(14336K)] 24153K->15951K(48128K), 0.0011629 secs] [Times: user=0.00 sys=0.00, real=0.00 secs] 
112.695: [GC (Allocation Failure) [PSYoungGen: 12693K->4482K(14336K)] 23105K->14902K(48128K), 0.0013461 secs] [Times: user=0.00 sys=0.00, real=0.00 secs] 
112.739: [GC (Allocation Failure) [PSYoungGen: 11636K->3425K(14336K)] 22057K->13854K(48128K), 0.0011614 secs] [Times: user=0.00 sys=0.00, real=0.00 secs] 
112.786: [GC (Allocation Failure) [PSYoungGen: 10580K->2369K(14336K)] 21008K->12805K(48128K), 0.0007078 secs] [Times: user=0.00 sys=0.00, real=0.00 secs] 
112.788: [GC (Allocation Failure) [PSYoungGen: 9523K->1312K(14336K)] 19959K->11756K(48128K), 0.0007859 secs] [Times: user=0.00 sys=0.00, real=0.00 secs] 
112.849: [GC (Allocation Failure) [PSYoungGen: 8467K->256K(14336K)] 18911K->10708K(48128K), 0.0007131 secs] [Times: user=0.00 sys=0.00, real=0.00 secs] 
112.850: [GC (Allocation Failure) [PSYoungGen: 7410K->7139K(14336K)] 17862K->17799K(48128K), 0.0011167 secs] [Times: user=0.00 sys=0.00, real=0.00 secs] 
112.896: [GC (Allocation Failure) [PSYoungGen: 14277K->5282K(14336K)] 24937K->15943K(48128K), 0.0007563 secs] [Times: user=0.00 sys=0.00, real=0.00 secs] 
112.897: [GC (Allocation Failure) [PSYoungGen: 12436K->4226K(14336K)] 23097K->14894K(48128K), 0.0007951 secs] [Times: user=0.00 sys=0.00, real=0.00 secs] 
112.944: [GC (Allocation Failure) [PSYoungGen: 11380K->3169K(14336K)] 22048K->13853K(48128K), 0.0009087 secs] [Times: user=0.00 sys=0.00, real=0.00 secs] 
112.990: [GC (Allocation Failure) [PSYoungGen: 10323K->2113K(14336K)] 21008K->12805K(48128K), 0.0007013 secs] [Times: user=0.00 sys=0.00, real=0.00 secs] 
112.991: [GC (Allocation Failure) [PSYoungGen: 9267K->1056K(14336K)] 19959K->11764K(48128K), 0.0003665 secs] [Times: user=0.00 sys=0.00, real=0.00 secs] 
112.992: [GC (Allocation Failure) [PSYoungGen: 8210K->7139K(14336K)] 18919K->18856K(48128K), 0.0012140 secs] [Times: user=0.00 sys=0.00, real=0.00 secs] 
113.038: [GC (Allocation Failure) [PSYoungGen: 14293K->7139K(14336K)] 26010K->18856K(48128K), 0.0008722 secs] [Times: user=0.00 sys=0.00, real=0.00 secs] 
113.101: [GC (Allocation Failure) [PSYoungGen: 14293K->6082K(14336K)] 26010K->17807K(48128K), 0.0012854 secs] [Times: user=0.00 sys=0.00, real=0.00 secs] 
113.103: [GC (Allocation Failure) [PSYoungGen: 13237K->5026K(14336K)] 24962K->16759K(48128K), 0.0012717 secs] [Times: user=0.00 sys=0.00, real=0.00 secs] 
113.148: [GC (Allocation Failure) [PSYoungGen: 12182K->2273K(14336K)] 23915K->14022K(48128K), 0.0007874 secs] [Times: user=0.00 sys=0.00, real=0.00 secs] 
113.195: [GC (Allocation Failure) [PSYoungGen: 9427K->1216K(14336K)] 21176K->12981K(48128K), 0.0011456 secs] [Times: user=0.00 sys=0.00, real=0.00 secs] 
113.196: [GC (Allocation Failure) [PSYoungGen: 8370K->160K(14336K)] 20135K->11933K(48128K), 0.0004319 secs] [Times: user=0.00 sys=0.00, real=0.00 secs] 
113.197: [GC (Allocation Failure) [PSYoungGen: 7314K->7139K(14336K)] 19087K->19024K(48128K), 0.0010651 secs] [Times: user=0.00 sys=0.00, real=0.00 secs] 
113.241: [GC (Allocation Failure) [PSYoungGen: 14293K->6243K(14336K)] 26178K->18128K(48128K), 0.0015118 secs] [Times: user=0.00 sys=0.00, real=0.00 secs] 
113.289: [GC (Allocation Failure) [PSYoungGen: 13397K->5186K(14336K)] 25282K->17079K(48128K), 0.0006801 secs] [Times: user=0.00 sys=0.00, real=0.00 secs] 
113.291: [GC (Allocation Failure) [PSYoungGen: 12340K->4129K(14336K)] 24233K->16038K(48128K), 0.0007520 secs] [Times: user=0.00 sys=0.00, real=0.00 secs] 
113.337: [GC (Allocation Failure) [PSYoungGen: 11284K->3073K(14336K)] 23193K->14998K(48128K), 0.0006335 secs] [Times: user=0.00 sys=0.00, real=0.00 secs] 
113.400: [GC (Allocation Failure) [PSYoungGen: 10216K->480K(14336K)] 22141K->12413K(48128K), 0.0007576 secs] [Times: user=0.00 sys=0.00, real=0.00 secs] 
113.401: [GC (Allocation Failure) [PSYoungGen: 7634K->7139K(14336K)] 19567K->19488K(48128K), 0.0014846 secs] [Times: user=0.00 sys=0.00, real=0.00 secs] 
113.403: [GC (Allocation Failure) [PSYoungGen: 14293K->6531K(14336K)] 26643K->18880K(48128K), 0.0013281 secs] [Times: user=0.00 sys=0.00, real=0.00 secs] 
113.447: [GC (Allocation Failure) [PSYoungGen: 13685K->5474K(14336K)] 26034K->17831K(48128K), 0.0007381 secs] [Times: user=0.00 sys=0.00, real=0.00 secs] 
113.494: [GC (Allocation Failure) [PSYoungGen: 12629K->4418K(14336K)] 24986K->16783K(48128K), 0.0011418 secs] [Times: user=0.00 sys=0.00, real=0.00 secs] 
113.495: [GC (Allocation Failure) [PSYoungGen: 11572K->3361K(14336K)] 23937K->15734K(48128K), 0.0005428 secs] [Times: user=0.00 sys=0.00, real=0.00 secs] 
113.541: [GC (Allocation Failure) [PSYoungGen: 10516K->2305K(14336K)] 22889K->14694K(48128K), 0.0007293 secs] [Times: user=0.00 sys=0.00, real=0.00 secs] 
113.589: [GC (Allocation Failure) [PSYoungGen: 9459K->1248K(14336K)] 21848K->13645K(48128K), 0.0004668 secs] [Times: user=0.00 sys=0.00, real=0.00 secs] 
113.590: [GC (Allocation Failure) [PSYoungGen: 8416K->224K(14336K)] 20813K->12629K(48128K), 0.0004043 secs] [Times: user=0.00 sys=0.00, real=0.00 secs] 
113.591: [GC (Allocation Failure) [PSYoungGen: 7361K->6819K(14336K)] 19766K->19232K(48128K), 0.0013224 secs] [Times: user=0.00 sys=0.00, real=0.00 secs] 
113.636: [GC (Allocation Failure) [PSYoungGen: 13985K->4738K(14336K)] 26398K->17159K(48128K), 0.0006943 secs] [Times: user=0.00 sys=0.00, real=0.00 secs] 
113.697: [GC (Allocation Failure) [PSYoungGen: 11891K->3681K(14336K)] 24313K->16118K(48128K), 0.0009219 secs] [Times: user=0.00 sys=0.00, real=0.00 secs] 
113.699: [GC (Allocation Failure) [PSYoungGen: 10835K->2625K(14336K)] 23272K->15070K(48128K), 0.0010673 secs] [Times: user=0.00 sys=0.00, real=0.00 secs] 
113.743: [GC (Allocation Failure) [PSYoungGen: 9779K->1568K(14336K)] 22224K->14021K(48128K), 0.0010690 secs] [Times: user=0.00 sys=0.00, real=0.00 secs] 
113.790: [GC (Allocation Failure) [PSYoungGen: 8723K->512K(14336K)] 21176K->12981K(48128K), 0.0011114 secs] [Times: user=0.00 sys=0.00, real=0.00 secs] 
113.792: [GC (Allocation Failure) [PSYoungGen: 7666K->7139K(14336K)] 20135K->20072K(48128K), 0.0009252 secs] [Times: user=0.00 sys=0.00, real=0.00 secs] 
113.794: [GC (Allocation Failure) [PSYoungGen: 14293K->6595K(14336K)] 27227K->19528K(48128K), 0.0013856 secs] [Times: user=0.00 sys=0.00, real=0.00 secs] 
113.838: [GC (Allocation Failure) [PSYoungGen: 13732K->4482K(14336K)] 26666K->17423K(48128K), 0.0010487 secs] [Times: user=0.00 sys=0.00, real=0.00 secs] 
113.901: [GC (Allocation Failure) [PSYoungGen: 11636K->3393K(14336K)] 24577K->16351K(48128K), 0.0006608 secs] [Times: user=0.00 sys=0.00, real=0.00 secs] 
113.902: [GC (Allocation Failure) [PSYoungGen: 10548K->2369K(14336K)] 23505K->15334K(48128K), 0.0005883 secs] [Times: user=0.00 sys=0.00, real=0.00 secs] 
113.947: [GC (Allocation Failure) [PSYoungGen: 9523K->1312K(14336K)] 22488K->14286K(48128K), 0.0007683 secs] [Times: user=0.00 sys=0.00, real=0.00 secs] 
113.994: [GC (Allocation Failure) [PSYoungGen: 8467K->256K(14336K)] 21440K->13245K(48128K), 0.0007495 secs] [Times: user=0.00 sys=0.00, real=0.00 secs] 
113.996: [GC (Allocation Failure) [PSYoungGen: 7410K->7139K(14336K)] 20399K->20336K(48128K), 0.0012043 secs] [Times: user=0.00 sys=0.00, real=0.00 secs] 
113.997: [GC (Allocation Failure) [PSYoungGen: 14293K->6339K(14336K)] 27491K->19536K(48128K), 0.0010914 secs] [Times: user=0.00 sys=0.00, real=0.00 secs] 
114.040: [GC (Allocation Failure) [PSYoungGen: 13493K->5282K(14336K)] 26691K->18496K(48128K), 0.0010646 secs] [Times: user=0.00 sys=0.00, real=0.00 secs] 
114.087: [GC (Allocation Failure) [PSYoungGen: 12437K->4226K(14336K)] 25650K->17447K(48128K), 0.0008076 secs] [Times: user=0.00 sys=0.00, real=0.00 secs] 
114.089: [GC (Allocation Failure) [PSYoungGen: 11380K->3169K(14336K)] 24602K->16399K(48128K), 0.0007621 secs] [Times: user=0.00 sys=0.00, real=0.00 secs] 
114.090: [GC (Allocation Failure) [PSYoungGen: 10337K->448K(14336K)] 23567K->13685K(48128K), 0.0009439 secs] [Times: user=0.00 sys=0.00, real=0.00 secs] 
114.150: [GC (Allocation Failure) [PSYoungGen: 7610K->7075K(14336K)] 20848K->20320K(48128K), 0.0014007 secs] [Times: user=0.00 sys=0.00, real=0.00 secs] 
114.197: [GC (Allocation Failure) [PSYoungGen: 14229K->6018K(14336K)] 27474K->19272K(48128K), 0.0006955 secs] [Times: user=0.00 sys=0.00, real=0.00 secs] 
114.198: [GC (Allocation Failure) [PSYoungGen: 13172K->4962K(14336K)] 26426K->18231K(48128K), 0.0010822 secs] [Times: user=0.00 sys=0.00, real=0.00 secs] 
114.243: [GC (Allocation Failure) [PSYoungGen: 12116K->3905K(14336K)] 25385K->17183K(48128K), 0.0010873 secs] [Times: user=0.00 sys=0.00, real=0.00 secs] 
114.290: [GC (Allocation Failure) [PSYoungGen: 11060K->2849K(14336K)] 24337K->16134K(48128K), 0.0007673 secs] [Times: user=0.00 sys=0.00, real=0.00 secs] 
114.292: [GC (Allocation Failure) [PSYoungGen: 10003K->1792K(14336K)] 23289K->15086K(48128K), 0.0005611 secs] [Times: user=0.00 sys=0.00, real=0.00 secs] 
114.338: [GC (Allocation Failure) [PSYoungGen: 8947K->736K(14336K)] 22240K->14037K(48128K), 0.0007537 secs] [Times: user=0.00 sys=0.00, real=0.00 secs] 
114.339: [GC (Allocation Failure) [PSYoungGen: 7890K->7139K(14336K)] 21192K->21129K(48128K), 0.0014933 secs] [Times: user=0.00 sys=0.00, real=0.00 secs] 
114.400: [GC (Allocation Failure) [PSYoungGen: 14302K->5794K(14336K)] 28292K->19784K(48128K), 0.0012896 secs] [Times: user=0.00 sys=0.00, real=0.00 secs] 
114.402: [GC (Allocation Failure) [PSYoungGen: 12949K->4738K(14336K)] 26939K->18736K(48128K), 0.0008886 secs] [Times: user=0.00 sys=0.00, real=0.00 secs] 
114.447: [GC (Allocation Failure) [PSYoungGen: 11892K->3681K(14336K)] 25890K->17687K(48128K), 0.0007755 secs] [Times: user=0.00 sys=0.00, real=0.00 secs] 
114.495: [GC (Allocation Failure) [PSYoungGen: 10836K->2625K(14336K)] 24842K->16639K(48128K), 0.0004590 secs] [Times: user=0.00 sys=0.00, real=0.00 secs] 
114.496: [GC (Allocation Failure) [PSYoungGen: 9779K->1568K(14336K)] 23793K->15590K(48128K), 0.0006575 secs] [Times: user=0.00 sys=0.00, real=0.00 secs] 
114.541: [GC (Allocation Failure) [PSYoungGen: 8723K->512K(14336K)] 22745K->14550K(48128K), 0.0006183 secs] [Times: user=0.00 sys=0.00, real=0.00 secs] 
114.543: [GC (Allocation Failure) [PSYoungGen: 7666K->7139K(14336K)] 21704K->21641K(48128K), 0.0014338 secs] [Times: user=0.00 sys=0.00, real=0.00 secs] 
114.590: [GC (Allocation Failure) [PSYoungGen: 14293K->6595K(14336K)] 28796K->21097K(48128K), 0.0014714 secs] [Times: user=0.00 sys=0.00, real=0.00 secs] 
114.592: [GC (Allocation Failure) [PSYoungGen: 13738K->3969K(14336K)] 28240K->18479K(48128K), 0.0008908 secs] [Times: user=0.00 sys=0.00, real=0.00 secs] 
114.636: [GC (Allocation Failure) [PSYoungGen: 11124K->2913K(14336K)] 25634K->17439K(48128K), 0.0007987 secs] [Times: user=0.00 sys=0.00, real=0.00 secs] 
114.698: [GC (Allocation Failure) [PSYoungGen: 10067K->1856K(14336K)] 24593K->16398K(48128K), 0.0005401 secs] [Times: user=0.00 sys=0.00, real=0.00 secs] 
114.699: [GC (Allocation Failure) [PSYoungGen: 9011K->800K(14336K)] 23553K->15350K(48128K), 0.0003779 secs] [Times: user=0.00 sys=0.00, real=0.00 secs] 
114.700: [GC (Allocation Failure) [PSYoungGen: 7954K->7139K(14336K)] 22504K->22441K(48128K), 0.0012659 secs] [Times: user=0.00 sys=0.00, real=0.00 secs] 
114.746: [GC (Allocation Failure) [PSYoungGen: 14293K->6883K(14336K)] 29596K->22185K(48128K), 0.0010217 secs] [Times: user=0.00 sys=0.00, real=0.00 secs] 
114.792: [GC (Allocation Failure) [PSYoungGen: 14037K->5826K(14336K)] 29340K->21137K(48128K), 0.0007995 secs] [Times: user=0.00 sys=0.00, real=0.00 secs] 
114.793: [GC (Allocation Failure) [PSYoungGen: 12981K->4770K(14336K)] 28291K->20088K(48128K), 0.0011007 secs] [Times: user=0.00 sys=0.00, real=0.00 secs] 
114.839: [GC (Allocation Failure) [PSYoungGen: 11924K->3713K(14336K)] 27243K->19048K(48128K), 0.0009554 secs] [Times: user=0.00 sys=0.00, real=0.00 secs] 
114.886: [GC (Allocation Failure) [PSYoungGen: 10853K->1088K(14336K)] 26188K->16430K(48128K), 0.0003661 secs] [Times: user=0.00 sys=0.00, real=0.00 secs] 
114.886: [GC (Allocation Failure) [PSYoungGen: 8243K->7139K(14336K)] 23585K->23530K(48128K), 0.0008785 secs] [Times: user=0.00 sys=0.00, real=0.00 secs] 
114.888: [GC (Allocation Failure) [PSYoungGen: 14293K->7139K(14336K)] 30684K->23562K(48128K), 0.0010446 secs] [Times: user=0.00 sys=0.00, real=0.00 secs] 
114.948: [GC (Allocation Failure) [PSYoungGen: 14293K->6114K(14336K)] 30716K->22553K(48128K), 0.0011547 secs] [Times: user=0.00 sys=0.00, real=0.00 secs] 
114.996: [GC (Allocation Failure) [PSYoungGen: 13269K->5058K(14336K)] 29708K->21505K(48128K), 0.0007396 secs] [Times: user=0.00 sys=0.00, real=0.00 secs] 
114.997: [GC (Allocation Failure) [PSYoungGen: 12212K->4001K(14336K)] 28659K->20464K(48128K), 0.0006200 secs] [Times: user=0.00 sys=0.00, real=0.00 secs] 
115.043: [GC (Allocation Failure) [PSYoungGen: 11156K->2945K(14336K)] 27619K->19416K(48128K), 0.0013361 secs] [Times: user=0.00 sys=0.00, real=0.00 secs] 
115.091: [GC (Allocation Failure) [PSYoungGen: 10099K->1888K(14336K)] 26570K->18367K(48128K), 0.0007845 secs] [Times: user=0.00 sys=0.00, real=0.00 secs] 
115.092: [GC (Allocation Failure) [PSYoungGen: 9043K->832K(14336K)] 25522K->17319K(48128K), 0.0005667 secs] [Times: user=0.00 sys=0.00, real=0.00 secs] 
115.094: [GC (Allocation Failure) [PSYoungGen: 7986K->7139K(14336K)] 24473K->24410K(48128K), 0.0009786 secs] [Times: user=0.00 sys=0.00, real=0.00 secs] 
115.138: [GC (Allocation Failure) [PSYoungGen: 14276K->5218K(14336K)] 31548K->22489K(48128K), 0.0013061 secs] [Times: user=0.00 sys=0.00, real=0.00 secs] 
115.199: [GC (Allocation Failure) [PSYoungGen: 12373K->4162K(14336K)] 29644K->21449K(48128K), 0.0006217 secs] [Times: user=0.00 sys=0.00, real=0.00 secs] 
115.200: [GC (Allocation Failure) [PSYoungGen: 11316K->3105K(14336K)] 28603K->20408K(48128K), 0.0013092 secs] [Times: user=0.00 sys=0.00, real=0.00 secs] 
115.246: [GC (Allocation Failure) [PSYoungGen: 10259K->2048K(14336K)] 27563K->19360K(48128K), 0.0011227 secs] [Times: user=0.00 sys=0.00, real=0.00 secs] 
115.293: [GC (Allocation Failure) [PSYoungGen: 9203K->992K(14336K)] 26514K->18311K(48128K), 0.0005768 secs] [Times: user=0.00 sys=0.00, real=0.00 secs] 
115.294: [GC (Allocation Failure) [PSYoungGen: 8146K->7139K(14336K)] 25466K->25403K(48128K), 0.0012707 secs] [Times: user=0.00 sys=0.00, real=0.00 secs] 
115.296: [GC (Allocation Failure) [PSYoungGen: 14293K->7075K(14336K)] 32557K->25339K(48128K), 0.0013601 secs] [Times: user=0.00 sys=0.00, real=0.00 secs] 
115.340: [GC (Allocation Failure) [PSYoungGen: 14229K->6018K(14336K)] 32493K->24290K(48128K), 0.0010479 secs] [Times: user=0.00 sys=0.00, real=0.00 secs] 
115.387: [GC (Allocation Failure) [PSYoungGen: 13156K->3905K(14336K)] 31428K->22185K(48128K), 0.0008004 secs] [Times: user=0.00 sys=0.00, real=0.00 secs] 
115.388: [GC (Allocation Failure) [PSYoungGen: 11060K->2849K(14336K)] 29340K->21137K(48128K), 0.0009453 secs] [Times: user=0.00 sys=0.00, real=0.00 secs] 
115.449: [GC (Allocation Failure) [PSYoungGen: 10003K->1792K(14336K)] 28291K->20088K(48128K), 0.0006770 secs] [Times: user=0.00 sys=0.00, real=0.00 secs] 
115.496: [GC (Allocation Failure) [PSYoungGen: 8947K->736K(14336K)] 27243K->19048K(48128K), 0.0004164 secs] [Times: user=0.00 sys=0.00, real=0.00 secs] 
115.497: [GC (Allocation Failure) [PSYoungGen: 7890K->7139K(14336K)] 26202K->26139K(48128K), 0.0012471 secs] [Times: user=0.00 sys=0.00, real=0.00 secs] 
115.499: [GC (Allocation Failure) [PSYoungGen: 14293K->6819K(14336K)] 33294K->25819K(48128K), 0.0009816 secs] [Times: user=0.00 sys=0.00, real=0.00 secs] 
115.545: [GC (Allocation Failure) [PSYoungGen: 13973K->5762K(14336K)] 32973K->24778K(48128K), 0.0011154 secs] [Times: user=0.00 sys=0.00, real=0.00 secs] 
115.591: [GC (Allocation Failure) [PSYoungGen: 12917K->4706K(14336K)] 31933K->23738K(48128K), 0.0007909 secs] [Times: user=0.00 sys=0.00, real=0.00 secs] 
115.592: [GC (Allocation Failure) [PSYoungGen: 11849K->2080K(14336K)] 30881K->21121K(48128K), 0.0007259 secs] [Times: user=0.00 sys=0.00, real=0.00 secs] 
115.637: [GC (Allocation Failure) [PSYoungGen: 9247K->544K(14336K)] 28287K->19592K(48128K), 0.0005427 secs] [Times: user=0.00 sys=0.00, real=0.00 secs] 
115.639: [GC (Allocation Failure) [PSYoungGen: 7698K->7139K(14336K)] 26746K->26651K(48128K), 0.0009262 secs] [Times: user=0.00 sys=0.00, real=0.00 secs] 
115.701: [GC (Allocation Failure) [PSYoungGen: 14293K->6595K(14336K)] 33806K->26107K(48128K), 0.0011134 secs] [Times: user=0.00 sys=0.00, real=0.00 secs] 
115.703: [GC (Allocation Failure) [PSYoungGen: 13749K->5538K(14336K)] 33261K->25058K(48128K), 0.0011327 secs] [Times: user=0.00 sys=0.00, real=0.00 secs] 
115.748: [GC (Allocation Failure) [PSYoungGen: 12693K->4482K(14336K)] 32213K->24018K(48128K), 0.0006507 secs] [Times: user=0.00 sys=0.00, real=0.00 secs] 
115.794: [GC (Allocation Failure) [PSYoungGen: 11636K->3425K(14336K)] 31172K->22977K(48128K), 0.0010336 secs] [Times: user=0.00 sys=0.00, real=0.00 secs] 
115.796: [GC (Allocation Failure) [PSYoungGen: 10580K->2369K(14336K)] 30132K->21937K(48128K), 0.0007816 secs] [Times: user=0.00 sys=0.00, real=0.00 secs] 
115.841: [GC (Allocation Failure) [PSYoungGen: 9537K->288K(14336K)] 29105K->19864K(48128K), 0.0006194 secs] [Times: user=0.00 sys=0.00, real=0.00 secs] 
115.842: [GC (Allocation Failure) [PSYoungGen: 7442K->7139K(14336K)] 27018K->26963K(48128K), 0.0013536 secs] [Times: user=0.00 sys=0.00, real=0.00 secs] 
115.890: [GC (Allocation Failure) [PSYoungGen: 14293K->6371K(14336K)] 34118K->26195K(48128K), 0.0009881 secs] [Times: user=0.00 sys=0.00, real=0.00 secs] 
115.891: [GC (Allocation Failure) [PSYoungGen: 13525K->5314K(14336K)] 33349K->25154K(48128K), 0.0007984 secs] [Times: user=0.00 sys=0.00, real=0.00 secs] 
115.936: [GC (Allocation Failure) [PSYoungGen: 12469K->4258K(14336K)] 32309K->24106K(48128K), 0.0010159 secs] [Times: user=0.00 sys=0.00, real=0.00 secs] 
115.998: [GC (Allocation Failure) [PSYoungGen: 11412K->3201K(14336K)] 31260K->23057K(48128K), 0.0007209 secs] [Times: user=0.00 sys=0.00, real=0.00 secs] 
115.999: [GC (Allocation Failure) [PSYoungGen: 10356K->2145K(14336K)] 30212K->22009K(48128K), 0.0009193 secs] [Times: user=0.00 sys=0.00, real=0.00 secs] 
116.044: [GC (Allocation Failure) [PSYoungGen: 9299K->1088K(14336K)] 29163K->20968K(48128K), 0.0011061 secs] [Times: user=0.00 sys=0.00, real=0.00 secs] 
116.046: [GC (Allocation Failure) [PSYoungGen: 8242K->7139K(14336K)] 28123K->28060K(48128K), 0.0011376 secs] [Times: user=0.00 sys=0.00, real=0.00 secs] 
116.091: [GC (Allocation Failure) [PSYoungGen: 14293K->7139K(14336K)] 35214K->28092K(48128K), 0.0014865 secs] [Times: user=0.00 sys=0.00, real=0.00 secs] 
116.093: [GC (Allocation Failure) [PSYoungGen: 14294K->6082K(14336K)] 35246K->27051K(48128K), 0.0011914 secs] [Times: user=0.00 sys=0.00, real=0.00 secs] 
116.138: [GC (Allocation Failure) [PSYoungGen: 13231K->3393K(14336K)] 34200K->24378K(48128K), 0.0011352 secs] [Times: user=0.00 sys=0.00, real=0.00 secs] 
116.200: [GC (Allocation Failure) [PSYoungGen: 10547K->2305K(14336K)] 31532K->23306K(48128K), 0.0006027 secs] [Times: user=0.00 sys=0.00, real=0.00 secs] 
116.201: [GC (Allocation Failure) [PSYoungGen: 9459K->1248K(14336K)] 30460K->22257K(48128K), 0.0004599 secs] [Times: user=0.00 sys=0.00, real=0.00 secs] 
116.247: [GC (Allocation Failure) [PSYoungGen: 8402K->192K(14336K)] 29411K->21208K(48128K), 0.0006636 secs] [Times: user=0.00 sys=0.00, real=0.00 secs] 
116.248: [GC (Allocation Failure) [PSYoungGen: 7346K->7139K(14336K)] 28363K->28300K(48128K), 0.0014543 secs] [Times: user=0.00 sys=0.00, real=0.00 secs] 
116.294: [GC (Allocation Failure) [PSYoungGen: 14293K->6275K(14336K)] 35454K->27436K(48128K), 0.0010277 secs] [Times: user=0.00 sys=0.00, real=0.00 secs] 
116.295: [GC (Allocation Failure) [PSYoungGen: 13429K->5218K(14336K)] 34590K->26387K(48128K), 0.0008328 secs] [Times: user=0.00 sys=0.00, real=0.00 secs] 
116.341: [GC (Allocation Failure) [PSYoungGen: 12372K->4162K(14336K)] 33541K->25338K(48128K), 0.0010591 secs] [Times: user=0.00 sys=0.00, real=0.00 secs] 
116.387: [GC (Allocation Failure) [PSYoungGen: 11305K->1536K(14336K)] 32482K->22721K(48128K), 0.0008705 secs] [Times: user=0.00 sys=0.00, real=0.00 secs] 
116.388: [GC (Allocation Failure) [PSYoungGen: 8691K->480K(14336K)] 29876K->21681K(48128K), 0.0007861 secs] [Times: user=0.00 sys=0.00, real=0.00 secs] 
116.389: [GC (Allocation Failure) [PSYoungGen: 7634K->7139K(14336K)] 28835K->28772K(48128K), 0.0008535 secs] [Times: user=0.00 sys=0.00, real=0.00 secs] 
116.449: [GC (Allocation Failure) [PSYoungGen: 14293K->6563K(14336K)] 35927K->28196K(48128K), 0.0012305 secs] [Times: user=0.00 sys=0.00, real=0.00 secs] 
116.496: [GC (Allocation Failure) [PSYoungGen: 13717K->5506K(14336K)] 35350K->27155K(48128K), 0.0007766 secs] [Times: user=0.00 sys=0.00, real=0.00 secs] 
116.498: [GC (Allocation Failure) [PSYoungGen: 12661K->4450K(14336K)] 34310K->26115K(48128K), 0.0005694 secs] [Times: user=0.00 sys=0.00, real=0.00 secs] 
116.542: [GC (Allocation Failure) [PSYoungGen: 11604K->3393K(14336K)] 33269K->25066K(48128K), 0.0007717 secs] [Times: user=0.00 sys=0.00, real=0.00 secs] 
116.588: [GC (Allocation Failure) [PSYoungGen: 10548K->2337K(14336K)] 32221K->24026K(48128K), 0.0005844 secs] [Times: user=0.00 sys=0.00, real=0.00 secs] 
116.590: [GC (Allocation Failure) [PSYoungGen: 9491K->1280K(14336K)] 31180K->22977K(48128K), 0.0008215 secs] [Times: user=0.00 sys=0.00, real=0.00 secs] 
116.591: [GC (Allocation Failure) [PSYoungGen: 8446K->224K(14336K)] 30143K->21929K(48128K), 0.0004674 secs] [Times: user=0.00 sys=0.00, real=0.00 secs] 
116.651: [GC (Allocation Failure) [PSYoungGen: 7373K->5826K(14336K)] 29078K->27540K(48128K), 0.0012156 secs] [Times: user=0.00 sys=0.00, real=0.00 secs] 
116.698: [GC (Allocation Failure) [PSYoungGen: 12981K->4770K(14336K)] 34694K->26499K(48128K), 0.0011119 secs] [Times: user=0.00 sys=0.00, real=0.00 secs] 
116.699: [GC (Allocation Failure) [PSYoungGen: 11924K->3681K(14336K)] 33653K->25426K(48128K), 0.0008206 secs] [Times: user=0.00 sys=0.00, real=0.00 secs] 
116.745: [GC (Allocation Failure) [PSYoungGen: 10836K->2657K(14336K)] 32581K->24410K(48128K), 0.0012021 secs] [Times: user=0.00 sys=0.00, real=0.00 secs] 
116.792: [GC (Allocation Failure) [PSYoungGen: 9811K->1600K(14336K)] 31564K->23361K(48128K), 0.0004521 secs] [Times: user=0.00 sys=0.00, real=0.00 secs] 
116.793: [GC (Allocation Failure) [PSYoungGen: 8755K->544K(14336K)] 30516K->22313K(48128K), 0.0008518 secs] [Times: user=0.00 sys=0.00, real=0.00 secs] 
116.794: [GC (Allocation Failure) [PSYoungGen: 7698K->7139K(14336K)] 29467K->29404K(48128K), 0.0010268 secs] [Times: user=0.00 sys=0.00, real=0.00 secs] 
116.840: [GC (Allocation Failure) [PSYoungGen: 14293K->6627K(14336K)] 36559K->28892K(48128K), 0.0013091 secs] [Times: user=0.00 sys=0.00, real=0.00 secs] 
116.886: [GC (Allocation Failure) [PSYoungGen: 13764K->4514K(14336K)] 36030K->26795K(48128K), 0.0012210 secs] [Times: user=0.00 sys=0.00, real=0.00 secs] 
116.888: [GC (Allocation Failure) [PSYoungGen: 11668K->3457K(14336K)] 33950K->25755K(48128K), 0.0012227 secs] [Times: user=0.00 sys=0.00, real=0.00 secs] 
116.949: [GC (Allocation Failure) [PSYoungGen: 10612K->2401K(14336K)] 32909K->24706K(48128K), 0.0006652 secs] [Times: user=0.00 sys=0.00, real=0.00 secs] 
116.996: [GC (Allocation Failure) [PSYoungGen: 9555K->1344K(14336K)] 31861K->23658K(48128K), 0.0008250 secs] [Times: user=0.00 sys=0.00, real=0.00 secs] 
116.997: [GC (Allocation Failure) [PSYoungGen: 8499K->288K(14336K)] 30812K->22609K(48128K), 0.0003793 secs] [Times: user=0.00 sys=0.00, real=0.00 secs] 
116.998: [GC (Allocation Failure) [PSYoungGen: 7442K->7139K(14336K)] 29764K->29701K(48128K), 0.0017053 secs] [Times: user=0.00 sys=0.00, real=0.00 secs] 
117.043: [GC (Allocation Failure) [PSYoungGen: 14293K->6371K(14336K)] 36855K->28932K(48128K), 0.0014445 secs] [Times: user=0.00 sys=0.00, real=0.00 secs] 
117.090: [GC (Allocation Failure) [PSYoungGen: 13525K->5314K(14336K)] 36087K->27884K(48128K), 0.0008746 secs] [Times: user=0.00 sys=0.00, real=0.00 secs] 
117.091: [GC (Allocation Failure) [PSYoungGen: 12469K->4258K(14336K)] 35038K->26843K(48128K), 0.0006440 secs] [Times: user=0.00 sys=0.00, real=0.00 secs] 
117.137: [GC (Allocation Failure) [PSYoungGen: 11411K->1024K(14336K)] 33996K->23617K(48128K), 0.0005372 secs] [Times: user=0.00 sys=0.00, real=0.00 secs] 
117.138: [GC (Allocation Failure) [PSYoungGen: 8179K->7139K(14336K)] 30772K->30685K(48128K), 0.0010977 secs] [Times: user=0.00 sys=0.00, real=0.00 secs] 
117.201: [GC (Allocation Failure) [PSYoungGen: 14293K->7075K(14336K)] 37839K->30621K(48128K), 0.0009817 secs] [Times: user=0.00 sys=0.00, real=0.00 secs] 
117.202: [GC (Allocation Failure) [PSYoungGen: 14229K->6018K(14336K)] 37775K->29580K(48128K), 0.0013092 secs] [Times: user=0.00 sys=0.00, real=0.00 secs] 
117.249: [GC (Allocation Failure) [PSYoungGen: 13173K->4962K(14336K)] 36735K->28532K(48128K), 0.0007650 secs] [Times: user=0.00 sys=0.00, real=0.00 secs] 
117.296: [GC (Allocation Failure) [PSYoungGen: 12116K->3905K(14336K)] 35686K->27483K(48128K), 0.0008905 secs] [Times: user=0.00 sys=0.00, real=0.00 secs] 
117.298: [GC (Allocation Failure) [PSYoungGen: 11060K->2849K(14336K)] 34638K->26435K(48128K), 0.0011129 secs] [Times: user=0.00 sys=0.00, real=0.00 secs] 
117.343: [GC (Allocation Failure) [PSYoungGen: 10003K->1792K(14336K)] 33589K->25386K(48128K), 0.0007309 secs] [Times: user=0.00 sys=0.00, real=0.00 secs] 
117.344: [GC (Allocation Failure) [PSYoungGen: 8955K->960K(14336K)] 32549K->24569K(48128K), 0.0005058 secs] [Times: user=0.00 sys=0.00, real=0.00 secs] 
117.391: [GC (Allocation Failure) [PSYoungGen: 8113K->6851K(14336K)] 31723K->30469K(48128K), 0.0009804 secs] [Times: user=0.00 sys=0.00, real=0.00 secs] 
117.392: [GC (Allocation Failure) [PSYoungGen: 14005K->5794K(14336K)] 37623K->29420K(48128K), 0.0007291 secs] [Times: user=0.00 sys=0.00, real=0.00 secs] 
117.438: [GC (Allocation Failure) [PSYoungGen: 12949K->4706K(14336K)] 36575K->28348K(48128K), 0.0006488 secs] [Times: user=0.00 sys=0.00, real=0.00 secs] 
117.499: [GC (Allocation Failure) [PSYoungGen: 11860K->3681K(14336K)] 35502K->27339K(48128K), 0.0007052 secs] [Times: user=0.00 sys=0.00, real=0.00 secs] 
117.500: [GC (Allocation Failure) [PSYoungGen: 10836K->2625K(14336K)] 34494K->26299K(48128K), 0.0005032 secs] [Times: user=0.00 sys=0.00, real=0.00 secs] 
117.545: [GC (Allocation Failure) [PSYoungGen: 9779K->1568K(14336K)] 33453K->25258K(48128K), 0.0004627 secs] [Times: user=0.00 sys=0.00, real=0.00 secs] 
117.593: [GC (Allocation Failure) [PSYoungGen: 8723K->512K(14336K)] 32413K->24210K(48128K), 0.0004486 secs] [Times: user=0.00 sys=0.00, real=0.00 secs] 
117.594: [GC (Allocation Failure) [PSYoungGen: 7666K->7139K(14336K)] 31364K->31301K(48128K), 0.0011228 secs] [Times: user=0.00 sys=0.00, real=0.00 secs] 
117.596: [GC (Allocation Failure) [PSYoungGen: 14293K->6595K(14336K)] 38456K->30757K(48128K), 0.0008634 secs] [Times: user=0.00 sys=0.00, real=0.00 secs] 
117.641: [GC (Allocation Failure) [PSYoungGen: 13738K->3969K(14336K)] 37900K->28148K(48128K), 0.0008931 secs] [Times: user=0.00 sys=0.00, real=0.00 secs] 
117.686: [GC (Allocation Failure) [PSYoungGen: 11124K->2913K(14336K)] 35302K->27107K(48128K), 0.0005734 secs] [Times: user=0.00 sys=0.00, real=0.00 secs] 
117.688: [GC (Allocation Failure) [PSYoungGen: 10067K->1856K(14336K)] 34262K->26059K(48128K), 0.0005433 secs] [Times: user=0.00 sys=0.00, real=0.00 secs] 
117.749: [GC (Allocation Failure) [PSYoungGen: 9011K->800K(14336K)] 33213K->25018K(48128K), 0.0005321 secs] [Times: user=0.00 sys=0.00, real=0.00 secs] 
117.750: [GC (Allocation Failure) [PSYoungGen: 7954K->7139K(14336K)] 32173K->32110K(48128K), 0.0013545 secs] [Times: user=0.00 sys=0.00, real=0.00 secs] 
117.796: [GC (Allocation Failure) [PSYoungGen: 14293K->6851K(14336K)] 39264K->31821K(48128K), 0.0012568 secs] [Times: user=0.00 sys=0.00, real=0.00 secs] 
117.798: [GC (Allocation Failure) [PSYoungGen: 14005K->5826K(14336K)] 38976K->30805K(48128K), 0.0007975 secs] [Times: user=0.00 sys=0.00, real=0.00 secs] 
117.844: [GC (Allocation Failure) [PSYoungGen: 12981K->4770K(14336K)] 37959K->29756K(48128K), 0.0007837 secs] [Times: user=0.00 sys=0.00, real=0.00 secs] 
117.890: [GC (Allocation Failure) [PSYoungGen: 11913K->2209K(14336K)] 36899K->27203K(48128K), 0.0008321 secs] [Times: user=0.00 sys=0.00, real=0.00 secs] 
117.892: [GC (Allocation Failure) [PSYoungGen: 9363K->1088K(14336K)] 34357K->26099K(48128K), 0.0004147 secs] [Times: user=0.00 sys=0.00, real=0.00 secs] 
117.893: [GC (Allocation Failure) [PSYoungGen: 8242K->7139K(14336K)] 33253K->33190K(48128K), 0.0013155 secs] [Times: user=0.00 sys=0.00, real=0.00 secs] 
117.936: [GC (Allocation Failure) [PSYoungGen: 14293K->7139K(14336K)] 40345K->33222K(48128K), 0.0012609 secs] [Times: user=0.00 sys=0.00, real=0.00 secs] 
117.999: [GC (Allocation Failure) [PSYoungGen: 14294K->6114K(14336K)] 40377K->32214K(48128K), 0.0009036 secs] [Times: user=0.00 sys=0.00, real=0.00 secs] 
118.001: [GC (Allocation Failure) [PSYoungGen: 13269K->5058K(14336K)] 39368K->31173K(48128K), 0.0007061 secs] [Times: user=0.00 sys=0.00, real=0.00 secs] 
118.046: [GC (Allocation Failure) [PSYoungGen: 12212K->4001K(14336K)] 38327K->30125K(48128K), 0.0007369 secs] [Times: user=0.00 sys=0.00, real=0.00 secs] 
118.092: [GC (Allocation Failure) [PSYoungGen: 11156K->2913K(14336K)] 37279K->29052K(48128K), 0.0009094 secs] [Times: user=0.00 sys=0.00, real=0.00 secs] 
118.093: [GC (Allocation Failure) [PSYoungGen: 10081K->1280K(14336K)] 36220K->27427K(48128K), 0.0003623 secs] [Times: user=0.00 sys=0.00, real=0.00 secs] 
118.094: [GC (Allocation Failure) [PSYoungGen: 8448K->192K(14336K)] 34595K->26347K(48128K), 0.0005049 secs] [Times: user=0.00 sys=0.00, real=0.00 secs] 
118.139: [GC (Allocation Failure) [PSYoungGen: 7338K->6307K(14336K)] 33493K->32470K(48128K), 0.0011919 secs] [Times: user=0.00 sys=0.00, real=0.00 secs] 
118.200: [GC (Allocation Failure) [PSYoungGen: 13461K->5250K(14336K)] 39624K->31421K(48128K), 0.0013875 secs] [Times: user=0.00 sys=0.00, real=0.00 secs] 
118.202: [GC (Allocation Failure) [PSYoungGen: 12404K->4194K(14336K)] 38575K->30373K(48128K), 0.0012876 secs] [Times: user=0.00 sys=0.00, real=0.00 secs] 
118.247: [GC (Allocation Failure) [PSYoungGen: 11348K->3137K(14336K)] 37527K->29324K(48128K), 0.0013251 secs] [Times: user=0.00 sys=0.00, real=0.00 secs] 
118.295: [GC (Allocation Failure) [PSYoungGen: 10291K->2080K(14336K)] 36479K->28276K(48128K), 0.0007828 secs] [Times: user=0.00 sys=0.00, real=0.00 secs] 
118.296: [GC (Allocation Failure) [PSYoungGen: 9235K->1024K(14336K)] 35430K->27227K(48128K), 0.0010218 secs] [Times: user=0.00 sys=0.00, real=0.00 secs] 
118.297: [GC (Allocation Failure) [PSYoungGen: 8178K->7139K(14336K)] 34382K->34319K(48128K), 0.0010785 secs] [Times: user=0.00 sys=0.00, real=0.00 secs] 
118.342: [GC (Allocation Failure) [PSYoungGen: 14302K->6082K(14336K)] 41481K->33262K(48128K), 0.0010528 secs] [Times: user=0.00 sys=0.00, real=0.00 secs] 
118.389: [GC (Allocation Failure) [PSYoungGen: 13237K->5026K(14336K)] 40416K->32213K(48128K), 0.0010600 secs] [Times: user=0.00 sys=0.00, real=0.00 secs] 
118.391: [GC (Allocation Failure) [PSYoungGen: 12180K->3969K(14336K)] 39368K->31173K(48128K), 0.0006754 secs] [Times: user=0.00 sys=0.00, real=0.00 secs] 
118.437: [GC (Allocation Failure) [PSYoungGen: 11124K->2913K(14336K)] 38327K->30124K(48128K), 0.0011708 secs] [Times: user=0.00 sys=0.00, real=0.00 secs] 
118.499: [GC (Allocation Failure) [PSYoungGen: 10067K->1856K(14336K)] 37279K->29084K(48128K), 0.0007483 secs] [Times: user=0.00 sys=0.00, real=0.00 secs] 
118.500: [GC (Allocation Failure) [PSYoungGen: 9011K->800K(14336K)] 36238K->28043K(48128K), 0.0004319 secs] [Times: user=0.00 sys=0.00, real=0.00 secs] 
118.501: [GC (Allocation Failure) [PSYoungGen: 7954K->7139K(14336K)] 35198K->35135K(48128K), 0.0010117 secs] [Times: user=0.00 sys=0.00, real=0.00 secs] 
118.545: [GC (Allocation Failure) [PSYoungGen: 14293K->6883K(14336K)] 42289K->34879K(48128K), 0.0012462 secs] [Times: user=0.00 sys=0.00, real=0.00 secs] 
118.591: [GC (Allocation Failure) [PSYoungGen: 14037K->5826K(14336K)] 42033K->33830K(48128K), 0.0013271 secs] [Times: user=0.00 sys=0.00, real=0.00 secs] 
118.593: [GC (Allocation Failure) [PSYoungGen: 12981K->4770K(14336K)] 40985K->32782K(48128K), 0.0007905 secs] [Times: user=0.00 sys=0.00, real=0.00 secs] 
118.636: [GC (Allocation Failure) [PSYoungGen: 11922K->1664K(14336K)] 39934K->29692K(48128K), 0.0007588 secs] [Times: user=0.00 sys=0.00, real=0.00 secs] 
118.698: [GC (Allocation Failure) [PSYoungGen: 8819K->576K(14336K)] 36847K->28620K(48128K), 0.0004953 secs] [Times: user=0.00 sys=0.00, real=0.00 secs] 
118.700: [GC (Allocation Failure) [PSYoungGen: 7730K->7139K(14336K)] 35774K->35711K(48128K), 0.0012658 secs] [Times: user=0.00 sys=0.00, real=0.00 secs] 
118.701: [GC (Allocation Failure) [PSYoungGen: 14293K->6659K(14336K)] 42866K->35231K(48128K), 0.0008969 secs] [Times: user=0.00 sys=0.00, real=0.00 secs] 
118.746: [GC (Allocation Failure) [PSYoungGen: 13813K->5602K(14336K)] 42385K->34190K(48128K), 0.0007190 secs] [Times: user=0.00 sys=0.00, real=0.00 secs] 
118.792: [GC (Allocation Failure) [PSYoungGen: 12757K->4546K(14336K)] 41345K->33150K(48128K), 0.0007940 secs] [Times: user=0.00 sys=0.00, real=0.00 secs] 
118.794: [GC (Allocation Failure) [PSYoungGen: 11700K->3489K(14336K)] 40304K->32109K(48128K), 0.0005720 secs] [Times: user=0.00 sys=0.00, real=0.00 secs] 
118.839: [GC (Allocation Failure) [PSYoungGen: 10644K->2433K(14336K)] 39264K->31061K(48128K), 0.0006815 secs] [Times: user=0.00 sys=0.00, real=0.00 secs] 
118.885: [GC (Allocation Failure) [PSYoungGen: 9570K->288K(14336K)] 38199K->28932K(48128K), 0.0008475 secs] [Times: user=0.00 sys=0.00, real=0.00 secs] 
118.887: [GC (Allocation Failure) [PSYoungGen: 7442K->7139K(14336K)] 36086K->36055K(48128K), 0.0009261 secs] [Times: user=0.00 sys=0.00, real=0.00 secs] 
118.888: [GC (Allocation Failure) [PSYoungGen: 14293K->6403K(14336K)] 43210K->35319K(48128K), 0.0012848 secs] [Times: user=0.00 sys=0.00, real=0.00 secs] 
118.948: [GC (Allocation Failure) [PSYoungGen: 13557K->5346K(14336K)] 42473K->34278K(48128K), 0.0006903 secs] [Times: user=0.00 sys=0.00, real=0.00 secs] 
118.995: [GC (Allocation Failure) [PSYoungGen: 12501K->4290K(14336K)] 41433K->33238K(48128K), 0.0010230 secs] [Times: user=0.00 sys=0.00, real=0.00 secs] 
118.997: [GC (Allocation Failure) [PSYoungGen: 11444K->3233K(14336K)] 40392K->32189K(48128K), 0.0007611 secs] [Times: user=0.00 sys=0.00, real=0.00 secs] 
119.042: [GC (Allocation Failure) [PSYoungGen: 10388K->2177K(14336K)] 39344K->31149K(48128K), 0.0007659 secs] [Times: user=0.00 sys=0.00, real=0.00 secs] 
119.087: [GC (Allocation Failure) [PSYoungGen: 9331K->1120K(14336K)] 38303K->30100K(48128K), 0.0004360 secs] [Times: user=0.00 sys=0.00, real=0.00 secs] 
119.088: [GC (Allocation Failure) [PSYoungGen: 8275K->32K(14336K)] 37255K->29020K(48128K), 0.0005176 secs] [Times: user=0.00 sys=0.00, real=0.00 secs] 
119.089: [GC (Allocation Failure) [PSYoungGen: 7186K->7139K(14336K)] 36174K->36143K(48128K), 0.0008519 secs] [Times: user=0.00 sys=0.00, real=0.00 secs] 
119.150: [GC (Allocation Failure) [PSYoungGen: 14283K->4482K(14336K)] 43287K->33486K(48128K), 0.0006874 secs] [Times: user=0.00 sys=0.00, real=0.00 secs] 
119.196: [GC (Allocation Failure) [PSYoungGen: 11636K->3393K(14336K)] 40641K->32421K(48128K), 0.0006667 secs] [Times: user=0.00 sys=0.00, real=0.00 secs] 
119.197: [GC (Allocation Failure) [PSYoungGen: 10547K->2337K(14336K)] 39576K->31373K(48128K), 0.0006494 secs] [Times: user=0.00 sys=0.00, real=0.00 secs] 
119.242: [GC (Allocation Failure) [PSYoungGen: 9491K->1280K(14336K)] 38527K->30324K(48128K), 0.0005384 secs] [Times: user=0.00 sys=0.00, real=0.00 secs] 
119.289: [GC (Allocation Failure) [PSYoungGen: 8435K->224K(14336K)] 37479K->29284K(48128K), 0.0004827 secs] [Times: user=0.00 sys=0.00, real=0.00 secs] 
119.290: [GC (Allocation Failure) [PSYoungGen: 7378K->7139K(14336K)] 36438K->36375K(48128K), 0.0010441 secs] [Times: user=0.00 sys=0.00, real=0.00 secs] 
119.291: [GC (Allocation Failure) [PSYoungGen: 14293K->6307K(14336K)] 43530K->35543K(48128K), 0.0007924 secs] [Times: user=0.00 sys=0.00, real=0.00 secs] 
119.336: [GC (Allocation Failure) [PSYoungGen: 13461K->5250K(14336K)] 42697K->34494K(48128K), 0.0011990 secs] [Times: user=0.00 sys=0.00, real=0.00 secs] 
119.398: [GC (Allocation Failure) [PSYoungGen: 12390K->2657K(14336K)] 41635K->31909K(48128K), 0.0008397 secs] [Times: user=0.00 sys=0.00, real=0.00 secs] 
119.399: [GC (Allocation Failure) [PSYoungGen: 9811K->1568K(14336K)] 39064K->30829K(48128K), 0.0007542 secs] [Times: user=0.00 sys=0.00, real=0.00 secs] 
119.445: [GC (Allocation Failure) [PSYoungGen: 8723K->512K(14336K)] 37983K->29788K(48128K), 0.0004774 secs] [Times: user=0.00 sys=0.00, real=0.00 secs] 
119.446: [GC (Allocation Failure) [PSYoungGen: 7666K->7139K(14336K)] 36942K->36880K(48128K), 0.0014428 secs] [Times: user=0.00 sys=0.00, real=0.00 secs] 
119.491: [GC (Allocation Failure) [PSYoungGen: 14293K->6595K(14336K)] 44034K->36335K(48128K), 0.0010898 secs] [Times: user=0.00 sys=0.00, real=0.00 secs] 
119.493: [GC (Allocation Failure) [PSYoungGen: 13749K->5538K(14336K)] 43490K->35287K(48128K), 0.0007954 secs] [Times: user=0.00 sys=0.00, real=0.00 secs] 
119.538: [GC (Allocation Failure) [PSYoungGen: 12693K->4482K(14336K)] 42441K->34246K(48128K), 0.0008406 secs] [Times: user=0.00 sys=0.00, real=0.00 secs] 
119.600: [GC (Allocation Failure) [PSYoungGen: 11636K->3425K(14336K)] 41401K->33206K(48128K), 0.0005417 secs] [Times: user=0.00 sys=0.00, real=0.00 secs] 
119.601: [GC (Allocation Failure) [PSYoungGen: 10580K->2369K(14336K)] 40360K->32165K(48128K), 0.0007634 secs] [Times: user=0.00 sys=0.00, real=0.00 secs] 
119.602: [GC (Allocation Failure) [PSYoungGen: 9537K->320K(14336K)] 39333K->30132K(48128K), 0.0007167 secs] [Times: user=0.00 sys=0.00, real=0.00 secs] 
119.648: [GC (Allocation Failure) [PSYoungGen: 7469K->6915K(14336K)] 37281K->36743K(48128K), 0.0008138 secs] [Times: user=0.00 sys=0.00, real=0.00 secs] 
119.695: [GC (Allocation Failure) [PSYoungGen: 14068K->5858K(14336K)] 43897K->35703K(48128K), 0.0010022 secs] [Times: user=0.00 sys=0.00, real=0.00 secs] 
119.697: [GC (Allocation Failure) [PSYoungGen: 13012K->4770K(14336K)] 42857K->34630K(48128K), 0.0013574 secs] [Times: user=0.00 sys=0.00, real=0.00 secs] 
119.742: [GC (Allocation Failure) [PSYoungGen: 11924K->3745K(14336K)] 41784K->33622K(48128K), 0.0011944 secs] [Times: user=0.00 sys=0.00, real=0.00 secs] 
119.789: [GC (Allocation Failure) [PSYoungGen: 10900K->2689K(14336K)] 40776K->32581K(48128K), 0.0010486 secs] [Times: user=0.00 sys=0.00, real=0.00 secs] 
119.791: [GC (Allocation Failure) [PSYoungGen: 9843K->1632K(14336K)] 39736K->31541K(48128K), 0.0008507 secs] [Times: user=0.00 sys=0.00, real=0.00 secs] 
119.836: [GC (Allocation Failure) [PSYoungGen: 8787K->576K(14336K)] 38695K->30492K(48128K), 0.0005541 secs] [Times: user=0.00 sys=0.00, real=0.00 secs] 
119.837: [GC (Allocation Failure) [PSYoungGen: 7730K->7139K(14336K)] 37647K->37584K(48128K), 0.0009956 secs] [Times: user=0.00 sys=0.00, real=0.00 secs] 
119.900: [GC (Allocation Failure) [PSYoungGen: 14277K->5602K(14336K)] 44722K->36047K(48128K), 0.0007679 secs] [Times: user=0.00 sys=0.00, real=0.00 secs] 
119.902: [GC (Allocation Failure) [PSYoungGen: 12757K->4546K(14336K)] 43201K->35007K(48128K), 0.0009940 secs] [Times: user=0.00 sys=0.00, real=0.00 secs] 
119.947: [GC (Allocation Failure) [PSYoungGen: 11700K->3489K(14336K)] 42161K->33966K(48128K), 0.0006915 secs] [Times: user=0.00 sys=0.00, real=0.00 secs] 
119.993: [GC (Allocation Failure) [PSYoungGen: 10644K->2433K(14336K)] 41120K->32925K(48128K), 0.0006244 secs] [Times: user=0.00 sys=0.00, real=0.00 secs] 
119.994: [GC (Allocation Failure) [PSYoungGen: 9587K->1376K(14336K)] 40080K->31877K(48128K), 0.0010080 secs] [Times: user=0.00 sys=0.00, real=0.00 secs] 
120.039: [GC (Allocation Failure) [PSYoungGen: 8531K->320K(14336K)] 39031K->30836K(48128K), 0.0008962 secs] [Times: user=0.00 sys=0.00, real=0.00 secs] 
120.041: [GC (Allocation Failure) [PSYoungGen: 7474K->7139K(14336K)] 37991K->37928K(48128K), 0.0015911 secs] [Times: user=0.00 sys=0.00, real=0.00 secs] 
120.086: [GC (Allocation Failure) [PSYoungGen: 14293K->6403K(14336K)] 45082K->37192K(48128K), 0.0008951 secs] [Times: user=0.00 sys=0.00, real=0.00 secs] 
120.088: [GC (Allocation Failure) [PSYoungGen: 13547K->3681K(14336K)] 44336K->34486K(48128K), 0.0008784 secs] [Times: user=0.00 sys=0.00, real=0.00 secs] 
Heap
 PSYoungGen      total 14336K, used 8916K [0x00000000feb00000, 0x0000000100000000, 0x0000000100000000)
  eden space 7168K, 73% used [0x00000000feb00000,0x00000000ff01cc50,0x00000000ff200000)
  from space 7168K, 51% used [0x00000000ff200000,0x00000000ff598700,0x00000000ff900000)
  to   space 7168K, 0% used [0x00000000ff900000,0x00000000ff900000,0x0000000100000000)
 ParOldGen       total 33792K, used 30804K [0x00000000fc000000, 0x00000000fe100000, 0x00000000feb00000)
  object space 33792K, 91% used [0x00000000fc000000,0x00000000fde153d0,0x00000000fe100000)
 Metaspace       used 2898K, capacity 4490K, committed 4864K, reserved 1056768K
  class space    used 309K, capacity 386K, committed 512K, reserved 1048576K
