OpenJDK 64-Bit Server VM (25.362-b08) for windows-amd64 JRE (1.8.0_362-b08), built on Jan 13 2023 13:30:12 by "Administrator" with MS VC++ 12.0 (VS2013)
Memory: 4k page, physical 50043736k(31118664k free), swap 57383768k(37498852k free)
CommandLine flags: -XX:InitialHeapSize=67108864 -XX:MaxHeapSize=67108864 -XX:NewRatio=1 -XX:+PrintGC -XX:+PrintGCDetails -XX:+PrintGCTimeStamps -XX:SurvivorRatio=8 -XX:+UseCompressedClassPointers -XX:+UseCompressedOops -XX:-UseLargePagesIndividualAllocation -XX:+UseParallelGC 
0.213: [GC (Allocation Failure) [PSYoungGen: 26620K->3057K(29696K)] 26620K->8515K(62464K), 0.0043274 secs] [Times: user=0.00 sys=0.00, real=0.01 secs] 
0.359: [GC (Allocation Failure) [PSYoungGen: 29680K->2192K(29696K)] 35138K->7651K(62464K), 0.0113511 secs] [Times: user=0.00 sys=0.02, real=0.01 secs] 
0.454: [GC (Allocation Failure) [PSYoungGen: 28816K->3057K(29696K)] 34275K->8628K(62464K), 0.0007286 secs] [Times: user=0.00 sys=0.00, real=0.00 secs] 
0.562: [GC (Allocation Failure) [PSYoungGen: 29681K->3057K(29696K)] 35252K->10516K(62464K), 0.0010259 secs] [Times: user=0.00 sys=0.00, real=0.00 secs] 
0.656: [GC (Allocation Failure) [PSYoungGen: 29681K->3057K(29696K)] 37140K->12749K(62464K), 0.0014368 secs] [Times: user=0.00 sys=0.00, real=0.00 secs] 
0.749: [GC (Allocation Failure) [PSYoungGen: 29681K->3057K(29696K)] 39373K->16984K(62464K), 0.0024127 secs] [Times: user=0.00 sys=0.00, real=0.00 secs] 
0.860: [GC (Allocation Failure) [PSYoungGen: 29681K->768K(29696K)] 43608K->15010K(62464K), 0.0011852 secs] [Times: user=0.00 sys=0.00, real=0.00 secs] 
1.001: [GC (Allocation Failure) [PSYoungGen: 27361K->1088K(29696K)] 41604K->15355K(62464K), 0.0006160 secs] [Times: user=0.00 sys=0.00, real=0.00 secs] 
1.113: [GC (Allocation Failure) [PSYoungGen: 27709K->3041K(29696K)] 41976K->17372K(62464K), 0.0004953 secs] [Times: user=0.00 sys=0.00, real=0.00 secs] 
1.206: [GC (Allocation Failure) [PSYoungGen: 29661K->3041K(29696K)] 43992K->17612K(62464K), 0.0007083 secs] [Times: user=0.00 sys=0.00, real=0.00 secs] 
1.301: [GC (Allocation Failure) [PSYoungGen: 29648K->3041K(29696K)] 44219K->19805K(62464K), 0.0013166 secs] [Times: user=0.00 sys=0.00, real=0.00 secs] 
1.410: [GC (Allocation Failure) [PSYoungGen: 29653K->3041K(29696K)] 46417K->22967K(62464K), 0.0013874 secs] [Times: user=0.00 sys=0.00, real=0.00 secs] 
1.505: [GC (Allocation Failure) [PSYoungGen: 29636K->3041K(29696K)] 49562K->28033K(62464K), 0.0015967 secs] [Times: user=0.00 sys=0.00, real=0.00 secs] 
1.614: [GC (Allocation Failure) [PSYoungGen: 29648K->352K(29696K)] 54640K->25360K(62464K), 0.0007049 secs] [Times: user=0.00 sys=0.00, real=0.00 secs] 
1.708: [GC (Allocation Failure) [PSYoungGen: 26972K->1792K(28160K)] 51980K->26816K(60928K), 0.0004933 secs] [Times: user=0.00 sys=0.00, real=0.00 secs] 
1.802: [GC (Allocation Failure) [PSYoungGen: 27904K->3041K(28672K)] 52928K->28113K(61440K), 0.0008656 secs] [Times: user=0.00 sys=0.00, real=0.00 secs] 
1.912: [GC (Allocation Failure) [PSYoungGen: 28634K->3041K(28160K)] 53706K->28121K(60928K), 0.0005880 secs] [Times: user=0.00 sys=0.00, real=0.00 secs] 
2.007: [GC (Allocation Failure) [PSYoungGen: 28097K->2016K(26624K)] 53177K->28513K(59392K), 0.0008169 secs] [Times: user=0.00 sys=0.00, real=0.00 secs] 
2.103: [GC (Allocation Failure) [PSYoungGen: 26592K->3041K(27136K)] 53089K->29714K(59904K), 0.0011170 secs] [Times: user=0.00 sys=0.00, real=0.00 secs] 
2.212: [GC (Allocation Failure) [PSYoungGen: 27101K->960K(25088K)] 53774K->27641K(57856K), 0.0005537 secs] [Times: user=0.00 sys=0.00, real=0.00 secs] 
2.306: [GC (Allocation Failure) [PSYoungGen: 24512K->3041K(26112K)] 51193K->34764K(58880K), 0.0015545 secs] [Times: user=0.00 sys=0.00, real=0.00 secs] 
2.308: [Full GC (Ergonomics) [PSYoungGen: 3041K->0K(26112K)] [ParOldGen: 31723K->8377K(32768K)] 34764K->8377K(58880K), [Metaspace: 2885K->2885K(1056768K)], 0.0044509 secs] [Times: user=0.00 sys=0.00, real=0.00 secs] 
2.400: [GC (Allocation Failure) [PSYoungGen: 23016K->2529K(26112K)] 31394K->12795K(58880K), 0.0007591 secs] [Times: user=0.00 sys=0.00, real=0.00 secs] 
2.508: [GC (Allocation Failure) [PSYoungGen: 26053K->3041K(26624K)] 36320K->13572K(59392K), 0.0013316 secs] [Times: user=0.00 sys=0.00, real=0.00 secs] 
2.603: [GC (Allocation Failure) [PSYoungGen: 26590K->2209K(29696K)] 37121K->12747K(62464K), 0.0007383 secs] [Times: user=0.00 sys=0.00, real=0.00 secs] 
2.711: [GC (Allocation Failure) [PSYoungGen: 28814K->2721K(29696K)] 39353K->13275K(62464K), 0.0011982 secs] [Times: user=0.00 sys=0.00, real=0.00 secs] 
2.805: [GC (Allocation Failure) [PSYoungGen: 29328K->3041K(29696K)] 39882K->15212K(62464K), 0.0009868 secs] [Times: user=0.00 sys=0.00, real=0.00 secs] 
2.902: [GC (Allocation Failure) [PSYoungGen: 29651K->3041K(29696K)] 41823K->17686K(62464K), 0.0012028 secs] [Times: user=0.00 sys=0.00, real=0.00 secs] 
3.011: [GC (Allocation Failure) [PSYoungGen: 29665K->3041K(29696K)] 44310K->21640K(62464K), 0.0091551 secs] [Times: user=0.00 sys=0.00, real=0.01 secs] 
3.106: [GC (Allocation Failure) [PSYoungGen: 29665K->320K(29696K)] 48264K->18926K(62464K), 0.0005451 secs] [Times: user=0.00 sys=0.00, real=0.00 secs] 
3.215: [GC (Allocation Failure) [PSYoungGen: 26944K->3041K(29696K)] 45550K->26474K(62464K), 0.0011057 secs] [Times: user=0.00 sys=0.00, real=0.00 secs] 
3.310: [GC (Allocation Failure) [PSYoungGen: 29665K->1120K(29696K)] 53098K->24569K(62464K), 0.0008105 secs] [Times: user=0.00 sys=0.00, real=0.00 secs] 
3.404: [GC (Allocation Failure) [PSYoungGen: 27744K->1568K(28672K)] 51193K->25025K(61440K), 0.0006119 secs] [Times: user=0.00 sys=0.00, real=0.00 secs] 
3.515: [GC (Allocation Failure) [PSYoungGen: 27680K->2721K(29184K)] 51137K->26186K(61952K), 0.0013485 secs] [Times: user=0.00 sys=0.00, real=0.00 secs] 
3.607: [GC (Allocation Failure) [PSYoungGen: 28833K->3041K(29696K)] 52298K->27282K(62464K), 0.0010183 secs] [Times: user=0.00 sys=0.00, real=0.00 secs] 
3.700: [GC (Allocation Failure) [PSYoungGen: 29665K->3041K(29696K)] 53906K->28227K(62464K), 0.0008962 secs] [Times: user=0.00 sys=0.00, real=0.00 secs] 
3.809: [GC (Allocation Failure) [PSYoungGen: 29665K->3041K(29696K)] 54851K->30612K(62464K), 0.0010524 secs] [Times: user=0.00 sys=0.00, real=0.00 secs] 
3.907: [GC (Allocation Failure) [PSYoungGen: 29665K->3041K(29696K)] 57236K->33029K(62464K), 0.0009101 secs] [Times: user=0.00 sys=0.00, real=0.00 secs] 
3.908: [Full GC (Ergonomics) [PSYoungGen: 3041K->0K(29696K)] [ParOldGen: 29988K->5888K(32768K)] 33029K->5888K(62464K), [Metaspace: 2888K->2888K(1056768K)], 0.0025040 secs] [Times: user=0.00 sys=0.00, real=0.00 secs] 
4.014: [GC (Allocation Failure) [PSYoungGen: 26624K->3041K(29696K)] 32512K->12771K(62464K), 0.0012007 secs] [Times: user=0.00 sys=0.00, real=0.00 secs] 
4.109: [GC (Allocation Failure) [PSYoungGen: 29665K->128K(29696K)] 39395K->9866K(62464K), 0.0007708 secs] [Times: user=0.00 sys=0.00, real=0.00 secs] 
4.204: [GC (Allocation Failure) [PSYoungGen: 26752K->3041K(29696K)] 36490K->17942K(62464K), 0.0015962 secs] [Times: user=0.00 sys=0.00, real=0.00 secs] 
4.357: [GC (Allocation Failure) [PSYoungGen: 29665K->1472K(29696K)] 44566K->16381K(62464K), 0.0007699 secs] [Times: user=0.00 sys=0.00, real=0.00 secs] 
4.451: [GC (Allocation Failure) [PSYoungGen: 28096K->1952K(29696K)] 43005K->16869K(62464K), 0.0013875 secs] [Times: user=0.00 sys=0.00, real=0.00 secs] 
4.560: [GC (Allocation Failure) [PSYoungGen: 28576K->3041K(29696K)] 43493K->18398K(62464K), 0.0007301 secs] [Times: user=0.00 sys=0.00, real=0.00 secs] 
4.653: [GC (Allocation Failure) [PSYoungGen: 29665K->2977K(29696K)] 45022K->18358K(62464K), 0.0006867 secs] [Times: user=0.00 sys=0.00, real=0.00 secs] 
4.763: [GC (Allocation Failure) [PSYoungGen: 29601K->3041K(29184K)] 44982K->19775K(61952K), 0.0008607 secs] [Times: user=0.00 sys=0.00, real=0.00 secs] 
4.856: [GC (Allocation Failure) [PSYoungGen: 29153K->2529K(28160K)] 45887K->22320K(60928K), 0.0007712 secs] [Times: user=0.00 sys=0.00, real=0.00 secs] 
4.950: [GC (Allocation Failure) [PSYoungGen: 28129K->3041K(29184K)] 47920K->25217K(61952K), 0.0009833 secs] [Times: user=0.00 sys=0.00, real=0.00 secs] 
5.060: [GC (Allocation Failure) [PSYoungGen: 29153K->3041K(28672K)] 51329K->28675K(61440K), 0.0009386 secs] [Times: user=0.00 sys=0.00, real=0.00 secs] 
5.154: [GC (Allocation Failure) [PSYoungGen: 28638K->3041K(29696K)] 54272K->31460K(62464K), 0.0009631 secs] [Times: user=0.00 sys=0.00, real=0.00 secs] 
5.155: [Full GC (Ergonomics) [PSYoungGen: 3041K->0K(29696K)] [ParOldGen: 28419K->6081K(32768K)] 31460K->6081K(62464K), [Metaspace: 2888K->2888K(1056768K)], 0.0037759 secs] [Times: user=0.00 sys=0.00, real=0.00 secs] 
5.264: [GC (Allocation Failure) [PSYoungGen: 26604K->3041K(29696K)] 32686K->13797K(62464K), 0.0014966 secs] [Times: user=0.00 sys=0.00, real=0.00 secs] 
5.357: [GC (Allocation Failure) [PSYoungGen: 29665K->480K(29696K)] 40421K->11243K(62464K), 0.0003659 secs] [Times: user=0.00 sys=0.00, real=0.00 secs] 
5.499: [GC (Allocation Failure) [PSYoungGen: 27075K->1888K(28672K)] 37839K->12660K(61440K), 0.0011099 secs] [Times: user=0.00 sys=0.00, real=0.00 secs] 
5.608: [GC (Allocation Failure) [PSYoungGen: 28000K->3041K(28672K)] 38772K->14061K(61440K), 0.0008805 secs] [Times: user=0.00 sys=0.00, real=0.00 secs] 
5.704: [GC (Allocation Failure) [PSYoungGen: 28618K->2529K(27648K)] 39638K->13685K(60416K), 0.0009606 secs] [Times: user=0.00 sys=0.00, real=0.00 secs] 
5.812: [GC (Allocation Failure) [PSYoungGen: 27616K->3041K(27648K)] 38772K->14269K(60416K), 0.0009266 secs] [Times: user=0.00 sys=0.00, real=0.00 secs] 
5.905: [GC (Allocation Failure) [PSYoungGen: 27592K->1888K(26112K)] 38820K->13124K(58880K), 0.0007238 secs] [Times: user=0.00 sys=0.00, real=0.00 secs] 
5.999: [GC (Allocation Failure) [PSYoungGen: 25929K->1312K(25088K)] 37165K->12556K(57856K), 0.0008794 secs] [Times: user=0.00 sys=0.00, real=0.00 secs] 
6.108: [GC (Allocation Failure) [PSYoungGen: 24853K->224K(25600K)] 36097K->11483K(58368K), 0.0005811 secs] [Times: user=0.00 sys=0.00, real=0.00 secs] 
6.155: [GC (Allocation Failure) [PSYoungGen: 23264K->3041K(26112K)] 34523K->15878K(58880K), 0.0009277 secs] [Times: user=0.00 sys=0.00, real=0.00 secs] 
6.249: [GC (Allocation Failure) [PSYoungGen: 26065K->3009K(29696K)] 38902K->15878K(62464K), 0.0008888 secs] [Times: user=0.00 sys=0.00, real=0.00 secs] 
6.359: [GC (Allocation Failure) [PSYoungGen: 29612K->3041K(29696K)] 42481K->17775K(62464K), 0.0010923 secs] [Times: user=0.00 sys=0.00, real=0.00 secs] 
6.454: [GC (Allocation Failure) [PSYoungGen: 29664K->3041K(29696K)] 44397K->20576K(62464K), 0.0011791 secs] [Times: user=0.00 sys=0.00, real=0.00 secs] 
6.549: [GC (Allocation Failure) [PSYoungGen: 29650K->3041K(29696K)] 47185K->25378K(62464K), 0.0012070 secs] [Times: user=0.00 sys=0.00, real=0.00 secs] 
6.658: [GC (Allocation Failure) [PSYoungGen: 29659K->3041K(29696K)] 51996K->30605K(62464K), 0.0014192 secs] [Times: user=0.00 sys=0.00, real=0.00 secs] 
6.660: [Full GC (Ergonomics) [PSYoungGen: 3041K->0K(29696K)] [ParOldGen: 27563K->8706K(32768K)] 30605K->8706K(62464K), [Metaspace: 2888K->2888K(1056768K)], 0.0028421 secs] [Times: user=0.00 sys=0.00, real=0.00 secs] 
6.798: [GC (Allocation Failure) [PSYoungGen: 26596K->2016K(29696K)] 35302K->10723K(62464K), 0.0003361 secs] [Times: user=0.00 sys=0.00, real=0.00 secs] 
6.908: [GC (Allocation Failure) [PSYoungGen: 28617K->2369K(28672K)] 37324K->11083K(61440K), 0.0006768 secs] [Times: user=0.00 sys=0.00, real=0.00 secs] 
7.002: [GC (Allocation Failure) [PSYoungGen: 28481K->3041K(28672K)] 37195K->12324K(61440K), 0.0006271 secs] [Times: user=0.00 sys=0.00, real=0.00 secs] 
7.111: [GC (Allocation Failure) [PSYoungGen: 28616K->2529K(27648K)] 37899K->13805K(60416K), 0.0081776 secs] [Times: user=0.00 sys=0.00, real=0.01 secs] 
7.205: [GC (Allocation Failure) [PSYoungGen: 27600K->3041K(28672K)] 38876K->14549K(61440K), 0.0012496 secs] [Times: user=0.00 sys=0.00, real=0.00 secs] 
7.313: [GC (Allocation Failure) [PSYoungGen: 28615K->3041K(29696K)] 40123K->15742K(62464K), 0.0010686 secs] [Times: user=0.00 sys=0.00, real=0.00 secs] 
7.408: [GC (Allocation Failure) [PSYoungGen: 29654K->3041K(29696K)] 42355K->17871K(62464K), 0.0009163 secs] [Times: user=0.00 sys=0.00, real=0.00 secs] 
7.504: [GC (Allocation Failure) [PSYoungGen: 29636K->3041K(29696K)] 44466K->21921K(62464K), 0.0011628 secs] [Times: user=0.00 sys=0.00, real=0.00 secs] 
7.613: [GC (Allocation Failure) [PSYoungGen: 29665K->1152K(29696K)] 48545K->20055K(62464K), 0.0004745 secs] [Times: user=0.00 sys=0.00, real=0.00 secs] 
7.708: [GC (Allocation Failure) [PSYoungGen: 27760K->800K(28672K)] 46664K->19712K(61440K), 0.0005295 secs] [Times: user=0.00 sys=0.00, real=0.00 secs] 
7.802: [GC (Allocation Failure) [PSYoungGen: 26912K->2080K(28160K)] 45824K->21008K(60928K), 0.0008890 secs] [Times: user=0.00 sys=0.00, real=0.00 secs] 
7.912: [GC (Allocation Failure) [PSYoungGen: 27664K->2016K(27648K)] 46591K->20960K(60416K), 0.0005271 secs] [Times: user=0.00 sys=0.00, real=0.00 secs] 
8.005: [GC (Allocation Failure) [PSYoungGen: 27104K->2465K(27136K)] 46048K->21448K(59904K), 0.0009945 secs] [Times: user=0.00 sys=0.00, real=0.00 secs] 
8.100: [GC (Allocation Failure) [PSYoungGen: 27025K->2177K(26624K)] 46008K->21168K(59392K), 0.0010703 secs] [Times: user=0.00 sys=0.00, real=0.00 secs] 
8.211: [GC (Allocation Failure) [PSYoungGen: 26240K->3041K(27136K)] 45231K->27187K(59904K), 0.0010241 secs] [Times: user=0.00 sys=0.00, real=0.00 secs] 
8.305: [GC (Allocation Failure) [PSYoungGen: 27077K->3041K(29696K)] 51223K->31677K(62464K), 0.0015741 secs] [Times: user=0.00 sys=0.00, real=0.00 secs] 
8.307: [Full GC (Ergonomics) [PSYoungGen: 3041K->0K(29696K)] [ParOldGen: 28636K->8009K(32768K)] 31677K->8009K(62464K), [Metaspace: 2889K->2889K(1056768K)], 0.0026189 secs] [Times: user=0.00 sys=0.00, real=0.00 secs] 
8.400: [GC (Allocation Failure) [PSYoungGen: 26594K->3041K(29696K)] 34603K->15917K(62464K), 0.0012029 secs] [Times: user=0.00 sys=0.00, real=0.00 secs] 
8.511: [GC (Allocation Failure) [PSYoungGen: 29663K->1664K(29696K)] 42539K->14556K(62464K), 0.0004851 secs] [Times: user=0.00 sys=0.00, real=0.00 secs] 
8.605: [GC (Allocation Failure) [PSYoungGen: 28265K->3041K(29696K)] 41158K->16525K(62464K), 0.0008207 secs] [Times: user=0.00 sys=0.00, real=0.00 secs] 
8.700: [GC (Allocation Failure) [PSYoungGen: 29636K->3041K(29696K)] 43120K->17526K(62464K), 0.0007063 secs] [Times: user=0.00 sys=0.00, real=0.00 secs] 
8.810: [GC (Allocation Failure) [PSYoungGen: 29635K->3041K(29184K)] 44120K->20487K(61952K), 0.0007774 secs] [Times: user=0.00 sys=0.00, real=0.00 secs] 
8.905: [GC (Allocation Failure) [PSYoungGen: 29153K->2529K(29184K)] 46599K->23769K(61952K), 0.0013144 secs] [Times: user=0.00 sys=0.00, real=0.00 secs] 
9.000: [GC (Allocation Failure) [PSYoungGen: 29126K->3041K(29696K)] 50366K->29476K(62464K), 0.0011490 secs] [Times: user=0.00 sys=0.00, real=0.00 secs] 
9.001: [Full GC (Ergonomics) [PSYoungGen: 3041K->0K(29696K)] [ParOldGen: 26434K->8716K(32768K)] 29476K->8716K(62464K), [Metaspace: 2889K->2889K(1056768K)], 0.0031884 secs] [Times: user=0.00 sys=0.00, real=0.00 secs] 
9.110: [GC (Allocation Failure) [PSYoungGen: 26624K->480K(29696K)] 35340K->9196K(62464K), 0.0008294 secs] [Times: user=0.00 sys=0.00, real=0.00 secs] 
9.250: [GC (Allocation Failure) [PSYoungGen: 27095K->1824K(29696K)] 35812K->10557K(62464K), 0.0010095 secs] [Times: user=0.00 sys=0.00, real=0.00 secs] 
9.359: [GC (Allocation Failure) [PSYoungGen: 28436K->3041K(29696K)] 37169K->12494K(62464K), 0.0009170 secs] [Times: user=0.00 sys=0.00, real=0.00 secs] 
9.453: [GC (Allocation Failure) [PSYoungGen: 29661K->3041K(29696K)] 39114K->14175K(62464K), 0.0009990 secs] [Times: user=0.00 sys=0.00, real=0.00 secs] 
9.563: [GC (Allocation Failure) [PSYoungGen: 29649K->3041K(29696K)] 40783K->17769K(62464K), 0.0008712 secs] [Times: user=0.00 sys=0.00, real=0.00 secs] 
9.656: [GC (Allocation Failure) [PSYoungGen: 29650K->3041K(29696K)] 44377K->21779K(62464K), 0.0012632 secs] [Times: user=0.00 sys=0.00, real=0.00 secs] 
9.812: [GC (Allocation Failure) [PSYoungGen: 29637K->800K(29696K)] 48375K->19546K(62464K), 0.0005389 secs] [Times: user=0.00 sys=0.00, real=0.00 secs] 
9.906: [GC (Allocation Failure) [PSYoungGen: 27407K->1216K(29696K)] 46153K->19970K(62464K), 0.0008934 secs] [Times: user=0.00 sys=0.00, real=0.00 secs] 
10.002: [GC (Allocation Failure) [PSYoungGen: 27814K->3041K(29696K)] 46567K->22019K(62464K), 0.0010472 secs] [Times: user=0.00 sys=0.00, real=0.00 secs] 
10.111: [GC (Allocation Failure) [PSYoungGen: 29638K->3041K(29696K)] 48616K->24148K(62464K), 0.0010535 secs] [Times: user=0.00 sys=0.00, real=0.00 secs] 
10.207: [GC (Allocation Failure) [PSYoungGen: 29639K->3041K(29696K)] 50746K->26525K(62464K), 0.0013685 secs] [Times: user=0.00 sys=0.00, real=0.00 secs] 
10.303: [GC (Allocation Failure) [PSYoungGen: 29639K->3041K(29696K)] 53123K->30871K(62464K), 0.0015272 secs] [Times: user=0.06 sys=0.00, real=0.00 secs] 
10.305: [Full GC (Ergonomics) [PSYoungGen: 3041K->0K(29696K)] [ParOldGen: 27830K->7859K(32768K)] 30871K->7859K(62464K), [Metaspace: 2891K->2891K(1056768K)], 0.0024506 secs] [Times: user=0.00 sys=0.00, real=0.00 secs] 
10.412: [GC (Allocation Failure) [PSYoungGen: 26620K->160K(29696K)] 34479K->8019K(62464K), 0.0004538 secs] [Times: user=0.00 sys=0.00, real=0.00 secs] 
10.506: [GC (Allocation Failure) [PSYoungGen: 26762K->2080K(29696K)] 34621K->9948K(62464K), 0.0004333 secs] [Times: user=0.00 sys=0.00, real=0.00 secs] 
10.600: [GC (Allocation Failure) [PSYoungGen: 28688K->3041K(29696K)] 36555K->11949K(62464K), 0.0008355 secs] [Times: user=0.00 sys=0.00, real=0.00 secs] 
10.709: [GC (Allocation Failure) [PSYoungGen: 29661K->3041K(29696K)] 38569K->12885K(62464K), 0.0007675 secs] [Times: user=0.00 sys=0.00, real=0.00 secs] 
10.803: [GC (Allocation Failure) [PSYoungGen: 29637K->3041K(29696K)] 39481K->15783K(62464K), 0.0010254 secs] [Times: user=0.00 sys=0.00, real=0.00 secs] 
10.912: [GC (Allocation Failure) [PSYoungGen: 29644K->3041K(29696K)] 42386K->19648K(62464K), 0.0016401 secs] [Times: user=0.02 sys=0.00, real=0.00 secs] 
11.052: [GC (Allocation Failure) [PSYoungGen: 29638K->640K(29696K)] 46245K->17263K(62464K), 0.0008589 secs] [Times: user=0.00 sys=0.00, real=0.00 secs] 
11.163: [GC (Allocation Failure) [PSYoungGen: 27264K->928K(29696K)] 43887K->17567K(62464K), 0.0008357 secs] [Times: user=0.00 sys=0.00, real=0.00 secs] 
11.257: [GC (Allocation Failure) [PSYoungGen: 27527K->2849K(29696K)] 44166K->19496K(62464K), 0.0009419 secs] [Times: user=0.00 sys=0.00, real=0.00 secs] 
11.351: [GC (Allocation Failure) [PSYoungGen: 29444K->3041K(29696K)] 46091K->21497K(62464K), 0.0008356 secs] [Times: user=0.00 sys=0.00, real=0.00 secs] 
11.462: [GC (Allocation Failure) [PSYoungGen: 29648K->3041K(29696K)] 48104K->23682K(62464K), 0.0008060 secs] [Times: user=0.00 sys=0.00, real=0.00 secs] 
11.555: [GC (Allocation Failure) [PSYoungGen: 29638K->3041K(29696K)] 50279K->27820K(62464K), 0.0014961 secs] [Times: user=0.00 sys=0.00, real=0.00 secs] 
11.651: [GC (Allocation Failure) [PSYoungGen: 29664K->3041K(29696K)] 54443K->32439K(62464K), 0.0013740 secs] [Times: user=0.00 sys=0.00, real=0.00 secs] 
11.652: [Full GC (Ergonomics) [PSYoungGen: 3041K->0K(29696K)] [ParOldGen: 29397K->8121K(32768K)] 32439K->8121K(62464K), [Metaspace: 2891K->2891K(1056768K)], 0.0023200 secs] [Times: user=0.00 sys=0.00, real=0.00 secs] 
11.806: [GC (Allocation Failure) [PSYoungGen: 26598K->1376K(29696K)] 34720K->9498K(62464K), 0.0006637 secs] [Times: user=0.00 sys=0.00, real=0.00 secs] 
11.901: [GC (Allocation Failure) [PSYoungGen: 27993K->2305K(29696K)] 36115K->10435K(62464K), 0.0009729 secs] [Times: user=0.00 sys=0.00, real=0.00 secs] 
12.010: [GC (Allocation Failure) [PSYoungGen: 28912K->3041K(29696K)] 37042K->12436K(62464K), 0.0007318 secs] [Times: user=0.00 sys=0.00, real=0.00 secs] 
12.104: [GC (Allocation Failure) [PSYoungGen: 29665K->3041K(29696K)] 39060K->15613K(62464K), 0.0008244 secs] [Times: user=0.00 sys=0.00, real=0.00 secs] 
12.213: [GC (Allocation Failure) [PSYoungGen: 29644K->3041K(29696K)] 42216K->18639K(62464K), 0.0008637 secs] [Times: user=0.00 sys=0.00, real=0.00 secs] 
12.307: [GC (Allocation Failure) [PSYoungGen: 29648K->3041K(29696K)] 45246K->23553K(62464K), 0.0011950 secs] [Times: user=0.00 sys=0.00, real=0.00 secs] 
12.401: [GC (Allocation Failure) [PSYoungGen: 29636K->704K(29696K)] 50148K->21232K(62464K), 0.0006307 secs] [Times: user=0.00 sys=0.00, real=0.00 secs] 
12.511: [GC (Allocation Failure) [PSYoungGen: 27299K->2689K(29184K)] 47827K->23233K(61952K), 0.0004952 secs] [Times: user=0.00 sys=0.00, real=0.00 secs] 
12.604: [GC (Allocation Failure) [PSYoungGen: 28784K->3041K(28672K)] 49328K->24369K(61440K), 0.0008932 secs] [Times: user=0.00 sys=0.00, real=0.00 secs] 
12.714: [GC (Allocation Failure) [PSYoungGen: 28624K->2016K(27136K)] 49952K->24625K(59904K), 0.0006095 secs] [Times: user=0.00 sys=0.00, real=0.00 secs] 
12.809: [GC (Allocation Failure) [PSYoungGen: 27078K->3041K(27648K)] 49687K->26234K(60416K), 0.0009864 secs] [Times: user=0.00 sys=0.00, real=0.00 secs] 
12.903: [GC (Allocation Failure) [PSYoungGen: 27607K->1984K(27648K)] 50800K->25194K(60416K), 0.0009531 secs] [Times: user=0.00 sys=0.00, real=0.00 secs] 
13.012: [GC (Allocation Failure) [PSYoungGen: 27561K->2881K(28160K)] 50770K->26106K(60928K), 0.0005629 secs] [Times: user=0.00 sys=0.00, real=0.00 secs] 
13.106: [GC (Allocation Failure) [PSYoungGen: 27945K->2529K(27136K)] 51170K->26530K(59904K), 0.0009917 secs] [Times: user=0.00 sys=0.00, real=0.00 secs] 
13.201: [GC (Allocation Failure) [PSYoungGen: 27076K->1600K(28160K)] 51077K->25618K(60928K), 0.0010151 secs] [Times: user=0.00 sys=0.00, real=0.00 secs] 
13.310: [GC (Allocation Failure) [PSYoungGen: 26666K->1952K(29696K)] 50684K->25978K(62464K), 0.0011454 secs] [Times: user=0.00 sys=0.00, real=0.00 secs] 
13.404: [GC (Allocation Failure) [PSYoungGen: 28558K->2913K(29696K)] 52584K->26947K(62464K), 0.0011864 secs] [Times: user=0.00 sys=0.00, real=0.00 secs] 
13.512: [GC (Allocation Failure) [PSYoungGen: 29510K->3041K(29696K)] 53543K->28963K(62464K), 0.0007233 secs] [Times: user=0.00 sys=0.00, real=0.00 secs] 
13.608: [GC (Allocation Failure) [PSYoungGen: 29664K->3041K(29696K)] 55587K->31277K(62464K), 0.0010850 secs] [Times: user=0.00 sys=0.00, real=0.00 secs] 
13.609: [Full GC (Ergonomics) [PSYoungGen: 3041K->0K(29696K)] [ParOldGen: 28235K->5794K(32768K)] 31277K->5794K(62464K), [Metaspace: 2891K->2891K(1056768K)], 0.0024599 secs] [Times: user=0.00 sys=0.00, real=0.00 secs] 
13.701: [GC (Allocation Failure) [PSYoungGen: 26609K->3041K(29696K)] 32403K->12517K(62464K), 0.0017179 secs] [Times: user=0.00 sys=0.00, real=0.00 secs] 
13.854: [GC (Allocation Failure) [PSYoungGen: 29665K->640K(29696K)] 39141K->10124K(62464K), 0.0009640 secs] [Times: user=0.00 sys=0.00, real=0.00 secs] 
13.949: [GC (Allocation Failure) [PSYoungGen: 27258K->1440K(29696K)] 36742K->10932K(62464K), 0.0006133 secs] [Times: user=0.00 sys=0.00, real=0.00 secs] 
14.059: [GC (Allocation Failure) [PSYoungGen: 28051K->3041K(29184K)] 37543K->12893K(61952K), 0.0007623 secs] [Times: user=0.00 sys=0.00, real=0.00 secs] 
14.152: [GC (Allocation Failure) [PSYoungGen: 29135K->2529K(29184K)] 38987K->12845K(61952K), 0.0009722 secs] [Times: user=0.00 sys=0.00, real=0.00 secs] 
14.262: [GC (Allocation Failure) [PSYoungGen: 29133K->3041K(29696K)] 39450K->15294K(62464K), 0.0011500 secs] [Times: user=0.00 sys=0.00, real=0.00 secs] 
14.355: [GC (Allocation Failure) [PSYoungGen: 29648K->3041K(29696K)] 41902K->19144K(62464K), 0.0014532 secs] [Times: user=0.00 sys=0.00, real=0.00 secs] 
14.464: [GC (Allocation Failure) [PSYoungGen: 29643K->3041K(29696K)] 45746K->23442K(62464K), 0.0008401 secs] [Times: user=0.00 sys=0.00, real=0.00 secs] 
14.604: [GC (Allocation Failure) [PSYoungGen: 29636K->1120K(29696K)] 50037K->21553K(62464K), 0.0009337 secs] [Times: user=0.00 sys=0.00, real=0.00 secs] 
14.699: [GC (Allocation Failure) [PSYoungGen: 27741K->1504K(29696K)] 48175K->21946K(62464K), 0.0008210 secs] [Times: user=0.00 sys=0.00, real=0.00 secs] 
14.808: [GC (Allocation Failure) [PSYoungGen: 28102K->3041K(29696K)] 48544K->23995K(62464K), 0.0008816 secs] [Times: user=0.00 sys=0.00, real=0.00 secs] 
14.901: [GC (Allocation Failure) [PSYoungGen: 29647K->3041K(29696K)] 50601K->25347K(62464K), 0.0012001 secs] [Times: user=0.00 sys=0.00, real=0.00 secs] 
15.010: [GC (Allocation Failure) [PSYoungGen: 29639K->3041K(29696K)] 51945K->28693K(62464K), 0.0011687 secs] [Times: user=0.00 sys=0.00, real=0.00 secs] 
15.103: [GC (Allocation Failure) [PSYoungGen: 29665K->160K(29696K)] 55317K->25827K(62464K), 0.0005843 secs] [Times: user=0.00 sys=0.00, real=0.00 secs] 
15.213: [GC (Allocation Failure) [PSYoungGen: 26757K->3041K(29696K)] 52425K->33791K(62464K), 0.0015969 secs] [Times: user=0.00 sys=0.00, real=0.00 secs] 
15.215: [Full GC (Ergonomics) [PSYoungGen: 3041K->0K(29696K)] [ParOldGen: 30750K->8619K(32768K)] 33791K->8619K(62464K), [Metaspace: 2891K->2891K(1056768K)], 0.0028523 secs] [Times: user=0.00 sys=0.00, real=0.00 secs] 
15.308: [GC (Allocation Failure) [PSYoungGen: 26603K->1856K(29696K)] 35222K->10476K(62464K), 0.0005321 secs] [Times: user=0.00 sys=0.00, real=0.00 secs] 
15.401: [GC (Allocation Failure) [PSYoungGen: 28453K->2753K(29696K)] 37072K->11388K(62464K), 0.0008377 secs] [Times: user=0.00 sys=0.00, real=0.00 secs] 
15.510: [GC (Allocation Failure) [PSYoungGen: 29353K->3041K(29184K)] 37989K->13357K(61952K), 0.0007286 secs] [Times: user=0.00 sys=0.00, real=0.00 secs] 
15.603: [GC (Allocation Failure) [PSYoungGen: 29153K->2529K(29184K)] 39469K->16247K(61952K), 0.0013904 secs] [Times: user=0.00 sys=0.00, real=0.00 secs] 
15.713: [GC (Allocation Failure) [PSYoungGen: 29132K->3041K(29696K)] 42850K->20065K(62464K), 0.0011757 secs] [Times: user=0.00 sys=0.00, real=0.00 secs] 
15.852: [GC (Allocation Failure) [PSYoungGen: 29645K->128K(29696K)] 46669K->17167K(62464K), 0.0005921 secs] [Times: user=0.00 sys=0.00, real=0.00 secs] 
15.962: [GC (Allocation Failure) [PSYoungGen: 26726K->512K(27136K)] 43765K->17559K(59904K), 0.0007338 secs] [Times: user=0.00 sys=0.00, real=0.00 secs] 
16.057: [GC (Allocation Failure) [PSYoungGen: 26624K->1664K(28160K)] 43671K->18720K(60928K), 0.0009592 secs] [Times: user=0.00 sys=0.00, real=0.00 secs] 
16.150: [GC (Allocation Failure) [PSYoungGen: 27255K->960K(26112K)] 44310K->18032K(58880K), 0.0009310 secs] [Times: user=0.00 sys=0.00, real=0.00 secs] 
16.260: [GC (Allocation Failure) [PSYoungGen: 26017K->1344K(27136K)] 43089K->18424K(59904K), 0.0009776 secs] [Times: user=0.00 sys=0.00, real=0.00 secs] 
16.355: [GC (Allocation Failure) [PSYoungGen: 25890K->1120K(25600K)] 42970K->18208K(58368K), 0.0005436 secs] [Times: user=0.00 sys=0.00, real=0.00 secs] 
16.403: [GC (Allocation Failure) [PSYoungGen: 25179K->3041K(27136K)] 42267K->24851K(59904K), 0.0016268 secs] [Times: user=0.00 sys=0.00, real=0.00 secs] 
16.514: [GC (Allocation Failure) [PSYoungGen: 27083K->3041K(27136K)] 48893K->28965K(59904K), 0.0009417 secs] [Times: user=0.00 sys=0.00, real=0.00 secs] 
16.608: [GC (Allocation Failure) [PSYoungGen: 27080K->3041K(29696K)] 53004K->30414K(62464K), 0.0012813 secs] [Times: user=0.00 sys=0.00, real=0.00 secs] 
16.609: [Full GC (Ergonomics) [PSYoungGen: 3041K->0K(29696K)] [ParOldGen: 27372K->4976K(32768K)] 30414K->4976K(62464K), [Metaspace: 2891K->2891K(1056768K)], 0.0022688 secs] [Times: user=0.00 sys=0.00, real=0.00 secs] 
16.703: [GC (Allocation Failure) [PSYoungGen: 26597K->3041K(29696K)] 31573K->11379K(62464K), 0.0011956 secs] [Times: user=0.00 sys=0.00, real=0.00 secs] 
16.857: [GC (Allocation Failure) [PSYoungGen: 29665K->160K(29696K)] 38003K->8506K(62464K), 0.0010000 secs] [Times: user=0.00 sys=0.00, real=0.00 secs] 
16.951: [GC (Allocation Failure) [PSYoungGen: 26767K->1120K(29696K)] 35113K->9474K(62464K), 0.0007378 secs] [Times: user=0.00 sys=0.00, real=0.00 secs] 
17.060: [GC (Allocation Failure) [PSYoungGen: 27721K->3041K(29696K)] 36075K->11459K(62464K), 0.0006284 secs] [Times: user=0.00 sys=0.00, real=0.00 secs] 
17.153: [GC (Allocation Failure) [PSYoungGen: 29652K->3041K(29184K)] 38070K->11787K(61952K), 0.0007573 secs] [Times: user=0.00 sys=0.00, real=0.00 secs] 
17.262: [GC (Allocation Failure) [PSYoungGen: 29153K->2529K(28160K)] 37899K->13308K(60928K), 0.0009147 secs] [Times: user=0.00 sys=0.00, real=0.00 secs] 
17.356: [GC (Allocation Failure) [PSYoungGen: 28105K->3041K(29184K)] 38884K->16261K(61952K), 0.0013110 secs] [Times: user=0.00 sys=0.00, real=0.00 secs] 
17.449: [GC (Allocation Failure) [PSYoungGen: 29153K->3041K(29696K)] 42373K->18478K(62464K), 0.0011979 secs] [Times: user=0.00 sys=0.00, real=0.00 secs] 
17.559: [GC (Allocation Failure) [PSYoungGen: 29649K->3041K(29696K)] 45086K->22656K(62464K), 0.0011491 secs] [Times: user=0.00 sys=0.00, real=0.00 secs] 
17.654: [GC (Allocation Failure) [PSYoungGen: 29649K->3041K(29696K)] 49265K->27283K(62464K), 0.0016784 secs] [Times: user=0.00 sys=0.00, real=0.00 secs] 
17.812: [GC (Allocation Failure) [PSYoungGen: 29651K->1472K(29696K)] 53893K->25738K(62464K), 0.0008545 secs] [Times: user=0.00 sys=0.00, real=0.00 secs] 
17.908: [GC (Allocation Failure) [PSYoungGen: 28067K->2305K(29696K)] 52333K->26578K(62464K), 0.0004804 secs] [Times: user=0.00 sys=0.00, real=0.00 secs] 
18.002: [GC (Allocation Failure) [PSYoungGen: 28901K->3041K(29696K)] 53175K->28539K(62464K), 0.0007471 secs] [Times: user=0.00 sys=0.00, real=0.00 secs] 
18.112: [GC (Allocation Failure) [PSYoungGen: 29637K->3041K(29696K)] 55136K->31717K(62464K), 0.0010988 secs] [Times: user=0.00 sys=0.00, real=0.00 secs] 
18.113: [Full GC (Ergonomics) [PSYoungGen: 3041K->0K(29696K)] [ParOldGen: 28675K->6742K(32768K)] 31717K->6742K(62464K), [Metaspace: 2892K->2892K(1056768K)], 0.0022052 secs] [Times: user=0.00 sys=0.00, real=0.00 secs] 
18.205: [GC (Allocation Failure) [PSYoungGen: 26618K->3041K(29696K)] 33360K->12729K(62464K), 0.0012215 secs] [Times: user=0.00 sys=0.00, real=0.00 secs] 
18.300: [GC (Allocation Failure) [PSYoungGen: 29665K->3041K(29696K)] 39353K->17635K(62464K), 0.0010094 secs] [Times: user=0.00 sys=0.00, real=0.00 secs] 
18.412: [GC (Allocation Failure) [PSYoungGen: 29650K->672K(29696K)] 44244K->15274K(62464K), 0.0008817 secs] [Times: user=0.00 sys=0.00, real=0.00 secs] 
18.505: [GC (Allocation Failure) [PSYoungGen: 27285K->2625K(29184K)] 41887K->17235K(61952K), 0.0004832 secs] [Times: user=0.00 sys=0.00, real=0.00 secs] 
18.600: [GC (Allocation Failure) [PSYoungGen: 28728K->2401K(28160K)] 43338K->17035K(60928K), 0.0008192 secs] [Times: user=0.00 sys=0.00, real=0.00 secs] 
18.710: [GC (Allocation Failure) [PSYoungGen: 27972K->2529K(27648K)] 42606K->17947K(60416K), 0.0007683 secs] [Times: user=0.00 sys=0.00, real=0.00 secs] 
18.805: [GC (Allocation Failure) [PSYoungGen: 27588K->3041K(27648K)] 43006K->19156K(60416K), 0.0008021 secs] [Times: user=0.00 sys=0.00, real=0.00 secs] 
18.914: [GC (Allocation Failure) [PSYoungGen: 27600K->2016K(26112K)] 43715K->18211K(58880K), 0.0007141 secs] [Times: user=0.00 sys=0.00, real=0.00 secs] 
19.008: [GC (Allocation Failure) [PSYoungGen: 26059K->1408K(25088K)] 42253K->17611K(57856K), 0.0009880 secs] [Times: user=0.00 sys=0.00, real=0.00 secs] 
19.100: [GC (Allocation Failure) [PSYoungGen: 24950K->320K(26624K)] 41153K->16531K(59392K), 0.0011621 secs] [Times: user=0.00 sys=0.00, real=0.00 secs] 
19.209: [GC (Allocation Failure) [PSYoungGen: 23848K->3041K(26112K)] 40059K->21949K(58880K), 0.0009391 secs] [Times: user=0.01 sys=0.00, real=0.00 secs] 
19.303: [GC (Allocation Failure) [PSYoungGen: 26064K->2529K(26112K)] 44973K->23030K(58880K), 0.0010074 secs] [Times: user=0.00 sys=0.00, real=0.00 secs] 
19.414: [GC (Allocation Failure) [PSYoungGen: 26064K->1984K(25088K)] 46565K->22501K(57856K), 0.0009190 secs] [Times: user=0.00 sys=0.00, real=0.00 secs] 
19.509: [GC (Allocation Failure) [PSYoungGen: 25024K->320K(26112K)] 45541K->20845K(58880K), 0.0009120 secs] [Times: user=0.00 sys=0.00, real=0.00 secs] 
19.556: [GC (Allocation Failure) [PSYoungGen: 23334K->3041K(26112K)] 43859K->27416K(58880K), 0.0011488 secs] [Times: user=0.00 sys=0.00, real=0.00 secs] 
19.651: [GC (Allocation Failure) [PSYoungGen: 26079K->3041K(29696K)] 50454K->27616K(62464K), 0.0010969 secs] [Times: user=0.00 sys=0.00, real=0.00 secs] 
19.760: [GC (Allocation Failure) [PSYoungGen: 29637K->3041K(29696K)] 54212K->29793K(62464K), 0.0007983 secs] [Times: user=0.00 sys=0.00, real=0.00 secs] 
19.854: [GC (Allocation Failure) [PSYoungGen: 29641K->3041K(29696K)] 56393K->32874K(62464K), 0.0008939 secs] [Times: user=0.00 sys=0.00, real=0.00 secs] 
19.855: [Full GC (Ergonomics) [PSYoungGen: 3041K->0K(29696K)] [ParOldGen: 29833K->6623K(32768K)] 32874K->6623K(62464K), [Metaspace: 2892K->2892K(1056768K)], 0.0021133 secs] [Times: user=0.00 sys=0.00, real=0.00 secs] 
19.961: [GC (Allocation Failure) [PSYoungGen: 26595K->3041K(29696K)] 33219K->14659K(62464K), 0.0012126 secs] [Times: user=0.00 sys=0.00, real=0.00 secs] 
20.102: [GC (Allocation Failure) [PSYoungGen: 29656K->1856K(29696K)] 41274K->13491K(62464K), 0.0005246 secs] [Times: user=0.00 sys=0.00, real=0.00 secs] 
20.212: [GC (Allocation Failure) [PSYoungGen: 28468K->2080K(28672K)] 40102K->13731K(61440K), 0.0009233 secs] [Times: user=0.00 sys=0.00, real=0.00 secs] 
20.306: [GC (Allocation Failure) [PSYoungGen: 28192K->3041K(28672K)] 39843K->14971K(61440K), 0.0007696 secs] [Times: user=0.00 sys=0.00, real=0.00 secs] 
20.399: [GC (Allocation Failure) [PSYoungGen: 28631K->2657K(28160K)] 40561K->14595K(60928K), 0.0008414 secs] [Times: user=0.00 sys=0.00, real=0.00 secs] 
20.510: [GC (Allocation Failure) [PSYoungGen: 27714K->2016K(26624K)] 39652K->15019K(59392K), 0.0009260 secs] [Times: user=0.00 sys=0.00, real=0.00 secs] 
20.603: [GC (Allocation Failure) [PSYoungGen: 26592K->2881K(27136K)] 39595K->15908K(59904K), 0.0008703 secs] [Times: user=0.00 sys=0.00, real=0.00 secs] 
20.712: [GC (Allocation Failure) [PSYoungGen: 26938K->736K(25088K)] 39965K->13771K(57856K), 0.0006050 secs] [Times: user=0.00 sys=0.00, real=0.00 secs] 
20.760: [GC (Allocation Failure) [PSYoungGen: 24277K->3041K(26624K)] 37312K->20934K(59392K), 0.0012443 secs] [Times: user=0.00 sys=0.00, real=0.00 secs] 
20.854: [GC (Allocation Failure) [PSYoungGen: 26582K->3041K(29696K)] 44476K->24656K(62464K), 0.0013418 secs] [Times: user=0.00 sys=0.00, real=0.00 secs] 
20.962: [GC (Allocation Failure) [PSYoungGen: 29646K->3041K(29696K)] 51261K->29322K(62464K), 0.0015872 secs] [Times: user=0.00 sys=0.00, real=0.00 secs] 
20.964: [Full GC (Ergonomics) [PSYoungGen: 3041K->0K(29696K)] [ParOldGen: 26281K->8227K(32768K)] 29322K->8227K(62464K), [Metaspace: 2892K->2892K(1056768K)], 0.0030187 secs] [Times: user=0.00 sys=0.00, real=0.00 secs] 
21.104: [GC (Allocation Failure) [PSYoungGen: 26595K->1440K(29696K)] 34822K->9667K(62464K), 0.0008568 secs] [Times: user=0.00 sys=0.00, real=0.00 secs] 
21.213: [GC (Allocation Failure) [PSYoungGen: 28061K->1216K(29696K)] 36288K->9451K(62464K), 0.0008062 secs] [Times: user=0.00 sys=0.00, real=0.00 secs] 
21.308: [GC (Allocation Failure) [PSYoungGen: 27823K->3041K(29696K)] 36058K->11412K(62464K), 0.0008878 secs] [Times: user=0.00 sys=0.00, real=0.00 secs] 
21.402: [GC (Allocation Failure) [PSYoungGen: 29651K->3041K(29696K)] 38023K->12517K(62464K), 0.0007229 secs] [Times: user=0.00 sys=0.00, real=0.00 secs] 
21.511: [GC (Allocation Failure) [PSYoungGen: 29636K->3041K(29696K)] 39112K->15534K(62464K), 0.0008132 secs] [Times: user=0.00 sys=0.00, real=0.00 secs] 
21.605: [GC (Allocation Failure) [PSYoungGen: 29636K->3041K(29696K)] 42129K->20504K(62464K), 0.0010938 secs] [Times: user=0.00 sys=0.00, real=0.00 secs] 
21.700: [GC (Allocation Failure) [PSYoungGen: 29663K->256K(28672K)] 47126K->17727K(61440K), 0.0004389 secs] [Times: user=0.00 sys=0.00, real=0.00 secs] 
21.810: [GC (Allocation Failure) [PSYoungGen: 26368K->1536K(27648K)] 43839K->19016K(60416K), 0.0005324 secs] [Times: user=0.00 sys=0.00, real=0.00 secs] 
21.904: [GC (Allocation Failure) [PSYoungGen: 27129K->992K(27648K)] 44609K->18487K(60416K), 0.0005676 secs] [Times: user=0.00 sys=0.00, real=0.00 secs] 
22.014: [GC (Allocation Failure) [PSYoungGen: 26055K->1408K(26112K)] 43551K->18944K(58880K), 0.0005913 secs] [Times: user=0.00 sys=0.00, real=0.00 secs] 
22.107: [GC (Allocation Failure) [PSYoungGen: 25955K->576K(26624K)] 43491K->18119K(59392K), 0.0016927 secs] [Times: user=0.00 sys=0.00, real=0.00 secs] 
22.201: [GC (Allocation Failure) [PSYoungGen: 24609K->3041K(26624K)] 42153K->24730K(59392K), 0.0010939 secs] [Times: user=0.00 sys=0.00, real=0.00 secs] 
22.310: [GC (Allocation Failure) [PSYoungGen: 26584K->2529K(25600K)] 48273K->27756K(58368K), 0.0007705 secs] [Times: user=0.00 sys=0.00, real=0.00 secs] 
22.403: [GC (Allocation Failure) [PSYoungGen: 25544K->3041K(25600K)] 50771K->28628K(58368K), 0.0008447 secs] [Times: user=0.00 sys=0.00, real=0.00 secs] 
22.498: [GC (Allocation Failure) [PSYoungGen: 25569K->1248K(23552K)] 51156K->26852K(56320K), 0.0007247 secs] [Times: user=0.00 sys=0.00, real=0.00 secs] 
22.562: [GC (Allocation Failure) [PSYoungGen: 23258K->3041K(25088K)] 48861K->32430K(57856K), 0.0010354 secs] [Times: user=0.00 sys=0.00, real=0.00 secs] 
22.563: [Full GC (Ergonomics) [PSYoungGen: 3041K->0K(25088K)] [ParOldGen: 29389K->7366K(32768K)] 32430K->7366K(57856K), [Metaspace: 2892K->2892K(1056768K)], 0.0023897 secs] [Times: user=0.00 sys=0.00, real=0.00 secs] 
22.655: [GC (Allocation Failure) [PSYoungGen: 21988K->2145K(29184K)] 29355K->9511K(61952K), 0.0007583 secs] [Times: user=0.00 sys=0.00, real=0.00 secs] 
22.763: [GC (Allocation Failure) [PSYoungGen: 28257K->3041K(29184K)] 35623K->10768K(61952K), 0.0010111 secs] [Times: user=0.00 sys=0.00, real=0.00 secs] 
22.857: [GC (Allocation Failure) [PSYoungGen: 29153K->3041K(29696K)] 36880K->12345K(62464K), 0.0014327 secs] [Times: user=0.00 sys=0.00, real=0.00 secs] 
22.950: [GC (Allocation Failure) [PSYoungGen: 29662K->3041K(29696K)] 38965K->14890K(62464K), 0.0009864 secs] [Times: user=0.00 sys=0.00, real=0.00 secs] 
23.058: [GC (Allocation Failure) [PSYoungGen: 29654K->3041K(29696K)] 41503K->19388K(62464K), 0.0013114 secs] [Times: user=0.00 sys=0.00, real=0.00 secs] 
23.152: [GC (Allocation Failure) [PSYoungGen: 29635K->3041K(29696K)] 45982K->24142K(62464K), 0.0021673 secs] [Times: user=0.00 sys=0.00, real=0.00 secs] 
23.307: [GC (Allocation Failure) [PSYoungGen: 29650K->1504K(29696K)] 50751K->22614K(62464K), 0.0011229 secs] [Times: user=0.00 sys=0.00, real=0.00 secs] 
23.402: [GC (Allocation Failure) [PSYoungGen: 28107K->2016K(29696K)] 49216K->23158K(62464K), 0.0008379 secs] [Times: user=0.00 sys=0.00, real=0.00 secs] 
23.511: [GC (Allocation Failure) [PSYoungGen: 28612K->3041K(29696K)] 49754K->25071K(62464K), 0.0007923 secs] [Times: user=0.00 sys=0.00, real=0.00 secs] 
23.605: [GC (Allocation Failure) [PSYoungGen: 29637K->3041K(29696K)] 51667K->27864K(62464K), 0.0012821 secs] [Times: user=0.00 sys=0.00, real=0.00 secs] 
23.713: [GC (Allocation Failure) [PSYoungGen: 29650K->3041K(29696K)] 54473K->31114K(62464K), 0.0012615 secs] [Times: user=0.00 sys=0.00, real=0.00 secs] 
23.714: [Full GC (Ergonomics) [PSYoungGen: 3041K->0K(29696K)] [ParOldGen: 28072K->6793K(32768K)] 31114K->6793K(62464K), [Metaspace: 2892K->2892K(1056768K)], 0.0027914 secs] [Times: user=0.00 sys=0.00, real=0.00 secs] 
23.807: [GC (Allocation Failure) [PSYoungGen: 26597K->3041K(29696K)] 33391K->15021K(62464K), 0.0010268 secs] [Times: user=0.00 sys=0.00, real=0.00 secs] 
23.901: [GC (Allocation Failure) [PSYoungGen: 29657K->928K(29696K)] 41637K->12916K(62464K), 0.0005625 secs] [Times: user=0.00 sys=0.00, real=0.00 secs] 
24.010: [GC (Allocation Failure) [PSYoungGen: 27535K->2913K(29696K)] 39523K->14917K(62464K), 0.0006442 secs] [Times: user=0.00 sys=0.00, real=0.00 secs] 
24.103: [GC (Allocation Failure) [PSYoungGen: 29532K->3041K(29184K)] 41537K->15245K(61952K), 0.0007174 secs] [Times: user=0.00 sys=0.00, real=0.00 secs] 
24.212: [GC (Allocation Failure) [PSYoungGen: 29153K->3041K(28672K)] 41357K->16126K(61440K), 0.0009053 secs] [Times: user=0.00 sys=0.00, real=0.00 secs] 
24.307: [GC (Allocation Failure) [PSYoungGen: 28618K->2016K(27136K)] 41703K->17903K(59904K), 0.0007194 secs] [Times: user=0.00 sys=0.00, real=0.00 secs] 
24.402: [GC (Allocation Failure) [PSYoungGen: 27104K->3041K(28672K)] 42991K->20160K(61440K), 0.0012697 secs] [Times: user=0.00 sys=0.00, real=0.00 secs] 
24.511: [GC (Allocation Failure) [PSYoungGen: 28617K->3041K(29696K)] 45735K->22281K(62464K), 0.0008186 secs] [Times: user=0.00 sys=0.00, real=0.00 secs] 
24.603: [GC (Allocation Failure) [PSYoungGen: 29665K->3041K(29696K)] 48905K->26355K(62464K), 0.0016262 secs] [Times: user=0.00 sys=0.00, real=0.00 secs] 
24.713: [GC (Allocation Failure) [PSYoungGen: 29648K->3041K(29696K)] 52962K->30845K(62464K), 0.0012270 secs] [Times: user=0.00 sys=0.00, real=0.00 secs] 
24.714: [Full GC (Ergonomics) [PSYoungGen: 3041K->0K(29696K)] [ParOldGen: 27804K->8077K(32768K)] 30845K->8077K(62464K), [Metaspace: 2892K->2892K(1056768K)], 0.0026962 secs] [Times: user=0.00 sys=0.00, real=0.00 secs] 
24.853: [GC (Allocation Failure) [PSYoungGen: 26602K->1312K(29696K)] 34679K->9389K(62464K), 0.0006708 secs] [Times: user=0.00 sys=0.00, real=0.00 secs] 
24.962: [GC (Allocation Failure) [PSYoungGen: 27936K->1760K(29696K)] 36013K->9853K(62464K), 0.0006163 secs] [Times: user=0.00 sys=0.00, real=0.00 secs] 
25.054: [GC (Allocation Failure) [PSYoungGen: 28363K->3041K(29696K)] 36456K->11750K(62464K), 0.0007520 secs] [Times: user=0.00 sys=0.00, real=0.00 secs] 
25.163: [GC (Allocation Failure) [PSYoungGen: 29635K->3041K(29696K)] 38345K->12655K(62464K), 0.0012165 secs] [Times: user=0.00 sys=0.00, real=0.00 secs] 
25.257: [GC (Allocation Failure) [PSYoungGen: 29650K->3041K(29696K)] 39264K->15480K(62464K), 0.0007414 secs] [Times: user=0.00 sys=0.00, real=0.00 secs] 
25.352: [GC (Allocation Failure) [PSYoungGen: 29635K->3041K(29696K)] 42074K->20258K(62464K), 0.0010923 secs] [Times: user=0.00 sys=0.00, real=0.00 secs] 
25.506: [GC (Allocation Failure) [PSYoungGen: 29643K->576K(27136K)] 46861K->17801K(59904K), 0.0005133 secs] [Times: user=0.00 sys=0.00, real=0.00 secs] 
25.599: [GC (Allocation Failure) [PSYoungGen: 26688K->1760K(29184K)] 43913K->18994K(61952K), 0.0011188 secs] [Times: user=0.00 sys=0.00, real=0.00 secs] 
25.709: [GC (Allocation Failure) [PSYoungGen: 27872K->1024K(27136K)] 45106K->18273K(59904K), 0.0006649 secs] [Times: user=0.00 sys=0.00, real=0.00 secs] 
25.803: [GC (Allocation Failure) [PSYoungGen: 26599K->1952K(27648K)] 43848K->19218K(60416K), 0.0007991 secs] [Times: user=0.00 sys=0.00, real=0.00 secs] 
25.912: [GC (Allocation Failure) [PSYoungGen: 27034K->1344K(26112K)] 44299K->18618K(58880K), 0.0008030 secs] [Times: user=0.02 sys=0.00, real=0.00 secs] 
26.006: [GC (Allocation Failure) [PSYoungGen: 25891K->1216K(26624K)] 43164K->18513K(59392K), 0.0007614 secs] [Times: user=0.00 sys=0.00, real=0.00 secs] 
26.100: [GC (Allocation Failure) [PSYoungGen: 25258K->640K(24576K)] 42555K->17953K(57344K), 0.0005839 secs] [Times: user=0.00 sys=0.00, real=0.00 secs] 
26.162: [GC (Allocation Failure) [PSYoungGen: 24181K->3041K(26624K)] 41494K->23396K(59392K), 0.0011559 secs] [Times: user=0.06 sys=0.00, real=0.00 secs] 
26.255: [GC (Allocation Failure) [PSYoungGen: 26583K->3041K(26624K)] 46938K->25261K(59392K), 0.0006928 secs] [Times: user=0.01 sys=0.00, real=0.00 secs] 
26.350: [GC (Allocation Failure) [PSYoungGen: 26584K->3041K(29696K)] 48803K->26109K(62464K), 0.0012168 secs] [Times: user=0.00 sys=0.03, real=0.00 secs] 
26.459: [GC (Allocation Failure) [PSYoungGen: 29633K->3041K(29696K)] 52701K->27302K(62464K), 0.0011079 secs] [Times: user=0.00 sys=0.00, real=0.00 secs] 
26.552: [GC (Allocation Failure) [PSYoungGen: 29638K->3041K(29696K)] 53899K->30455K(62464K), 0.0014398 secs] [Times: user=0.00 sys=0.00, real=0.00 secs] 
26.660: [GC (Allocation Failure) [PSYoungGen: 29664K->3041K(29696K)] 57079K->34121K(62464K), 0.0009488 secs] [Times: user=0.00 sys=0.00, real=0.00 secs] 
26.661: [Full GC (Ergonomics) [PSYoungGen: 3041K->0K(29696K)] [ParOldGen: 31080K->7185K(32768K)] 34121K->7185K(62464K), [Metaspace: 2892K->2892K(1056768K)], 0.0023223 secs] [Times: user=0.00 sys=0.00, real=0.00 secs] 
26.800: [GC (Allocation Failure) [PSYoungGen: 26598K->384K(29696K)] 33784K->7570K(62464K), 0.0005233 secs] [Times: user=0.00 sys=0.00, real=0.00 secs] 
26.910: [GC (Allocation Failure) [PSYoungGen: 27001K->1344K(27648K)] 34187K->8546K(60416K), 0.0008574 secs] [Times: user=0.00 sys=0.00, real=0.00 secs] 
27.005: [GC (Allocation Failure) [PSYoungGen: 27456K->2497K(29184K)] 34658K->9707K(61952K), 0.0010844 secs] [Times: user=0.00 sys=0.00, real=0.00 secs] 
27.113: [GC (Allocation Failure) [PSYoungGen: 28609K->3041K(28672K)] 35819K->10899K(61440K), 0.0006939 secs] [Times: user=0.00 sys=0.00, real=0.00 secs] 
27.206: [GC (Allocation Failure) [PSYoungGen: 28641K->2433K(27648K)] 36499K->10299K(60416K), 0.0008250 secs] [Times: user=0.00 sys=0.00, real=0.00 secs] 
27.300: [GC (Allocation Failure) [PSYoungGen: 27491K->2881K(27648K)] 35357K->10763K(60416K), 0.0007812 secs] [Times: user=0.00 sys=0.00, real=0.00 secs] 
27.409: [GC (Allocation Failure) [PSYoungGen: 27454K->1600K(26112K)] 35336K->9490K(58880K), 0.0006435 secs] [Times: user=0.00 sys=0.00, real=0.00 secs] 
27.504: [GC (Allocation Failure) [PSYoungGen: 25638K->1024K(25088K)] 33528K->8930K(57856K), 0.0009636 secs] [Times: user=0.00 sys=0.00, real=0.00 secs] 
27.552: [GC (Allocation Failure) [PSYoungGen: 24563K->3041K(26624K)] 32469K->15990K(59392K), 0.0083787 secs] [Times: user=0.00 sys=0.00, real=0.01 secs] 
27.661: [GC (Allocation Failure) [PSYoungGen: 26581K->3041K(26624K)] 39529K->18399K(59392K), 0.0007478 secs] [Times: user=0.00 sys=0.00, real=0.00 secs] 
27.753: [GC (Allocation Failure) [PSYoungGen: 26582K->3041K(29696K)] 41940K->19767K(62464K), 0.0010864 secs] [Times: user=0.00 sys=0.00, real=0.00 secs] 
27.861: [GC (Allocation Failure) [PSYoungGen: 29637K->3041K(29696K)] 46364K->23089K(62464K), 0.0012635 secs] [Times: user=0.00 sys=0.00, real=0.00 secs] 
27.955: [GC (Allocation Failure) [PSYoungGen: 29648K->3041K(29696K)] 49696K->26779K(62464K), 0.0011342 secs] [Times: user=0.00 sys=0.00, real=0.00 secs] 
28.112: [GC (Allocation Failure) [PSYoungGen: 29638K->512K(29696K)] 53376K->24282K(62464K), 0.0004066 secs] [Times: user=0.00 sys=0.00, real=0.00 secs] 
28.205: [GC (Allocation Failure) [PSYoungGen: 27109K->800K(28672K)] 50879K->24586K(61440K), 0.0008091 secs] [Times: user=0.00 sys=0.00, real=0.00 secs] 
28.299: [GC (Allocation Failure) [PSYoungGen: 26910K->2144K(28160K)] 50696K->25954K(60928K), 0.0006778 secs] [Times: user=0.00 sys=0.00, real=0.00 secs] 
28.408: [GC (Allocation Failure) [PSYoungGen: 27731K->1984K(27648K)] 51541K->25802K(60416K), 0.0011963 secs] [Times: user=0.00 sys=0.00, real=0.00 secs] 
28.501: [GC (Allocation Failure) [PSYoungGen: 27049K->2401K(27136K)] 50867K->26227K(59904K), 0.0007093 secs] [Times: user=0.00 sys=0.00, real=0.00 secs] 
28.610: [GC (Allocation Failure) [PSYoungGen: 26968K->2273K(26624K)] 50794K->26106K(59392K), 0.0005945 secs] [Times: user=0.00 sys=0.00, real=0.00 secs] 
28.656: [GC (Allocation Failure) [PSYoungGen: 26313K->3041K(27136K)] 50147K->31685K(59904K), 0.0014824 secs] [Times: user=0.00 sys=0.00, real=0.00 secs] 
28.658: [Full GC (Ergonomics) [PSYoungGen: 3041K->0K(27136K)] [ParOldGen: 28644K->8375K(32768K)] 31685K->8375K(59904K), [Metaspace: 2892K->2892K(1056768K)], 0.0028278 secs] [Times: user=0.00 sys=0.00, real=0.00 secs] 
28.765: [GC (Allocation Failure) [PSYoungGen: 24043K->3041K(29696K)] 32419K->15579K(62464K), 0.0013205 secs] [Times: user=0.00 sys=0.00, real=0.00 secs] 
28.859: [GC (Allocation Failure) [PSYoungGen: 29665K->1280K(29696K)] 42203K->13841K(62464K), 0.0011614 secs] [Times: user=0.00 sys=0.00, real=0.00 secs] 
29.012: [GC (Allocation Failure) [PSYoungGen: 27872K->1920K(29696K)] 40434K->14506K(62464K), 0.0005713 secs] [Times: user=0.00 sys=0.00, real=0.00 secs] 
29.105: [GC (Allocation Failure) [PSYoungGen: 28531K->3041K(29696K)] 41116K->16475K(62464K), 0.0016249 secs] [Times: user=0.00 sys=0.00, real=0.00 secs] 
29.199: [GC (Allocation Failure) [PSYoungGen: 29664K->3041K(29696K)] 43098K->17572K(62464K), 0.0008101 secs] [Times: user=0.00 sys=0.00, real=0.00 secs] 
29.308: [GC (Allocation Failure) [PSYoungGen: 29649K->3041K(29696K)] 44179K->20621K(62464K), 0.0008674 secs] [Times: user=0.00 sys=0.00, real=0.00 secs] 
29.401: [GC (Allocation Failure) [PSYoungGen: 29643K->3041K(29696K)] 47223K->24159K(62464K), 0.0010909 secs] [Times: user=0.00 sys=0.00, real=0.00 secs] 
29.511: [GC (Allocation Failure) [PSYoungGen: 29637K->288K(29696K)] 50755K->21429K(62464K), 0.0004420 secs] [Times: user=0.00 sys=0.00, real=0.00 secs] 
29.604: [GC (Allocation Failure) [PSYoungGen: 26893K->1696K(29696K)] 48034K->22846K(62464K), 0.0007536 secs] [Times: user=0.00 sys=0.00, real=0.00 secs] 
29.713: [GC (Allocation Failure) [PSYoungGen: 28314K->2657K(29184K)] 49464K->23815K(61952K), 0.0009971 secs] [Times: user=0.00 sys=0.00, real=0.00 secs] 
29.807: [GC (Allocation Failure) [PSYoungGen: 28769K->2529K(28160K)] 49927K->25215K(60928K), 0.0006980 secs] [Times: user=0.00 sys=0.00, real=0.00 secs] 
29.914: [GC (Allocation Failure) [PSYoungGen: 28121K->3041K(28160K)] 50807K->26616K(60928K), 0.0007917 secs] [Times: user=0.00 sys=0.00, real=0.00 secs] 
30.007: [GC (Allocation Failure) [PSYoungGen: 28128K->2016K(26624K)] 51703K->27945K(59392K), 0.0009610 secs] [Times: user=0.02 sys=0.00, real=0.00 secs] 
30.100: [GC (Allocation Failure) [PSYoungGen: 26566K->3041K(27136K)] 52494K->30074K(59904K), 0.0008365 secs] [Times: user=0.08 sys=0.00, real=0.00 secs] 
30.208: [GC (Allocation Failure) [PSYoungGen: 27095K->1344K(25088K)] 54128K->28393K(57856K), 0.0005894 secs] [Times: user=0.00 sys=0.00, real=0.00 secs] 
30.302: [GC (Allocation Failure) [PSYoungGen: 24884K->192K(23552K)] 51933K->27256K(56320K), 0.0004938 secs] [Times: user=0.00 sys=0.00, real=0.00 secs] 
30.412: [GC (Allocation Failure) [PSYoungGen: 23214K->3041K(25600K)] 50279K->32811K(58368K), 0.0014839 secs] [Times: user=0.06 sys=0.00, real=0.00 secs] 
30.413: [Full GC (Ergonomics) [PSYoungGen: 3041K->0K(25600K)] [ParOldGen: 29769K->6298K(32768K)] 32811K->6298K(58368K), [Metaspace: 2892K->2892K(1056768K)], 0.0018281 secs] [Times: user=0.00 sys=0.00, real=0.00 secs] 
30.504: [GC (Allocation Failure) [PSYoungGen: 22513K->3041K(26112K)] 28811K->9948K(58880K), 0.0011250 secs] [Times: user=0.00 sys=0.00, real=0.00 secs] 
30.612: [GC (Allocation Failure) [PSYoungGen: 26081K->1920K(24576K)] 32988K->8835K(57344K), 0.0007823 secs] [Times: user=0.00 sys=0.00, real=0.00 secs] 
30.659: [GC (Allocation Failure) [PSYoungGen: 24421K->3041K(28672K)] 31336K->13414K(61440K), 0.0008212 secs] [Times: user=0.00 sys=0.00, real=0.00 secs] 
30.752: [GC (Allocation Failure) [PSYoungGen: 28613K->3041K(29696K)] 38986K->17744K(62464K), 0.0012023 secs] [Times: user=0.00 sys=0.00, real=0.00 secs] 
30.861: [GC (Allocation Failure) [PSYoungGen: 29662K->768K(29696K)] 44364K->15478K(62464K), 0.0007730 secs] [Times: user=0.00 sys=0.00, real=0.00 secs] 
31.000: [GC (Allocation Failure) [PSYoungGen: 27364K->1568K(29696K)] 42075K->16295K(62464K), 0.0009148 secs] [Times: user=0.00 sys=0.00, real=0.00 secs] 
31.109: [GC (Allocation Failure) [PSYoungGen: 28182K->3041K(29184K)] 42908K->18264K(61952K), 0.0008056 secs] [Times: user=0.00 sys=0.00, real=0.00 secs] 
31.203: [GC (Allocation Failure) [PSYoungGen: 29152K->2529K(28160K)] 44375K->18400K(60928K), 0.0005737 secs] [Times: user=0.00 sys=0.00, real=0.00 secs] 
31.313: [GC (Allocation Failure) [PSYoungGen: 28102K->3041K(28160K)] 43973K->20073K(60928K), 0.0010773 secs] [Times: user=0.00 sys=0.00, real=0.00 secs] 
31.408: [GC (Allocation Failure) [PSYoungGen: 28123K->2016K(26624K)] 45155K->20609K(59392K), 0.0005133 secs] [Times: user=0.00 sys=0.00, real=0.00 secs] 
31.502: [GC (Allocation Failure) [PSYoungGen: 26565K->3041K(27136K)] 45158K->22002K(59904K), 0.0009358 secs] [Times: user=0.00 sys=0.00, real=0.00 secs] 
31.613: [GC (Allocation Failure) [PSYoungGen: 27083K->2016K(25600K)] 46043K->21730K(58368K), 0.0008227 secs] [Times: user=0.00 sys=0.00, real=0.00 secs] 
31.660: [GC (Allocation Failure) [PSYoungGen: 25541K->3041K(27136K)] 45254K->27500K(59904K), 0.0011173 secs] [Times: user=0.00 sys=0.00, real=0.00 secs] 
31.754: [GC (Allocation Failure) [PSYoungGen: 27085K->3041K(29696K)] 51544K->31646K(62464K), 0.0012193 secs] [Times: user=0.00 sys=0.00, real=0.00 secs] 
31.755: [Full GC (Ergonomics) [PSYoungGen: 3041K->0K(29696K)] [ParOldGen: 28605K->7742K(32768K)] 31646K->7742K(62464K), [Metaspace: 2892K->2892K(1056768K)], 0.0019041 secs] [Times: user=0.02 sys=0.00, real=0.00 secs] 
31.863: [GC (Allocation Failure) [PSYoungGen: 26618K->3041K(29696K)] 34361K->15906K(62464K), 0.0011454 secs] [Times: user=0.00 sys=0.00, real=0.00 secs] 
32.003: [GC (Allocation Failure) [PSYoungGen: 29665K->1920K(29696K)] 42530K->14810K(62464K), 0.0007663 secs] [Times: user=0.00 sys=0.00, real=0.00 secs] 
32.112: [GC (Allocation Failure) [PSYoungGen: 28529K->3041K(29696K)] 41418K->16739K(62464K), 0.0007215 secs] [Times: user=0.00 sys=0.00, real=0.00 secs] 
32.207: [GC (Allocation Failure) [PSYoungGen: 29654K->3041K(29184K)] 43352K->17875K(61952K), 0.0008269 secs] [Times: user=0.00 sys=0.00, real=0.00 secs] 
32.299: [GC (Allocation Failure) [PSYoungGen: 29153K->3041K(29696K)] 43987K->20252K(62464K), 0.0010203 secs] [Times: user=0.00 sys=0.00, real=0.00 secs] 
32.409: [GC (Allocation Failure) [PSYoungGen: 29662K->3041K(29696K)] 46873K->23094K(62464K), 0.0009967 secs] [Times: user=0.00 sys=0.00, real=0.00 secs] 
32.503: [GC (Allocation Failure) [PSYoungGen: 29642K->3041K(29696K)] 49695K->27848K(62464K), 0.0012199 secs] [Times: user=0.00 sys=0.00, real=0.00 secs] 
32.614: [GC (Allocation Failure) [PSYoungGen: 29647K->1504K(28672K)] 54454K->26335K(61440K), 0.0006528 secs] [Times: user=0.00 sys=0.00, real=0.00 secs] 
32.708: [GC (Allocation Failure) [PSYoungGen: 27602K->1344K(27136K)] 52433K->26199K(59904K), 0.0006322 secs] [Times: user=0.00 sys=0.00, real=0.00 secs] 
32.801: [GC (Allocation Failure) [PSYoungGen: 26919K->2241K(27648K)] 51774K->27104K(60416K), 0.0006932 secs] [Times: user=0.00 sys=0.00, real=0.00 secs] 
32.911: [GC (Allocation Failure) [PSYoungGen: 27326K->1664K(26624K)] 52189K->26535K(59392K), 0.0006419 secs] [Times: user=0.00 sys=0.00, real=0.00 secs] 
33.005: [GC (Allocation Failure) [PSYoungGen: 26231K->1568K(26624K)] 51102K->26463K(59392K), 0.0015767 secs] [Times: user=0.00 sys=0.00, real=0.00 secs] 
33.099: [GC (Allocation Failure) [PSYoungGen: 25611K->960K(24576K)] 50506K->25871K(57344K), 0.0004889 secs] [Times: user=0.00 sys=0.00, real=0.00 secs] 
33.209: [GC (Allocation Failure) [PSYoungGen: 24482K->3041K(26112K)] 49393K->30809K(58880K), 0.0010446 secs] [Times: user=0.03 sys=0.00, real=0.00 secs] 
33.210: [Full GC (Ergonomics) [PSYoungGen: 3041K->0K(26112K)] [ParOldGen: 27768K->6402K(32768K)] 30809K->6402K(58880K), [Metaspace: 2892K->2892K(1056768K)], 0.0020942 secs] [Times: user=0.00 sys=0.00, real=0.00 secs] 
33.301: [GC (Allocation Failure) [PSYoungGen: 23023K->3041K(25600K)] 29426K->10628K(58368K), 0.0012735 secs] [Times: user=0.00 sys=0.00, real=0.00 secs] 
33.411: [GC (Allocation Failure) [PSYoungGen: 25564K->1056K(23552K)] 33150K->8651K(56320K), 0.0005074 secs] [Times: user=0.00 sys=0.00, real=0.00 secs] 
33.458: [GC (Allocation Failure) [PSYoungGen: 23061K->3041K(25088K)] 30656K->14237K(57856K), 0.0008740 secs] [Times: user=0.00 sys=0.00, real=0.00 secs] 
33.552: [GC (Allocation Failure) [PSYoungGen: 25047K->3041K(29184K)] 36244K->15278K(61952K), 0.0009691 secs] [Times: user=0.00 sys=0.00, real=0.00 secs] 
33.662: [GC (Allocation Failure) [PSYoungGen: 29125K->3041K(29184K)] 41362K->15934K(61952K), 0.0008127 secs] [Times: user=0.03 sys=0.00, real=0.00 secs] 
33.758: [GC (Allocation Failure) [PSYoungGen: 29153K->3041K(28672K)] 42046K->17775K(61440K), 0.0008136 secs] [Times: user=0.00 sys=0.00, real=0.00 secs] 
33.850: [GC (Allocation Failure) [PSYoungGen: 28616K->3041K(29696K)] 43350K->20512K(62464K), 0.0009839 secs] [Times: user=0.00 sys=0.00, real=0.00 secs] 
33.958: [GC (Allocation Failure) [PSYoungGen: 29649K->3041K(29696K)] 47120K->23690K(62464K), 0.0010296 secs] [Times: user=0.00 sys=0.00, real=0.00 secs] 
34.051: [GC (Allocation Failure) [PSYoungGen: 29649K->3041K(29696K)] 50298K->28796K(62464K), 0.0011897 secs] [Times: user=0.00 sys=0.00, real=0.00 secs] 
34.205: [GC (Allocation Failure) [PSYoungGen: 29644K->256K(28672K)] 55399K->26027K(61440K), 0.0006798 secs] [Times: user=0.00 sys=0.00, real=0.00 secs] 
34.298: [GC (Allocation Failure) [PSYoungGen: 26368K->1376K(27136K)] 52139K->27172K(59904K), 0.0006678 secs] [Times: user=0.00 sys=0.00, real=0.00 secs] 
34.408: [GC (Allocation Failure) [PSYoungGen: 26968K->1344K(27648K)] 52764K->27156K(60416K), 0.0006766 secs] [Times: user=0.00 sys=0.00, real=0.00 secs] 
34.501: [GC (Allocation Failure) [PSYoungGen: 26402K->1760K(26624K)] 52213K->27604K(59392K), 0.0010399 secs] [Times: user=0.00 sys=0.00, real=0.00 secs] 
34.611: [GC (Allocation Failure) [PSYoungGen: 26324K->1536K(26624K)] 52168K->27396K(59392K), 0.0005141 secs] [Times: user=0.00 sys=0.00, real=0.00 secs] 
34.657: [GC (Allocation Failure) [PSYoungGen: 25597K->3041K(27136K)] 51456K->32974K(59904K), 0.0016010 secs] [Times: user=0.00 sys=0.00, real=0.00 secs] 
34.659: [Full GC (Ergonomics) [PSYoungGen: 3041K->0K(27136K)] [ParOldGen: 29933K->7654K(32768K)] 32974K->7654K(59904K), [Metaspace: 2892K->2892K(1056768K)], 0.0017342 secs] [Times: user=0.00 sys=0.00, real=0.00 secs] 
34.751: [GC (Allocation Failure) [PSYoungGen: 24041K->3041K(29696K)] 31696K->14121K(62464K), 0.0015707 secs] [Times: user=0.00 sys=0.00, real=0.00 secs] 
34.861: [GC (Allocation Failure) [PSYoungGen: 29665K->288K(29696K)] 40745K->11375K(62464K), 0.0004342 secs] [Times: user=0.00 sys=0.00, real=0.00 secs] 
35.001: [GC (Allocation Failure) [PSYoungGen: 26902K->1216K(29696K)] 37990K->12336K(62464K), 0.0004651 secs] [Times: user=0.00 sys=0.00, real=0.00 secs] 
35.110: [GC (Allocation Failure) [PSYoungGen: 27825K->3041K(29184K)] 38945K->14313K(61952K), 0.0007191 secs] [Times: user=0.00 sys=0.00, real=0.00 secs] 
35.204: [GC (Allocation Failure) [PSYoungGen: 29144K->2529K(28160K)] 40416K->14097K(60928K), 0.0006618 secs] [Times: user=0.00 sys=0.00, real=0.00 secs] 
35.314: [GC (Allocation Failure) [PSYoungGen: 28101K->3041K(28160K)] 39669K->15353K(60928K), 0.0008963 secs] [Times: user=0.00 sys=0.00, real=0.00 secs] 
35.408: [GC (Allocation Failure) [PSYoungGen: 28129K->2016K(26624K)] 40441K->15025K(59392K), 0.0005836 secs] [Times: user=0.00 sys=0.00, real=0.00 secs] 
35.500: [GC (Allocation Failure) [PSYoungGen: 26590K->2529K(26624K)] 39599K->15569K(59392K), 0.0007958 secs] [Times: user=0.00 sys=0.00, real=0.00 secs] 
35.609: [GC (Allocation Failure) [PSYoungGen: 26564K->1920K(25600K)] 39604K->14969K(58368K), 0.0008446 secs] [Times: user=0.00 sys=0.00, real=0.00 secs] 
35.656: [GC (Allocation Failure) [PSYoungGen: 25472K->3041K(26624K)] 38521K->20660K(59392K), 0.0013708 secs] [Times: user=0.00 sys=0.00, real=0.00 secs] 
35.749: [GC (Allocation Failure) [PSYoungGen: 26581K->3041K(29696K)] 44200K->24093K(62464K), 0.0015343 secs] [Times: user=0.00 sys=0.00, real=0.00 secs] 
35.858: [GC (Allocation Failure) [PSYoungGen: 29665K->192K(29696K)] 50717K->21252K(62464K), 0.0005344 secs] [Times: user=0.00 sys=0.00, real=0.00 secs] 
35.999: [GC (Allocation Failure) [PSYoungGen: 26806K->1184K(29696K)] 47866K->22269K(62464K), 0.0007013 secs] [Times: user=0.00 sys=0.00, real=0.00 secs] 
36.108: [GC (Allocation Failure) [PSYoungGen: 27793K->3041K(29184K)] 48877K->24238K(61952K), 0.0007390 secs] [Times: user=0.00 sys=0.00, real=0.00 secs] 
36.203: [GC (Allocation Failure) [PSYoungGen: 29136K->2337K(28160K)] 50333K->23549K(60928K), 0.0008145 secs] [Times: user=0.00 sys=0.00, real=0.00 secs] 
36.311: [GC (Allocation Failure) [PSYoungGen: 27910K->3041K(28160K)] 49123K->24502K(60928K), 0.0006705 secs] [Times: user=0.00 sys=0.00, real=0.00 secs] 
36.406: [GC (Allocation Failure) [PSYoungGen: 28124K->2016K(26624K)] 49585K->24157K(59392K), 0.0008078 secs] [Times: user=0.00 sys=0.00, real=0.00 secs] 
36.500: [GC (Allocation Failure) [PSYoungGen: 26592K->2561K(27136K)] 48733K->24718K(59904K), 0.0008530 secs] [Times: user=0.00 sys=0.00, real=0.00 secs] 
36.609: [GC (Allocation Failure) [PSYoungGen: 26604K->1920K(25600K)] 48761K->24085K(58368K), 0.0006332 secs] [Times: user=0.00 sys=0.00, real=0.00 secs] 
36.656: [GC (Allocation Failure) [PSYoungGen: 25444K->3041K(27136K)] 47609K->29632K(59904K), 0.0011197 secs] [Times: user=0.00 sys=0.00, real=0.00 secs] 
36.750: [GC (Allocation Failure) [PSYoungGen: 27080K->3041K(29696K)] 53671K->33458K(62464K), 0.0013740 secs] [Times: user=0.00 sys=0.00, real=0.00 secs] 
36.751: [Full GC (Ergonomics) [PSYoungGen: 3041K->0K(29696K)] [ParOldGen: 30417K->7270K(32768K)] 33458K->7270K(62464K), [Metaspace: 2892K->2892K(1056768K)], 0.0032470 secs] [Times: user=0.00 sys=0.00, real=0.00 secs] 
36.858: [GC (Allocation Failure) [PSYoungGen: 26624K->768K(29696K)] 33894K->8038K(62464K), 0.0005244 secs] [Times: user=0.00 sys=0.00, real=0.00 secs] 
36.999: [GC (Allocation Failure) [PSYoungGen: 27369K->1088K(28672K)] 34639K->8375K(61440K), 0.0005935 secs] [Times: user=0.00 sys=0.00, real=0.00 secs] 
37.109: [GC (Allocation Failure) [PSYoungGen: 27200K->2337K(28160K)] 34487K->9631K(60928K), 0.0007205 secs] [Times: user=0.00 sys=0.00, real=0.00 secs] 
37.204: [GC (Allocation Failure) [PSYoungGen: 27916K->1632K(27648K)] 35210K->8943K(60416K), 0.0005860 secs] [Times: user=0.00 sys=0.00, real=0.00 secs] 
37.312: [GC (Allocation Failure) [PSYoungGen: 26720K->2080K(27136K)] 34031K->9407K(59904K), 0.0008012 secs] [Times: user=0.00 sys=0.00, real=0.00 secs] 
37.405: [GC (Allocation Failure) [PSYoungGen: 26641K->768K(26624K)] 33967K->8103K(59392K), 0.0005367 secs] [Times: user=0.00 sys=0.00, real=0.00 secs] 
37.499: [GC (Allocation Failure) [PSYoungGen: 24807K->160K(24064K)] 32142K->7518K(56832K), 0.0004407 secs] [Times: user=0.00 sys=0.00, real=0.00 secs] 
37.562: [GC (Allocation Failure) [PSYoungGen: 23700K->3041K(26112K)] 31058K->14642K(58880K), 0.0011555 secs] [Times: user=0.00 sys=0.00, real=0.00 secs] 
37.654: [GC (Allocation Failure) [PSYoungGen: 26065K->3041K(25600K)] 37666K->15234K(58368K), 0.0008053 secs] [Times: user=0.00 sys=0.00, real=0.00 secs] 
37.764: [GC (Allocation Failure) [PSYoungGen: 25556K->1504K(23552K)] 37749K->13721K(56320K), 0.0006828 secs] [Times: user=0.00 sys=0.00, real=0.00 secs] 
37.811: [GC (Allocation Failure) [PSYoungGen: 23513K->3041K(25088K)] 35730K->19316K(57856K), 0.0013087 secs] [Times: user=0.00 sys=0.00, real=0.00 secs] 
37.906: [GC (Allocation Failure) [PSYoungGen: 25056K->3041K(29696K)] 41331K->19692K(62464K), 0.0012585 secs] [Times: user=0.00 sys=0.00, real=0.00 secs] 
38.013: [GC (Allocation Failure) [PSYoungGen: 29640K->3041K(29696K)] 46291K->22053K(62464K), 0.0009710 secs] [Times: user=0.00 sys=0.00, real=0.00 secs] 
38.107: [GC (Allocation Failure) [PSYoungGen: 29637K->3041K(29696K)] 48649K->26319K(62464K), 0.0011370 secs] [Times: user=0.00 sys=0.00, real=0.00 secs] 
38.200: [GC (Allocation Failure) [PSYoungGen: 29656K->3041K(29696K)] 52935K->30914K(62464K), 0.0014447 secs] [Times: user=0.00 sys=0.00, real=0.00 secs] 
38.202: [Full GC (Ergonomics) [PSYoungGen: 3041K->0K(29696K)] [ParOldGen: 27872K->8065K(32768K)] 30914K->8065K(62464K), [Metaspace: 2892K->2892K(1056768K)], 0.0027520 secs] [Times: user=0.00 sys=0.00, real=0.00 secs] 
38.357: [GC (Allocation Failure) [PSYoungGen: 26597K->1376K(29696K)] 34662K->9442K(62464K), 0.0006150 secs] [Times: user=0.00 sys=0.00, real=0.00 secs] 
38.450: [GC (Allocation Failure) [PSYoungGen: 27997K->1824K(29696K)] 36063K->9906K(62464K), 0.0008084 secs] [Times: user=0.00 sys=0.00, real=0.00 secs] 
38.560: [GC (Allocation Failure) [PSYoungGen: 28433K->3041K(29696K)] 36515K->11875K(62464K), 0.0008175 secs] [Times: user=0.00 sys=0.00, real=0.00 secs] 
38.654: [GC (Allocation Failure) [PSYoungGen: 29642K->3041K(29696K)] 38476K->13084K(62464K), 0.0010892 secs] [Times: user=0.00 sys=0.00, real=0.00 secs] 
38.764: [GC (Allocation Failure) [PSYoungGen: 29636K->3041K(29696K)] 39679K->16165K(62464K), 0.0017045 secs] [Times: user=0.00 sys=0.00, real=0.00 secs] 
38.856: [GC (Allocation Failure) [PSYoungGen: 29637K->3041K(29696K)] 42761K->21232K(62464K), 0.0010919 secs] [Times: user=0.00 sys=0.00, real=0.00 secs] 
39.013: [GC (Allocation Failure) [PSYoungGen: 29646K->832K(29696K)] 47836K->19039K(62464K), 0.0005870 secs] [Times: user=0.00 sys=0.00, real=0.00 secs] 
39.107: [GC (Allocation Failure) [PSYoungGen: 27429K->2753K(29696K)] 45636K->20975K(62464K), 0.0008591 secs] [Times: user=0.00 sys=0.00, real=0.00 secs] 
39.201: [GC (Allocation Failure) [PSYoungGen: 29377K->2561K(29696K)] 47599K->20791K(62464K), 0.0008376 secs] [Times: user=0.00 sys=0.00, real=0.00 secs] 
39.310: [GC (Allocation Failure) [PSYoungGen: 29160K->3041K(29696K)] 47390K->22800K(62464K), 0.0009327 secs] [Times: user=0.00 sys=0.00, real=0.00 secs] 
39.402: [GC (Allocation Failure) [PSYoungGen: 29659K->3041K(29696K)] 49418K->25242K(62464K), 0.0008833 secs] [Times: user=0.00 sys=0.00, real=0.00 secs] 
39.512: [GC (Allocation Failure) [PSYoungGen: 29648K->3041K(29696K)] 51849K->29620K(62464K), 0.0012881 secs] [Times: user=0.00 sys=0.00, real=0.00 secs] 
39.513: [Full GC (Ergonomics) [PSYoungGen: 3041K->0K(29696K)] [ParOldGen: 26578K->7879K(32768K)] 29620K->7879K(62464K), [Metaspace: 2892K->2892K(1056768K)], 0.0022946 secs] [Times: user=0.00 sys=0.00, real=0.00 secs] 
39.606: [GC (Allocation Failure) [PSYoungGen: 26624K->1152K(28672K)] 34503K->9031K(61440K), 0.0006366 secs] [Times: user=0.00 sys=0.00, real=0.00 secs] 
39.700: [GC (Allocation Failure) [PSYoungGen: 27264K->960K(26624K)] 35143K->8847K(59392K), 0.0005333 secs] [Times: user=0.00 sys=0.00, real=0.00 secs] 
39.810: [GC (Allocation Failure) [PSYoungGen: 26532K->1920K(27648K)] 34420K->9824K(60416K), 0.0005063 secs] [Times: user=0.00 sys=0.00, real=0.00 secs] 
39.905: [GC (Allocation Failure) [PSYoungGen: 27007K->800K(25600K)] 34910K->8711K(58368K), 0.0007208 secs] [Times: user=0.00 sys=0.00, real=0.00 secs] 
40.013: [GC (Allocation Failure) [PSYoungGen: 25372K->608K(26624K)] 33283K->8527K(59392K), 0.0005007 secs] [Times: user=0.00 sys=0.00, real=0.00 secs] 
40.108: [GC (Allocation Failure) [PSYoungGen: 24648K->3041K(26624K)] 32567K->16123K(59392K), 0.0014896 secs] [Times: user=0.00 sys=0.00, real=0.00 secs] 
40.201: [GC (Allocation Failure) [PSYoungGen: 26593K->2529K(25600K)] 39675K->18572K(58368K), 0.0008397 secs] [Times: user=0.00 sys=0.00, real=0.00 secs] 
40.308: [GC (Allocation Failure) [PSYoungGen: 25551K->3041K(25600K)] 41595K->19869K(58368K), 0.0007857 secs] [Times: user=0.00 sys=0.00, real=0.00 secs] 
40.401: [GC (Allocation Failure) [PSYoungGen: 25563K->704K(23552K)] 42391K->17547K(56320K), 0.0005789 secs] [Times: user=0.00 sys=0.00, real=0.00 secs] 
40.449: [GC (Allocation Failure) [PSYoungGen: 22709K->3041K(25088K)] 39553K->23134K(57856K), 0.0009730 secs] [Times: user=0.00 sys=0.00, real=0.00 secs] 
40.557: [GC (Allocation Failure) [PSYoungGen: 25047K->3041K(29184K)] 45140K->23726K(61952K), 0.0008276 secs] [Times: user=0.00 sys=0.00, real=0.00 secs] 
40.651: [GC (Allocation Failure) [PSYoungGen: 29153K->2753K(29184K)] 49838K->23446K(61952K), 0.0008970 secs] [Times: user=0.00 sys=0.00, real=0.00 secs] 
40.761: [GC (Allocation Failure) [PSYoungGen: 28865K->3041K(29696K)] 49558K->24583K(62464K), 0.0009363 secs] [Times: user=0.00 sys=0.00, real=0.00 secs] 
40.855: [GC (Allocation Failure) [PSYoungGen: 29649K->3041K(29696K)] 51191K->27384K(62464K), 0.0010739 secs] [Times: user=0.00 sys=0.00, real=0.00 secs] 
40.949: [GC (Allocation Failure) [PSYoungGen: 29653K->3041K(29696K)] 53997K->31154K(62464K), 0.0011529 secs] [Times: user=0.00 sys=0.00, real=0.00 secs] 
40.950: [Full GC (Ergonomics) [PSYoungGen: 3041K->0K(29696K)] [ParOldGen: 28113K->7245K(32768K)] 31154K->7245K(62464K), [Metaspace: 2892K->2892K(1056768K)], 0.0023593 secs] [Times: user=0.00 sys=0.00, real=0.00 secs] 
41.104: [GC (Allocation Failure) [PSYoungGen: 26605K->512K(27136K)] 33851K->7757K(59904K), 0.0006737 secs] [Times: user=0.00 sys=0.00, real=0.00 secs] 
41.213: [GC (Allocation Failure) [PSYoungGen: 26624K->224K(28160K)] 33869K->7477K(60928K), 0.0005778 secs] [Times: user=0.00 sys=0.00, real=0.00 secs] 
41.307: [GC (Allocation Failure) [PSYoungGen: 25795K->1152K(26624K)] 33049K->8414K(59392K), 0.0008185 secs] [Times: user=0.00 sys=0.00, real=0.00 secs] 
41.401: [GC (Allocation Failure) [PSYoungGen: 26240K->96K(27136K)] 33502K->7365K(59904K), 0.0005687 secs] [Times: user=0.00 sys=0.00, real=0.00 secs] 
41.463: [GC (Allocation Failure) [PSYoungGen: 24656K->3041K(27648K)] 31926K->15409K(60416K), 0.0011757 secs] [Times: user=0.00 sys=0.00, real=0.00 secs] 
41.557: [GC (Allocation Failure) [PSYoungGen: 27617K->3041K(29696K)] 39985K->20172K(62464K), 0.0013042 secs] [Times: user=0.00 sys=0.00, real=0.00 secs] 
41.651: [GC (Allocation Failure) [PSYoungGen: 29650K->3041K(29696K)] 46780K->25398K(62464K), 0.0014051 secs] [Times: user=0.00 sys=0.00, real=0.00 secs] 
41.805: [GC (Allocation Failure) [PSYoungGen: 29656K->1984K(29696K)] 52013K->24358K(62464K), 0.0008148 secs] [Times: user=0.00 sys=0.00, real=0.00 secs] 
41.914: [GC (Allocation Failure) [PSYoungGen: 28589K->2945K(29696K)] 50962K->25334K(62464K), 0.0009633 secs] [Times: user=0.00 sys=0.00, real=0.00 secs] 
42.009: [GC (Allocation Failure) [PSYoungGen: 29554K->3041K(29696K)] 51943K->27263K(62464K), 0.0010216 secs] [Times: user=0.00 sys=0.00, real=0.00 secs] 
42.103: [GC (Allocation Failure) [PSYoungGen: 29635K->3041K(29696K)] 53857K->31049K(62464K), 0.0014790 secs] [Times: user=0.00 sys=0.00, real=0.00 secs] 
42.105: [Full GC (Ergonomics) [PSYoungGen: 3041K->0K(29696K)] [ParOldGen: 28007K->7314K(32768K)] 31049K->7314K(62464K), [Metaspace: 2892K->2892K(1056768K)], 0.0019667 secs] [Times: user=0.00 sys=0.00, real=0.00 secs] 
42.212: [GC (Allocation Failure) [PSYoungGen: 26597K->3041K(29696K)] 33911K->13973K(62464K), 0.0007727 secs] [Times: user=0.00 sys=0.00, real=0.00 secs] 
42.305: [GC (Allocation Failure) [PSYoungGen: 29656K->384K(26624K)] 40588K->11332K(59392K), 0.0005098 secs] [Times: user=0.00 sys=0.00, real=0.00 secs] 
42.413: [GC (Allocation Failure) [PSYoungGen: 26494K->672K(28160K)] 37442K->11636K(60928K), 0.0005319 secs] [Times: user=0.00 sys=0.00, real=0.00 secs] 
42.508: [GC (Allocation Failure) [PSYoungGen: 26244K->1600K(27136K)] 37208K->12580K(59904K), 0.0004751 secs] [Times: user=0.00 sys=0.00, real=0.00 secs] 
42.600: [GC (Allocation Failure) [PSYoungGen: 26688K->544K(27136K)] 37668K->11548K(59904K), 0.0005777 secs] [Times: user=0.00 sys=0.00, real=0.00 secs] 
42.710: [GC (Allocation Failure) [PSYoungGen: 25109K->416K(24576K)] 36113K->11444K(57344K), 0.0004168 secs] [Times: user=0.00 sys=0.00, real=0.00 secs] 
42.804: [GC (Allocation Failure) [PSYoungGen: 24451K->3041K(26624K)] 35479K->18975K(59392K), 0.0011395 secs] [Times: user=0.00 sys=0.00, real=0.00 secs] 
42.913: [GC (Allocation Failure) [PSYoungGen: 26571K->3041K(26112K)] 42506K->21224K(58880K), 0.0009846 secs] [Times: user=0.06 sys=0.00, real=0.00 secs] 
43.007: [GC (Allocation Failure) [PSYoungGen: 26076K->2016K(24576K)] 44259K->21841K(57344K), 0.0008101 secs] [Times: user=0.00 sys=0.00, real=0.00 secs] 
43.099: [GC (Allocation Failure) [PSYoungGen: 24525K->1568K(24064K)] 44349K->21409K(56832K), 0.0007783 secs] [Times: user=0.00 sys=0.00, real=0.00 secs] 
43.162: [GC (Allocation Failure) [PSYoungGen: 23577K->3041K(25088K)] 43417K->25330K(57856K), 0.0009516 secs] [Times: user=0.00 sys=0.00, real=0.00 secs] 
43.255: [GC (Allocation Failure) [PSYoungGen: 25050K->2817K(25088K)] 47339K->25114K(57856K), 0.0007597 secs] [Times: user=0.00 sys=0.00, real=0.00 secs] 
43.349: [GC (Allocation Failure) [PSYoungGen: 24826K->192K(25088K)] 47123K->22497K(57856K), 0.0007495 secs] [Times: user=0.00 sys=0.00, real=0.00 secs] 
43.411: [GC (Allocation Failure) [PSYoungGen: 22207K->3041K(25088K)] 44512K->27083K(57856K), 0.0007707 secs] [Times: user=0.00 sys=0.00, real=0.00 secs] 
43.504: [GC (Allocation Failure) [PSYoungGen: 25050K->2145K(29184K)] 49093K->26203K(61952K), 0.0009794 secs] [Times: user=0.00 sys=0.00, real=0.00 secs] 
43.612: [GC (Allocation Failure) [PSYoungGen: 28252K->1952K(27648K)] 52311K->26027K(60416K), 0.0005534 secs] [Times: user=0.00 sys=0.00, real=0.00 secs] 
43.707: [GC (Allocation Failure) [PSYoungGen: 27528K->2337K(27648K)] 51602K->26427K(60416K), 0.0005511 secs] [Times: user=0.00 sys=0.00, real=0.00 secs] 
43.801: [GC (Allocation Failure) [PSYoungGen: 27400K->2753K(27648K)] 51490K->26875K(60416K), 0.0007945 secs] [Times: user=0.00 sys=0.00, real=0.00 secs] 
43.910: [GC (Allocation Failure) [PSYoungGen: 27329K->1632K(26112K)] 51451K->25779K(58880K), 0.0006479 secs] [Times: user=0.00 sys=0.00, real=0.00 secs] 
44.002: [GC (Allocation Failure) [PSYoungGen: 25675K->992K(24576K)] 49822K->25162K(57344K), 0.0004496 secs] [Times: user=0.00 sys=0.00, real=0.00 secs] 
44.111: [GC (Allocation Failure) [PSYoungGen: 24534K->3041K(26112K)] 48704K->32262K(58880K), 0.0011285 secs] [Times: user=0.00 sys=0.00, real=0.00 secs] 
44.112: [Full GC (Ergonomics) [PSYoungGen: 3041K->0K(26112K)] [ParOldGen: 29220K->8572K(32768K)] 32262K->8572K(58880K), [Metaspace: 2892K->2892K(1056768K)], 0.0022652 secs] [Times: user=0.00 sys=0.00, real=0.00 secs] 
44.204: [GC (Allocation Failure) [PSYoungGen: 23033K->3041K(25600K)] 31605K->13374K(58368K), 0.0010853 secs] [Times: user=0.00 sys=0.00, real=0.00 secs] 
44.314: [GC (Allocation Failure) [PSYoungGen: 25544K->2016K(24064K)] 35877K->12966K(56832K), 0.0006809 secs] [Times: user=0.00 sys=0.00, real=0.00 secs] 
44.361: [GC (Allocation Failure) [PSYoungGen: 24021K->3041K(25600K)] 34971K->19153K(58368K), 0.0011315 secs] [Times: user=0.00 sys=0.00, real=0.00 secs] 
44.457: [GC (Allocation Failure) [PSYoungGen: 25568K->3041K(29184K)] 41680K->20738K(61952K), 0.0010885 secs] [Times: user=0.00 sys=0.00, real=0.00 secs] 
44.550: [GC (Allocation Failure) [PSYoungGen: 29153K->3041K(29184K)] 46850K->23411K(61952K), 0.0010821 secs] [Times: user=0.00 sys=0.00, real=0.00 secs] 
44.660: [GC (Allocation Failure) [PSYoungGen: 29129K->3041K(29696K)] 49500K->25804K(62464K), 0.0008160 secs] [Times: user=0.00 sys=0.00, real=0.00 secs] 
44.754: [GC (Allocation Failure) [PSYoungGen: 29653K->3041K(29696K)] 52416K->30078K(62464K), 0.0012741 secs] [Times: user=0.00 sys=0.00, real=0.00 secs] 
44.756: [Full GC (Ergonomics) [PSYoungGen: 3041K->0K(29696K)] [ParOldGen: 27037K->7808K(32768K)] 30078K->7808K(62464K), [Metaspace: 2892K->2892K(1056768K)], 0.0018953 secs] [Times: user=0.01 sys=0.00, real=0.00 secs] 
44.863: [GC (Allocation Failure) [PSYoungGen: 26624K->1376K(29696K)] 34432K->9184K(62464K), 0.0004710 secs] [Times: user=0.00 sys=0.00, real=0.00 secs] 
45.003: [GC (Allocation Failure) [PSYoungGen: 27999K->2048K(28672K)] 35807K->9872K(61440K), 0.0008077 secs] [Times: user=0.00 sys=0.00, real=0.00 secs] 
45.113: [GC (Allocation Failure) [PSYoungGen: 28160K->3041K(28672K)] 35984K->11233K(61440K), 0.0005992 secs] [Times: user=0.00 sys=0.00, real=0.00 secs] 
45.205: [GC (Allocation Failure) [PSYoungGen: 28616K->2145K(27648K)] 36808K->10353K(60416K), 0.0005730 secs] [Times: user=0.00 sys=0.00, real=0.00 secs] 
45.300: [GC (Allocation Failure) [PSYoungGen: 27201K->2529K(27136K)] 35409K->10833K(59904K), 0.0006581 secs] [Times: user=0.00 sys=0.00, real=0.00 secs] 
45.411: [GC (Allocation Failure) [PSYoungGen: 27074K->1248K(25600K)] 35379K->9560K(58368K), 0.0007231 secs] [Times: user=0.00 sys=0.00, real=0.00 secs] 
45.505: [GC (Allocation Failure) [PSYoungGen: 25288K->640K(26112K)] 33600K->8968K(58880K), 0.0006459 secs] [Times: user=0.00 sys=0.00, real=0.00 secs] 
45.551: [GC (Allocation Failure) [PSYoungGen: 24180K->3041K(26624K)] 32508K->16083K(59392K), 0.0011780 secs] [Times: user=0.00 sys=0.00, real=0.00 secs] 
45.661: [GC (Allocation Failure) [PSYoungGen: 26566K->3041K(29696K)] 39609K->18172K(62464K), 0.0012741 secs] [Times: user=0.00 sys=0.00, real=0.00 secs] 
45.756: [GC (Allocation Failure) [PSYoungGen: 29638K->3041K(29696K)] 44769K->22182K(62464K), 0.0009583 secs] [Times: user=0.00 sys=0.00, real=0.00 secs] 
45.851: [GC (Allocation Failure) [PSYoungGen: 29665K->1088K(29696K)] 48806K->20245K(62464K), 0.0004159 secs] [Times: user=0.00 sys=0.00, real=0.00 secs] 
46.006: [GC (Allocation Failure) [PSYoungGen: 27705K->1344K(27648K)] 46863K->20526K(60416K), 0.0004109 secs] [Times: user=0.00 sys=0.00, real=0.00 secs] 
46.100: [GC (Allocation Failure) [PSYoungGen: 27456K->2561K(28672K)] 46638K->21750K(61440K), 0.0008081 secs] [Times: user=0.00 sys=0.00, real=0.00 secs] 
46.210: [GC (Allocation Failure) [PSYoungGen: 28145K->1856K(27136K)] 47335K->21070K(59904K), 0.0007501 secs] [Times: user=0.00 sys=0.00, real=0.00 secs] 
46.305: [GC (Allocation Failure) [PSYoungGen: 26924K->2305K(27136K)] 46138K->21542K(59904K), 0.0008756 secs] [Times: user=0.00 sys=0.00, real=0.00 secs] 
46.414: [GC (Allocation Failure) [PSYoungGen: 26869K->1056K(25600K)] 46107K->20309K(58368K), 0.0005726 secs] [Times: user=0.00 sys=0.00, real=0.00 secs] 
46.506: [GC (Allocation Failure) [PSYoungGen: 25094K->384K(26112K)] 44347K->19653K(58880K), 0.0006014 secs] [Times: user=0.00 sys=0.00, real=0.00 secs] 
46.554: [GC (Allocation Failure) [PSYoungGen: 23923K->3041K(26624K)] 43192K->26769K(59392K), 0.0013752 secs] [Times: user=0.00 sys=0.00, real=0.00 secs] 
46.663: [GC (Allocation Failure) [PSYoungGen: 26574K->3041K(29696K)] 50301K->28097K(62464K), 0.0010399 secs] [Times: user=0.00 sys=0.00, real=0.00 secs] 
46.759: [GC (Allocation Failure) [PSYoungGen: 29637K->3041K(29696K)] 54693K->31355K(62464K), 0.0010232 secs] [Times: user=0.00 sys=0.00, real=0.00 secs] 
46.760: [Full GC (Ergonomics) [PSYoungGen: 3041K->0K(29696K)] [ParOldGen: 28313K->6793K(32768K)] 31355K->6793K(62464K), [Metaspace: 2892K->2892K(1056768K)], 0.0020619 secs] [Times: user=0.00 sys=0.00, real=0.00 secs] 
46.851: [GC (Allocation Failure) [PSYoungGen: 26595K->3041K(29696K)] 33388K->15053K(62464K), 0.0013865 secs] [Times: user=0.00 sys=0.00, real=0.00 secs] 
47.007: [GC (Allocation Failure) [PSYoungGen: 29665K->1024K(29696K)] 41677K->13052K(62464K), 0.0004379 secs] [Times: user=0.00 sys=0.00, real=0.00 secs] 
47.099: [GC (Allocation Failure) [PSYoungGen: 27631K->2913K(29696K)] 39659K->14949K(62464K), 0.0007778 secs] [Times: user=0.00 sys=0.00, real=0.00 secs] 
47.207: [GC (Allocation Failure) [PSYoungGen: 29513K->3041K(29184K)] 41548K->15285K(61952K), 0.0008394 secs] [Times: user=0.00 sys=0.00, real=0.00 secs] 
47.302: [GC (Allocation Failure) [PSYoungGen: 29153K->2529K(29184K)] 41397K->16613K(61952K), 0.0010427 secs] [Times: user=0.00 sys=0.00, real=0.00 secs] 
47.411: [GC (Allocation Failure) [PSYoungGen: 29152K->3041K(29184K)] 43236K->18926K(61952K), 0.0007935 secs] [Times: user=0.00 sys=0.00, real=0.00 secs] 
47.506: [GC (Allocation Failure) [PSYoungGen: 29153K->2529K(29184K)] 45038K->21944K(61952K), 0.0010840 secs] [Times: user=0.05 sys=0.00, real=0.00 secs] 
47.600: [GC (Allocation Failure) [PSYoungGen: 29138K->3041K(29696K)] 48553K->27427K(62464K), 0.0013276 secs] [Times: user=0.06 sys=0.00, real=0.00 secs] 
47.718: [GC (Allocation Failure) [PSYoungGen: 29647K->192K(29696K)] 54033K->24585K(62464K), 0.0116141 secs] [Times: user=0.03 sys=0.00, real=0.01 secs] 
47.802: [GC (Allocation Failure) [PSYoungGen: 26801K->2209K(29696K)] 51194K->26626K(62464K), 0.0006750 secs] [Times: user=0.00 sys=0.00, real=0.00 secs] 
47.912: [GC (Allocation Failure) [PSYoungGen: 28803K->3041K(29696K)] 53221K->27539K(62464K), 0.0007329 secs] [Times: user=0.00 sys=0.00, real=0.00 secs] 
48.006: [GC (Allocation Failure) [PSYoungGen: 29637K->3041K(29696K)] 54134K->29612K(62464K), 0.0008770 secs] [Times: user=0.00 sys=0.00, real=0.00 secs] 
48.113: [GC (Allocation Failure) [PSYoungGen: 29648K->3041K(29696K)] 56219K->31965K(62464K), 0.0010080 secs] [Times: user=0.00 sys=0.00, real=0.00 secs] 
48.114: [Full GC (Ergonomics) [PSYoungGen: 3041K->0K(29696K)] [ParOldGen: 28923K->5871K(32768K)] 31965K->5871K(62464K), [Metaspace: 2892K->2892K(1056768K)], 0.0026407 secs] [Times: user=0.00 sys=0.00, real=0.00 secs] 
48.207: [GC (Allocation Failure) [PSYoungGen: 26606K->3041K(29696K)] 32478K->12658K(62464K), 0.0009702 secs] [Times: user=0.00 sys=0.00, real=0.00 secs] 
48.360: [GC (Allocation Failure) [PSYoungGen: 29665K->704K(29696K)] 39282K->10337K(62464K), 0.0004341 secs] [Times: user=0.00 sys=0.00, real=0.00 secs] 
48.454: [GC (Allocation Failure) [PSYoungGen: 27311K->1504K(29696K)] 36944K->11145K(62464K), 0.0005111 secs] [Times: user=0.00 sys=0.00, real=0.00 secs] 
48.562: [GC (Allocation Failure) [PSYoungGen: 28114K->3041K(29696K)] 37756K->13154K(62464K), 0.0007775 secs] [Times: user=0.00 sys=0.00, real=0.00 secs] 
48.655: [GC (Allocation Failure) [PSYoungGen: 29664K->3041K(29696K)] 39777K->14043K(62464K), 0.0008431 secs] [Times: user=0.00 sys=0.00, real=0.00 secs] 
48.751: [GC (Allocation Failure) [PSYoungGen: 29650K->3041K(29696K)] 40652K->16836K(62464K), 0.0008141 secs] [Times: user=0.00 sys=0.00, real=0.00 secs] 
48.861: [GC (Allocation Failure) [PSYoungGen: 29665K->3041K(29696K)] 43460K->21590K(62464K), 0.0013802 secs] [Times: user=0.00 sys=0.00, real=0.00 secs] 
48.954: [GC (Allocation Failure) [PSYoungGen: 29648K->3041K(29696K)] 48198K->26793K(62464K), 0.0010331 secs] [Times: user=0.00 sys=0.00, real=0.00 secs] 
49.110: [GC (Allocation Failure) [PSYoungGen: 29644K->2016K(28160K)] 53396K->25792K(60928K), 0.0006654 secs] [Times: user=0.00 sys=0.00, real=0.00 secs] 
49.203: [GC (Allocation Failure) [PSYoungGen: 28102K->1600K(28160K)] 51878K->25384K(60928K), 0.0008263 secs] [Times: user=0.00 sys=0.00, real=0.00 secs] 
49.313: [GC (Allocation Failure) [PSYoungGen: 27174K->2497K(27648K)] 50958K->26305K(60416K), 0.0008421 secs] [Times: user=0.00 sys=0.00, real=0.00 secs] 
49.406: [GC (Allocation Failure) [PSYoungGen: 27567K->1888K(27136K)] 51375K->25704K(59904K), 0.0011028 secs] [Times: user=0.00 sys=0.00, real=0.00 secs] 
49.500: [GC (Allocation Failure) [PSYoungGen: 26459K->1792K(27648K)] 50275K->25624K(60416K), 0.0009725 secs] [Times: user=0.00 sys=0.00, real=0.00 secs] 
49.608: [GC (Allocation Failure) [PSYoungGen: 26340K->1632K(26112K)] 50172K->25480K(58880K), 0.0007515 secs] [Times: user=0.00 sys=0.00, real=0.00 secs] 
49.656: [GC (Allocation Failure) [PSYoungGen: 25673K->3041K(28672K)] 49521K->30995K(61440K), 0.0010340 secs] [Times: user=0.00 sys=0.00, real=0.00 secs] 
49.657: [Full GC (Ergonomics) [PSYoungGen: 3041K->0K(28672K)] [ParOldGen: 27954K->7673K(32768K)] 30995K->7673K(61440K), [Metaspace: 2892K->2892K(1056768K)], 0.0020194 secs] [Times: user=0.00 sys=0.00, real=0.00 secs] 
49.749: [GC (Allocation Failure) [PSYoungGen: 25577K->3041K(29696K)] 33250K->15740K(62464K), 0.0011702 secs] [Times: user=0.00 sys=0.00, real=0.00 secs] 
49.903: [GC (Allocation Failure) [PSYoungGen: 29656K->864K(29696K)] 42356K->13587K(62464K), 0.0004762 secs] [Times: user=0.00 sys=0.00, real=0.00 secs] 
49.998: [GC (Allocation Failure) [PSYoungGen: 27470K->2785K(29696K)] 40193K->15540K(62464K), 0.0006911 secs] [Times: user=0.00 sys=0.00, real=0.00 secs] 
50.108: [GC (Allocation Failure) [PSYoungGen: 29394K->3041K(29696K)] 42150K->17509K(62464K), 0.0010278 secs] [Times: user=0.00 sys=0.00, real=0.00 secs] 
50.202: [GC (Allocation Failure) [PSYoungGen: 29649K->3041K(29184K)] 44118K->19502K(61952K), 0.0007049 secs] [Times: user=0.00 sys=0.00, real=0.00 secs] 
50.312: [GC (Allocation Failure) [PSYoungGen: 29153K->3041K(28672K)] 45614K->22624K(61440K), 0.0008455 secs] [Times: user=0.00 sys=0.00, real=0.00 secs] 
50.408: [GC (Allocation Failure) [PSYoungGen: 28635K->2016K(27136K)] 48218K->25137K(59904K), 0.0007689 secs] [Times: user=0.00 sys=0.00, real=0.00 secs] 
50.501: [GC (Allocation Failure) [PSYoungGen: 27074K->3041K(28672K)] 50195K->29083K(61440K), 0.0011881 secs] [Times: user=0.00 sys=0.00, real=0.00 secs] 
50.611: [GC (Allocation Failure) [PSYoungGen: 28615K->3041K(29696K)] 54657K->33013K(62464K), 0.0011823 secs] [Times: user=0.00 sys=0.00, real=0.00 secs] 
50.612: [Full GC (Ergonomics) [PSYoungGen: 3041K->0K(29696K)] [ParOldGen: 29971K->7420K(32768K)] 33013K->7420K(62464K), [Metaspace: 2892K->2892K(1056768K)], 0.0017845 secs] [Times: user=0.00 sys=0.00, real=0.00 secs] 
50.705: [GC (Allocation Failure) [PSYoungGen: 26603K->3041K(29696K)] 34024K->14751K(62464K), 0.0011905 secs] [Times: user=0.00 sys=0.00, real=0.00 secs] 
50.799: [GC (Allocation Failure) [PSYoungGen: 29654K->1088K(29696K)] 41365K->12814K(62464K), 0.0006624 secs] [Times: user=0.00 sys=0.00, real=0.00 secs] 
50.909: [GC (Allocation Failure) [PSYoungGen: 27693K->2016K(28160K)] 39419K->13759K(60928K), 0.0007623 secs] [Times: user=0.00 sys=0.00, real=0.00 secs] 
51.002: [GC (Allocation Failure) [PSYoungGen: 28128K->3041K(28672K)] 39871K->14919K(61440K), 0.0005526 secs] [Times: user=0.00 sys=0.00, real=0.00 secs] 
51.114: [GC (Allocation Failure) [PSYoungGen: 28619K->3009K(28160K)] 40498K->14903K(60928K), 0.0007522 secs] [Times: user=0.00 sys=0.00, real=0.00 secs] 
51.208: [GC (Allocation Failure) [PSYoungGen: 28086K->2016K(26624K)] 39981K->14271K(59392K), 0.0005337 secs] [Times: user=0.00 sys=0.00, real=0.00 secs] 
51.302: [GC (Allocation Failure) [PSYoungGen: 26592K->2177K(26624K)] 38847K->14447K(59392K), 0.0009310 secs] [Times: user=0.00 sys=0.00, real=0.00 secs] 
51.412: [GC (Allocation Failure) [PSYoungGen: 26239K->576K(25600K)] 38510K->12854K(58368K), 0.0005232 secs] [Times: user=0.00 sys=0.00, real=0.00 secs] 
51.506: [GC (Allocation Failure) [PSYoungGen: 24117K->3041K(26112K)] 36395K->20018K(58880K), 0.0013399 secs] [Times: user=0.06 sys=0.00, real=0.00 secs] 
51.599: [GC (Allocation Failure) [PSYoungGen: 26072K->2529K(26112K)] 43049K->23083K(58880K), 0.0012890 secs] [Times: user=0.05 sys=0.00, real=0.00 secs] 
51.708: [GC (Allocation Failure) [PSYoungGen: 26051K->3041K(26624K)] 46606K->23996K(59392K), 0.0009604 secs] [Times: user=0.00 sys=0.00, real=0.00 secs] 
51.802: [GC (Allocation Failure) [PSYoungGen: 26583K->2337K(29696K)] 47538K->23307K(62464K), 0.0008985 secs] [Times: user=0.00 sys=0.00, real=0.00 secs] 
51.912: [GC (Allocation Failure) [PSYoungGen: 28947K->2721K(29184K)] 49918K->23708K(61952K), 0.0007163 secs] [Times: user=0.00 sys=0.00, real=0.00 secs] 
52.005: [GC (Allocation Failure) [PSYoungGen: 28820K->2529K(29184K)] 49807K->24980K(61952K), 0.0010584 secs] [Times: user=0.00 sys=0.00, real=0.00 secs] 
52.114: [GC (Allocation Failure) [PSYoungGen: 29138K->3041K(29696K)] 51590K->28398K(62464K), 0.0013725 secs] [Times: user=0.00 sys=0.00, real=0.00 secs] 
52.207: [GC (Allocation Failure) [PSYoungGen: 29646K->3041K(29696K)] 55003K->31583K(62464K), 0.0012621 secs] [Times: user=0.00 sys=0.00, real=0.00 secs] 
52.208: [Full GC (Ergonomics) [PSYoungGen: 3041K->0K(29696K)] [ParOldGen: 28542K->6755K(32768K)] 31583K->6755K(62464K), [Metaspace: 2892K->2892K(1056768K)], 0.0022511 secs] [Times: user=0.00 sys=0.00, real=0.00 secs] 
52.300: [GC (Allocation Failure) [PSYoungGen: 26596K->3041K(29696K)] 33351K->14919K(62464K), 0.0009592 secs] [Times: user=0.00 sys=0.00, real=0.00 secs] 
52.408: [GC (Allocation Failure) [PSYoungGen: 29655K->960K(29696K)] 41533K->12854K(62464K), 0.0004537 secs] [Times: user=0.00 sys=0.00, real=0.00 secs] 
52.502: [GC (Allocation Failure) [PSYoungGen: 27566K->2881K(29184K)] 39460K->14807K(61952K), 0.0007833 secs] [Times: user=0.00 sys=0.00, real=0.00 secs] 
52.612: [GC (Allocation Failure) [PSYoungGen: 28993K->2048K(28160K)] 40919K->13982K(60928K), 0.0004946 secs] [Times: user=0.00 sys=0.00, real=0.00 secs] 
52.703: [GC (Allocation Failure) [PSYoungGen: 27624K->2913K(28160K)] 39558K->14855K(60928K), 0.0006701 secs] [Times: user=0.00 sys=0.00, real=0.00 secs] 
52.813: [GC (Allocation Failure) [PSYoungGen: 27971K->2016K(26624K)] 39913K->15279K(59392K), 0.0008038 secs] [Times: user=0.00 sys=0.00, real=0.00 secs] 
52.908: [GC (Allocation Failure) [PSYoungGen: 26580K->2209K(26624K)] 39843K->15487K(59392K), 0.0007372 secs] [Times: user=0.00 sys=0.00, real=0.00 secs] 
53.004: [GC (Allocation Failure) [PSYoungGen: 26250K->1568K(25600K)] 39529K->14871K(58368K), 0.0005327 secs] [Times: user=0.00 sys=0.00, real=0.00 secs] 
53.112: [GC (Allocation Failure) [PSYoungGen: 25110K->480K(23552K)] 38412K->13790K(56320K), 0.0006260 secs] [Times: user=0.00 sys=0.00, real=0.00 secs] 
53.207: [GC (Allocation Failure) [PSYoungGen: 23494K->3041K(25600K)] 36805K->18737K(58368K), 0.0010432 secs] [Times: user=0.00 sys=0.00, real=0.00 secs] 
53.300: [GC (Allocation Failure) [PSYoungGen: 25569K->3041K(25088K)] 41265K->18977K(57856K), 0.0010845 secs] [Times: user=0.00 sys=0.00, real=0.00 secs] 
53.363: [GC (Allocation Failure) [PSYoungGen: 25057K->800K(23040K)] 40993K->16743K(55808K), 0.0005738 secs] [Times: user=0.00 sys=0.00, real=0.00 secs] 
53.456: [GC (Allocation Failure) [PSYoungGen: 22304K->3041K(24576K)] 38247K->20161K(57344K), 0.0008080 secs] [Times: user=0.00 sys=0.00, real=0.00 secs] 
53.550: [GC (Allocation Failure) [PSYoungGen: 24541K->1024K(24576K)] 41661K->18160K(57344K), 0.0005494 secs] [Times: user=0.00 sys=0.00, real=0.00 secs] 
53.614: [GC (Allocation Failure) [PSYoungGen: 22501K->3041K(24576K)] 39637K->22650K(57344K), 0.0010347 secs] [Times: user=0.00 sys=0.00, real=0.00 secs] 
53.707: [GC (Allocation Failure) [PSYoungGen: 24528K->1376K(23040K)] 44138K->21002K(55808K), 0.0006023 secs] [Times: user=0.00 sys=0.00, real=0.00 secs] 
53.801: [GC (Allocation Failure) [PSYoungGen: 22875K->3041K(24576K)] 42501K->26036K(57344K), 0.0009149 secs] [Times: user=0.00 sys=0.00, real=0.00 secs] 
53.911: [GC (Allocation Failure) [PSYoungGen: 24544K->2016K(23552K)] 47539K->25356K(56320K), 0.0007608 secs] [Times: user=0.00 sys=0.00, real=0.00 secs] 
53.958: [GC (Allocation Failure) [PSYoungGen: 23518K->3041K(26112K)] 46857K->30686K(58880K), 0.0011315 secs] [Times: user=0.00 sys=0.00, real=0.00 secs] 
53.959: [Full GC (Ergonomics) [PSYoungGen: 3041K->0K(26112K)] [ParOldGen: 27645K->7847K(32768K)] 30686K->7847K(58880K), [Metaspace: 2892K->2892K(1056768K)], 0.0019893 secs] [Times: user=0.03 sys=0.00, real=0.00 secs] 
54.053: [GC (Allocation Failure) [PSYoungGen: 23021K->3041K(28672K)] 30869K->13513K(61440K), 0.0010012 secs] [Times: user=0.00 sys=0.00, real=0.00 secs] 
54.161: [GC (Allocation Failure) [PSYoungGen: 28634K->3041K(28672K)] 39107K->15010K(61440K), 0.0009217 secs] [Times: user=0.00 sys=0.00, real=0.00 secs] 
54.255: [GC (Allocation Failure) [PSYoungGen: 28613K->3041K(29696K)] 40582K->17403K(62464K), 0.0009049 secs] [Times: user=0.00 sys=0.00, real=0.00 secs] 
54.363: [GC (Allocation Failure) [PSYoungGen: 29650K->3041K(29696K)] 44012K->21685K(62464K), 0.0009070 secs] [Times: user=0.00 sys=0.00, real=0.00 secs] 
54.457: [GC (Allocation Failure) [PSYoungGen: 29636K->3041K(29696K)] 48280K->26920K(62464K), 0.0010854 secs] [Times: user=0.00 sys=0.00, real=0.00 secs] 
54.612: [GC (Allocation Failure) [PSYoungGen: 29636K->2016K(28160K)] 53515K->25911K(60928K), 0.0005560 secs] [Times: user=0.00 sys=0.00, real=0.00 secs] 
54.707: [GC (Allocation Failure) [PSYoungGen: 28101K->1856K(28160K)] 51996K->25759K(60928K), 0.0004229 secs] [Times: user=0.00 sys=0.00, real=0.00 secs] 
54.801: [GC (Allocation Failure) [PSYoungGen: 27433K->2785K(28160K)] 51336K->26720K(60928K), 0.0012557 secs] [Times: user=0.00 sys=0.00, real=0.00 secs] 
54.909: [GC (Allocation Failure) [PSYoungGen: 27841K->1728K(26624K)] 51776K->25679K(59392K), 0.0006842 secs] [Times: user=0.00 sys=0.00, real=0.00 secs] 
55.003: [GC (Allocation Failure) [PSYoungGen: 26304K->1568K(26112K)] 50255K->25543K(58880K), 0.0006089 secs] [Times: user=0.00 sys=0.00, real=0.00 secs] 
55.113: [GC (Allocation Failure) [PSYoungGen: 25616K->928K(26112K)] 49591K->24911K(58880K), 0.0006455 secs] [Times: user=0.00 sys=0.00, real=0.00 secs] 
55.160: [GC (Allocation Failure) [PSYoungGen: 24465K->3041K(26624K)] 48448K->30378K(59392K), 0.0009126 secs] [Times: user=0.00 sys=0.00, real=0.00 secs] 
55.161: [Full GC (Ergonomics) [PSYoungGen: 3041K->0K(26624K)] [ParOldGen: 27336K->6890K(32768K)] 30378K->6890K(59392K), [Metaspace: 2892K->2892K(1056768K)], 0.0020850 secs] [Times: user=0.02 sys=0.00, real=0.00 secs] 
55.253: [GC (Allocation Failure) [PSYoungGen: 23540K->3041K(29696K)] 30430K->12141K(62464K), 0.0010184 secs] [Times: user=0.00 sys=0.00, real=0.00 secs] 
55.362: [GC (Allocation Failure) [PSYoungGen: 29654K->3041K(29696K)] 38753K->16319K(62464K), 0.0009229 secs] [Times: user=0.00 sys=0.00, real=0.00 secs] 
55.457: [GC (Allocation Failure) [PSYoungGen: 29659K->3041K(29696K)] 42937K->21449K(62464K), 0.0012539 secs] [Times: user=0.00 sys=0.00, real=0.00 secs] 
55.611: [GC (Allocation Failure) [PSYoungGen: 29648K->1952K(28160K)] 48057K->20377K(60928K), 0.0007732 secs] [Times: user=0.00 sys=0.00, real=0.00 secs] 
55.706: [GC (Allocation Failure) [PSYoungGen: 28064K->1152K(28160K)] 46489K->19592K(60928K), 0.0006872 secs] [Times: user=0.00 sys=0.00, real=0.00 secs] 
55.800: [GC (Allocation Failure) [PSYoungGen: 26726K->2080K(27648K)] 45166K->20537K(60416K), 0.0006873 secs] [Times: user=0.00 sys=0.00, real=0.00 secs] 
55.908: [GC (Allocation Failure) [PSYoungGen: 27165K->1536K(27136K)] 45621K->20008K(59904K), 0.0006716 secs] [Times: user=0.00 sys=0.00, real=0.00 secs] 
56.003: [GC (Allocation Failure) [PSYoungGen: 26110K->1376K(25600K)] 44582K->19864K(58368K), 0.0005481 secs] [Times: user=0.00 sys=0.00, real=0.00 secs] 
56.113: [GC (Allocation Failure) [PSYoungGen: 25418K->736K(26112K)] 43906K->19240K(58880K), 0.0005826 secs] [Times: user=0.00 sys=0.00, real=0.00 secs] 
56.160: [GC (Allocation Failure) [PSYoungGen: 24281K->3041K(26624K)] 42786K->24659K(59392K), 0.0012281 secs] [Times: user=0.00 sys=0.00, real=0.00 secs] 
56.251: [GC (Allocation Failure) [PSYoungGen: 26583K->3041K(29696K)] 48201K->26692K(62464K), 0.0012029 secs] [Times: user=0.00 sys=0.00, real=0.00 secs] 
56.362: [GC (Allocation Failure) [PSYoungGen: 29639K->3041K(29696K)] 53289K->30702K(62464K), 0.0010373 secs] [Times: user=0.00 sys=0.00, real=0.00 secs] 
56.363: [Full GC (Ergonomics) [PSYoungGen: 3041K->0K(29696K)] [ParOldGen: 27660K->7565K(32768K)] 30702K->7565K(62464K), [Metaspace: 2892K->2892K(1056768K)], 0.0018449 secs] [Times: user=0.00 sys=0.00, real=0.00 secs] 
56.456: [GC (Allocation Failure) [PSYoungGen: 26608K->3041K(29696K)] 34173K->15024K(62464K), 0.0009976 secs] [Times: user=0.00 sys=0.00, real=0.00 secs] 
56.610: [GC (Allocation Failure) [PSYoungGen: 29656K->1216K(27648K)] 41640K->13215K(60416K), 0.0006227 secs] [Times: user=0.00 sys=0.00, real=0.00 secs] 
56.702: [GC (Allocation Failure) [PSYoungGen: 27326K->960K(28160K)] 39326K->12975K(60928K), 0.0008034 secs] [Times: user=0.00 sys=0.00, real=0.00 secs] 
56.811: [GC (Allocation Failure) [PSYoungGen: 26533K->1888K(27136K)] 38548K->13912K(59904K), 0.0006953 secs] [Times: user=0.00 sys=0.00, real=0.00 secs] 
56.905: [GC (Allocation Failure) [PSYoungGen: 26957K->1312K(27136K)] 38981K->13352K(59904K), 0.0007766 secs] [Times: user=0.00 sys=0.00, real=0.00 secs] 
57.000: [GC (Allocation Failure) [PSYoungGen: 25859K->1152K(25600K)] 37898K->13207K(58368K), 0.0008312 secs] [Times: user=0.00 sys=0.00, real=0.00 secs] 
57.108: [GC (Allocation Failure) [PSYoungGen: 25194K->512K(26112K)] 37249K->12583K(58880K), 0.0005332 secs] [Times: user=0.00 sys=0.00, real=0.00 secs] 
57.155: [GC (Allocation Failure) [PSYoungGen: 24053K->3041K(26624K)] 36125K->17522K(59392K), 0.0007983 secs] [Times: user=0.00 sys=0.00, real=0.00 secs] 
57.248: [GC (Allocation Failure) [PSYoungGen: 26583K->3041K(29696K)] 41064K->18826K(62464K), 0.0011863 secs] [Times: user=0.00 sys=0.00, real=0.00 secs] 
57.357: [GC (Allocation Failure) [PSYoungGen: 29638K->3041K(29696K)] 45424K->22068K(62464K), 0.0010482 secs] [Times: user=0.00 sys=0.00, real=0.00 secs] 
57.451: [GC (Allocation Failure) [PSYoungGen: 29645K->3041K(29696K)] 48672K->26278K(62464K), 0.0013337 secs] [Times: user=0.00 sys=0.00, real=0.00 secs] 
57.606: [GC (Allocation Failure) [PSYoungGen: 29638K->960K(29696K)] 52875K->24213K(62464K), 0.0005961 secs] [Times: user=0.00 sys=0.00, real=0.00 secs] 
57.698: [GC (Allocation Failure) [PSYoungGen: 27583K->1472K(28672K)] 50836K->24741K(61440K), 0.0007513 secs] [Times: user=0.00 sys=0.00, real=0.00 secs] 
57.809: [GC (Allocation Failure) [PSYoungGen: 27576K->2785K(28672K)] 50845K->26070K(61440K), 0.0008670 secs] [Times: user=0.00 sys=0.00, real=0.00 secs] 
57.902: [GC (Allocation Failure) [PSYoungGen: 28374K->2209K(27648K)] 51659K->25509K(60416K), 0.0006943 secs] [Times: user=0.00 sys=0.00, real=0.00 secs] 
58.012: [GC (Allocation Failure) [PSYoungGen: 27273K->2593K(27648K)] 50574K->25918K(60416K), 0.0008715 secs] [Times: user=0.00 sys=0.00, real=0.00 secs] 
58.106: [GC (Allocation Failure) [PSYoungGen: 27151K->2016K(26112K)] 50476K->25806K(58880K), 0.0008047 secs] [Times: user=0.00 sys=0.00, real=0.00 secs] 
58.202: [GC (Allocation Failure) [PSYoungGen: 26057K->192K(24064K)] 49846K->23989K(56832K), 0.0006850 secs] [Times: user=0.00 sys=0.00, real=0.00 secs] 
58.250: [GC (Allocation Failure) [PSYoungGen: 23735K->3041K(26624K)] 47532K->31096K(59392K), 0.0010457 secs] [Times: user=0.00 sys=0.00, real=0.00 secs] 
58.251: [Full GC (Ergonomics) [PSYoungGen: 3041K->0K(26624K)] [ParOldGen: 28055K->7826K(32768K)] 31096K->7826K(59392K), [Metaspace: 2892K->2892K(1056768K)], 0.0022611 secs] [Times: user=0.00 sys=0.00, real=0.00 secs] 
58.359: [GC (Allocation Failure) [PSYoungGen: 23536K->3041K(26624K)] 31362K->12948K(59392K), 0.0009057 secs] [Times: user=0.00 sys=0.00, real=0.00 secs] 
58.452: [GC (Allocation Failure) [PSYoungGen: 26564K->3041K(29696K)] 36471K->13917K(62464K), 0.0010532 secs] [Times: user=0.00 sys=0.00, real=0.00 secs] 
58.561: [GC (Allocation Failure) [PSYoungGen: 29648K->3041K(29696K)] 40523K->16838K(62464K), 0.0009006 secs] [Times: user=0.00 sys=0.00, real=0.00 secs] 
58.656: [GC (Allocation Failure) [PSYoungGen: 29660K->3041K(29184K)] 43457K->19664K(61952K), 0.0007614 secs] [Times: user=0.00 sys=0.00, real=0.00 secs] 
58.751: [GC (Allocation Failure) [PSYoungGen: 29153K->3041K(29696K)] 45776K->23738K(62464K), 0.0012770 secs] [Times: user=0.00 sys=0.00, real=0.00 secs] 
58.860: [GC (Allocation Failure) [PSYoungGen: 29665K->1024K(29696K)] 50362K->21736K(62464K), 0.0007517 secs] [Times: user=0.00 sys=0.00, real=0.00 secs] 
59.001: [GC (Allocation Failure) [PSYoungGen: 27625K->1792K(28160K)] 48338K->22529K(60928K), 0.0006935 secs] [Times: user=0.00 sys=0.00, real=0.00 secs] 
59.109: [GC (Allocation Failure) [PSYoungGen: 27904K->3009K(28672K)] 48641K->23762K(61440K), 0.0006668 secs] [Times: user=0.00 sys=0.00, real=0.00 secs] 
59.202: [GC (Allocation Failure) [PSYoungGen: 28590K->2337K(27648K)] 49343K->23097K(60416K), 0.0010243 secs] [Times: user=0.00 sys=0.00, real=0.00 secs] 
59.312: [GC (Allocation Failure) [PSYoungGen: 27403K->2529K(27136K)] 48164K->23505K(59904K), 0.0006685 secs] [Times: user=0.00 sys=0.00, real=0.00 secs] 
59.405: [GC (Allocation Failure) [PSYoungGen: 27081K->768K(25088K)] 48058K->21761K(57856K), 0.0008215 secs] [Times: user=0.00 sys=0.00, real=0.00 secs] 
59.498: [GC (Allocation Failure) [PSYoungGen: 24804K->160K(26112K)] 45797K->21160K(58880K), 0.0005528 secs] [Times: user=0.00 sys=0.00, real=0.00 secs] 
59.561: [GC (Allocation Failure) [PSYoungGen: 23698K->3041K(26112K)] 44699K->28292K(58880K), 0.0008822 secs] [Times: user=0.00 sys=0.00, real=0.00 secs] 
59.656: [GC (Allocation Failure) [PSYoungGen: 26081K->2529K(25088K)] 51332K->29404K(57856K), 0.0009632 secs] [Times: user=0.00 sys=0.00, real=0.00 secs] 
59.749: [GC (Allocation Failure) [PSYoungGen: 25043K->1984K(24064K)] 51918K->28892K(56832K), 0.0007517 secs] [Times: user=0.00 sys=0.00, real=0.00 secs] 
59.813: [GC (Allocation Failure) [PSYoungGen: 23989K->3041K(25088K)] 50897K->34519K(57856K), 0.0011180 secs] [Times: user=0.00 sys=0.00, real=0.00 secs] 
59.814: [Full GC (Ergonomics) [PSYoungGen: 3041K->0K(25088K)] [ParOldGen: 31477K->8117K(32768K)] 34519K->8117K(57856K), [Metaspace: 2892K->2892K(1056768K)], 0.0020544 secs] [Times: user=0.00 sys=0.00, real=0.00 secs] 
59.907: [GC (Allocation Failure) [PSYoungGen: 22010K->3041K(24576K)] 30128K->12023K(57344K), 0.0006459 secs] [Times: user=0.00 sys=0.00, real=0.00 secs] 
60.002: [GC (Allocation Failure) [PSYoungGen: 24534K->768K(24064K)] 33516K->9774K(56832K), 0.0003976 secs] [Times: user=0.00 sys=0.00, real=0.00 secs] 
60.109: [GC (Allocation Failure) [PSYoungGen: 22247K->3041K(24576K)] 31254K->14777K(57344K), 0.0008463 secs] [Times: user=0.00 sys=0.00, real=0.00 secs] 
60.202: [GC (Allocation Failure) [PSYoungGen: 24521K->448K(24576K)] 36257K->12199K(57344K), 0.0006911 secs] [Times: user=0.00 sys=0.00, real=0.00 secs] 
60.249: [GC (Allocation Failure) [PSYoungGen: 21925K->3041K(24576K)] 33676K->17242K(57344K), 0.0008818 secs] [Times: user=0.00 sys=0.00, real=0.00 secs] 
60.358: [GC (Allocation Failure) [PSYoungGen: 24536K->1248K(28672K)] 38737K->15457K(61440K), 0.0007467 secs] [Times: user=0.00 sys=0.00, real=0.00 secs] 
60.453: [GC (Allocation Failure) [PSYoungGen: 26825K->2177K(27648K)] 41034K->16393K(60416K), 0.0007211 secs] [Times: user=0.00 sys=0.00, real=0.00 secs] 
60.563: [GC (Allocation Failure) [PSYoungGen: 27239K->2657K(27648K)] 41456K->16898K(60416K), 0.0006697 secs] [Times: user=0.00 sys=0.00, real=0.00 secs] 
60.657: [GC (Allocation Failure) [PSYoungGen: 27210K->896K(25088K)] 41451K->15145K(57856K), 0.0009343 secs] [Times: user=0.00 sys=0.00, real=0.00 secs] 
60.752: [GC (Allocation Failure) [PSYoungGen: 24938K->288K(26112K)] 39187K->14561K(58880K), 0.0004992 secs] [Times: user=0.00 sys=0.00, real=0.00 secs] 
60.799: [GC (Allocation Failure) [PSYoungGen: 23830K->3041K(26624K)] 38103K->21676K(59392K), 0.0011594 secs] [Times: user=0.00 sys=0.00, real=0.00 secs] 
60.908: [GC (Allocation Failure) [PSYoungGen: 26570K->3041K(29696K)] 45205K->23421K(62464K), 0.0012504 secs] [Times: user=0.00 sys=0.00, real=0.00 secs] 
61.003: [GC (Allocation Failure) [PSYoungGen: 29639K->3041K(29696K)] 50018K->27111K(62464K), 0.0010525 secs] [Times: user=0.00 sys=0.00, real=0.00 secs] 
61.112: [GC (Allocation Failure) [PSYoungGen: 29665K->640K(29696K)] 53735K->24733K(62464K), 0.0004694 secs] [Times: user=0.00 sys=0.00, real=0.00 secs] 
61.252: [GC (Allocation Failure) [PSYoungGen: 27240K->800K(27136K)] 51334K->24910K(59904K), 0.0009239 secs] [Times: user=0.00 sys=0.00, real=0.00 secs] 
61.361: [GC (Allocation Failure) [PSYoungGen: 26912K->2080K(28160K)] 51022K->26214K(60928K), 0.0007368 secs] [Times: user=0.00 sys=0.00, real=0.00 secs] 
61.456: [GC (Allocation Failure) [PSYoungGen: 27664K->1984K(27136K)] 51797K->26134K(59904K), 0.0007723 secs] [Times: user=0.00 sys=0.00, real=0.00 secs] 
61.549: [GC (Allocation Failure) [PSYoungGen: 27051K->2369K(27136K)] 51201K->26542K(59904K), 0.0007517 secs] [Times: user=0.00 sys=0.00, real=0.00 secs] 
61.658: [GC (Allocation Failure) [PSYoungGen: 26920K->128K(24576K)] 51094K->24333K(57344K), 0.0004381 secs] [Times: user=0.00 sys=0.00, real=0.00 secs] 
61.707: [GC (Allocation Failure) [PSYoungGen: 24168K->3041K(27136K)] 48374K->31873K(59904K), 0.0010982 secs] [Times: user=0.00 sys=0.00, real=0.00 secs] 
61.708: [Full GC (Ergonomics) [PSYoungGen: 3041K->0K(27136K)] [ParOldGen: 28831K->8219K(32768K)] 31873K->8219K(59904K), [Metaspace: 2892K->2892K(1056768K)], 0.0019982 secs] [Times: user=0.01 sys=0.00, real=0.00 secs] 
61.800: [GC (Allocation Failure) [PSYoungGen: 24034K->3041K(27136K)] 32253K->15262K(59904K), 0.0008404 secs] [Times: user=0.00 sys=0.00, real=0.00 secs] 
61.909: [GC (Allocation Failure) [PSYoungGen: 27077K->3041K(29696K)] 39298K->17687K(62464K), 0.0009720 secs] [Times: user=0.00 sys=0.00, real=0.00 secs] 
62.003: [GC (Allocation Failure) [PSYoungGen: 29655K->3041K(29696K)] 44301K->22017K(62464K), 0.0013001 secs] [Times: user=0.00 sys=0.00, real=0.00 secs] 
62.114: [GC (Allocation Failure) [PSYoungGen: 29665K->608K(28672K)] 48641K->19608K(61440K), 0.0005195 secs] [Times: user=0.00 sys=0.00, real=0.00 secs] 
62.254: [GC (Allocation Failure) [PSYoungGen: 26720K->832K(26624K)] 45720K->19856K(59392K), 0.0006620 secs] [Times: user=0.00 sys=0.00, real=0.00 secs] 
62.364: [GC (Allocation Failure) [PSYoungGen: 26432K->1760K(27648K)] 45456K->20801K(60416K), 0.0009713 secs] [Times: user=0.00 sys=0.00, real=0.00 secs] 
62.457: [GC (Allocation Failure) [PSYoungGen: 26829K->672K(25600K)] 45869K->19720K(58368K), 0.0006262 secs] [Times: user=0.00 sys=0.00, real=0.00 secs] 
62.551: [GC (Allocation Failure) [PSYoungGen: 25248K->352K(26624K)] 44296K->19424K(59392K), 0.0005297 secs] [Times: user=0.00 sys=0.00, real=0.00 secs] 
62.600: [GC (Allocation Failure) [PSYoungGen: 24391K->3041K(27136K)] 43463K->26996K(59904K), 0.0011434 secs] [Times: user=0.00 sys=0.00, real=0.00 secs] 
62.709: [GC (Allocation Failure) [PSYoungGen: 27093K->3041K(29696K)] 51048K->29797K(62464K), 0.0009662 secs] [Times: user=0.02 sys=0.00, real=0.00 secs] 
62.710: [Full GC (Ergonomics) [PSYoungGen: 3041K->0K(29696K)] [ParOldGen: 26756K->6332K(32768K)] 29797K->6332K(62464K), [Metaspace: 2892K->2892K(1056768K)], 0.0020463 secs] [Times: user=0.00 sys=0.00, real=0.00 secs] 
62.804: [GC (Allocation Failure) [PSYoungGen: 26624K->3041K(29696K)] 32956K->14080K(62464K), 0.0012911 secs] [Times: user=0.01 sys=0.00, real=0.00 secs] 
62.958: [GC (Allocation Failure) [PSYoungGen: 29665K->480K(28672K)] 40704K->11534K(61440K), 0.0004594 secs] [Times: user=0.00 sys=0.00, real=0.00 secs] 
63.051: [GC (Allocation Failure) [PSYoungGen: 26592K->1664K(27648K)] 37646K->12727K(60416K), 0.0004582 secs] [Times: user=0.00 sys=0.00, real=0.00 secs] 
63.159: [GC (Allocation Failure) [PSYoungGen: 27246K->448K(27648K)] 38309K->11526K(60416K), 0.0005718 secs] [Times: user=0.00 sys=0.00, real=0.00 secs] 
63.254: [GC (Allocation Failure) [PSYoungGen: 25535K->864K(25600K)] 36614K->11951K(58368K), 0.0007016 secs] [Times: user=0.00 sys=0.00, real=0.00 secs] 
63.363: [GC (Allocation Failure) [PSYoungGen: 25440K->768K(26624K)] 36527K->11862K(59392K), 0.0009873 secs] [Times: user=0.00 sys=0.00, real=0.00 secs] 
63.411: [GC (Allocation Failure) [PSYoungGen: 24825K->3041K(27136K)] 35920K->18322K(59904K), 0.0010161 secs] [Times: user=0.00 sys=0.00, real=0.00 secs] 
63.504: [GC (Allocation Failure) [PSYoungGen: 27077K->3041K(29696K)] 42357K->21923K(62464K), 0.0010879 secs] [Times: user=0.00 sys=0.00, real=0.00 secs] 
63.599: [GC (Allocation Failure) [PSYoungGen: 29665K->416K(29696K)] 48547K->19314K(62464K), 0.0005131 secs] [Times: user=0.00 sys=0.00, real=0.00 secs] 
63.755: [GC (Allocation Failure) [PSYoungGen: 27022K->832K(28672K)] 45920K->19746K(61440K), 0.0005875 secs] [Times: user=0.00 sys=0.00, real=0.00 secs] 
63.864: [GC (Allocation Failure) [PSYoungGen: 26944K->2113K(28160K)] 45858K->21043K(60928K), 0.0008338 secs] [Times: user=0.00 sys=0.00, real=0.00 secs] 
63.960: [GC (Allocation Failure) [PSYoungGen: 27693K->1504K(27648K)] 46624K->20443K(60416K), 0.0009755 secs] [Times: user=0.00 sys=0.00, real=0.00 secs] 
64.053: [GC (Allocation Failure) [PSYoungGen: 26592K->1952K(26624K)] 45531K->20899K(59392K), 0.0009257 secs] [Times: user=0.00 sys=0.00, real=0.00 secs] 
64.164: [GC (Allocation Failure) [PSYoungGen: 26528K->96K(26624K)] 45475K->19050K(59392K), 0.0006192 secs] [Times: user=0.00 sys=0.00, real=0.00 secs] 
64.212: [GC (Allocation Failure) [PSYoungGen: 24137K->3041K(27136K)] 43091K->26630K(59904K), 0.0011574 secs] [Times: user=0.00 sys=0.00, real=0.00 secs] 
64.306: [GC (Allocation Failure) [PSYoungGen: 27081K->3041K(29696K)] 50670K->30648K(62464K), 0.0015340 secs] [Times: user=0.00 sys=0.00, real=0.00 secs] 
64.308: [Full GC (Ergonomics) [PSYoungGen: 3041K->0K(29696K)] [ParOldGen: 27606K->7616K(32768K)] 30648K->7616K(62464K), [Metaspace: 2892K->2892K(1056768K)], 0.0018082 secs] [Times: user=0.00 sys=0.00, real=0.00 secs] 
64.400: [GC (Allocation Failure) [PSYoungGen: 26599K->3041K(29696K)] 34216K->15588K(62464K), 0.0011097 secs] [Times: user=0.00 sys=0.00, real=0.00 secs] 
64.555: [GC (Allocation Failure) [PSYoungGen: 29654K->1728K(29696K)] 42202K->14292K(62464K), 0.0005386 secs] [Times: user=0.00 sys=0.00, real=0.00 secs] 
64.650: [GC (Allocation Failure) [PSYoungGen: 28341K->1696K(28160K)] 40905K->14284K(60928K), 0.0006600 secs] [Times: user=0.00 sys=0.00, real=0.00 secs] 
64.759: [GC (Allocation Failure) [PSYoungGen: 27808K->2817K(28672K)] 40396K->15412K(61440K), 0.0006558 secs] [Times: user=0.00 sys=0.00, real=0.00 secs] 
64.852: [GC (Allocation Failure) [PSYoungGen: 28393K->3041K(28160K)] 40988K->16389K(60928K), 0.0008032 secs] [Times: user=0.00 sys=0.00, real=0.00 secs] 
64.963: [GC (Allocation Failure) [PSYoungGen: 28103K->2016K(26624K)] 41451K->16533K(59392K), 0.0007223 secs] [Times: user=0.00 sys=0.00, real=0.00 secs] 
65.057: [GC (Allocation Failure) [PSYoungGen: 26592K->2977K(27136K)] 41109K->17517K(59904K), 0.0008814 secs] [Times: user=0.00 sys=0.00, real=0.00 secs] 
65.151: [GC (Allocation Failure) [PSYoungGen: 27041K->736K(25088K)] 41581K->15292K(57856K), 0.0008069 secs] [Times: user=0.00 sys=0.00, real=0.00 secs] 
65.200: [GC (Allocation Failure) [PSYoungGen: 24258K->3041K(26624K)] 38814K->22392K(59392K), 0.0011099 secs] [Times: user=0.00 sys=0.00, real=0.00 secs] 
65.310: [GC (Allocation Failure) [PSYoungGen: 26566K->3041K(29696K)] 45917K->26057K(62464K), 0.0012671 secs] [Times: user=0.00 sys=0.00, real=0.00 secs] 
65.405: [GC (Allocation Failure) [PSYoungGen: 29665K->3041K(29696K)] 52681K->30131K(62464K), 0.0014190 secs] [Times: user=0.00 sys=0.00, real=0.00 secs] 
65.406: [Full GC (Ergonomics) [PSYoungGen: 3041K->0K(29696K)] [ParOldGen: 27090K->7651K(32768K)] 30131K->7651K(62464K), [Metaspace: 2892K->2892K(1056768K)], 0.0020238 secs] [Times: user=0.00 sys=0.00, real=0.00 secs] 
65.562: [GC (Allocation Failure) [PSYoungGen: 26595K->832K(29696K)] 34247K->8484K(62464K), 0.0006212 secs] [Times: user=0.00 sys=0.00, real=0.00 secs] 
65.656: [GC (Allocation Failure) [PSYoungGen: 27450K->1312K(29696K)] 35101K->8980K(62464K), 0.0006118 secs] [Times: user=0.00 sys=0.00, real=0.00 secs] 
65.751: [GC (Allocation Failure) [PSYoungGen: 27919K->3041K(29696K)] 35587K->10957K(62464K), 0.0008820 secs] [Times: user=0.00 sys=0.00, real=0.00 secs] 
65.861: [GC (Allocation Failure) [PSYoungGen: 29651K->3041K(29696K)] 37567K->12141K(62464K), 0.0009986 secs] [Times: user=0.00 sys=0.00, real=0.00 secs] 
65.957: [GC (Allocation Failure) [PSYoungGen: 29636K->3041K(29184K)] 38736K->15231K(61952K), 0.0008860 secs] [Times: user=0.00 sys=0.00, real=0.00 secs] 
66.052: [GC (Allocation Failure) [PSYoungGen: 29153K->3041K(28672K)] 41343K->19433K(61440K), 0.0008808 secs] [Times: user=0.00 sys=0.00, real=0.00 secs] 
66.162: [GC (Allocation Failure) [PSYoungGen: 28637K->2016K(27136K)] 45029K->22458K(59904K), 0.0009704 secs] [Times: user=0.00 sys=0.00, real=0.00 secs] 
66.257: [GC (Allocation Failure) [PSYoungGen: 27074K->3041K(28672K)] 47516K->26893K(61440K), 0.0011861 secs] [Times: user=0.00 sys=0.00, real=0.00 secs] 
66.352: [GC (Allocation Failure) [PSYoungGen: 28615K->3041K(29696K)] 52467K->31223K(62464K), 0.0012489 secs] [Times: user=0.00 sys=0.00, real=0.00 secs] 
66.353: [Full GC (Ergonomics) [PSYoungGen: 3041K->0K(29696K)] [ParOldGen: 28181K->7806K(32768K)] 31223K->7806K(62464K), [Metaspace: 2892K->2892K(1056768K)], 0.0034372 secs] [Times: user=0.00 sys=0.00, real=0.00 secs] 
66.508: [GC (Allocation Failure) [PSYoungGen: 26599K->96K(29696K)] 34406K->7902K(62464K), 0.0008264 secs] [Times: user=0.00 sys=0.00, real=0.00 secs] 
66.602: [GC (Allocation Failure) [PSYoungGen: 26709K->2048K(29696K)] 34515K->9887K(62464K), 0.0009757 secs] [Times: user=0.00 sys=0.00, real=0.00 secs] 
66.713: [GC (Allocation Failure) [PSYoungGen: 28641K->2433K(29696K)] 36480K->10279K(62464K), 0.0007730 secs] [Times: user=0.00 sys=0.00, real=0.00 secs] 
66.806: [GC (Allocation Failure) [PSYoungGen: 29026K->3041K(29696K)] 36872K->12280K(62464K), 0.0009370 secs] [Times: user=0.00 sys=0.00, real=0.00 secs] 
66.900: [GC (Allocation Failure) [PSYoungGen: 29648K->3041K(29696K)] 38887K->14049K(62464K), 0.0007980 secs] [Times: user=0.00 sys=0.00, real=0.00 secs] 
67.009: [GC (Allocation Failure) [PSYoungGen: 29642K->3041K(29696K)] 40650K->17835K(62464K), 0.0011213 secs] [Times: user=0.00 sys=0.00, real=0.00 secs] 
67.103: [GC (Allocation Failure) [PSYoungGen: 29647K->544K(27136K)] 44441K->15353K(59904K), 0.0004096 secs] [Times: user=0.00 sys=0.00, real=0.00 secs] 
67.213: [GC (Allocation Failure) [PSYoungGen: 26655K->224K(28160K)] 41465K->15041K(60928K), 0.0005556 secs] [Times: user=0.00 sys=0.00, real=0.00 secs] 
67.308: [GC (Allocation Failure) [PSYoungGen: 25799K->1152K(26624K)] 40616K->15986K(59392K), 0.0005366 secs] [Times: user=0.00 sys=0.00, real=0.00 secs] 
67.401: [GC (Allocation Failure) [PSYoungGen: 26237K->608K(27136K)] 41071K->15449K(59904K), 0.0006399 secs] [Times: user=0.00 sys=0.00, real=0.00 secs] 
67.510: [GC (Allocation Failure) [PSYoungGen: 25184K->480K(24576K)] 40025K->15337K(57344K), 0.0004899 secs] [Times: user=0.00 sys=0.00, real=0.00 secs] 
67.605: [GC (Allocation Failure) [PSYoungGen: 24523K->3041K(26624K)] 39381K->22925K(59392K), 0.0009742 secs] [Times: user=0.00 sys=0.00, real=0.00 secs] 
67.715: [GC (Allocation Failure) [PSYoungGen: 26567K->3041K(26112K)] 46451K->24870K(58880K), 0.0007836 secs] [Times: user=0.00 sys=0.00, real=0.00 secs] 
67.808: [GC (Allocation Failure) [PSYoungGen: 26065K->2016K(24576K)] 47894K->25126K(57344K), 0.0006212 secs] [Times: user=0.00 sys=0.00, real=0.00 secs] 
67.901: [GC (Allocation Failure) [PSYoungGen: 24544K->128K(22528K)] 47654K->23269K(55296K), 0.0011059 secs] [Times: user=0.00 sys=0.00, real=0.00 secs] 
67.964: [GC (Allocation Failure) [PSYoungGen: 22137K->3041K(25088K)] 45278K->28832K(57856K), 0.0008886 secs] [Times: user=0.00 sys=0.00, real=0.00 secs] 
68.059: [GC (Allocation Failure) [PSYoungGen: 25044K->3041K(25088K)] 50835K->28880K(57856K), 0.0007853 secs] [Times: user=0.00 sys=0.00, real=0.00 secs] 
68.107: [GC (Allocation Failure) [PSYoungGen: 25057K->608K(29184K)] 50896K->26471K(61952K), 0.0005266 secs] [Times: user=0.00 sys=0.00, real=0.00 secs] 
68.263: [GC (Allocation Failure) [PSYoungGen: 26720K->128K(26112K)] 52583K->26007K(58880K), 0.0004864 secs] [Times: user=0.00 sys=0.00, real=0.00 secs] 
68.357: [GC (Allocation Failure) [PSYoungGen: 25696K->1024K(27648K)] 51575K->26927K(60416K), 0.0006806 secs] [Times: user=0.00 sys=0.00, real=0.00 secs] 
68.405: [GC (Allocation Failure) [PSYoungGen: 26102K->3041K(28160K)] 52005K->34082K(60928K), 0.0011811 secs] [Times: user=0.00 sys=0.00, real=0.00 secs] 
68.407: [Full GC (Ergonomics) [PSYoungGen: 3041K->0K(28160K)] [ParOldGen: 31041K->8617K(32768K)] 34082K->8617K(60928K), [Metaspace: 2892K->2892K(1056768K)], 0.0020207 secs] [Times: user=0.00 sys=0.00, real=0.00 secs] 
68.563: [GC (Allocation Failure) [PSYoungGen: 25060K->384K(29696K)] 33677K->9001K(62464K), 0.0005637 secs] [Times: user=0.00 sys=0.00, real=0.00 secs] 
68.656: [GC (Allocation Failure) [PSYoungGen: 26993K->736K(27136K)] 35610K->9361K(59904K), 0.0004787 secs] [Times: user=0.00 sys=0.00, real=0.00 secs] 
68.750: [GC (Allocation Failure) [PSYoungGen: 26848K->1952K(28160K)] 35473K->10594K(60928K), 0.0009672 secs] [Times: user=0.00 sys=0.00, real=0.00 secs] 
68.860: [GC (Allocation Failure) [PSYoungGen: 27527K->2945K(28160K)] 36168K->11602K(60928K), 0.0008032 secs] [Times: user=0.00 sys=0.00, real=0.00 secs] 
68.955: [GC (Allocation Failure) [PSYoungGen: 28033K->2337K(27136K)] 36690K->11002K(59904K), 0.0007405 secs] [Times: user=0.00 sys=0.00, real=0.00 secs] 
69.049: [GC (Allocation Failure) [PSYoungGen: 26887K->2209K(26624K)] 35553K->10898K(59392K), 0.0006897 secs] [Times: user=0.00 sys=0.00, real=0.00 secs] 
69.112: [GC (Allocation Failure) [PSYoungGen: 26273K->576K(25600K)] 34962K->9273K(58368K), 0.0004283 secs] [Times: user=0.00 sys=0.00, real=0.00 secs] 
69.205: [GC (Allocation Failure) [PSYoungGen: 24104K->3041K(26112K)] 32801K->15172K(58880K), 0.0011759 secs] [Times: user=0.00 sys=0.00, real=0.00 secs] 
69.314: [GC (Allocation Failure) [PSYoungGen: 26081K->2529K(25088K)] 38212K->16789K(57856K), 0.0009162 secs] [Times: user=0.00 sys=0.00, real=0.00 secs] 
69.408: [GC (Allocation Failure) [PSYoungGen: 25056K->1600K(24064K)] 39316K->15884K(56832K), 0.0007954 secs] [Times: user=0.00 sys=0.00, real=0.00 secs] 
69.503: [GC (Allocation Failure) [PSYoungGen: 23602K->3041K(24576K)] 37886K->21375K(57344K), 0.0008834 secs] [Times: user=0.00 sys=0.00, real=0.00 secs] 
69.612: [GC (Allocation Failure) [PSYoungGen: 24522K->3041K(24576K)] 42856K->22247K(57344K), 0.0010001 secs] [Times: user=0.00 sys=0.00, real=0.00 secs] 
69.660: [GC (Allocation Failure) [PSYoungGen: 24525K->2529K(24576K)] 43731K->26666K(57344K), 0.0010390 secs] [Times: user=0.00 sys=0.00, real=0.00 secs] 
69.755: [GC (Allocation Failure) [PSYoungGen: 24535K->3041K(25088K)] 48672K->28955K(57856K), 0.0009384 secs] [Times: user=0.00 sys=0.00, real=0.00 secs] 
69.864: [GC (Allocation Failure) [PSYoungGen: 25048K->2177K(29184K)] 50962K->28106K(61952K), 0.0010433 secs] [Times: user=0.00 sys=0.00, real=0.00 secs] 
69.957: [GC (Allocation Failure) [PSYoungGen: 28261K->2016K(29184K)] 54191K->27962K(61952K), 0.0007453 secs] [Times: user=0.00 sys=0.00, real=0.00 secs] 
70.053: [GC (Allocation Failure) [PSYoungGen: 28128K->3041K(29696K)] 54074K->29107K(62464K), 0.0007494 secs] [Times: user=0.00 sys=0.00, real=0.00 secs] 
70.162: [GC (Allocation Failure) [PSYoungGen: 29638K->3041K(29184K)] 55704K->29539K(61952K), 0.0008520 secs] [Times: user=0.00 sys=0.00, real=0.00 secs] 
70.256: [GC (Allocation Failure) [PSYoungGen: 29153K->2529K(29184K)] 55651K->31220K(61952K), 0.0009720 secs] [Times: user=0.00 sys=0.00, real=0.00 secs] 
70.257: [Full GC (Ergonomics) [PSYoungGen: 2529K->0K(29184K)] [ParOldGen: 28691K->5200K(32768K)] 31220K->5200K(61952K), [Metaspace: 2892K->2892K(1056768K)], 0.0023267 secs] [Times: user=0.00 sys=0.00, real=0.00 secs] 
70.350: [GC (Allocation Failure) [PSYoungGen: 26609K->3041K(29696K)] 31809K->10866K(62464K), 0.0008394 secs] [Times: user=0.00 sys=0.00, real=0.00 secs] 
70.460: [GC (Allocation Failure) [PSYoungGen: 29652K->3041K(29696K)] 37478K->15421K(62464K), 0.0013196 secs] [Times: user=0.00 sys=0.00, real=0.00 secs] 
70.600: [GC (Allocation Failure) [PSYoungGen: 29644K->1344K(27648K)] 42024K->13740K(60416K), 0.0007514 secs] [Times: user=0.00 sys=0.00, real=0.00 secs] 
70.709: [GC (Allocation Failure) [PSYoungGen: 27456K->512K(28160K)] 39852K->12915K(60928K), 0.0009165 secs] [Times: user=0.00 sys=0.00, real=0.00 secs] 
70.802: [GC (Allocation Failure) [PSYoungGen: 26087K->1440K(26624K)] 38491K->13852K(59392K), 0.0010272 secs] [Times: user=0.00 sys=0.00, real=0.00 secs] 
70.910: [GC (Allocation Failure) [PSYoungGen: 26502K->832K(27136K)] 38913K->13260K(59904K), 0.0006393 secs] [Times: user=0.00 sys=0.00, real=0.00 secs] 
71.004: [GC (Allocation Failure) [PSYoungGen: 25408K->416K(24576K)] 37836K->12851K(57344K), 0.0007508 secs] [Times: user=0.00 sys=0.00, real=0.00 secs] 
71.052: [GC (Allocation Failure) [PSYoungGen: 24457K->3041K(27136K)] 36892K->20455K(59904K), 0.0012750 secs] [Times: user=0.02 sys=0.00, real=0.00 secs] 
71.162: [GC (Allocation Failure) [PSYoungGen: 27095K->3041K(27136K)] 44509K->23184K(59904K), 0.0007883 secs] [Times: user=0.00 sys=0.00, real=0.00 secs] 
71.254: [GC (Allocation Failure) [PSYoungGen: 27081K->3041K(29696K)] 47224K->25313K(62464K), 0.0012885 secs] [Times: user=0.00 sys=0.00, real=0.00 secs] 
71.349: [GC (Allocation Failure) [PSYoungGen: 29665K->3041K(29696K)] 51937K->29427K(62464K), 0.0013894 secs] [Times: user=0.02 sys=0.00, real=0.00 secs] 
71.458: [GC (Allocation Failure) [PSYoungGen: 29648K->3041K(29696K)] 56035K->34022K(62464K), 0.0011341 secs] [Times: user=0.00 sys=0.00, real=0.00 secs] 
71.459: [Full GC (Ergonomics) [PSYoungGen: 3041K->0K(29696K)] [ParOldGen: 30980K->8023K(32768K)] 34022K->8023K(62464K), [Metaspace: 2892K->2892K(1056768K)], 0.0020297 secs] [Times: user=0.00 sys=0.00, real=0.00 secs] 
71.599: [GC (Allocation Failure) [PSYoungGen: 26602K->1312K(29696K)] 34626K->9335K(62464K), 0.0006083 secs] [Times: user=0.00 sys=0.00, real=0.00 secs] 
71.708: [GC (Allocation Failure) [PSYoungGen: 27932K->1728K(28672K)] 35955K->9759K(61440K), 0.0005414 secs] [Times: user=0.00 sys=0.00, real=0.00 secs] 
71.803: [GC (Allocation Failure) [PSYoungGen: 27840K->2977K(28672K)] 35871K->11016K(61440K), 0.0006281 secs] [Times: user=0.02 sys=0.00, real=0.00 secs] 
71.911: [GC (Allocation Failure) [PSYoungGen: 28560K->2529K(27648K)] 36599K->10928K(60416K), 0.0006867 secs] [Times: user=0.00 sys=0.00, real=0.00 secs] 
72.005: [GC (Allocation Failure) [PSYoungGen: 27596K->3041K(27648K)] 35995K->11752K(60416K), 0.0009284 secs] [Times: user=0.02 sys=0.00, real=0.00 secs] 
72.099: [GC (Allocation Failure) [PSYoungGen: 27617K->2016K(26112K)] 36328K->11664K(58880K), 0.0008386 secs] [Times: user=0.00 sys=0.00, real=0.00 secs] 
72.207: [GC (Allocation Failure) [PSYoungGen: 26053K->192K(24064K)] 35701K->9847K(56832K), 0.0006382 secs] [Times: user=0.00 sys=0.00, real=0.00 secs] 
72.255: [GC (Allocation Failure) [PSYoungGen: 23715K->3041K(26624K)] 33371K->16899K(59392K), 0.0011500 secs] [Times: user=0.00 sys=0.00, real=0.00 secs] 
72.350: [GC (Allocation Failure) [PSYoungGen: 26566K->3041K(26624K)] 40424K->18972K(59392K), 0.0008057 secs] [Times: user=0.03 sys=0.00, real=0.00 secs] 
72.460: [GC (Allocation Failure) [PSYoungGen: 26581K->3041K(29696K)] 42512K->19980K(62464K), 0.0009884 secs] [Times: user=0.00 sys=0.00, real=0.00 secs] 
72.552: [GC (Allocation Failure) [PSYoungGen: 29636K->3041K(29696K)] 46575K->22910K(62464K), 0.0010867 secs] [Times: user=0.01 sys=0.00, real=0.00 secs] 
72.660: [GC (Allocation Failure) [PSYoungGen: 29660K->3041K(29696K)] 49529K->26319K(62464K), 0.0011285 secs] [Times: user=0.00 sys=0.00, real=0.00 secs] 
72.803: [GC (Allocation Failure) [PSYoungGen: 29638K->224K(29696K)] 52916K->23542K(62464K), 0.0006624 secs] [Times: user=0.00 sys=0.00, real=0.00 secs] 
72.911: [GC (Allocation Failure) [PSYoungGen: 26833K->576K(28672K)] 50151K->23902K(61440K), 0.0006660 secs] [Times: user=0.00 sys=0.00, real=0.00 secs] 
73.006: [GC (Allocation Failure) [PSYoungGen: 26679K->1920K(27648K)] 50005K->25263K(60416K), 0.0008220 secs] [Times: user=0.02 sys=0.00, real=0.00 secs] 
73.101: [GC (Allocation Failure) [PSYoungGen: 27496K->2849K(28160K)] 50838K->26207K(60928K), 0.0007195 secs] [Times: user=0.00 sys=0.00, real=0.00 secs] 
73.211: [GC (Allocation Failure) [PSYoungGen: 27920K->1632K(26624K)] 51279K->25007K(59392K), 0.0007309 secs] [Times: user=0.00 sys=0.00, real=0.00 secs] 
73.303: [GC (Allocation Failure) [PSYoungGen: 26191K->1472K(26624K)] 49565K->24863K(59392K), 0.0005293 secs] [Times: user=0.00 sys=0.00, real=0.00 secs] 
73.351: [GC (Allocation Failure) [PSYoungGen: 25536K->1088K(25088K)] 48927K->24486K(57856K), 0.0006612 secs] [Times: user=0.00 sys=0.00, real=0.00 secs] 
73.459: [GC (Allocation Failure) [PSYoungGen: 24636K->3041K(26112K)] 48035K->30393K(58880K), 0.0010983 secs] [Times: user=0.05 sys=0.00, real=0.00 secs] 
73.555: [GC (Allocation Failure) [PSYoungGen: 26081K->3041K(26624K)] 53433K->32643K(59392K), 0.0011943 secs] [Times: user=0.02 sys=0.00, real=0.00 secs] 
73.556: [Full GC (Ergonomics) [PSYoungGen: 3041K->0K(26624K)] [ParOldGen: 29601K->5792K(32768K)] 32643K->5792K(59392K), [Metaspace: 2892K->2892K(1056768K)], 0.0034016 secs] [Times: user=0.00 sys=0.00, real=0.00 secs] 
73.659: [GC (Allocation Failure) [PSYoungGen: 23531K->2145K(29696K)] 29323K->7937K(62464K), 0.0013571 secs] [Times: user=0.00 sys=0.00, real=0.00 secs] 
73.752: [GC (Allocation Failure) [PSYoungGen: 28755K->3041K(29696K)] 34547K->9906K(62464K), 0.0008226 secs] [Times: user=0.00 sys=0.00, real=0.00 secs] 
73.859: [GC (Allocation Failure) [PSYoungGen: 29642K->3041K(29696K)] 36507K->11899K(62464K), 0.0010200 secs] [Times: user=0.00 sys=0.00, real=0.00 secs] 
73.954: [GC (Allocation Failure) [PSYoungGen: 29649K->3041K(29696K)] 38506K->15852K(62464K), 0.0015399 secs] [Times: user=0.00 sys=0.00, real=0.00 secs] 
74.112: [GC (Allocation Failure) [PSYoungGen: 29651K->704K(29696K)] 42463K->13523K(62464K), 0.0004128 secs] [Times: user=0.00 sys=0.00, real=0.00 secs] 
74.206: [GC (Allocation Failure) [PSYoungGen: 27327K->1056K(27648K)] 40147K->13891K(60416K), 0.0005699 secs] [Times: user=0.00 sys=0.00, real=0.00 secs] 
74.299: [GC (Allocation Failure) [PSYoungGen: 27168K->2241K(28160K)] 40003K->15092K(60928K), 0.0007426 secs] [Times: user=0.00 sys=0.00, real=0.00 secs] 
74.410: [GC (Allocation Failure) [PSYoungGen: 27827K->1632K(27136K)] 40679K->14500K(59904K), 0.0005397 secs] [Times: user=0.00 sys=0.00, real=0.00 secs] 
74.504: [GC (Allocation Failure) [PSYoungGen: 26693K->2048K(27136K)] 39561K->14932K(59904K), 0.0009553 secs] [Times: user=0.00 sys=0.00, real=0.00 secs] 
74.613: [GC (Allocation Failure) [PSYoungGen: 26604K->1920K(26112K)] 39488K->14820K(58880K), 0.0006814 secs] [Times: user=0.00 sys=0.00, real=0.00 secs] 
74.660: [GC (Allocation Failure) [PSYoungGen: 25954K->3041K(27136K)] 38854K->20855K(59904K), 0.0010821 secs] [Times: user=0.00 sys=0.00, real=0.00 secs] 
74.755: [GC (Allocation Failure) [PSYoungGen: 27084K->3041K(27136K)] 44898K->25169K(59904K), 0.0008652 secs] [Times: user=0.00 sys=0.00, real=0.00 secs] 
74.849: [GC (Allocation Failure) [PSYoungGen: 27084K->3041K(29696K)] 49212K->28827K(62464K), 0.0012706 secs] [Times: user=0.00 sys=0.00, real=0.00 secs] 
74.959: [GC (Allocation Failure) [PSYoungGen: 29646K->3041K(29696K)] 55432K->33445K(62464K), 0.0012797 secs] [Times: user=0.01 sys=0.00, real=0.00 secs] 
74.960: [Full GC (Ergonomics) [PSYoungGen: 3041K->0K(29696K)] [ParOldGen: 30404K->8135K(32768K)] 33445K->8135K(62464K), [Metaspace: 2892K->2892K(1056768K)], 0.0021146 secs] [Times: user=0.00 sys=0.00, real=0.00 secs] 
75.100: [GC (Allocation Failure) [PSYoungGen: 26595K->1376K(29696K)] 34731K->9512K(62464K), 0.0007272 secs] [Times: user=0.00 sys=0.00, real=0.00 secs] 
75.209: [GC (Allocation Failure) [PSYoungGen: 27999K->1248K(27648K)] 36135K->9408K(60416K), 0.0006142 secs] [Times: user=0.00 sys=0.00, real=0.00 secs] 
75.303: [GC (Allocation Failure) [PSYoungGen: 27360K->2433K(28160K)] 35520K->10609K(60928K), 0.0009327 secs] [Times: user=0.00 sys=0.00, real=0.00 secs] 
75.412: [GC (Allocation Failure) [PSYoungGen: 28022K->2305K(27648K)] 36198K->10489K(60416K), 0.0007350 secs] [Times: user=0.02 sys=0.00, real=0.00 secs] 
75.505: [GC (Allocation Failure) [PSYoungGen: 27362K->2785K(27648K)] 35546K->11001K(60416K), 0.0005392 secs] [Times: user=0.00 sys=0.00, real=0.00 secs] 
75.614: [GC (Allocation Failure) [PSYoungGen: 27361K->2529K(26624K)] 35577K->10753K(59392K), 0.0009291 secs] [Times: user=0.00 sys=0.00, real=0.00 secs] 
75.704: [GC (Allocation Failure) [PSYoungGen: 26592K->416K(25600K)] 34816K->8648K(58368K), 0.0004385 secs] [Times: user=0.00 sys=0.00, real=0.00 secs] 
75.751: [GC (Allocation Failure) [PSYoungGen: 23938K->3041K(26624K)] 32170K->15739K(59392K), 0.0020695 secs] [Times: user=0.00 sys=0.00, real=0.00 secs] 
75.860: [GC (Allocation Failure) [PSYoungGen: 26566K->3041K(29696K)] 39264K->19077K(62464K), 0.0013708 secs] [Times: user=0.00 sys=0.00, real=0.00 secs] 
75.953: [GC (Allocation Failure) [PSYoungGen: 29641K->3041K(29696K)] 45677K->22831K(62464K), 0.0033005 secs] [Times: user=0.00 sys=0.00, real=0.00 secs] 
76.108: [GC (Allocation Failure) [PSYoungGen: 29665K->544K(29696K)] 49455K->20349K(62464K), 0.0003348 secs] [Times: user=0.00 sys=0.00, real=0.00 secs] 
76.207: [GC (Allocation Failure) [PSYoungGen: 27138K->864K(29696K)] 46944K->20685K(62464K), 0.0005637 secs] [Times: user=0.00 sys=0.00, real=0.00 secs] 
76.310: [GC (Allocation Failure) [PSYoungGen: 27460K->2817K(29696K)] 47281K->22670K(62464K), 0.0005857 secs] [Times: user=0.00 sys=0.00, real=0.00 secs] 
76.403: [GC (Allocation Failure) [PSYoungGen: 29421K->3041K(29696K)] 49275K->23583K(62464K), 0.0013888 secs] [Times: user=0.00 sys=0.00, real=0.00 secs] 
76.511: [GC (Allocation Failure) [PSYoungGen: 29638K->3041K(29696K)] 50180K->26216K(62464K), 0.0008417 secs] [Times: user=0.00 sys=0.00, real=0.00 secs] 
76.605: [GC (Allocation Failure) [PSYoungGen: 29639K->3041K(29696K)] 52814K->30802K(62464K), 0.0016379 secs] [Times: user=0.00 sys=0.00, real=0.00 secs] 
76.607: [Full GC (Ergonomics) [PSYoungGen: 3041K->0K(29696K)] [ParOldGen: 27761K->8143K(32768K)] 30802K->8143K(62464K), [Metaspace: 2892K->2892K(1056768K)], 0.0026381 secs] [Times: user=0.00 sys=0.00, real=0.00 secs] 
76.714: [GC (Allocation Failure) [PSYoungGen: 26620K->3041K(29696K)] 34764K->15666K(62464K), 0.0010047 secs] [Times: user=0.00 sys=0.00, real=0.00 secs] 
76.806: [GC (Allocation Failure) [PSYoungGen: 29665K->1312K(29696K)] 42290K->13970K(62464K), 0.0003216 secs] [Times: user=0.00 sys=0.00, real=0.00 secs] 
76.899: [GC (Allocation Failure) [PSYoungGen: 27920K->2209K(28672K)] 40577K->14874K(61440K), 0.0006454 secs] [Times: user=0.00 sys=0.00, real=0.00 secs] 
77.009: [GC (Allocation Failure) [PSYoungGen: 28321K->3041K(28672K)] 40986K->16107K(61440K), 0.0005791 secs] [Times: user=0.00 sys=0.00, real=0.00 secs] 
77.102: [GC (Allocation Failure) [PSYoungGen: 28617K->2529K(27648K)] 41683K->17403K(60416K), 0.0008032 secs] [Times: user=0.00 sys=0.00, real=0.00 secs] 
77.208: [GC (Allocation Failure) [PSYoungGen: 27617K->3041K(27648K)] 42491K->18036K(60416K), 0.0009009 secs] [Times: user=0.00 sys=0.00, real=0.00 secs] 
77.302: [GC (Allocation Failure) [PSYoungGen: 27585K->2016K(26112K)] 42580K->17963K(58880K), 0.0007817 secs] [Times: user=0.00 sys=0.00, real=0.00 secs] 
77.411: [GC (Allocation Failure) [PSYoungGen: 26073K->832K(24576K)] 42020K->16803K(57344K), 0.0003964 secs] [Times: user=0.00 sys=0.00, real=0.00 secs] 
77.503: [GC (Allocation Failure) [PSYoungGen: 24372K->3041K(26112K)] 40343K->23902K(58880K), 0.0011444 secs] [Times: user=0.00 sys=0.00, real=0.00 secs] 
77.612: [GC (Allocation Failure) [PSYoungGen: 26069K->3041K(25600K)] 46931K->27112K(58368K), 0.0009984 secs] [Times: user=0.00 sys=0.00, real=0.00 secs] 
77.706: [GC (Allocation Failure) [PSYoungGen: 25541K->2016K(24064K)] 49612K->26712K(56832K), 0.0006811 secs] [Times: user=0.00 sys=0.00, real=0.00 secs] 
77.753: [GC (Allocation Failure) [PSYoungGen: 24025K->3041K(25600K)] 48720K->32875K(58368K), 0.0014926 secs] [Times: user=0.00 sys=0.00, real=0.00 secs] 
77.754: [Full GC (Ergonomics) [PSYoungGen: 3041K->0K(25600K)] [ParOldGen: 29833K->8661K(32768K)] 32875K->8661K(58368K), [Metaspace: 2892K->2892K(1056768K)], 0.0020091 secs] [Times: user=0.00 sys=0.00, real=0.00 secs] 
77.860: [GC (Allocation Failure) [PSYoungGen: 22500K->3041K(29696K)] 31161K->13688K(62464K), 0.0010747 secs] [Times: user=0.00 sys=0.00, real=0.00 secs] 
77.953: [GC (Allocation Failure) [PSYoungGen: 29643K->3041K(29696K)] 40289K->17570K(62464K), 0.0012954 secs] [Times: user=0.00 sys=0.00, real=0.00 secs] 
78.106: [GC (Allocation Failure) [PSYoungGen: 29645K->672K(29696K)] 44174K->15208K(62464K), 0.0005861 secs] [Times: user=0.00 sys=0.00, real=0.00 secs] 
78.199: [GC (Allocation Failure) [PSYoungGen: 27296K->512K(29696K)] 41832K->15064K(62464K), 0.0005668 secs] [Times: user=0.00 sys=0.00, real=0.00 secs] 
78.307: [GC (Allocation Failure) [PSYoungGen: 27107K->2433K(28672K)] 41660K->17009K(61440K), 0.0006110 secs] [Times: user=0.00 sys=0.00, real=0.00 secs] 
78.401: [GC (Allocation Failure) [PSYoungGen: 28544K->2817K(28672K)] 43121K->17417K(61440K), 0.0006893 secs] [Times: user=0.00 sys=0.00, real=0.00 secs] 
78.509: [GC (Allocation Failure) [PSYoungGen: 28388K->2529K(27648K)] 42988K->18330K(60416K), 0.0006894 secs] [Times: user=0.00 sys=0.00, real=0.00 secs] 
78.604: [GC (Allocation Failure) [PSYoungGen: 27587K->3041K(27648K)] 43389K->19923K(60416K), 0.0007802 secs] [Times: user=0.00 sys=0.00, real=0.00 secs] 
78.713: [GC (Allocation Failure) [PSYoungGen: 27591K->2016K(26112K)] 44472K->19362K(58880K), 0.0007960 secs] [Times: user=0.00 sys=0.00, real=0.00 secs] 
78.807: [GC (Allocation Failure) [PSYoungGen: 26059K->1824K(25600K)] 43405K->19178K(58368K), 0.0006586 secs] [Times: user=0.00 sys=0.00, real=0.00 secs] 
78.854: [GC (Allocation Failure) [PSYoungGen: 25376K->288K(25600K)] 42730K->17657K(58368K), 0.0005617 secs] [Times: user=0.00 sys=0.00, real=0.00 secs] 
78.961: [GC (Allocation Failure) [PSYoungGen: 23302K->3041K(25600K)] 40671K->23196K(58368K), 0.0012175 secs] [Times: user=0.00 sys=0.00, real=0.00 secs] 
79.055: [GC (Allocation Failure) [PSYoungGen: 25569K->2529K(24576K)] 45724K->23844K(57344K), 0.0006233 secs] [Times: user=0.00 sys=0.00, real=0.00 secs] 
79.102: [GC (Allocation Failure) [PSYoungGen: 24545K->1344K(23040K)] 45860K->22667K(55808K), 0.0006315 secs] [Times: user=0.00 sys=0.00, real=0.00 secs] 
79.210: [GC (Allocation Failure) [PSYoungGen: 22829K->3041K(24576K)] 44153K->25789K(57344K), 0.0007750 secs] [Times: user=0.00 sys=0.00, real=0.00 secs] 
79.305: [GC (Allocation Failure) [PSYoungGen: 24541K->1312K(24576K)] 47289K->24093K(57344K), 0.0003696 secs] [Times: user=0.00 sys=0.00, real=0.00 secs] 
79.400: [GC (Allocation Failure) [PSYoungGen: 22794K->3041K(24576K)] 45574K->28087K(57344K), 0.0009117 secs] [Times: user=0.00 sys=0.00, real=0.00 secs] 
79.506: [GC (Allocation Failure) [PSYoungGen: 24516K->2080K(24576K)] 49562K->27142K(57344K), 0.0004024 secs] [Times: user=0.00 sys=0.00, real=0.00 secs] 
79.553: [GC (Allocation Failure) [PSYoungGen: 23557K->3041K(24576K)] 48618K->32177K(57344K), 0.0011653 secs] [Times: user=0.05 sys=0.00, real=0.00 secs] 
79.555: [Full GC (Ergonomics) [PSYoungGen: 3041K->0K(24576K)] [ParOldGen: 29135K->7645K(32768K)] 32177K->7645K(57344K), [Metaspace: 2892K->2892K(1056768K)], 0.0019561 secs] [Times: user=0.00 sys=0.00, real=0.00 secs] 
79.662: [GC (Allocation Failure) [PSYoungGen: 21490K->1888K(24576K)] 29135K->9533K(57344K), 0.0006446 secs] [Times: user=0.00 sys=0.00, real=0.00 secs] 
79.710: [GC (Allocation Failure) [PSYoungGen: 23392K->3041K(28672K)] 31037K->14608K(61440K), 0.0013390 secs] [Times: user=0.00 sys=0.00, real=0.00 secs] 
79.803: [GC (Allocation Failure) [PSYoungGen: 28614K->3041K(28672K)] 40181K->19458K(61440K), 0.0011668 secs] [Times: user=0.00 sys=0.00, real=0.00 secs] 
79.914: [GC (Allocation Failure) [PSYoungGen: 28613K->3041K(29696K)] 45030K->24213K(62464K), 0.0017410 secs] [Times: user=0.00 sys=0.00, real=0.00 secs] 
80.053: [GC (Allocation Failure) [PSYoungGen: 29645K->1504K(29696K)] 50817K->22692K(62464K), 0.0004831 secs] [Times: user=0.00 sys=0.00, real=0.00 secs] 
80.162: [GC (Allocation Failure) [PSYoungGen: 28119K->1824K(29696K)] 49307K->23020K(62464K), 0.0005904 secs] [Times: user=0.00 sys=0.00, real=0.00 secs] 
80.256: [GC (Allocation Failure) [PSYoungGen: 28419K->3041K(29696K)] 49614K->24949K(62464K), 0.0010396 secs] [Times: user=0.01 sys=0.00, real=0.00 secs] 
80.349: [GC (Allocation Failure) [PSYoungGen: 29636K->3041K(29696K)] 51544K->27654K(62464K), 0.0008163 secs] [Times: user=0.00 sys=0.00, real=0.00 secs] 
80.459: [GC (Allocation Failure) [PSYoungGen: 29649K->3041K(29184K)] 54262K->30784K(61952K), 0.0009271 secs] [Times: user=0.03 sys=0.01, real=0.00 secs] 
80.460: [Full GC (Ergonomics) [PSYoungGen: 3041K->0K(29184K)] [ParOldGen: 27742K->6657K(32768K)] 30784K->6657K(61952K), [Metaspace: 2892K->2892K(1056768K)], 0.0022059 secs] [Times: user=0.00 sys=0.00, real=0.00 secs] 
80.555: [GC (Allocation Failure) [PSYoungGen: 26098K->2529K(29184K)] 32755K->14052K(61952K), 0.0011975 secs] [Times: user=0.00 sys=0.00, real=0.00 secs] 
80.649: [GC (Allocation Failure) [PSYoungGen: 29152K->3041K(29696K)] 40675K->19343K(62464K), 0.0016901 secs] [Times: user=0.00 sys=0.00, real=0.00 secs] 
80.805: [GC (Allocation Failure) [PSYoungGen: 29644K->1600K(29696K)] 45946K->17926K(62464K), 0.0004966 secs] [Times: user=0.00 sys=0.00, real=0.00 secs] 
80.899: [GC (Allocation Failure) [PSYoungGen: 28208K->2497K(29696K)] 44534K->18838K(62464K), 0.0007165 secs] [Times: user=0.00 sys=0.00, real=0.00 secs] 
81.009: [GC (Allocation Failure) [PSYoungGen: 29090K->3041K(29696K)] 45432K->20767K(62464K), 0.0009714 secs] [Times: user=0.00 sys=0.00, real=0.00 secs] 
81.102: [GC (Allocation Failure) [PSYoungGen: 29636K->3041K(29696K)] 47362K->24153K(62464K), 0.0011098 secs] [Times: user=0.00 sys=0.00, real=0.00 secs] 
81.211: [GC (Allocation Failure) [PSYoungGen: 29657K->3041K(29696K)] 50769K->27307K(62464K), 0.0011676 secs] [Times: user=0.00 sys=0.00, real=0.00 secs] 
81.305: [GC (Allocation Failure) [PSYoungGen: 29638K->3041K(29696K)] 53903K->32429K(62464K), 0.0011941 secs] [Times: user=0.00 sys=0.00, real=0.00 secs] 
81.306: [Full GC (Ergonomics) [PSYoungGen: 3041K->0K(29696K)] [ParOldGen: 29388K->8644K(32768K)] 32429K->8644K(62464K), [Metaspace: 2892K->2892K(1056768K)], 0.0024051 secs] [Times: user=0.00 sys=0.00, real=0.00 secs] 
81.412: [GC (Allocation Failure) [PSYoungGen: 26619K->896K(29696K)] 35263K->9540K(62464K), 0.0005172 secs] [Times: user=0.02 sys=0.00, real=0.00 secs] 
81.508: [GC (Allocation Failure) [PSYoungGen: 27498K->2817K(29696K)] 36142K->11469K(62464K), 0.0007482 secs] [Times: user=0.00 sys=0.00, real=0.00 secs] 
81.602: [GC (Allocation Failure) [PSYoungGen: 29424K->3041K(29696K)] 38076K->13510K(62464K), 0.0008352 secs] [Times: user=0.00 sys=0.00, real=0.00 secs] 
81.711: [GC (Allocation Failure) [PSYoungGen: 29642K->3041K(29184K)] 40112K->15735K(61952K), 0.0008473 secs] [Times: user=0.00 sys=0.00, real=0.00 secs] 
81.804: [GC (Allocation Failure) [PSYoungGen: 29153K->2529K(29184K)] 41847K->19081K(61952K), 0.0010227 secs] [Times: user=0.02 sys=0.00, real=0.00 secs] 
81.914: [GC (Allocation Failure) [PSYoungGen: 29152K->3041K(29696K)] 45704K->23347K(62464K), 0.0009105 secs] [Times: user=0.00 sys=0.00, real=0.00 secs] 
82.053: [GC (Allocation Failure) [PSYoungGen: 29665K->544K(28672K)] 49971K->20866K(61440K), 0.0005755 secs] [Times: user=0.00 sys=0.00, real=0.00 secs] 
82.163: [GC (Allocation Failure) [PSYoungGen: 26653K->160K(26112K)] 46975K->20506K(58880K), 0.0005479 secs] [Times: user=0.00 sys=0.00, real=0.00 secs] 
82.256: [GC (Allocation Failure) [PSYoungGen: 25728K->1056K(27648K)] 46074K->21418K(60416K), 0.0005749 secs] [Times: user=0.00 sys=0.00, real=0.00 secs] 
82.350: [GC (Allocation Failure) [PSYoungGen: 26144K->448K(25088K)] 46506K->20818K(57856K), 0.0010159 secs] [Times: user=0.02 sys=0.00, real=0.00 secs] 
82.459: [GC (Allocation Failure) [PSYoungGen: 25024K->288K(26624K)] 45394K->20666K(59392K), 0.0008029 secs] [Times: user=0.00 sys=0.00, real=0.00 secs] 
82.506: [GC (Allocation Failure) [PSYoungGen: 24330K->3041K(27136K)] 44708K->28261K(59904K), 0.0011757 secs] [Times: user=0.00 sys=0.00, real=0.00 secs] 
82.613: [GC (Allocation Failure) [PSYoungGen: 27080K->3041K(29696K)] 52301K->32495K(62464K), 0.0013266 secs] [Times: user=0.00 sys=0.00, real=0.00 secs] 
82.614: [Full GC (Ergonomics) [PSYoungGen: 3041K->0K(29696K)] [ParOldGen: 29454K->7814K(32768K)] 32495K->7814K(62464K), [Metaspace: 2892K->2892K(1056768K)], 0.0025587 secs] [Times: user=0.01 sys=0.00, real=0.00 secs] 
82.706: [GC (Allocation Failure) [PSYoungGen: 26605K->3041K(29696K)] 34419K->14985K(62464K), 0.0011799 secs] [Times: user=0.00 sys=0.00, real=0.00 secs] 
82.861: [GC (Allocation Failure) [PSYoungGen: 29653K->960K(29696K)] 41597K->12928K(62464K), 0.0003740 secs] [Times: user=0.00 sys=0.00, real=0.00 secs] 
82.955: [GC (Allocation Failure) [PSYoungGen: 27564K->1856K(29696K)] 39532K->13833K(62464K), 0.0007121 secs] [Times: user=0.00 sys=0.00, real=0.00 secs] 
83.049: [GC (Allocation Failure) [PSYoungGen: 28465K->3041K(29696K)] 40441K->15794K(62464K), 0.0008341 secs] [Times: user=0.00 sys=0.00, real=0.00 secs] 
83.157: [GC (Allocation Failure) [PSYoungGen: 29648K->3041K(29184K)] 42401K->16930K(61952K), 0.0008019 secs] [Times: user=0.00 sys=0.00, real=0.00 secs] 
83.252: [GC (Allocation Failure) [PSYoungGen: 29153K->2529K(28160K)] 43042K->19155K(60928K), 0.0007534 secs] [Times: user=0.00 sys=0.00, real=0.00 secs] 
83.361: [GC (Allocation Failure) [PSYoungGen: 28106K->3041K(29184K)] 44733K->22781K(61952K), 0.0012692 secs] [Times: user=0.00 sys=0.00, real=0.00 secs] 
83.453: [GC (Allocation Failure) [PSYoungGen: 29153K->3041K(29696K)] 48893K->25766K(62464K), 0.0013575 secs] [Times: user=0.00 sys=0.00, real=0.00 secs] 
83.562: [GC (Allocation Failure) [PSYoungGen: 29665K->3041K(29696K)] 52390K->30729K(62464K), 0.0012902 secs] [Times: user=0.00 sys=0.00, real=0.00 secs] 
83.563: [Full GC (Ergonomics) [PSYoungGen: 3041K->0K(29696K)] [ParOldGen: 27687K->8521K(32768K)] 30729K->8521K(62464K), [Metaspace: 2892K->2892K(1056768K)], 0.0023528 secs] [Times: user=0.00 sys=0.00, real=0.00 secs] 
83.702: [GC (Allocation Failure) [PSYoungGen: 26620K->192K(29696K)] 35141K->8713K(62464K), 0.0006908 secs] [Times: user=0.00 sys=0.00, real=0.00 secs] 
83.812: [GC (Allocation Failure) [PSYoungGen: 26793K->2241K(29696K)] 35314K->10786K(62464K), 0.0006735 secs] [Times: user=0.00 sys=0.00, real=0.00 secs] 
83.904: [GC (Allocation Failure) [PSYoungGen: 28847K->3041K(29184K)] 37392K->11738K(61952K), 0.0005603 secs] [Times: user=0.00 sys=0.00, real=0.00 secs] 
84.013: [GC (Allocation Failure) [PSYoungGen: 29153K->3041K(28672K)] 37850K->12995K(61440K), 0.0011933 secs] [Times: user=0.00 sys=0.00, real=0.00 secs] 
84.107: [GC (Allocation Failure) [PSYoungGen: 28617K->2016K(28672K)] 38571K->15180K(61440K), 0.0008879 secs] [Times: user=0.00 sys=0.00, real=0.00 secs] 
84.201: [GC (Allocation Failure) [PSYoungGen: 28623K->3041K(29696K)] 41786K->18165K(62464K), 0.0013200 secs] [Times: user=0.00 sys=0.00, real=0.00 secs] 
84.309: [GC (Allocation Failure) [PSYoungGen: 29648K->3041K(29696K)] 44772K->22095K(62464K), 0.0012159 secs] [Times: user=0.00 sys=0.00, real=0.00 secs] 
84.403: [GC (Allocation Failure) [PSYoungGen: 29634K->3041K(29696K)] 48689K->26978K(62464K), 0.0015969 secs] [Times: user=0.00 sys=0.00, real=0.00 secs] 
84.512: [GC (Allocation Failure) [PSYoungGen: 29636K->1632K(29696K)] 53573K->25577K(62464K), 0.0005972 secs] [Times: user=0.00 sys=0.00, real=0.00 secs] 
84.604: [GC (Allocation Failure) [PSYoungGen: 28228K->3041K(29696K)] 52173K->27586K(62464K), 0.0006884 secs] [Times: user=0.00 sys=0.00, real=0.00 secs] 
84.713: [GC (Allocation Failure) [PSYoungGen: 29649K->3041K(29696K)] 54194K->28667K(62464K), 0.0011363 secs] [Times: user=0.00 sys=0.00, real=0.00 secs] 
84.808: [GC (Allocation Failure) [PSYoungGen: 29638K->3041K(29696K)] 55264K->31668K(62464K), 0.0019811 secs] [Times: user=0.00 sys=0.00, real=0.00 secs] 
84.810: [Full GC (Ergonomics) [PSYoungGen: 3041K->0K(29696K)] [ParOldGen: 28627K->6507K(32768K)] 31668K->6507K(62464K), [Metaspace: 2892K->2892K(1056768K)], 0.0026084 secs] [Times: user=0.00 sys=0.00, real=0.00 secs] 
84.902: [GC (Allocation Failure) [PSYoungGen: 26610K->3041K(29696K)] 33117K->12910K(62464K), 0.0008290 secs] [Times: user=0.00 sys=0.00, real=0.00 secs] 
85.056: [GC (Allocation Failure) [PSYoungGen: 29665K->128K(26624K)] 39534K->10004K(59392K), 0.0005910 secs] [Times: user=0.00 sys=0.00, real=0.00 secs] 
85.105: [GC (Allocation Failure) [PSYoungGen: 26240K->320K(29184K)] 36116K->10212K(61952K), 0.0006921 secs] [Times: user=0.00 sys=0.00, real=0.00 secs] 
85.259: [GC (Allocation Failure) [PSYoungGen: 26432K->928K(26624K)] 36324K->10837K(59392K), 0.0009000 secs] [Times: user=0.00 sys=0.00, real=0.00 secs] 
85.354: [GC (Allocation Failure) [PSYoungGen: 26527K->1888K(27648K)] 36436K->11813K(60416K), 0.0005218 secs] [Times: user=0.00 sys=0.00, real=0.00 secs] 
85.463: [GC (Allocation Failure) [PSYoungGen: 26947K->1248K(26112K)] 36871K->11181K(58880K), 0.0011708 secs] [Times: user=0.00 sys=0.00, real=0.00 secs] 
85.556: [GC (Allocation Failure) [PSYoungGen: 25824K->864K(26624K)] 35757K->10805K(59392K), 0.0007820 secs] [Times: user=0.00 sys=0.00, real=0.00 secs] 
85.604: [GC (Allocation Failure) [PSYoungGen: 24896K->3041K(27136K)] 34837K->16904K(59904K), 0.0009504 secs] [Times: user=0.00 sys=0.00, real=0.00 secs] 
85.713: [GC (Allocation Failure) [PSYoungGen: 27079K->3041K(29696K)] 40942K->19737K(62464K), 0.0012094 secs] [Times: user=0.00 sys=0.00, real=0.00 secs] 
85.806: [GC (Allocation Failure) [PSYoungGen: 29647K->3041K(29696K)] 46344K->24459K(62464K), 0.0018902 secs] [Times: user=0.00 sys=0.00, real=0.00 secs] 
85.961: [GC (Allocation Failure) [PSYoungGen: 29633K->576K(29696K)] 51052K->22018K(62464K), 0.0009836 secs] [Times: user=0.00 sys=0.00, real=0.00 secs] 
86.055: [GC (Allocation Failure) [PSYoungGen: 27170K->2433K(29696K)] 48612K->23883K(62464K), 0.0006768 secs] [Times: user=0.00 sys=0.00, real=0.00 secs] 
86.149: [GC (Allocation Failure) [PSYoungGen: 29045K->2753K(29696K)] 50495K->24219K(62464K), 0.0006685 secs] [Times: user=0.00 sys=0.00, real=0.00 secs] 
86.258: [GC (Allocation Failure) [PSYoungGen: 29349K->3041K(29696K)] 50816K->26228K(62464K), 0.0006511 secs] [Times: user=0.00 sys=0.00, real=0.00 secs] 
86.353: [GC (Allocation Failure) [PSYoungGen: 29638K->3041K(29696K)] 52825K->29822K(62464K), 0.0008610 secs] [Times: user=0.00 sys=0.00, real=0.00 secs] 
86.353: [Full GC (Ergonomics) [PSYoungGen: 3041K->0K(29696K)] [ParOldGen: 26780K->7183K(32768K)] 29822K->7183K(62464K), [Metaspace: 2892K->2892K(1056768K)], 0.0024780 secs] [Times: user=0.00 sys=0.00, real=0.00 secs] 
86.463: [GC (Allocation Failure) [PSYoungGen: 26610K->3041K(29696K)] 33793K->14226K(62464K), 0.0012920 secs] [Times: user=0.00 sys=0.00, real=0.00 secs] 
86.603: [GC (Allocation Failure) [PSYoungGen: 29665K->832K(28672K)] 40850K->12033K(61440K), 0.0006685 secs] [Times: user=0.00 sys=0.00, real=0.00 secs] 
86.713: [GC (Allocation Failure) [PSYoungGen: 26926K->608K(26624K)] 38127K->11833K(59392K), 0.0004534 secs] [Times: user=0.00 sys=0.00, real=0.00 secs] 
86.806: [GC (Allocation Failure) [PSYoungGen: 26180K->1504K(27648K)] 37406K->12746K(60416K), 0.0005476 secs] [Times: user=0.00 sys=0.00, real=0.00 secs] 
86.901: [GC (Allocation Failure) [PSYoungGen: 26573K->928K(25600K)] 37814K->12185K(58368K), 0.0003949 secs] [Times: user=0.00 sys=0.00, real=0.00 secs] 
87.011: [GC (Allocation Failure) [PSYoungGen: 25483K->704K(26624K)] 36741K->11977K(59392K), 0.0005477 secs] [Times: user=0.00 sys=0.00, real=0.00 secs] 
87.105: [GC (Allocation Failure) [PSYoungGen: 24745K->64K(24064K)] 36019K->11345K(56832K), 0.0009130 secs] [Times: user=0.00 sys=0.00, real=0.00 secs] 
87.152: [GC (Allocation Failure) [PSYoungGen: 23587K->3041K(26624K)] 34869K->16363K(59392K), 0.0015407 secs] [Times: user=0.00 sys=0.00, real=0.00 secs] 
87.261: [GC (Allocation Failure) [PSYoungGen: 26584K->3041K(26624K)] 39906K->17236K(59392K), 0.0007185 secs] [Times: user=0.00 sys=0.00, real=0.00 secs] 
87.355: [GC (Allocation Failure) [PSYoungGen: 26576K->1792K(29696K)] 40771K->16003K(62464K), 0.0006536 secs] [Times: user=0.00 sys=0.00, real=0.00 secs] 
87.450: [GC (Allocation Failure) [PSYoungGen: 28390K->3041K(29696K)] 42601K->17972K(62464K), 0.0011809 secs] [Times: user=0.00 sys=0.00, real=0.00 secs] 
87.559: [GC (Allocation Failure) [PSYoungGen: 29637K->3041K(29696K)] 44568K->20685K(62464K), 0.0009239 secs] [Times: user=0.00 sys=0.00, real=0.00 secs] 
87.654: [GC (Allocation Failure) [PSYoungGen: 29663K->3041K(29696K)] 47308K->23839K(62464K), 0.0017646 secs] [Times: user=0.00 sys=0.00, real=0.00 secs] 
87.762: [GC (Allocation Failure) [PSYoungGen: 29639K->3041K(29696K)] 50437K->28873K(62464K), 0.0012175 secs] [Times: user=0.00 sys=0.00, real=0.00 secs] 
87.902: [GC (Allocation Failure) [PSYoungGen: 29652K->320K(29696K)] 55484K->26160K(62464K), 0.0005829 secs] [Times: user=0.00 sys=0.00, real=0.00 secs] 
88.010: [GC (Allocation Failure) [PSYoungGen: 26918K->2273K(29696K)] 52759K->28137K(62464K), 0.0009841 secs] [Times: user=0.00 sys=0.00, real=0.00 secs] 
88.103: [GC (Allocation Failure) [PSYoungGen: 28870K->3041K(29696K)] 54735K->30082K(62464K), 0.0018123 secs] [Times: user=0.00 sys=0.00, real=0.00 secs] 
88.212: [GC (Allocation Failure) [PSYoungGen: 29659K->3041K(29696K)] 56700K->31531K(62464K), 0.0007305 secs] [Times: user=0.00 sys=0.00, real=0.00 secs] 
88.213: [Full GC (Ergonomics) [PSYoungGen: 3041K->0K(29696K)] [ParOldGen: 28489K->5043K(32768K)] 31531K->5043K(62464K), [Metaspace: 2892K->2892K(1056768K)], 0.0024300 secs] [Times: user=0.00 sys=0.00, real=0.00 secs] 
88.306: [GC (Allocation Failure) [PSYoungGen: 26597K->3041K(29696K)] 31641K->11478K(62464K), 0.0012737 secs] [Times: user=0.00 sys=0.00, real=0.00 secs] 
88.401: [GC (Allocation Failure) [PSYoungGen: 29657K->3041K(29696K)] 38094K->15840K(62464K), 0.0011860 secs] [Times: user=0.00 sys=0.00, real=0.00 secs] 
88.510: [GC (Allocation Failure) [PSYoungGen: 29648K->1120K(29696K)] 42447K->13927K(62464K), 0.0005314 secs] [Times: user=0.00 sys=0.00, real=0.00 secs] 
88.604: [GC (Allocation Failure) [PSYoungGen: 27743K->1056K(28672K)] 40550K->13887K(61440K), 0.0005192 secs] [Times: user=0.00 sys=0.00, real=0.00 secs] 
88.713: [GC (Allocation Failure) [PSYoungGen: 27168K->2145K(28160K)] 39999K->14984K(60928K), 0.0005308 secs] [Times: user=0.00 sys=0.00, real=0.00 secs] 
88.807: [GC (Allocation Failure) [PSYoungGen: 27722K->3041K(28160K)] 40561K->15920K(60928K), 0.0006544 secs] [Times: user=0.00 sys=0.00, real=0.00 secs] 
88.902: [GC (Allocation Failure) [PSYoungGen: 28103K->2465K(27136K)] 40982K->15352K(59904K), 0.0010276 secs] [Times: user=0.00 sys=0.00, real=0.00 secs] 
89.011: [GC (Allocation Failure) [PSYoungGen: 27035K->2305K(26624K)] 39923K->15216K(59392K), 0.0009791 secs] [Times: user=0.00 sys=0.00, real=0.00 secs] 
89.105: [GC (Allocation Failure) [PSYoungGen: 26344K->1696K(25600K)] 39256K->14632K(58368K), 0.0005518 secs] [Times: user=0.00 sys=0.00, real=0.00 secs] 
89.199: [GC (Allocation Failure) [PSYoungGen: 25243K->3041K(26112K)] 38179K->20050K(58880K), 0.0011096 secs] [Times: user=0.00 sys=0.00, real=0.00 secs] 
89.308: [GC (Allocation Failure) [PSYoungGen: 26063K->3041K(25600K)] 43072K->22499K(58368K), 0.0008402 secs] [Times: user=0.00 sys=0.00, real=0.00 secs] 
89.401: [GC (Allocation Failure) [PSYoungGen: 25552K->1888K(24064K)] 45011K->21379K(56832K), 0.0007479 secs] [Times: user=0.00 sys=0.00, real=0.00 secs] 
89.464: [GC (Allocation Failure) [PSYoungGen: 23897K->3041K(25600K)] 43388K->26957K(58368K), 0.0011237 secs] [Times: user=0.00 sys=0.00, real=0.00 secs] 
89.556: [GC (Allocation Failure) [PSYoungGen: 25569K->3041K(29184K)] 49485K->29215K(61952K), 0.0011688 secs] [Times: user=0.00 sys=0.00, real=0.00 secs] 
89.651: [GC (Allocation Failure) [PSYoungGen: 29152K->3041K(29184K)] 55325K->31280K(61952K), 0.0013059 secs] [Times: user=0.00 sys=0.00, real=0.00 secs] 
89.652: [Full GC (Ergonomics) [PSYoungGen: 3041K->0K(29184K)] [ParOldGen: 28238K->5655K(32768K)] 31280K->5655K(61952K), [Metaspace: 2892K->2892K(1056768K)], 0.0027530 secs] [Times: user=0.00 sys=0.00, real=0.00 secs] 
89.760: [GC (Allocation Failure) [PSYoungGen: 26112K->3041K(29696K)] 31767K->11930K(62464K), 0.0009735 secs] [Times: user=0.00 sys=0.00, real=0.00 secs] 
89.853: [GC (Allocation Failure) [PSYoungGen: 29662K->3041K(29696K)] 38550K->16100K(62464K), 0.0012466 secs] [Times: user=0.00 sys=0.00, real=0.00 secs] 
90.007: [GC (Allocation Failure) [PSYoungGen: 29661K->960K(29696K)] 42719K->14027K(62464K), 0.0005826 secs] [Times: user=0.00 sys=0.00, real=0.00 secs] 
90.101: [GC (Allocation Failure) [PSYoungGen: 27561K->2945K(29696K)] 40628K->16036K(62464K), 0.0007123 secs] [Times: user=0.00 sys=0.00, real=0.00 secs] 
90.209: [GC (Allocation Failure) [PSYoungGen: 29562K->2689K(29184K)] 42653K->15788K(61952K), 0.0007509 secs] [Times: user=0.00 sys=0.00, real=0.00 secs] 
90.300: [GC (Allocation Failure) [PSYoungGen: 28801K->3041K(28672K)] 41900K->16996K(61440K), 0.0006307 secs] [Times: user=0.00 sys=0.00, real=0.00 secs] 
90.408: [GC (Allocation Failure) [PSYoungGen: 28632K->2016K(27136K)] 42587K->17780K(59904K), 0.0008546 secs] [Times: user=0.00 sys=0.00, real=0.00 secs] 
90.502: [GC (Allocation Failure) [PSYoungGen: 27074K->3041K(28672K)] 42838K->20006K(61440K), 0.0016745 secs] [Times: user=0.00 sys=0.00, real=0.00 secs] 
90.611: [GC (Allocation Failure) [PSYoungGen: 28615K->3041K(29696K)] 45579K->22103K(62464K), 0.0009024 secs] [Times: user=0.00 sys=0.00, real=0.00 secs] 
90.703: [GC (Allocation Failure) [PSYoungGen: 29645K->3041K(29696K)] 48706K->24648K(62464K), 0.0016633 secs] [Times: user=0.00 sys=0.00, real=0.00 secs] 
90.811: [GC (Allocation Failure) [PSYoungGen: 29636K->3041K(29696K)] 51243K->29114K(62464K), 0.0013542 secs] [Times: user=0.00 sys=0.00, real=0.00 secs] 
90.905: [GC (Allocation Failure) [PSYoungGen: 29662K->3041K(29696K)] 55735K->34052K(62464K), 0.0014907 secs] [Times: user=0.00 sys=0.00, real=0.00 secs] 
90.906: [Full GC (Ergonomics) [PSYoungGen: 3041K->0K(29696K)] [ParOldGen: 31011K->8507K(32768K)] 34052K->8507K(62464K), [Metaspace: 2892K->2892K(1056768K)], 0.0026332 secs] [Times: user=0.00 sys=0.00, real=0.00 secs] 
91.013: [GC (Allocation Failure) [PSYoungGen: 26597K->1696K(29696K)] 35105K->10204K(62464K), 0.0005392 secs] [Times: user=0.00 sys=0.00, real=0.00 secs] 
91.105: [GC (Allocation Failure) [PSYoungGen: 28298K->3041K(29696K)] 36805K->12165K(62464K), 0.0007849 secs] [Times: user=0.00 sys=0.00, real=0.00 secs] 
91.199: [GC (Allocation Failure) [PSYoungGen: 29655K->3041K(29696K)] 38778K->13101K(62464K), 0.0007296 secs] [Times: user=0.00 sys=0.00, real=0.00 secs] 
91.308: [GC (Allocation Failure) [PSYoungGen: 29665K->3041K(29696K)] 39725K->15982K(62464K), 0.0009738 secs] [Times: user=0.00 sys=0.00, real=0.00 secs] 
91.402: [GC (Allocation Failure) [PSYoungGen: 29644K->3041K(29696K)] 42586K->19768K(62464K), 0.0011762 secs] [Times: user=0.00 sys=0.00, real=0.00 secs] 
91.557: [GC (Allocation Failure) [PSYoungGen: 29644K->576K(27136K)] 46371K->17319K(59904K), 0.0005641 secs] [Times: user=0.00 sys=0.00, real=0.00 secs] 
91.605: [GC (Allocation Failure) [PSYoungGen: 26688K->352K(28160K)] 43431K->17111K(60928K), 0.0003588 secs] [Times: user=0.00 sys=0.00, real=0.00 secs] 
91.758: [GC (Allocation Failure) [PSYoungGen: 25933K->800K(26112K)] 42692K->17575K(58880K), 0.0003800 secs] [Times: user=0.00 sys=0.00, real=0.00 secs] 
91.852: [GC (Allocation Failure) [PSYoungGen: 25888K->192K(27136K)] 42663K->16991K(59904K), 0.0005683 secs] [Times: user=0.00 sys=0.00, real=0.00 secs] 
91.900: [GC (Allocation Failure) [PSYoungGen: 24768K->3041K(27648K)] 41567K->24875K(60416K), 0.0014077 secs] [Times: user=0.00 sys=0.00, real=0.00 secs] 
92.008: [GC (Allocation Failure) [PSYoungGen: 27617K->3041K(29696K)] 49451K->29557K(62464K), 0.0015614 secs] [Times: user=0.00 sys=0.00, real=0.00 secs] 
92.010: [Full GC (Ergonomics) [PSYoungGen: 3041K->0K(29696K)] [ParOldGen: 26516K->8285K(32768K)] 29557K->8285K(62464K), [Metaspace: 2892K->2892K(1056768K)], 0.0020206 secs] [Times: user=0.00 sys=0.00, real=0.00 secs] 
92.103: [GC (Allocation Failure) [PSYoungGen: 26624K->1088K(29696K)] 34909K->9373K(62464K), 0.0010167 secs] [Times: user=0.00 sys=0.00, real=0.00 secs] 
92.257: [GC (Allocation Failure) [PSYoungGen: 27694K->1792K(29696K)] 35979K->10094K(62464K), 0.0007459 secs] [Times: user=0.00 sys=0.00, real=0.00 secs] 
92.353: [GC (Allocation Failure) [PSYoungGen: 28401K->3041K(29696K)] 36703K->12063K(62464K), 0.0013677 secs] [Times: user=0.00 sys=0.00, real=0.00 secs] 
92.461: [GC (Allocation Failure) [PSYoungGen: 29647K->3041K(29696K)] 38669K->13231K(62464K), 0.0007307 secs] [Times: user=0.00 sys=0.00, real=0.00 secs] 
92.555: [GC (Allocation Failure) [PSYoungGen: 29649K->3041K(29696K)] 39839K->16361K(62464K), 0.0010316 secs] [Times: user=0.00 sys=0.00, real=0.00 secs] 
92.662: [GC (Allocation Failure) [PSYoungGen: 29643K->3041K(29696K)] 42963K->19891K(62464K), 0.0009846 secs] [Times: user=0.05 sys=0.00, real=0.00 secs] 
92.801: [GC (Allocation Failure) [PSYoungGen: 29637K->288K(26624K)] 46486K->17153K(59392K), 0.0005256 secs] [Times: user=0.00 sys=0.00, real=0.00 secs] 
92.908: [GC (Allocation Failure) [PSYoungGen: 26381K->416K(28160K)] 43246K->17297K(60928K), 0.0004225 secs] [Times: user=0.00 sys=0.00, real=0.00 secs] 
93.001: [GC (Allocation Failure) [PSYoungGen: 25989K->1408K(26624K)] 42871K->18314K(59392K), 0.0003853 secs] [Times: user=0.00 sys=0.00, real=0.00 secs] 
93.109: [GC (Allocation Failure) [PSYoungGen: 26469K->1760K(27136K)] 43375K->18674K(59904K), 0.0004464 secs] [Times: user=0.00 sys=0.00, real=0.00 secs] 
93.157: [GC (Allocation Failure) [PSYoungGen: 26306K->3041K(27648K)] 43219K->24629K(60416K), 0.0012789 secs] [Times: user=0.00 sys=0.00, real=0.00 secs] 
93.249: [GC (Allocation Failure) [PSYoungGen: 27589K->3041K(29696K)] 49177K->29135K(62464K), 0.0013765 secs] [Times: user=0.00 sys=0.00, real=0.00 secs] 
93.251: [Full GC (Ergonomics) [PSYoungGen: 3041K->0K(29696K)] [ParOldGen: 26094K->8033K(32768K)] 29135K->8033K(62464K), [Metaspace: 2892K->2892K(1056768K)], 0.0023757 secs] [Times: user=0.00 sys=0.00, real=0.00 secs] 
93.406: [GC (Allocation Failure) [PSYoungGen: 26624K->224K(29696K)] 34657K->8257K(62464K), 0.0007359 secs] [Times: user=0.00 sys=0.00, real=0.00 secs] 
93.499: [GC (Allocation Failure) [PSYoungGen: 26818K->2241K(29696K)] 34851K->10298K(62464K), 0.0006664 secs] [Times: user=0.00 sys=0.00, real=0.00 secs] 
93.607: [GC (Allocation Failure) [PSYoungGen: 28842K->3041K(29184K)] 36899K->12227K(61952K), 0.0007362 secs] [Times: user=0.00 sys=0.00, real=0.00 secs] 
93.700: [GC (Allocation Failure) [PSYoungGen: 29126K->2529K(28160K)] 38312K->13139K(60928K), 0.0006789 secs] [Times: user=0.00 sys=0.00, real=0.00 secs] 
93.807: [GC (Allocation Failure) [PSYoungGen: 28102K->3041K(28160K)] 38713K->15492K(60928K), 0.0007936 secs] [Times: user=0.00 sys=0.00, real=0.00 secs] 
93.901: [GC (Allocation Failure) [PSYoungGen: 28106K->2016K(28160K)] 40557K->16221K(60928K), 0.0012153 secs] [Times: user=0.00 sys=0.00, real=0.00 secs] 
94.009: [GC (Allocation Failure) [PSYoungGen: 28128K->3041K(29184K)] 42333K->19094K(61952K), 0.0008777 secs] [Times: user=0.00 sys=0.00, real=0.00 secs] 
94.103: [GC (Allocation Failure) [PSYoungGen: 29134K->3041K(29696K)] 45187K->22248K(62464K), 0.0017880 secs] [Times: user=0.00 sys=0.00, real=0.00 secs] 
94.212: [GC (Allocation Failure) [PSYoungGen: 29664K->3041K(29696K)] 48870K->25729K(62464K), 0.0011240 secs] [Times: user=0.00 sys=0.00, real=0.00 secs] 
94.307: [GC (Allocation Failure) [PSYoungGen: 29644K->192K(29696K)] 52333K->22904K(62464K), 0.0004120 secs] [Times: user=0.00 sys=0.00, real=0.00 secs] 
94.401: [GC (Allocation Failure) [PSYoungGen: 26799K->1216K(29696K)] 49511K->23952K(62464K), 0.0007593 secs] [Times: user=0.00 sys=0.00, real=0.00 secs] 
94.511: [GC (Allocation Failure) [PSYoungGen: 27811K->3041K(29184K)] 50547K->25857K(61952K), 0.0005741 secs] [Times: user=0.00 sys=0.00, real=0.00 secs] 
94.606: [GC (Allocation Failure) [PSYoungGen: 29153K->3041K(28672K)] 51969K->27106K(61440K), 0.0007760 secs] [Times: user=0.00 sys=0.00, real=0.00 secs] 
94.699: [GC (Allocation Failure) [PSYoungGen: 28641K->2016K(27136K)] 52706K->27290K(59904K), 0.0006463 secs] [Times: user=0.00 sys=0.00, real=0.00 secs] 
94.807: [GC (Allocation Failure) [PSYoungGen: 27083K->3041K(27648K)] 52356K->28875K(60416K), 0.0009469 secs] [Times: user=0.00 sys=0.00, real=0.00 secs] 
94.901: [GC (Allocation Failure) [PSYoungGen: 27612K->2016K(26112K)] 53446K->28218K(58880K), 0.0008617 secs] [Times: user=0.00 sys=0.00, real=0.00 secs] 
95.009: [GC (Allocation Failure) [PSYoungGen: 26054K->1696K(25600K)] 52256K->27914K(58368K), 0.0006204 secs] [Times: user=0.00 sys=0.00, real=0.00 secs] 
95.102: [GC (Allocation Failure) [PSYoungGen: 25248K->576K(25600K)] 51466K->26802K(58368K), 0.0010876 secs] [Times: user=0.00 sys=0.00, real=0.00 secs] 
95.209: [GC (Allocation Failure) [PSYoungGen: 23602K->3041K(25600K)] 49828K->31812K(58368K), 0.0011368 secs] [Times: user=0.02 sys=0.00, real=0.00 secs] 
95.210: [Full GC (Ergonomics) [PSYoungGen: 3041K->0K(25600K)] [ParOldGen: 28771K->6084K(32768K)] 31812K->6084K(58368K), [Metaspace: 2892K->2892K(1056768K)], 0.0021831 secs] [Times: user=0.00 sys=0.00, real=0.00 secs] 
95.303: [GC (Allocation Failure) [PSYoungGen: 22503K->2529K(24576K)] 28587K->9446K(57344K), 0.0006501 secs] [Times: user=0.00 sys=0.00, real=0.00 secs] 
95.350: [GC (Allocation Failure) [PSYoungGen: 24545K->256K(22016K)] 31462K->7181K(54784K), 0.0005899 secs] [Times: user=0.00 sys=0.00, real=0.00 secs] 
95.459: [GC (Allocation Failure) [PSYoungGen: 21746K->3041K(24576K)] 28671K->11239K(57344K), 0.0006693 secs] [Times: user=0.00 sys=0.00, real=0.00 secs] 
95.553: [GC (Allocation Failure) [PSYoungGen: 24544K->1056K(24576K)] 32742K->9262K(57344K), 0.0004189 secs] [Times: user=0.00 sys=0.00, real=0.00 secs] 
95.600: [GC (Allocation Failure) [PSYoungGen: 22547K->3041K(24576K)] 30753K->14344K(57344K), 0.0011583 secs] [Times: user=0.02 sys=0.00, real=0.00 secs] 
95.707: [GC (Allocation Failure) [PSYoungGen: 24526K->1408K(24576K)] 35830K->12727K(57344K), 0.0015296 secs] [Times: user=0.00 sys=0.00, real=0.00 secs] 
95.799: [GC (Allocation Failure) [PSYoungGen: 22882K->3041K(28672K)] 34202K->17786K(61440K), 0.0012029 secs] [Times: user=0.00 sys=0.00, real=0.00 secs] 
95.908: [GC (Allocation Failure) [PSYoungGen: 28629K->3041K(28672K)] 43374K->21092K(61440K), 0.0010638 secs] [Times: user=0.00 sys=0.00, real=0.00 secs] 
96.002: [GC (Allocation Failure) [PSYoungGen: 28617K->3041K(29696K)] 46667K->25366K(62464K), 0.0015822 secs] [Times: user=0.00 sys=0.00, real=0.00 secs] 
96.110: [GC (Allocation Failure) [PSYoungGen: 29665K->1408K(29696K)] 51990K->23748K(62464K), 0.0007368 secs] [Times: user=0.00 sys=0.00, real=0.00 secs] 
96.204: [GC (Allocation Failure) [PSYoungGen: 28000K->896K(29696K)] 50341K->23253K(62464K), 0.0005706 secs] [Times: user=0.00 sys=0.00, real=0.00 secs] 
96.312: [GC (Allocation Failure) [PSYoungGen: 27498K->2849K(29184K)] 49854K->25222K(61952K), 0.0006108 secs] [Times: user=0.00 sys=0.00, real=0.00 secs] 
96.406: [GC (Allocation Failure) [PSYoungGen: 28961K->2529K(28160K)] 51334K->25494K(60928K), 0.0006755 secs] [Times: user=0.00 sys=0.00, real=0.00 secs] 
96.499: [GC (Allocation Failure) [PSYoungGen: 28104K->3041K(28160K)] 51069K->26982K(60928K), 0.0009465 secs] [Times: user=0.00 sys=0.00, real=0.00 secs] 
96.608: [GC (Allocation Failure) [PSYoungGen: 28128K->2016K(26624K)] 52069K->28447K(59392K), 0.0008898 secs] [Times: user=0.00 sys=0.00, real=0.00 secs] 
96.701: [GC (Allocation Failure) [PSYoungGen: 26592K->2849K(27136K)] 53023K->29295K(59904K), 0.0010030 secs] [Times: user=0.00 sys=0.00, real=0.00 secs] 
96.812: [GC (Allocation Failure) [PSYoungGen: 26890K->2016K(25600K)] 53337K->28719K(58368K), 0.0004716 secs] [Times: user=0.00 sys=0.00, real=0.00 secs] 
96.906: [GC (Allocation Failure) [PSYoungGen: 25541K->3041K(26112K)] 52244K->34498K(58880K), 0.0012383 secs] [Times: user=0.00 sys=0.00, real=0.00 secs] 
96.907: [Full GC (Ergonomics) [PSYoungGen: 3041K->0K(26112K)] [ParOldGen: 31457K->8258K(32768K)] 34498K->8258K(58880K), [Metaspace: 2892K->2892K(1056768K)], 0.0032983 secs] [Times: user=0.00 sys=0.00, real=0.00 secs] 
96.999: [GC (Allocation Failure) [PSYoungGen: 23022K->2016K(26112K)] 31280K->14373K(58880K), 0.0009577 secs] [Times: user=0.00 sys=0.00, real=0.00 secs] 
97.108: [GC (Allocation Failure) [PSYoungGen: 26052K->3041K(27136K)] 38408K->17878K(59904K), 0.0010376 secs] [Times: user=0.00 sys=0.00, real=0.00 secs] 
97.201: [GC (Allocation Failure) [PSYoungGen: 27100K->3041K(29696K)] 41937K->18230K(62464K), 0.0011572 secs] [Times: user=0.00 sys=0.00, real=0.00 secs] 
97.309: [GC (Allocation Failure) [PSYoungGen: 29634K->3041K(29696K)] 44824K->20503K(62464K), 0.0009346 secs] [Times: user=0.00 sys=0.00, real=0.00 secs] 
97.404: [GC (Allocation Failure) [PSYoungGen: 29654K->3041K(29696K)] 47116K->23657K(62464K), 0.0014765 secs] [Times: user=0.00 sys=0.00, real=0.00 secs] 
97.512: [GC (Allocation Failure) [PSYoungGen: 29637K->3041K(29696K)] 50253K->28731K(62464K), 0.0010641 secs] [Times: user=0.00 sys=0.00, real=0.00 secs] 
97.606: [GC (Allocation Failure) [PSYoungGen: 29648K->384K(29696K)] 55338K->26090K(62464K), 0.0004870 secs] [Times: user=0.00 sys=0.00, real=0.00 secs] 
97.701: [GC (Allocation Failure) [PSYoungGen: 27004K->1824K(28160K)] 52710K->27539K(60928K), 0.0006410 secs] [Times: user=0.00 sys=0.00, real=0.00 secs] 
97.809: [GC (Allocation Failure) [PSYoungGen: 27936K->3041K(28672K)] 53651K->28795K(61440K), 0.0006375 secs] [Times: user=0.00 sys=0.00, real=0.00 secs] 
97.904: [GC (Allocation Failure) [PSYoungGen: 28634K->3009K(28160K)] 54389K->28771K(60928K), 0.0012166 secs] [Times: user=0.00 sys=0.00, real=0.00 secs] 
98.012: [GC (Allocation Failure) [PSYoungGen: 28066K->2016K(26624K)] 53828K->29236K(59392K), 0.0007106 secs] [Times: user=0.00 sys=0.00, real=0.00 secs] 
98.105: [GC (Allocation Failure) [PSYoungGen: 26592K->3041K(27136K)] 53812K->30468K(59904K), 0.0008151 secs] [Times: user=0.00 sys=0.00, real=0.00 secs] 
98.106: [Full GC (Ergonomics) [PSYoungGen: 3041K->0K(27136K)] [ParOldGen: 27427K->3717K(32768K)] 30468K->3717K(59904K), [Metaspace: 2892K->2892K(1056768K)], 0.0015595 secs] [Times: user=0.00 sys=0.00, real=0.00 secs] 
98.198: [GC (Allocation Failure) [PSYoungGen: 24055K->960K(25088K)] 27772K->4677K(57856K), 0.0005343 secs] [Times: user=0.00 sys=0.00, real=0.00 secs] 
98.307: [GC (Allocation Failure) [PSYoungGen: 24480K->3041K(26112K)] 28197K->11761K(58880K), 0.0013109 secs] [Times: user=0.00 sys=0.00, real=0.00 secs] 
98.400: [GC (Allocation Failure) [PSYoungGen: 26074K->2529K(26112K)] 34794K->13626K(58880K), 0.0010783 secs] [Times: user=0.00 sys=0.00, real=0.00 secs] 
98.509: [GC (Allocation Failure) [PSYoungGen: 26068K->3041K(26112K)] 37165K->14890K(58880K), 0.0006411 secs] [Times: user=0.00 sys=0.00, real=0.00 secs] 
98.601: [GC (Allocation Failure) [PSYoungGen: 26077K->2145K(25088K)] 37926K->14026K(57856K), 0.0009775 secs] [Times: user=0.00 sys=0.00, real=0.00 secs] 
98.663: [GC (Allocation Failure) [PSYoungGen: 24648K->3041K(26112K)] 36529K->18548K(58880K), 0.0009814 secs] [Times: user=0.00 sys=0.00, real=0.00 secs] 
98.757: [GC (Allocation Failure) [PSYoungGen: 26063K->3041K(29696K)] 41570K->20549K(62464K), 0.0012871 secs] [Times: user=0.00 sys=0.00, real=0.00 secs] 
98.850: [GC (Allocation Failure) [PSYoungGen: 29636K->3041K(29696K)] 47144K->24495K(62464K), 0.0012382 secs] [Times: user=0.00 sys=0.00, real=0.00 secs] 
98.960: [GC (Allocation Failure) [PSYoungGen: 29642K->3041K(29696K)] 51096K->29345K(62464K), 0.0011256 secs] [Times: user=0.00 sys=0.00, real=0.00 secs] 
98.962: [Full GC (Ergonomics) [PSYoungGen: 3041K->0K(29696K)] [ParOldGen: 26304K->8396K(32768K)] 29345K->8396K(62464K), [Metaspace: 2892K->2892K(1056768K)], 0.0020688 secs] [Times: user=0.00 sys=0.00, real=0.00 secs] 
99.100: [GC (Allocation Failure) [PSYoungGen: 26596K->1632K(29696K)] 34992K->10028K(62464K), 0.0010049 secs] [Times: user=0.00 sys=0.00, real=0.00 secs] 
99.207: [GC (Allocation Failure) [PSYoungGen: 28256K->1472K(28672K)] 36652K->9884K(61440K), 0.0005039 secs] [Times: user=0.00 sys=0.00, real=0.00 secs] 
99.300: [GC (Allocation Failure) [PSYoungGen: 27584K->2657K(28672K)] 35996K->11101K(61440K), 0.0005723 secs] [Times: user=0.00 sys=0.00, real=0.00 secs] 
99.410: [GC (Allocation Failure) [PSYoungGen: 28246K->2529K(27648K)] 36690K->11061K(60416K), 0.0006992 secs] [Times: user=0.00 sys=0.00, real=0.00 secs] 
99.505: [GC (Allocation Failure) [PSYoungGen: 27586K->2977K(27648K)] 36118K->11525K(60416K), 0.0011196 secs] [Times: user=0.00 sys=0.00, real=0.00 secs] 
99.598: [GC (Allocation Failure) [PSYoungGen: 27553K->2016K(26112K)] 36101K->11341K(58880K), 0.0005633 secs] [Times: user=0.00 sys=0.00, real=0.00 secs] 
99.707: [GC (Allocation Failure) [PSYoungGen: 26080K->704K(24576K)] 35405K->10036K(57344K), 0.0006392 secs] [Times: user=0.00 sys=0.00, real=0.00 secs] 
99.754: [GC (Allocation Failure) [PSYoungGen: 24226K->3041K(26624K)] 33558K->17104K(59392K), 0.0012607 secs] [Times: user=0.00 sys=0.00, real=0.00 secs] 
99.849: [GC (Allocation Failure) [PSYoungGen: 26566K->3041K(26624K)] 40629K->20698K(59392K), 0.0009791 secs] [Times: user=0.00 sys=0.00, real=0.00 secs] 
99.957: [GC (Allocation Failure) [PSYoungGen: 26581K->3041K(29696K)] 44238K->21738K(62464K), 0.0011187 secs] [Times: user=0.00 sys=0.00, real=0.00 secs] 
100.050: [GC (Allocation Failure) [PSYoungGen: 29635K->3041K(29696K)] 48332K->24627K(62464K), 0.0008843 secs] [Times: user=0.00 sys=0.00, real=0.00 secs] 
100.157: [GC (Allocation Failure) [PSYoungGen: 29663K->3041K(29696K)] 51249K->27805K(62464K), 0.0012340 secs] [Times: user=0.00 sys=0.00, real=0.00 secs] 
100.250: [GC (Allocation Failure) [PSYoungGen: 29636K->3041K(29696K)] 54400K->32951K(62464K), 0.0011054 secs] [Times: user=0.00 sys=0.00, real=0.00 secs] 
100.251: [Full GC (Ergonomics) [PSYoungGen: 3041K->0K(29696K)] [ParOldGen: 29910K->8691K(32768K)] 32951K->8691K(62464K), [Metaspace: 2892K->2892K(1056768K)], 0.0022886 secs] [Times: user=0.00 sys=0.00, real=0.00 secs] 
100.407: [GC (Allocation Failure) [PSYoungGen: 26604K->928K(29696K)] 35295K->9619K(62464K), 0.0006647 secs] [Times: user=0.00 sys=0.00, real=0.00 secs] 
100.502: [GC (Allocation Failure) [PSYoungGen: 27529K->2817K(29696K)] 36220K->11524K(62464K), 0.0041314 secs] [Times: user=0.00 sys=0.00, real=0.00 secs] 
100.608: [GC (Allocation Failure) [PSYoungGen: 29423K->3041K(29696K)] 38130K->13525K(62464K), 0.0008576 secs] [Times: user=0.00 sys=0.00, real=0.00 secs] 
100.699: [GC (Allocation Failure) [PSYoungGen: 29665K->3041K(29696K)] 40149K->15262K(62464K), 0.0007502 secs] [Times: user=0.00 sys=0.00, real=0.00 secs] 
100.809: [GC (Allocation Failure) [PSYoungGen: 29637K->3041K(29696K)] 41858K->18959K(62464K), 0.0009943 secs] [Times: user=0.00 sys=0.00, real=0.00 secs] 
100.903: [GC (Allocation Failure) [PSYoungGen: 29655K->3041K(29696K)] 45573K->23578K(62464K), 0.0020001 secs] [Times: user=0.00 sys=0.00, real=0.00 secs] 
101.012: [GC (Allocation Failure) [PSYoungGen: 29647K->1376K(29696K)] 50184K->21945K(62464K), 0.0004631 secs] [Times: user=0.00 sys=0.00, real=0.00 secs] 
101.106: [GC (Allocation Failure) [PSYoungGen: 27986K->3041K(29696K)] 48555K->23946K(62464K), 0.0007019 secs] [Times: user=0.00 sys=0.00, real=0.00 secs] 
101.214: [GC (Allocation Failure) [PSYoungGen: 29660K->3041K(29696K)] 50565K->24602K(62464K), 0.0006387 secs] [Times: user=0.00 sys=0.00, real=0.00 secs] 
101.306: [GC (Allocation Failure) [PSYoungGen: 29638K->3041K(29696K)] 51199K->27187K(62464K), 0.0008776 secs] [Times: user=0.00 sys=0.00, real=0.00 secs] 
101.401: [GC (Allocation Failure) [PSYoungGen: 29649K->3041K(29696K)] 53796K->30237K(62464K), 0.0015733 secs] [Times: user=0.00 sys=0.00, real=0.00 secs] 
101.402: [Full GC (Ergonomics) [PSYoungGen: 3041K->0K(29696K)] [ParOldGen: 27195K->6551K(32768K)] 30237K->6551K(62464K), [Metaspace: 2892K->2892K(1056768K)], 0.0032987 secs] [Times: user=0.00 sys=0.00, real=0.00 secs] 
101.509: [GC (Allocation Failure) [PSYoungGen: 26597K->3041K(29696K)] 33148K->14523K(62464K), 0.0010463 secs] [Times: user=0.00 sys=0.00, real=0.00 secs] 
101.649: [GC (Allocation Failure) [PSYoungGen: 29660K->224K(29696K)] 41142K->11722K(62464K), 0.0004394 secs] [Times: user=0.00 sys=0.00, real=0.00 secs] 
101.759: [GC (Allocation Failure) [PSYoungGen: 26831K->2177K(28672K)] 38329K->13691K(61440K), 0.0006955 secs] [Times: user=0.00 sys=0.00, real=0.00 secs] 
101.852: [GC (Allocation Failure) [PSYoungGen: 28273K->2305K(28160K)] 39787K->13827K(60928K), 0.0007313 secs] [Times: user=0.00 sys=0.00, real=0.00 secs] 
101.962: [GC (Allocation Failure) [PSYoungGen: 27877K->3041K(28160K)] 39399K->14763K(60928K), 0.0006293 secs] [Times: user=0.00 sys=0.00, real=0.00 secs] 
102.056: [GC (Allocation Failure) [PSYoungGen: 28101K->2529K(27136K)] 39823K->15427K(59904K), 0.0011570 secs] [Times: user=0.00 sys=0.00, real=0.00 secs] 
102.149: [GC (Allocation Failure) [PSYoungGen: 27094K->1312K(25600K)] 39993K->14219K(58368K), 0.0005115 secs] [Times: user=0.00 sys=0.00, real=0.00 secs] 
102.259: [GC (Allocation Failure) [PSYoungGen: 25354K->704K(26112K)] 38261K->13626K(58880K), 0.0005848 secs] [Times: user=0.00 sys=0.00, real=0.00 secs] 
102.306: [GC (Allocation Failure) [PSYoungGen: 24246K->3041K(26624K)] 37168K->20774K(59392K), 0.0014948 secs] [Times: user=0.00 sys=0.00, real=0.00 secs] 
102.399: [GC (Allocation Failure) [PSYoungGen: 26586K->3041K(29696K)] 44319K->23479K(62464K), 0.0014092 secs] [Times: user=0.00 sys=0.00, real=0.00 secs] 
102.507: [GC (Allocation Failure) [PSYoungGen: 29639K->3041K(29696K)] 50078K->28114K(62464K), 0.0015737 secs] [Times: user=0.00 sys=0.00, real=0.00 secs] 
102.601: [GC (Allocation Failure) [PSYoungGen: 29662K->3041K(29696K)] 54735K->33220K(62464K), 0.0017093 secs] [Times: user=0.00 sys=0.00, real=0.00 secs] 
102.603: [Full GC (Ergonomics) [PSYoungGen: 3041K->0K(29696K)] [ParOldGen: 30179K->8638K(32768K)] 33220K->8638K(62464K), [Metaspace: 2892K->2892K(1056768K)], 0.0021865 secs] [Times: user=0.00 sys=0.00, real=0.00 secs] 
102.756: [GC (Allocation Failure) [PSYoungGen: 26597K->1888K(29696K)] 35236K->10527K(62464K), 0.0007689 secs] [Times: user=0.00 sys=0.00, real=0.00 secs] 
102.849: [GC (Allocation Failure) [PSYoungGen: 28490K->3041K(29696K)] 37129K->12456K(62464K), 0.0008184 secs] [Times: user=0.00 sys=0.00, real=0.00 secs] 
102.959: [GC (Allocation Failure) [PSYoungGen: 29636K->3041K(29696K)] 39051K->13648K(62464K), 0.0009138 secs] [Times: user=0.00 sys=0.00, real=0.00 secs] 
103.053: [GC (Allocation Failure) [PSYoungGen: 29635K->3041K(29696K)] 40242K->16826K(62464K), 0.0009389 secs] [Times: user=0.03 sys=0.00, real=0.00 secs] 
103.163: [GC (Allocation Failure) [PSYoungGen: 29633K->3041K(29696K)] 43418K->20299K(62464K), 0.0009377 secs] [Times: user=0.00 sys=0.00, real=0.00 secs] 
103.304: [GC (Allocation Failure) [PSYoungGen: 29637K->224K(28672K)] 46896K->17506K(61440K), 0.0003639 secs] [Times: user=0.00 sys=0.00, real=0.00 secs] 
103.399: [GC (Allocation Failure) [PSYoungGen: 26324K->480K(26112K)] 43606K->17786K(58880K), 0.0007111 secs] [Times: user=0.00 sys=0.00, real=0.00 secs] 
103.508: [GC (Allocation Failure) [PSYoungGen: 26055K->1440K(27648K)] 43361K->18771K(60416K), 0.0006503 secs] [Times: user=0.00 sys=0.00, real=0.00 secs] 
103.603: [GC (Allocation Failure) [PSYoungGen: 26503K->1824K(26624K)] 43833K->19171K(59392K), 0.0007846 secs] [Times: user=0.00 sys=0.00, real=0.00 secs] 
103.652: [GC (Allocation Failure) [PSYoungGen: 26400K->3041K(27648K)] 43746K->25238K(60416K), 0.0010714 secs] [Times: user=0.00 sys=0.00, real=0.00 secs] 
103.763: [GC (Allocation Failure) [PSYoungGen: 27600K->3041K(27648K)] 49797K->29968K(60416K), 0.0009008 secs] [Times: user=0.00 sys=0.00, real=0.00 secs] 
103.764: [Full GC (Ergonomics) [PSYoungGen: 3041K->0K(27648K)] [ParOldGen: 26927K->8258K(32768K)] 29968K->8258K(60416K), [Metaspace: 2892K->2892K(1056768K)], 0.0020203 secs] [Times: user=0.00 sys=0.00, real=0.00 secs] 
103.856: [GC (Allocation Failure) [PSYoungGen: 24556K->3041K(29696K)] 32814K->14821K(62464K), 0.0011436 secs] [Times: user=0.00 sys=0.00, real=0.00 secs] 
104.013: [GC (Allocation Failure) [PSYoungGen: 29655K->320K(26624K)] 41435K->12116K(59392K), 0.0004618 secs] [Times: user=0.00 sys=0.00, real=0.00 secs] 
104.107: [GC (Allocation Failure) [PSYoungGen: 26432K->1568K(28160K)] 38228K->13372K(60928K), 0.0006697 secs] [Times: user=0.00 sys=0.00, real=0.00 secs] 
104.202: [GC (Allocation Failure) [PSYoungGen: 27154K->864K(26112K)] 38958K->12676K(58880K), 0.0007633 secs] [Times: user=0.00 sys=0.00, real=0.00 secs] 
104.309: [GC (Allocation Failure) [PSYoungGen: 25921K->1280K(27136K)] 37733K->13100K(59904K), 0.0010514 secs] [Times: user=0.00 sys=0.00, real=0.00 secs] 
104.357: [GC (Allocation Failure) [PSYoungGen: 25856K->1408K(27648K)] 37676K->13236K(60416K), 0.0005536 secs] [Times: user=0.00 sys=0.00, real=0.00 secs] 
104.450: [GC (Allocation Failure) [PSYoungGen: 25973K->3041K(29696K)] 37801K->19495K(62464K), 0.0013815 secs] [Times: user=0.00 sys=0.00, real=0.00 secs] 
104.605: [GC (Allocation Failure) [PSYoungGen: 29653K->1408K(29696K)] 46108K->17879K(62464K), 0.0006266 secs] [Times: user=0.00 sys=0.00, real=0.00 secs] 
104.700: [GC (Allocation Failure) [PSYoungGen: 28015K->1792K(28672K)] 44486K->18271K(61440K), 0.0006464 secs] [Times: user=0.00 sys=0.00, real=0.00 secs] 
104.811: [GC (Allocation Failure) [PSYoungGen: 27904K->3009K(28672K)] 44383K->19503K(61440K), 0.0006740 secs] [Times: user=0.00 sys=0.00, real=0.00 secs] 
104.905: [GC (Allocation Failure) [PSYoungGen: 28597K->2529K(27648K)] 45091K->19463K(60416K), 0.0007941 secs] [Times: user=0.00 sys=0.00, real=0.00 secs] 
105.014: [GC (Allocation Failure) [PSYoungGen: 27586K->3041K(27648K)] 44520K->20288K(60416K), 0.0007487 secs] [Times: user=0.00 sys=0.00, real=0.00 secs] 
105.109: [GC (Allocation Failure) [PSYoungGen: 27617K->2016K(26112K)] 44864K->20328K(58880K), 0.0008079 secs] [Times: user=0.00 sys=0.00, real=0.00 secs] 
105.202: [GC (Allocation Failure) [PSYoungGen: 26054K->352K(24064K)] 44366K->18679K(56832K), 0.0004940 secs] [Times: user=0.00 sys=0.00, real=0.00 secs] 
105.251: [GC (Allocation Failure) [PSYoungGen: 23892K->3041K(26624K)] 42219K->25794K(59392K), 0.0013599 secs] [Times: user=0.00 sys=0.00, real=0.00 secs] 
105.360: [GC (Allocation Failure) [PSYoungGen: 26582K->3041K(26624K)] 49335K->29116K(59392K), 0.0009761 secs] [Times: user=0.00 sys=0.00, real=0.00 secs] 
105.456: [GC (Allocation Failure) [PSYoungGen: 26574K->3041K(29696K)] 52649K->30325K(62464K), 0.0013577 secs] [Times: user=0.00 sys=0.00, real=0.00 secs] 
105.458: [Full GC (Ergonomics) [PSYoungGen: 3041K->0K(29696K)] [ParOldGen: 27283K->4708K(32768K)] 30325K->4708K(62464K), [Metaspace: 2892K->2892K(1056768K)], 0.0019211 secs] [Times: user=0.00 sys=0.00, real=0.00 secs] 
105.550: [GC (Allocation Failure) [PSYoungGen: 26596K->3041K(29696K)] 31305K->10823K(62464K), 0.0011309 secs] [Times: user=0.00 sys=0.00, real=0.00 secs] 
105.660: [GC (Allocation Failure) [PSYoungGen: 29660K->3041K(29696K)] 37442K->14321K(62464K), 0.0009111 secs] [Times: user=0.00 sys=0.00, real=0.00 secs] 
105.801: [GC (Allocation Failure) [PSYoungGen: 29648K->288K(29696K)] 40928K->11583K(62464K), 0.0008392 secs] [Times: user=0.00 sys=0.00, real=0.00 secs] 
105.911: [GC (Allocation Failure) [PSYoungGen: 26887K->736K(28672K)] 38183K->12056K(61440K), 0.0006769 secs] [Times: user=0.00 sys=0.00, real=0.00 secs] 
106.005: [GC (Allocation Failure) [PSYoungGen: 26848K->1856K(27648K)] 38168K->13184K(60416K), 0.0008741 secs] [Times: user=0.00 sys=0.00, real=0.00 secs] 
106.100: [GC (Allocation Failure) [PSYoungGen: 27434K->2817K(28160K)] 38761K->14161K(60928K), 0.0006887 secs] [Times: user=0.02 sys=0.00, real=0.00 secs] 
106.210: [GC (Allocation Failure) [PSYoungGen: 27894K->1600K(26624K)] 39238K->12960K(59392K), 0.0006823 secs] [Times: user=0.00 sys=0.00, real=0.00 secs] 
106.303: [GC (Allocation Failure) [PSYoungGen: 26154K->1344K(26624K)] 37513K->12712K(59392K), 0.0008209 secs] [Times: user=0.00 sys=0.00, real=0.00 secs] 
106.351: [GC (Allocation Failure) [PSYoungGen: 25402K->3041K(27136K)] 36770K->19387K(59904K), 0.0009810 secs] [Times: user=0.00 sys=0.00, real=0.00 secs] 
106.462: [GC (Allocation Failure) [PSYoungGen: 27082K->3041K(29696K)] 43429K->23685K(62464K), 0.0014450 secs] [Times: user=0.00 sys=0.00, real=0.00 secs] 
106.602: [GC (Allocation Failure) [PSYoungGen: 29636K->1088K(29696K)] 50280K->21748K(62464K), 0.0007215 secs] [Times: user=0.00 sys=0.00, real=0.00 secs] 
106.713: [GC (Allocation Failure) [PSYoungGen: 27683K->1024K(28672K)] 48343K->21692K(61440K), 0.0006447 secs] [Times: user=0.00 sys=0.00, real=0.00 secs] 
106.807: [GC (Allocation Failure) [PSYoungGen: 27118K->2177K(28160K)] 47787K->22877K(60928K), 0.0009892 secs] [Times: user=0.00 sys=0.00, real=0.00 secs] 
106.901: [GC (Allocation Failure) [PSYoungGen: 27759K->2112K(27648K)] 48459K->22837K(60416K), 0.0007568 secs] [Times: user=0.00 sys=0.00, real=0.00 secs] 
107.010: [GC (Allocation Failure) [PSYoungGen: 27175K->2497K(27136K)] 47899K->23229K(59904K), 0.0008202 secs] [Times: user=0.00 sys=0.00, real=0.00 secs] 
107.103: [GC (Allocation Failure) [PSYoungGen: 27069K->2369K(26624K)] 47802K->23109K(59392K), 0.0006676 secs] [Times: user=0.00 sys=0.00, real=0.00 secs] 
107.212: [GC (Allocation Failure) [PSYoungGen: 26408K->96K(24064K)] 47148K->20844K(56832K), 0.0006587 secs] [Times: user=0.00 sys=0.00, real=0.00 secs] 
107.260: [GC (Allocation Failure) [PSYoungGen: 23619K->3041K(26624K)] 44367K->27927K(59392K), 0.0009853 secs] [Times: user=0.00 sys=0.00, real=0.00 secs] 
107.354: [GC (Allocation Failure) [PSYoungGen: 26567K->3041K(26624K)] 51453K->30953K(59392K), 0.0010736 secs] [Times: user=0.00 sys=0.00, real=0.00 secs] 
107.355: [Full GC (Ergonomics) [PSYoungGen: 3041K->0K(26624K)] [ParOldGen: 27911K->6602K(32768K)] 30953K->6602K(59392K), [Metaspace: 2892K->2892K(1056768K)], 0.0020148 secs] [Times: user=0.00 sys=0.00, real=0.00 secs] 
107.463: [GC (Allocation Failure) [PSYoungGen: 23537K->3041K(29696K)] 30139K->10059K(62464K), 0.0011125 secs] [Times: user=0.00 sys=0.00, real=0.00 secs] 
107.557: [GC (Allocation Failure) [PSYoungGen: 29652K->3041K(29696K)] 36671K->12380K(62464K), 0.0009215 secs] [Times: user=0.00 sys=0.00, real=0.00 secs] 
107.651: [GC (Allocation Failure) [PSYoungGen: 29662K->3041K(29696K)] 39001K->15110K(62464K), 0.0008447 secs] [Times: user=0.00 sys=0.00, real=0.00 secs] 
107.762: [GC (Allocation Failure) [PSYoungGen: 29649K->3041K(29696K)] 41718K->19792K(62464K), 0.0010185 secs] [Times: user=0.00 sys=0.00, real=0.00 secs] 
107.903: [GC (Allocation Failure) [PSYoungGen: 29652K->448K(28672K)] 46403K->17207K(61440K), 0.0004913 secs] [Times: user=0.00 sys=0.00, real=0.00 secs] 
108.013: [GC (Allocation Failure) [PSYoungGen: 26560K->1568K(27648K)] 43319K->18351K(60416K), 0.0006110 secs] [Times: user=0.00 sys=0.00, real=0.00 secs] 
108.106: [GC (Allocation Failure) [PSYoungGen: 27146K->2561K(28160K)] 43929K->19368K(60928K), 0.0009219 secs] [Times: user=0.00 sys=0.00, real=0.00 secs] 
108.199: [GC (Allocation Failure) [PSYoungGen: 27636K->800K(25600K)] 44443K->17623K(58368K), 0.0006869 secs] [Times: user=0.00 sys=0.00, real=0.00 secs] 
108.308: [GC (Allocation Failure) [PSYoungGen: 25357K->640K(26624K)] 42180K->17479K(59392K), 0.0006080 secs] [Times: user=0.00 sys=0.00, real=0.00 secs] 
108.355: [GC (Allocation Failure) [PSYoungGen: 24700K->3041K(27136K)] 41539K->24026K(59904K), 0.0011380 secs] [Times: user=0.00 sys=0.00, real=0.00 secs] 
108.449: [GC (Allocation Failure) [PSYoungGen: 27083K->3041K(29696K)] 48068K->27588K(62464K), 0.0014515 secs] [Times: user=0.00 sys=0.00, real=0.00 secs] 
108.604: [GC (Allocation Failure) [PSYoungGen: 29637K->288K(29696K)] 54183K->24850K(62464K), 0.0005411 secs] [Times: user=0.00 sys=0.00, real=0.00 secs] 
108.713: [GC (Allocation Failure) [PSYoungGen: 26893K->768K(28672K)] 51456K->25347K(61440K), 0.0007672 secs] [Times: user=0.00 sys=0.00, real=0.00 secs] 
108.809: [GC (Allocation Failure) [PSYoungGen: 26880K->1952K(27648K)] 51459K->26555K(60416K), 0.0005283 secs] [Times: user=0.00 sys=0.00, real=0.00 secs] 
108.903: [GC (Allocation Failure) [PSYoungGen: 27536K->1344K(27648K)] 52139K->25963K(60416K), 0.0008031 secs] [Times: user=0.00 sys=0.00, real=0.00 secs] 
109.013: [GC (Allocation Failure) [PSYoungGen: 26406K->1760K(26624K)] 51025K->26403K(59392K), 0.0007729 secs] [Times: user=0.00 sys=0.00, real=0.00 secs] 
109.107: [GC (Allocation Failure) [PSYoungGen: 26332K->1600K(26624K)] 50975K->26259K(59392K), 0.0006844 secs] [Times: user=0.00 sys=0.00, real=0.00 secs] 
109.154: [GC (Allocation Failure) [PSYoungGen: 25635K->3041K(27136K)] 50294K->32278K(59904K), 0.0012904 secs] [Times: user=0.00 sys=0.00, real=0.00 secs] 
109.156: [Full GC (Ergonomics) [PSYoungGen: 3041K->0K(27136K)] [ParOldGen: 29236K->8079K(32768K)] 32278K->8079K(59904K), [Metaspace: 2892K->2892K(1056768K)], 0.0020605 secs] [Times: user=0.00 sys=0.00, real=0.00 secs] 
109.263: [GC (Allocation Failure) [PSYoungGen: 24043K->3041K(29696K)] 32123K->15027K(62464K), 0.0014057 secs] [Times: user=0.00 sys=0.00, real=0.00 secs] 
109.357: [GC (Allocation Failure) [PSYoungGen: 29665K->896K(29696K)] 41651K->12889K(62464K), 0.0005738 secs] [Times: user=0.00 sys=0.00, real=0.00 secs] 
109.513: [GC (Allocation Failure) [PSYoungGen: 27488K->1600K(28672K)] 39482K->13618K(61440K), 0.0005477 secs] [Times: user=0.00 sys=0.00, real=0.00 secs] 
109.607: [GC (Allocation Failure) [PSYoungGen: 27712K->2977K(28672K)] 39730K->15011K(61440K), 0.0008112 secs] [Times: user=0.00 sys=0.00, real=0.00 secs] 
109.702: [GC (Allocation Failure) [PSYoungGen: 28556K->1856K(27136K)] 40590K->13906K(59904K), 0.0006991 secs] [Times: user=0.00 sys=0.00, real=0.00 secs] 
109.812: [GC (Allocation Failure) [PSYoungGen: 26921K->2273K(27136K)] 38971K->14338K(59904K), 0.0007386 secs] [Times: user=0.00 sys=0.00, real=0.00 secs] 
109.907: [GC (Allocation Failure) [PSYoungGen: 26824K->992K(26624K)] 38890K->13074K(59392K), 0.0008282 secs] [Times: user=0.00 sys=0.00, real=0.00 secs] 
110.000: [GC (Allocation Failure) [PSYoungGen: 25030K->384K(24064K)] 37111K->12481K(56832K), 0.0006066 secs] [Times: user=0.00 sys=0.00, real=0.00 secs] 
110.049: [GC (Allocation Failure) [PSYoungGen: 23923K->3041K(26624K)] 36021K->19605K(59392K), 0.0013528 secs] [Times: user=0.00 sys=0.00, real=0.00 secs] 
110.159: [GC (Allocation Failure) [PSYoungGen: 26593K->3041K(26624K)] 43157K->21310K(59392K), 0.0010241 secs] [Times: user=0.00 sys=0.00, real=0.00 secs] 
110.253: [GC (Allocation Failure) [PSYoungGen: 26583K->3041K(29696K)] 44852K->21942K(62464K), 0.0010695 secs] [Times: user=0.00 sys=0.00, real=0.00 secs] 
110.361: [GC (Allocation Failure) [PSYoungGen: 29642K->3041K(29696K)] 48543K->24479K(62464K), 0.0010709 secs] [Times: user=0.00 sys=0.00, real=0.00 secs] 
110.455: [GC (Allocation Failure) [PSYoungGen: 29650K->3041K(29696K)] 51088K->27465K(62464K), 0.0008329 secs] [Times: user=0.00 sys=0.00, real=0.00 secs] 
110.549: [GC (Allocation Failure) [PSYoungGen: 29650K->3041K(29696K)] 54074K->32411K(62464K), 0.0011598 secs] [Times: user=0.00 sys=0.00, real=0.00 secs] 
110.551: [Full GC (Ergonomics) [PSYoungGen: 3041K->0K(29696K)] [ParOldGen: 29370K->8498K(32768K)] 32411K->8498K(62464K), [Metaspace: 2892K->2892K(1056768K)], 0.0025082 secs] [Times: user=0.00 sys=0.00, real=0.00 secs] 
110.705: [GC (Allocation Failure) [PSYoungGen: 26617K->224K(29696K)] 35116K->8722K(62464K), 0.0009821 secs] [Times: user=0.00 sys=0.00, real=0.00 secs] 
110.800: [GC (Allocation Failure) [PSYoungGen: 26838K->2145K(28672K)] 35337K->10651K(61440K), 0.0008844 secs] [Times: user=0.00 sys=0.00, real=0.00 secs] 
110.910: [GC (Allocation Failure) [PSYoungGen: 28253K->2369K(28160K)] 36759K->10884K(60928K), 0.0007984 secs] [Times: user=0.00 sys=0.00, real=0.00 secs] 
111.005: [GC (Allocation Failure) [PSYoungGen: 27940K->3041K(28160K)] 36455K->11820K(60928K), 0.0011289 secs] [Times: user=0.00 sys=0.00, real=0.00 secs] 
111.099: [GC (Allocation Failure) [PSYoungGen: 28100K->2529K(27136K)] 36879K->12548K(59904K), 0.0007986 secs] [Times: user=0.00 sys=0.00, real=0.00 secs] 
111.209: [GC (Allocation Failure) [PSYoungGen: 27091K->1408K(25600K)] 37110K->11444K(58368K), 0.0007897 secs] [Times: user=0.00 sys=0.00, real=0.00 secs] 
111.302: [GC (Allocation Failure) [PSYoungGen: 25449K->768K(26112K)] 35485K->10819K(58880K), 0.0006778 secs] [Times: user=0.00 sys=0.00, real=0.00 secs] 
111.349: [GC (Allocation Failure) [PSYoungGen: 24301K->3041K(26624K)] 34353K->16878K(59392K), 0.0014786 secs] [Times: user=0.00 sys=0.00, real=0.00 secs] 
111.458: [GC (Allocation Failure) [PSYoungGen: 26583K->3041K(29696K)] 40421K->19616K(62464K), 0.0010878 secs] [Times: user=0.00 sys=0.00, real=0.00 secs] 
111.552: [GC (Allocation Failure) [PSYoungGen: 29638K->3041K(29696K)] 46213K->24266K(62464K), 0.0017601 secs] [Times: user=0.00 sys=0.00, real=0.00 secs] 
111.662: [GC (Allocation Failure) [PSYoungGen: 29662K->3041K(29696K)] 50887K->29436K(62464K), 0.0009486 secs] [Times: user=0.00 sys=0.00, real=0.00 secs] 
111.663: [Full GC (Ergonomics) [PSYoungGen: 3041K->0K(29696K)] [ParOldGen: 26395K->8693K(32768K)] 29436K->8693K(62464K), [Metaspace: 2892K->2892K(1056768K)], 0.0021217 secs] [Times: user=0.00 sys=0.00, real=0.00 secs] 
111.801: [GC (Allocation Failure) [PSYoungGen: 26597K->1888K(29696K)] 35291K->10582K(62464K), 0.0007135 secs] [Times: user=0.00 sys=0.00, real=0.00 secs] 
111.911: [GC (Allocation Failure) [PSYoungGen: 28492K->2273K(29696K)] 37186K->10974K(62464K), 0.0007697 secs] [Times: user=0.00 sys=0.00, real=0.00 secs] 
112.006: [GC (Allocation Failure) [PSYoungGen: 28880K->3041K(29696K)] 37582K->13015K(62464K), 0.0006554 secs] [Times: user=0.00 sys=0.00, real=0.00 secs] 
112.100: [GC (Allocation Failure) [PSYoungGen: 29651K->3041K(29696K)] 39625K->16193K(62464K), 0.0009366 secs] [Times: user=0.02 sys=0.00, real=0.00 secs] 
112.211: [GC (Allocation Failure) [PSYoungGen: 29646K->3041K(29696K)] 42798K->19627K(62464K), 0.0010221 secs] [Times: user=0.00 sys=0.00, real=0.00 secs] 
112.305: [GC (Allocation Failure) [PSYoungGen: 29637K->288K(28672K)] 46223K->16897K(61440K), 0.0004184 secs] [Times: user=0.00 sys=0.00, real=0.00 secs] 
112.399: [GC (Allocation Failure) [PSYoungGen: 26388K->512K(26624K)] 42997K->17137K(59392K), 0.0009470 secs] [Times: user=0.00 sys=0.00, real=0.00 secs] 
112.509: [GC (Allocation Failure) [PSYoungGen: 26087K->1440K(27648K)] 42713K->18082K(60416K), 0.0006303 secs] [Times: user=0.00 sys=0.00, real=0.00 secs] 
112.602: [GC (Allocation Failure) [PSYoungGen: 26528K->320K(25088K)] 43170K->16969K(57856K), 0.0004701 secs] [Times: user=0.00 sys=0.00, real=0.00 secs] 
112.713: [GC (Allocation Failure) [PSYoungGen: 24878K->3041K(27136K)] 41528K->24533K(59904K), 0.0015983 secs] [Times: user=0.00 sys=0.00, real=0.00 secs] 
112.807: [GC (Allocation Failure) [PSYoungGen: 27077K->3041K(27648K)] 48569K->28775K(60416K), 0.0010816 secs] [Times: user=0.00 sys=0.00, real=0.00 secs] 
112.808: [Full GC (Ergonomics) [PSYoungGen: 3041K->0K(27648K)] [ParOldGen: 25734K->7832K(32768K)] 28775K->7832K(60416K), [Metaspace: 2892K->2892K(1056768K)], 0.0018483 secs] [Times: user=0.00 sys=0.00, real=0.00 secs] 
112.900: [GC (Allocation Failure) [PSYoungGen: 24552K->3041K(29696K)] 32384K->13819K(62464K), 0.0011684 secs] [Times: user=0.00 sys=0.00, real=0.00 secs] 
113.009: [GC (Allocation Failure) [PSYoungGen: 29657K->3041K(29696K)] 40435K->18725K(62464K), 0.0009190 secs] [Times: user=0.00 sys=0.00, real=0.00 secs] 
113.103: [GC (Allocation Failure) [PSYoungGen: 29653K->1728K(29696K)] 45337K->17428K(62464K), 0.0008332 secs] [Times: user=0.00 sys=0.00, real=0.00 secs] 
113.211: [GC (Allocation Failure) [PSYoungGen: 28337K->2048K(28672K)] 44037K->17772K(61440K), 0.0006757 secs] [Times: user=0.00 sys=0.00, real=0.00 secs] 
113.304: [GC (Allocation Failure) [PSYoungGen: 28160K->3041K(28672K)] 43884K->18941K(61440K), 0.0007088 secs] [Times: user=0.00 sys=0.00, real=0.00 secs] 
113.413: [GC (Allocation Failure) [PSYoungGen: 28632K->2625K(28160K)] 44532K->18541K(60928K), 0.0005916 secs] [Times: user=0.02 sys=0.00, real=0.00 secs] 
113.507: [GC (Allocation Failure) [PSYoungGen: 27682K->2016K(26624K)] 43598K->18933K(59392K), 0.0005040 secs] [Times: user=0.00 sys=0.00, real=0.00 secs] 
113.600: [GC (Allocation Failure) [PSYoungGen: 26564K->2273K(26624K)] 43480K->19197K(59392K), 0.0006614 secs] [Times: user=0.00 sys=0.00, real=0.00 secs] 
113.711: [GC (Allocation Failure) [PSYoungGen: 26333K->704K(25600K)] 43258K->17644K(58368K), 0.0006185 secs] [Times: user=0.00 sys=0.00, real=0.00 secs] 
113.804: [GC (Allocation Failure) [PSYoungGen: 24245K->3041K(26112K)] 41185K->24768K(58880K), 0.0014256 secs] [Times: user=0.00 sys=0.00, real=0.00 secs] 
113.899: [GC (Allocation Failure) [PSYoungGen: 26053K->2529K(25088K)] 47780K->26937K(57856K), 0.0007859 secs] [Times: user=0.00 sys=0.00, real=0.00 secs] 
114.007: [GC (Allocation Failure) [PSYoungGen: 25057K->3009K(25088K)] 49465K->27441K(57856K), 0.0011136 secs] [Times: user=0.00 sys=0.00, real=0.00 secs] 
114.100: [GC (Allocation Failure) [PSYoungGen: 25018K->352K(24064K)] 49451K->24800K(56832K), 0.0006108 secs] [Times: user=0.00 sys=0.00, real=0.00 secs] 
114.163: [GC (Allocation Failure) [PSYoungGen: 22339K->3041K(25088K)] 46788K->28201K(57856K), 0.0007788 secs] [Times: user=0.00 sys=0.00, real=0.00 secs] 
114.256: [GC (Allocation Failure) [PSYoungGen: 25049K->1088K(25088K)] 50210K->26265K(57856K), 0.0005198 secs] [Times: user=0.00 sys=0.00, real=0.00 secs] 
114.304: [GC (Allocation Failure) [PSYoungGen: 23096K->3041K(25088K)] 48273K->31843K(57856K), 0.0010190 secs] [Times: user=0.00 sys=0.00, real=0.00 secs] 
114.306: [Full GC (Ergonomics) [PSYoungGen: 3041K->0K(25088K)] [ParOldGen: 28802K->7227K(32768K)] 31843K->7227K(57856K), [Metaspace: 2892K->2892K(1056768K)], 0.0018915 secs] [Times: user=0.00 sys=0.00, real=0.00 secs] 
114.414: [GC (Allocation Failure) [PSYoungGen: 22014K->3009K(29184K)] 29242K->10237K(61952K), 0.0008041 secs] [Times: user=0.00 sys=0.00, real=0.00 secs] 
114.508: [GC (Allocation Failure) [PSYoungGen: 29121K->3041K(29184K)] 36349K->11533K(61952K), 0.0006657 secs] [Times: user=0.00 sys=0.00, real=0.00 secs] 
114.602: [GC (Allocation Failure) [PSYoungGen: 29127K->3041K(29696K)] 37619K->12438K(62464K), 0.0011069 secs] [Times: user=0.00 sys=0.00, real=0.00 secs] 
114.710: [GC (Allocation Failure) [PSYoungGen: 29652K->3041K(29696K)] 39048K->15335K(62464K), 0.0008598 secs] [Times: user=0.00 sys=0.00, real=0.00 secs] 
114.804: [GC (Allocation Failure) [PSYoungGen: 29643K->3041K(29696K)] 41937K->20146K(62464K), 0.0010160 secs] [Times: user=0.00 sys=0.00, real=0.00 secs] 
114.960: [GC (Allocation Failure) [PSYoungGen: 29653K->96K(26624K)] 46758K->17216K(59392K), 0.0006806 secs] [Times: user=0.00 sys=0.00, real=0.00 secs] 
115.054: [GC (Allocation Failure) [PSYoungGen: 26208K->1216K(28160K)] 43328K->18353K(60928K), 0.0009257 secs] [Times: user=0.00 sys=0.00, real=0.00 secs] 
115.149: [GC (Allocation Failure) [PSYoungGen: 26807K->512K(26112K)] 43943K->17656K(58880K), 0.0009455 secs] [Times: user=0.00 sys=0.00, real=0.00 secs] 
115.259: [GC (Allocation Failure) [PSYoungGen: 25569K->928K(27136K)] 42713K->18089K(59904K), 0.0007625 secs] [Times: user=0.00 sys=0.00, real=0.00 secs] 
115.353: [GC (Allocation Failure) [PSYoungGen: 25482K->672K(25088K)] 42643K->17848K(57856K), 0.0004728 secs] [Times: user=0.00 sys=0.00, real=0.00 secs] 
115.400: [GC (Allocation Failure) [PSYoungGen: 24731K->3041K(27136K)] 41908K->24492K(59904K), 0.0015452 secs] [Times: user=0.00 sys=0.00, real=0.00 secs] 
115.512: [GC (Allocation Failure) [PSYoungGen: 27083K->3041K(27136K)] 48533K->28165K(59904K), 0.0009712 secs] [Times: user=0.00 sys=0.00, real=0.00 secs] 
115.605: [GC (Allocation Failure) [PSYoungGen: 27076K->3041K(29696K)] 52201K->29678K(62464K), 0.0010676 secs] [Times: user=0.00 sys=0.00, real=0.00 secs] 
115.714: [GC (Allocation Failure) [PSYoungGen: 29647K->3041K(29696K)] 56285K->32688K(62464K), 0.0009599 secs] [Times: user=0.00 sys=0.00, real=0.00 secs] 
115.715: [Full GC (Ergonomics) [PSYoungGen: 3041K->0K(29696K)] [ParOldGen: 29646K->6526K(32768K)] 32688K->6526K(62464K), [Metaspace: 2892K->2892K(1056768K)], 0.0021978 secs] [Times: user=0.00 sys=0.00, real=0.00 secs] 
115.808: [GC (Allocation Failure) [PSYoungGen: 26595K->3041K(29696K)] 33122K->14466K(62464K), 0.0010926 secs] [Times: user=0.00 sys=0.00, real=0.00 secs] 
115.948: [GC (Allocation Failure) [PSYoungGen: 29637K->672K(29696K)] 41062K->12121K(62464K), 0.0006112 secs] [Times: user=0.00 sys=0.00, real=0.00 secs] 
116.058: [GC (Allocation Failure) [PSYoungGen: 27277K->2561K(29184K)] 38726K->14026K(61952K), 0.0004988 secs] [Times: user=0.00 sys=0.00, real=0.00 secs] 
116.153: [GC (Allocation Failure) [PSYoungGen: 28658K->2176K(28160K)] 40123K->13666K(60928K), 0.0008133 secs] [Times: user=0.00 sys=0.00, real=0.00 secs] 
116.264: [GC (Allocation Failure) [PSYoungGen: 27749K->2529K(27648K)] 39238K->14546K(60416K), 0.0004518 secs] [Times: user=0.00 sys=0.00, real=0.00 secs] 
116.357: [GC (Allocation Failure) [PSYoungGen: 27589K->3041K(27648K)] 39606K->15451K(60416K), 0.0007520 secs] [Times: user=0.00 sys=0.00, real=0.00 secs] 
116.451: [GC (Allocation Failure) [PSYoungGen: 27593K->1824K(26112K)] 40002K->14242K(58880K), 0.0005506 secs] [Times: user=0.00 sys=0.00, real=0.00 secs] 
116.561: [GC (Allocation Failure) [PSYoungGen: 25867K->1216K(25088K)] 38285K->13658K(57856K), 0.0007248 secs] [Times: user=0.00 sys=0.00, real=0.00 secs] 
116.609: [GC (Allocation Failure) [PSYoungGen: 24768K->96K(25600K)] 37210K->12553K(58368K), 0.0005106 secs] [Times: user=0.00 sys=0.00, real=0.00 secs] 
116.703: [GC (Allocation Failure) [PSYoungGen: 23109K->3041K(25600K)] 35567K->17628K(58368K), 0.0013798 secs] [Times: user=0.00 sys=0.00, real=0.00 secs] 
116.814: [GC (Allocation Failure) [PSYoungGen: 25544K->2529K(24576K)] 40131K->17604K(57344K), 0.0006555 secs] [Times: user=0.00 sys=0.00, real=0.00 secs] 
116.909: [GC (Allocation Failure) [PSYoungGen: 24537K->3041K(25088K)] 39612K->22646K(57856K), 0.0012822 secs] [Times: user=0.00 sys=0.00, real=0.00 secs] 
117.001: [GC (Allocation Failure) [PSYoungGen: 25048K->2529K(25088K)] 44653K->24543K(57856K), 0.0010120 secs] [Times: user=0.00 sys=0.00, real=0.00 secs] 
117.112: [GC (Allocation Failure) [PSYoungGen: 25040K->2849K(25088K)] 47054K->24879K(57856K), 0.0008465 secs] [Times: user=0.00 sys=0.00, real=0.00 secs] 
117.159: [GC (Allocation Failure) [PSYoungGen: 24843K->2529K(25088K)] 46873K->28217K(57856K), 0.0008580 secs] [Times: user=0.00 sys=0.00, real=0.00 secs] 
117.253: [GC (Allocation Failure) [PSYoungGen: 25041K->3041K(25600K)] 50729K->29818K(58368K), 0.0010155 secs] [Times: user=0.00 sys=0.00, real=0.00 secs] 
117.361: [GC (Allocation Failure) [PSYoungGen: 25569K->1952K(29696K)] 52346K->28745K(62464K), 0.0007566 secs] [Times: user=0.00 sys=0.00, real=0.00 secs] 
117.456: [GC (Allocation Failure) [PSYoungGen: 28574K->2913K(29696K)] 55367K->29721K(62464K), 0.0008720 secs] [Times: user=0.00 sys=0.00, real=0.00 secs] 
117.551: [GC (Allocation Failure) [PSYoungGen: 29507K->3041K(29696K)] 56316K->31738K(62464K), 0.0011272 secs] [Times: user=0.00 sys=0.00, real=0.00 secs] 
117.552: [Full GC (Ergonomics) [PSYoungGen: 3041K->0K(29696K)] [ParOldGen: 28697K->5410K(32768K)] 31738K->5410K(62464K), [Metaspace: 2892K->2892K(1056768K)], 0.0018455 secs] [Times: user=0.01 sys=0.00, real=0.00 secs] 
117.661: [GC (Allocation Failure) [PSYoungGen: 26606K->3041K(29696K)] 32016K->10660K(62464K), 0.0009729 secs] [Times: user=0.00 sys=0.00, real=0.00 secs] 
117.755: [GC (Allocation Failure) [PSYoungGen: 29642K->3041K(29696K)] 37261K->14830K(62464K), 0.0011321 secs] [Times: user=0.00 sys=0.00, real=0.00 secs] 
117.849: [GC (Allocation Failure) [PSYoungGen: 29665K->1280K(29696K)] 41454K->13077K(62464K), 0.0006237 secs] [Times: user=0.00 sys=0.00, real=0.00 secs] 
118.005: [GC (Allocation Failure) [PSYoungGen: 27897K->1440K(28672K)] 39694K->13254K(61440K), 0.0004875 secs] [Times: user=0.00 sys=0.00, real=0.00 secs] 
118.098: [GC (Allocation Failure) [PSYoungGen: 27552K->2753K(28672K)] 39366K->14582K(61440K), 0.0007992 secs] [Times: user=0.00 sys=0.00, real=0.00 secs] 
118.206: [GC (Allocation Failure) [PSYoungGen: 28331K->1984K(27136K)] 40160K->13822K(59904K), 0.0008105 secs] [Times: user=0.00 sys=0.00, real=0.00 secs] 
118.299: [GC (Allocation Failure) [PSYoungGen: 27041K->2433K(27136K)] 38878K->14286K(59904K), 0.0009360 secs] [Times: user=0.00 sys=0.00, real=0.00 secs] 
118.407: [GC (Allocation Failure) [PSYoungGen: 27008K->1216K(26624K)] 38861K->13077K(59392K), 0.0007165 secs] [Times: user=0.00 sys=0.00, real=0.00 secs] 
118.500: [GC (Allocation Failure) [PSYoungGen: 25257K->608K(24576K)] 37118K->12477K(57344K), 0.0006003 secs] [Times: user=0.00 sys=0.00, real=0.00 secs] 
118.563: [GC (Allocation Failure) [PSYoungGen: 24149K->3041K(26112K)] 36018K->19633K(58880K), 0.0009678 secs] [Times: user=0.00 sys=0.00, real=0.00 secs] 
118.657: [GC (Allocation Failure) [PSYoungGen: 26081K->3041K(25600K)] 42672K->20673K(58368K), 0.0009516 secs] [Times: user=0.00 sys=0.00, real=0.00 secs] 
118.751: [GC (Allocation Failure) [PSYoungGen: 25555K->1920K(24064K)] 43187K->19569K(56832K), 0.0007120 secs] [Times: user=0.00 sys=0.00, real=0.00 secs] 
118.800: [GC (Allocation Failure) [PSYoungGen: 23929K->3041K(25600K)] 41577K->25147K(58368K), 0.0010597 secs] [Times: user=0.00 sys=0.00, real=0.00 secs] 
118.910: [GC (Allocation Failure) [PSYoungGen: 25569K->3041K(29184K)] 47675K->26476K(61952K), 0.0011389 secs] [Times: user=0.00 sys=0.00, real=0.00 secs] 
119.003: [GC (Allocation Failure) [PSYoungGen: 29153K->3041K(29184K)] 52588K->29085K(61952K), 0.0014329 secs] [Times: user=0.00 sys=0.00, real=0.00 secs] 
119.113: [GC (Allocation Failure) [PSYoungGen: 29153K->3041K(29696K)] 55197K->32839K(62464K), 0.0010096 secs] [Times: user=0.00 sys=0.00, real=0.00 secs] 
119.114: [Full GC (Ergonomics) [PSYoungGen: 3041K->0K(29696K)] [ParOldGen: 29798K->7366K(32768K)] 32839K->7366K(62464K), [Metaspace: 2892K->2892K(1056768K)], 0.0020474 secs] [Times: user=0.02 sys=0.00, real=0.00 secs] 
119.207: [GC (Allocation Failure) [PSYoungGen: 26612K->3041K(29696K)] 33978K->14473K(62464K), 0.0012085 secs] [Times: user=0.00 sys=0.00, real=0.00 secs] 
119.362: [GC (Allocation Failure) [PSYoungGen: 29656K->832K(29696K)] 41088K->12280K(62464K), 0.0004886 secs] [Times: user=0.00 sys=0.00, real=0.00 secs] 
119.456: [GC (Allocation Failure) [PSYoungGen: 27425K->1312K(27648K)] 38874K->12785K(60416K), 0.0005413 secs] [Times: user=0.00 sys=0.00, real=0.00 secs] 
119.549: [GC (Allocation Failure) [PSYoungGen: 27424K->2401K(28160K)] 38897K->13881K(60928K), 0.0008848 secs] [Times: user=0.00 sys=0.00, real=0.00 secs] 
119.657: [GC (Allocation Failure) [PSYoungGen: 27991K->1824K(27136K)] 39472K->13321K(59904K), 0.0007030 secs] [Times: user=0.00 sys=0.00, real=0.00 secs] 
119.750: [GC (Allocation Failure) [PSYoungGen: 26881K->2241K(27136K)] 38378K->13761K(59904K), 0.0011623 secs] [Times: user=0.00 sys=0.00, real=0.00 secs] 
119.860: [GC (Allocation Failure) [PSYoungGen: 26817K->2016K(26112K)] 38337K->13553K(58880K), 0.0010095 secs] [Times: user=0.00 sys=0.00, real=0.00 secs] 
119.954: [GC (Allocation Failure) [PSYoungGen: 26078K->384K(26112K)] 37615K->11928K(58880K), 0.0006720 secs] [Times: user=0.00 sys=0.00, real=0.00 secs] 
120.003: [GC (Allocation Failure) [PSYoungGen: 23924K->3041K(26624K)] 35468K->19052K(59392K), 0.0010634 secs] [Times: user=0.00 sys=0.00, real=0.00 secs] 
120.112: [GC (Allocation Failure) [PSYoungGen: 26565K->3041K(29696K)] 42576K->20788K(62464K), 0.0010785 secs] [Times: user=0.00 sys=0.00, real=0.00 secs] 
Heap
 PSYoungGen      total 29696K, used 7414K [0x00000000fe000000, 0x0000000100000000, 0x0000000100000000)
  eden space 26624K, 16% used [0x00000000fe000000,0x00000000fe4455f8,0x00000000ffa00000)
  from space 3072K, 99% used [0x00000000ffd00000,0x00000000ffff85b0,0x0000000100000000)
  to   space 3072K, 0% used [0x00000000ffa00000,0x00000000ffa00000,0x00000000ffd00000)
 ParOldGen       total 32768K, used 17747K [0x00000000fc000000, 0x00000000fe000000, 0x00000000fe000000)
  object space 32768K, 54% used [0x00000000fc000000,0x00000000fd154e40,0x00000000fe000000)
 Metaspace       used 2898K, capacity 4490K, committed 4864K, reserved 1056768K
  class space    used 309K, capacity 386K, committed 512K, reserved 1048576K
